SOURCE: C:\Users\avidzba\AppData\Local\Temp\RC_NDM_Audit02_Baseline_855626e6\workbook\output\RC_Section_NDM.xlsm
SOURCE_SHA256: 48D3481A52150B9315B78B3E2EA03FB1AD02B91C906BA8A46900FC8F2CFDCD88
FIXTURE: C:\Users\avidzba\AppData\Local\Temp\RC_NDM_ModeSuite_980d9319e67f4a499ded819a83c2bf6f\RC_Section_NDM.xlsm
GLOBAL_MODE: Solver.DirectState.DiagramExtension=No; explicit-On tests retain their setup
TOTAL: passed=496; failed=0
MODE_AFTER_SUITE: No
TOTAL_MATERIAL: passed=54; failed=0; elapsedSec=0.015625
MODE_AFTER_SUITE: No
TOTAL_SECTION_SOLVER: passed=390; failed=0; elapsedSec=0.296875
MODE_AFTER_SUITE: No
TOTAL_CAPACITY: passed=934; failed=0; elapsedSec=13.39453125
MODE_AFTER_SUITE: No
TOTAL_CRACK: passed=328; failed=0; elapsedSec=3.81640625
MODE_AFTER_SUITE: No
TOTAL_BATCH: passed=659; failed=0; elapsedSec=14.50390625
MODE_AFTER_SUITE: No
TOTAL_WORKBOOK_UI: passed=308; failed=0; elapsedSec=24.47265625
MODE_AFTER_SUITE: Yes
TOTAL_REGRESSION_BASELINE: passed=39; failed=0; elapsedSec=0.46484375
MODE_AFTER_SUITE: No
SOURCE_UNCHANGED: True
