SOURCE: C:\Users\avidzba\Desktop\программы\В_РАБОТЕ!\RC_Section_NDM\workbook\output\RC_Section_NDM.xlsm
SOURCE_SHA256: EE482B823D09A2C8C03D9DB26EF47364F863FE860CA66162E081E1742238F22D
FIXTURE: C:\Users\avidzba\AppData\Local\Temp\RC_NDM_ModeSuite_31d8bf8dd59c4db0a9c9d5ff7a8d95cd\RC_Section_NDM.xlsm
GLOBAL_MODE: General.DiagramExtension=Yes; explicit-On tests retain their setup
TOTAL: passed=496; failed=0
MODE_AFTER_SUITE: Yes
TOTAL_MATERIAL: passed=1191; failed=0; elapsedSec=0.06640625
MODE_AFTER_SUITE: Yes
TOTAL_SECTION_SOLVER: passed=444; failed=0; elapsedSec=0.3984375
MODE_AFTER_SUITE: Yes
TOTAL_CAPACITY: passed=976; failed=0; elapsedSec=44.5546875
MODE_AFTER_SUITE: Yes
TOTAL_CRACK: passed=360; failed=0; elapsedSec=4.66015625
MODE_AFTER_SUITE: Yes
TOTAL_BATCH: passed=674; failed=0; elapsedSec=16.3671875
MODE_AFTER_SUITE: Yes
TOTAL_WORKBOOK_UI: passed=308; failed=0; elapsedSec=23.1484375
MODE_AFTER_SUITE: Yes
TOTAL_REGRESSION_BASELINE: passed=39; failed=0; elapsedSec=0.49609375
MODE_AFTER_SUITE: Yes
SOURCE_UNCHANGED: True
