SOURCE: C:\Users\avidzba\Desktop\программы\В_РАБОТЕ!\RC_Section_NDM\workbook\output\RC_Section_NDM.xlsm
SOURCE_SHA256: 4A339A07377B835B0EC5768E052F2540747EB5E6D6E77B31A077B51F0D1A7A58
FIXTURE: C:\Users\avidzba\AppData\Local\Temp\RC_NDM_ModeSuite_160e1dbeafd649c6abd5bbe1eaa708a9\RC_Section_NDM.xlsm
GLOBAL_MODE: General.DiagramExtension=Yes; explicit-On tests retain their setup
TOTAL: passed=496; failed=0
MODE_AFTER_SUITE: Yes
TOTAL_MATERIAL: passed=1191; failed=0; elapsedSec=0.0703125
MODE_AFTER_SUITE: Yes
TOTAL_SECTION_SOLVER: passed=444; failed=0; elapsedSec=0.390625
MODE_AFTER_SUITE: Yes
TOTAL_CAPACITY: passed=1194; failed=0; elapsedSec=43.765625
MODE_AFTER_SUITE: Yes
TOTAL_CRACK: passed=360; failed=0; elapsedSec=4.5859375
MODE_AFTER_SUITE: Yes
TOTAL_BATCH: passed=699; failed=0; elapsedSec=33.625
MODE_AFTER_SUITE: Yes
TOTAL_WORKBOOK_UI: passed=308; failed=0; elapsedSec=49.3046875
MODE_AFTER_SUITE: Yes
TOTAL_REGRESSION_BASELINE: passed=39; failed=0; elapsedSec=0.4921875
MODE_AFTER_SUITE: Yes
SOURCE_UNCHANGED: True
