SOURCE: C:\Users\avidzba\Desktop\программы\В_РАБОТЕ!\RC_Section_NDM\workbook\output\RC_Section_NDM.xlsm
SOURCE_SHA256: 9047CCEB63D377C53DE34708B65B0CFF0FF82392E6BA62700CACFC7993C35636
FIXTURE: C:\Users\avidzba\AppData\Local\Temp\RC_NDM_ModeSuite_fd7d2c1b7fb8491ea26131680a60ca44\RC_Section_NDM.xlsm
GLOBAL_MODE: General.DiagramExtension=No; explicit-On tests retain their setup
TOTAL: passed=496; failed=0
MODE_AFTER_SUITE: No
TOTAL_MATERIAL: passed=1191; failed=0; elapsedSec=0.06640625
MODE_AFTER_SUITE: No
TOTAL_SECTION_SOLVER: passed=444; failed=0; elapsedSec=0.62109375
MODE_AFTER_SUITE: No
TOTAL_CAPACITY: passed=1194; failed=0; elapsedSec=31.5703125
MODE_AFTER_SUITE: No
TOTAL_CRACK: passed=360; failed=0; elapsedSec=4.484375
MODE_AFTER_SUITE: No
FAIL: batch.rectset.n200.Auto.notNumFail
FAIL: batch.rectset.n200.Auto.capacityStatus
FAIL: batch.rectset.n200.Auto.nult
FAIL: batch.rectset.n200.UltimateStrain.notNumFail
FAIL: batch.rectset.n200.UltimateStrain.capacityStatus
FAIL: batch.rectset.n200.UltimateStrain.nult
FAIL: batch.rectset.n200.LoadMultiplier.notNumFail
FAIL: batch.rectset.n200.LoadMultiplier.capacityStatus
FAIL: batch.rectset.n200.LoadMultiplier.nult
FAIL: batch.capacityPath.nmxyZeroM.notNumFail
FAIL: batch.capacityPath.nmxyZeroM.nult
TOTAL_BATCH: passed=663; failed=11; elapsedSec=15.84765625
MODE_AFTER_SUITE: No
TOTAL_WORKBOOK_UI: passed=308; failed=0; elapsedSec=26.33984375
MODE_AFTER_SUITE: Yes
TOTAL_REGRESSION_BASELINE: passed=39; failed=0; elapsedSec=0.53515625
MODE_AFTER_SUITE: No
SOURCE_UNCHANGED: True
