SOURCE: C:\Users\avidzba\Desktop\программы\В_РАБОТЕ!\RC_Section_NDM\workbook\output\RC_Section_NDM.xlsm
SOURCE_SHA256: 13FECE6DC5199036EFA3F8A5DE98108680A35BAE7F8F9E75F87ACA9396DD0DC7
FIXTURE: C:\Users\avidzba\AppData\Local\Temp\RC_NDM_ModeSuite_34a850a3a8ef44c19cb595c2845c037b\RC_Section_NDM.xlsm
GLOBAL_MODE: General.DiagramExtension=Yes; explicit-On tests retain their setup
TOTAL: passed=496; failed=0
MODE_AFTER_SUITE: Yes
TOTAL_MATERIAL: passed=1191; failed=0; elapsedSec=0.0546875
MODE_AFTER_SUITE: Yes
TOTAL_SECTION_SOLVER: passed=444; failed=0; elapsedSec=0.6484375
MODE_AFTER_SUITE: Yes
FAIL: capacity.pureBendingGuess.converged
FAIL: capacity.pureBendingGuess.physical
FAIL: audit02.genericMultiplier.2.Secant.6.success
FAIL: audit02.genericMultiplier.2.Secant.6.point
FAIL: audit02.genericMultiplier.2.Secant.6.lambda; actual=0.; expected=6.; absDiff=6.
FAIL: audit02.genericMultiplier.2.Secant.6.method; actual=; expected=Secant
FAIL: audit02.genericMultiplier.3.Secant.6.success
FAIL: audit02.genericMultiplier.3.Secant.6.point
FAIL: audit02.genericMultiplier.3.Secant.6.lambda; actual=0.; expected=6.; absDiff=6.
FAIL: audit02.genericMultiplier.3.Secant.6.method; actual=; expected=Secant
TOTAL_CAPACITY: passed=1184; failed=10; elapsedSec=32.1875
MODE_AFTER_SUITE: Yes
TOTAL_CRACK: passed=360; failed=0; elapsedSec=4.83984375
MODE_AFTER_SUITE: Yes
FAIL: audit02.formation.physicalBlock.status
FAIL: audit02.formation.physicalBlock.code
TOTAL_BATCH: passed=672; failed=2; elapsedSec=15.81640625
MODE_AFTER_SUITE: Yes
TOTAL_WORKBOOK_UI: passed=308; failed=0; elapsedSec=28.30859375
MODE_AFTER_SUITE: Yes
TOTAL_REGRESSION_BASELINE: passed=39; failed=0; elapsedSec=0.4140625
MODE_AFTER_SUITE: Yes
SOURCE_UNCHANGED: True
