SOURCE: C:\Users\avidzba\Desktop\программы\В_РАБОТЕ!\RC_Section_NDM\workbook\output\RC_Section_NDM.xlsm
SOURCE_SHA256: B7BA00CA55AE7C666BBB524D2C7445CE315B61EB927F885E1B95B7B83DADAAE4
FIXTURE: C:\Users\avidzba\AppData\Local\Temp\RC_NDM_ModeSuite_5f200f5a4d8f47a78082e776e04d0543\RC_Section_NDM.xlsm
GLOBAL_MODE: General.DiagramExtension=No; explicit-On tests retain their setup
TOTAL: passed=496; failed=0
MODE_AFTER_SUITE: No
TOTAL_MATERIAL: passed=1191; failed=0; elapsedSec=0.06640625
MODE_AFTER_SUITE: No
TOTAL_SECTION_SOLVER: passed=423; failed=0; elapsedSec=0.49609375
MODE_AFTER_SUITE: No
TOTAL_CAPACITY: passed=972; failed=0; elapsedSec=43.640625
MODE_AFTER_SUITE: No
TOTAL_CRACK: passed=344; failed=0; elapsedSec=4.109375
MODE_AFTER_SUITE: No
FAIL: batch.rectset.n200.Auto.notNumFail
FAIL: batch.rectset.n200.Auto.capacityStatus
FAIL: batch.rectset.n200.UltimateStrain.notNumFail
FAIL: batch.rectset.n200.UltimateStrain.capacityStatus
FAIL: batch.rectset.n200.LoadMultiplier.notNumFail
FAIL: batch.rectset.n200.LoadMultiplier.capacityStatus
FAIL: batch.capacityPath.nmxyZeroM.notNumFail
TOTAL_BATCH: passed=662; failed=7; elapsedSec=20.80859375
MODE_AFTER_SUITE: No
TOTAL_WORKBOOK_UI: passed=308; failed=0; elapsedSec=25.22265625
MODE_AFTER_SUITE: Yes
TOTAL_REGRESSION_BASELINE: passed=39; failed=0; elapsedSec=0.55859375
MODE_AFTER_SUITE: No
SOURCE_UNCHANGED: True
