SOURCE: C:\Users\avidzba\Desktop\программы\В_РАБОТЕ!\RC_Section_NDM\workbook\output\RC_Section_NDM.xlsm
SOURCE_SHA256: D19F44191D941A397915ED6082B3197009DFDCA3F41FC9BF90F80123D380C18A
FIXTURE: C:\Users\avidzba\AppData\Local\Temp\RC_NDM_ModeSuite_4a162877a5814ed08261bcd6c429dc80\RC_Section_NDM.xlsm
GLOBAL_MODE: General.DiagramExtension=No; explicit-On tests retain their setup
TOTAL: passed=496; failed=0
MODE_AFTER_SUITE: No
TOTAL_MATERIAL: passed=1191; failed=0; elapsedSec=0.08203125
MODE_AFTER_SUITE: No
TOTAL_SECTION_SOLVER: passed=444; failed=0; elapsedSec=0.6875
MODE_AFTER_SUITE: No
TOTAL_CAPACITY: passed=972; failed=0; elapsedSec=45.390625
MODE_AFTER_SUITE: No
TOTAL_CRACK: passed=360; failed=0; elapsedSec=5.1015625
MODE_AFTER_SUITE: No
TOTAL_BATCH: passed=669; failed=0; elapsedSec=18.72265625
MODE_AFTER_SUITE: No
TOTAL_WORKBOOK_UI: passed=308; failed=0; elapsedSec=24.98046875
MODE_AFTER_SUITE: Yes
TOTAL_REGRESSION_BASELINE: passed=39; failed=0; elapsedSec=0.49609375
MODE_AFTER_SUITE: No
SOURCE_UNCHANGED: True
