SOURCE: C:\Users\avidzba\Desktop\программы\В_РАБОТЕ!\RC_Section_NDM\workbook\output\RC_Section_NDM.xlsm
SOURCE_SHA256: D19F44191D941A397915ED6082B3197009DFDCA3F41FC9BF90F80123D380C18A
FIXTURE: C:\Users\avidzba\AppData\Local\Temp\RC_NDM_ModeSuite_22f905e581044e369e0c1703139fd25a\RC_Section_NDM.xlsm
GLOBAL_MODE: General.DiagramExtension=Yes; explicit-On tests retain their setup
TOTAL: passed=496; failed=0
MODE_AFTER_SUITE: Yes
TOTAL_MATERIAL: passed=1191; failed=0; elapsedSec=0.0703125
MODE_AFTER_SUITE: Yes
TOTAL_SECTION_SOLVER: passed=444; failed=0; elapsedSec=0.55078125
MODE_AFTER_SUITE: Yes
TOTAL_CAPACITY: passed=972; failed=0; elapsedSec=44.49609375
MODE_AFTER_SUITE: Yes
TOTAL_CRACK: passed=360; failed=0; elapsedSec=4.5078125
MODE_AFTER_SUITE: Yes
TOTAL_BATCH: passed=669; failed=0; elapsedSec=17.94921875
MODE_AFTER_SUITE: Yes
TOTAL_WORKBOOK_UI: passed=308; failed=0; elapsedSec=22.41796875
MODE_AFTER_SUITE: Yes
TOTAL_REGRESSION_BASELINE: passed=39; failed=0; elapsedSec=0.546875
MODE_AFTER_SUITE: Yes
SOURCE_UNCHANGED: True
