SOURCE: C:\Users\avidzba\Desktop\программы\В_РАБОТЕ!\RC_Section_NDM\workbook\output\RC_Section_NDM.xlsm
SOURCE_SHA256: 54D8FABD41E9B00CFED23920828D1FF7619A91E9594387E08AF17CD44BD75D44
FIXTURE: C:\Users\avidzba\AppData\Local\Temp\RC_NDM_ModeSuite_d0c561d05fd84be4bdb411131595265d\RC_Section_NDM.xlsm
GLOBAL_MODE: General.DiagramExtension=Yes; explicit-On tests retain their setup
TOTAL: passed=496; failed=0
MODE_AFTER_SUITE: Yes
TOTAL_MATERIAL: passed=1191; failed=0; elapsedSec=0.07421875
MODE_AFTER_SUITE: Yes
TOTAL_SECTION_SOLVER: passed=444; failed=0; elapsedSec=0.4921875
MODE_AFTER_SUITE: Yes
TOTAL_CAPACITY: passed=972; failed=0; elapsedSec=44.12109375
MODE_AFTER_SUITE: Yes
TOTAL_CRACK: passed=360; failed=0; elapsedSec=4.890625
MODE_AFTER_SUITE: Yes
FAIL: batch.group2.autoMcrc.crackCalculated
FAIL: batch.group2.autoMcrc.beforeState
FAIL: batch.group2.autoMcrc.afterState
FAIL: batch.group2.autoMcrc.states; Object variable or With block variable not set
FAIL: batch.group2.autoMcrcPure.crackCalculated
FAIL: batch.group2.autoMcrcPure.beforeState
FAIL: batch.group2.autoMcrcPure.afterState
FAIL: batch.group2.rectsetSmallMoment.notNumFail
FAIL: batch.group2.rectsetSmallMoment.finished
FAIL: batch.crack.pathAuto.summary.notNumFail
FAIL: batch.crack.pathAuto.summary.sheetMethod
FAIL: batch.crack.pathAuto.summary.sheetNcrc
FAIL: batch.crack.pathN.summary.notNumFail
FAIL: batch.crack.pathN.summary.sheetMethod
FAIL: batch.crack.pathN.summary.sheetNcrc
FAIL: batch.crack.pathNMxy.summary.notNumFail
FAIL: batch.crack.pathNMxy.summary.sheetMethod
FAIL: batch.crack.pathNMxy.summary.sheetNcrc
FAIL: batch.crack.pathNMxy.summary.sheetMcrc
FAIL: batch.crack.auto.rectset.nOnly.notNumFail
FAIL: batch.crack.auto.rectset.nOnly.method
FAIL: batch.crack.auto.rectset.nOnly.lambda
FAIL: batch.crack.auto.rectset.nOnly.ncrc
FAIL: batch.crack.auto.rectset.mOnly.notNumFail
FAIL: batch.crack.auto.rectset.mOnly.method
FAIL: batch.crack.auto.rectset.mOnly.lambda
FAIL: batch.crack.auto.rectset.mOnly.mcrc
FAIL: batch.crack.auto.rectset.nAndM.notNumFail
FAIL: batch.crack.auto.rectset.nAndM.method
FAIL: batch.crack.auto.rectset.nAndM.lambda
FAIL: batch.crack.auto.rectset.nAndM.ncrc
FAIL: batch.crack.auto.rectset.nAndM.mcrc
FAIL: batch.group2.extension.crackFail
FAIL: batch.group2.extension.compression.crackFail
TOTAL_BATCH: passed=635; failed=34; elapsedSec=34.15234375
MODE_AFTER_SUITE: Yes
FAIL: ui.run.crack
FAIL: ui.results.fullSnapshot.elementRows
FAIL: ui.results.fullSnapshot.LC_FULL_01.PreCrackState
FAIL: ui.results.fullSnapshot.LC_FULL_01.PostCrackState
FAIL: ui.results.fullSnapshot.LC_FULL_30.PreCrackState
FAIL: ui.results.fullSnapshot.LC_FULL_30.PostCrackState
FAIL: ui.results.fullSnapshot.propertiesRows
FAIL: ui.rectset.axial900.crackedStateExtUsed; actual=; expected=yes
FAIL: ui.rectset.axial900.crackedStateEquilibrium; actual=; expected=FAIL
FAIL: ui.rectset.axial900.crackWidthSkipped; actual=; expected=N/A
FAIL: ui.rectset.axial900.longitudinalSkipped; actual=; expected=N/A
TOTAL_WORKBOOK_UI: passed=297; failed=11; elapsedSec=32.3125
MODE_AFTER_SUITE: Yes
TOTAL_REGRESSION_BASELINE: passed=39; failed=0; elapsedSec=0.484375
MODE_AFTER_SUITE: Yes
SOURCE_UNCHANGED: True
