SOURCE: C:\Users\avidzba\Desktop\программы\В_РАБОТЕ!\RC_Section_NDM\workbook\output\RC_Section_NDM.xlsm
SOURCE_SHA256: 26CAC8055365E47B091C96773B2322C6F3543790AFC5C5C2C400561B493C64A3
FIXTURE: C:\Users\avidzba\AppData\Local\Temp\RC_NDM_ModeSuite_43001dab07154569bc013ab663101675\RC_Section_NDM.xlsm
GLOBAL_MODE: General.DiagramExtension=Yes; explicit-On tests retain their setup
FAIL: crack.user.mx.converged
FAIL: crack.user.mx.formed
FAIL: crack.user.mx.tensionBars
FAIL: crack.user.mx.sigmaPositive
FAIL: crack.user.mx.spacingPositive
FAIL: crack.user.sigmaCrcAvailable
FAIL: crack.user.circleMxy.converged
FAIL: crack.user.circleMxy.formed
FAIL: crack.user.circleMxy.tensionBars
FAIL: crack.user.circleMxy.sigmaPositive
FAIL: crack.user.circleMxy.spacingPositive
FAIL: crack.user.coeffs.converged
FAIL: crack.user.coeffs.formed
FAIL: crack.user.coeffs.tensionBars
FAIL: crack.user.coeffs.sigmaPositive
FAIL: crack.user.coeffs.spacingPositive
FAIL: crack.user.coeffs.phi3; actual=0.; expected=1.1; absDiff=1.1
FAIL: crack.user.coeffs.postCrackState
FAIL: crack.user.coeffs.sigmaCrcAvailable
FAIL: crack.cover.local.converged
FAIL: crack.cover.local.formed
FAIL: crack.cover.local.tensionBars
FAIL: crack.cover.local.sigmaPositive
FAIL: crack.cover.local.spacingPositive
FAIL: crack.cover.local.mode
FAIL: crack.cover.global.converged
FAIL: crack.cover.global.formed
FAIL: crack.cover.global.tensionBars
FAIL: crack.cover.global.sigmaPositive
FAIL: crack.cover.global.spacingPositive
FAIL: crack.cover.global.mode
FAIL: crack.zone.effective.converged
FAIL: crack.zone.effective.formed
FAIL: crack.zone.effective.tensionBars
FAIL: crack.zone.effective.sigmaPositive
FAIL: crack.zone.effective.spacingPositive
FAIL: crack.zone.full.converged
FAIL: crack.zone.full.formed
FAIL: crack.zone.full.tensionBars
FAIL: crack.zone.full.sigmaPositive
FAIL: crack.zone.full.spacingPositive
FAIL: crack.zone.fullAbtPositive
FAIL: crack.zone.effectiveAbtPositive
FAIL: crack.auto.pass.converged
FAIL: crack.auto.pass.formed
FAIL: crack.auto.pass.tensionBars
FAIL: crack.auto.pass.sigmaPositive
FAIL: crack.auto.pass.spacingPositive
FAIL: crack.auto.pass.sigmaCrcAvailable
FAIL: crack.auto.pass.postCrackState
FAIL: crack.alwaysCalc.pass.converged
FAIL: crack.alwaysCalc.pass.formed
FAIL: crack.alwaysCalc.pass.tensionBars
FAIL: crack.alwaysCalc.pass.sigmaPositive
FAIL: crack.alwaysCalc.pass.spacingPositive
FAIL: crack.alwaysCalc.sigmaCrc
FAIL: crack.alwaysCalc.psiReduced
FAIL: crack.alwaysCalc.widthLessThanAuto
FAIL: crack.sigmaCrcMode.allSelected.converged
FAIL: crack.sigmaCrcMode.allSelected.formed
FAIL: crack.sigmaCrcMode.allSelected.tensionBars
FAIL: crack.sigmaCrcMode.allSelected.sigmaPositive
FAIL: crack.sigmaCrcMode.allSelected.spacingPositive
FAIL: crack.sigmaCrcMode.allSelected.sigmaCrcAvailable
FAIL: crack.auto.fail.converged
FAIL: crack.auto.fail.formed
FAIL: crack.auto.fail.tensionBars
FAIL: crack.auto.fail.sigmaPositive
FAIL: crack.auto.fail.spacingPositive
FAIL: crack.auto.fail.psiReduced
FAIL: crack.auto.fail.postCrackState
RUNTIME ERROR: 91; source=VBAProject; description=Object variable or With block variable not set
MODE_AFTER_SUITE: Yes
SOURCE_UNCHANGED: True
