SOURCE: C:\Users\avidzba\Desktop\программы\В_РАБОТЕ!\RC_Section_NDM\workbook\output\RC_Section_NDM.xlsm
SOURCE_SHA256: E40B2E1A14180E386078E82AB7892E3C0733B41784576FA1609490F863633B3B
FIXTURE: C:\Users\avidzba\AppData\Local\Temp\RC_NDM_ModeSuite_37cf7550c1c24136b59cd9f5e3705d14\RC_Section_NDM.xlsm
GLOBAL_MODE: General.DiagramExtension=Yes; explicit-On tests retain their setup
TOTAL: passed=496; failed=0
MODE_AFTER_SUITE: Yes
TOTAL_MATERIAL: passed=1191; failed=0; elapsedSec=0.078125
MODE_AFTER_SUITE: Yes
TOTAL_SECTION_SOLVER: passed=444; failed=0; elapsedSec=0.703125
MODE_AFTER_SUITE: Yes
TOTAL_CAPACITY: passed=972; failed=0; elapsedSec=43.25390625
MODE_AFTER_SUITE: Yes
TOTAL_CRACK: passed=360; failed=0; elapsedSec=4.65625
MODE_AFTER_SUITE: Yes
FAIL: batch.group2.extension.compression.crackFail
TOTAL_BATCH: passed=668; failed=1; elapsedSec=36.73046875
MODE_AFTER_SUITE: Yes
TOTAL_WORKBOOK_UI: passed=308; failed=0; elapsedSec=24.9296875
MODE_AFTER_SUITE: Yes
TOTAL_REGRESSION_BASELINE: passed=39; failed=0; elapsedSec=0.54296875
MODE_AFTER_SUITE: Yes
SOURCE_UNCHANGED: True
