SOURCE: C:\Users\avidzba\Desktop\программы\В_РАБОТЕ!\RC_Section_NDM\workbook\output\RC_Section_NDM.xlsm
SOURCE_SHA256: E40B2E1A14180E386078E82AB7892E3C0733B41784576FA1609490F863633B3B
FIXTURE: C:\Users\avidzba\AppData\Local\Temp\RC_NDM_ModeSuite_e0a0d22929bd43dcafa3a2f16530d952\RC_Section_NDM.xlsm
GLOBAL_MODE: General.DiagramExtension=No; explicit-On tests retain their setup
TOTAL: passed=496; failed=0
MODE_AFTER_SUITE: No
TOTAL_MATERIAL: passed=1191; failed=0; elapsedSec=0.0859375
MODE_AFTER_SUITE: No
TOTAL_SECTION_SOLVER: passed=444; failed=0; elapsedSec=0.6328125
MODE_AFTER_SUITE: No
TOTAL_CAPACITY: passed=972; failed=0; elapsedSec=44.21484375
MODE_AFTER_SUITE: No
TOTAL_CRACK: passed=360; failed=0; elapsedSec=4.5859375
MODE_AFTER_SUITE: No
FAIL: batch.group2.extension.compression.crackFail
TOTAL_BATCH: passed=668; failed=1; elapsedSec=36.3515625
MODE_AFTER_SUITE: No
TOTAL_WORKBOOK_UI: passed=308; failed=0; elapsedSec=22.26953125
MODE_AFTER_SUITE: Yes
TOTAL_REGRESSION_BASELINE: passed=39; failed=0; elapsedSec=0.53515625
MODE_AFTER_SUITE: No
SOURCE_UNCHANGED: True
