SOURCE|baseline|C:\Users\avidzba\AppData\Local\Temp\RC_NDM_Audit02_Baseline_855626e6\workbook\output\RC_Section_NDM.xlsm|sha256=48D3481A52150B9315B78B3E2EA03FB1AD02B91C906BA8A46900FC8F2CFDCD88
START|baseline|run=1|case=bending
PERF|baseline|run=1|case=bending; passed=11; failed=0; elapsedSec=0.2890625; solves=30; probes=24; planeProbes=0; probeReuse=0; stateReuse=0; unconvergedProbes=6; unconfirmedPhysical=0
START|baseline|run=1|case=biaxial
PERF|baseline|run=1|case=biaxial; passed=32; failed=0; elapsedSec=0.3125; solves=48; probes=48; planeProbes=0; probeReuse=0; stateReuse=0; unconvergedProbes=0; unconfirmedPhysical=0
START|baseline|run=1|case=asymmetric
PERF|baseline|run=1|case=asymmetric; passed=6; failed=0; elapsedSec=2.546875; solves=20; probes=20; planeProbes=0; probeReuse=0; stateReuse=0; unconvergedProbes=3; unconfirmedPhysical=3
START|baseline|run=1|case=axial
PERF|baseline|run=1|case=axial; passed=12; failed=0; elapsedSec=0.1328125; solves=30; probes=32; planeProbes=0; probeReuse=0; stateReuse=0; unconvergedProbes=9; unconfirmedPhysical=9
START|baseline|run=1|case=methods
PERF|baseline|run=1|case=methods; passed=16; failed=0; elapsedSec=0.1953125; solves=31; probes=32; planeProbes=0; probeReuse=5; stateReuse=0; unconvergedProbes=4; unconfirmedPhysical=0
START|baseline|run=1|case=crack_bending
PERF|baseline|run=1|case=crack_bending; passed=39; failed=0; elapsedSec=0.5078125; solves=73; probes=66; planeProbes=0; probeReuse=0; stateReuse=0; unconvergedProbes=0; unconfirmedPhysical=0
START|baseline|run=1|case=crack_paths
PERF|baseline|run=1|case=crack_paths; passed=52; failed=0; elapsedSec=0.3359375; solves=56; probes=44; planeProbes=0; probeReuse=0; stateReuse=0; unconvergedProbes=0; unconfirmedPhysical=0
START|baseline|run=1|case=crack_cache
PERF|baseline|run=1|case=crack_cache; passed=22; failed=0; elapsedSec=0.2890625; solves=50; probes=44; planeProbes=0; probeReuse=0; stateReuse=1; unconvergedProbes=0; unconfirmedPhysical=0
START|baseline|run=2|case=bending
PERF|baseline|run=2|case=bending; passed=11; failed=0; elapsedSec=0.2890625; solves=30; probes=24; planeProbes=0; probeReuse=0; stateReuse=0; unconvergedProbes=6; unconfirmedPhysical=0
START|baseline|run=2|case=biaxial
PERF|baseline|run=2|case=biaxial; passed=32; failed=0; elapsedSec=0.2890625; solves=48; probes=48; planeProbes=0; probeReuse=0; stateReuse=0; unconvergedProbes=0; unconfirmedPhysical=0
START|baseline|run=2|case=asymmetric
PERF|baseline|run=2|case=asymmetric; passed=6; failed=0; elapsedSec=2.4765625; solves=20; probes=20; planeProbes=0; probeReuse=0; stateReuse=0; unconvergedProbes=3; unconfirmedPhysical=3
START|baseline|run=2|case=axial
PERF|baseline|run=2|case=axial; passed=12; failed=0; elapsedSec=0.1171875; solves=30; probes=32; planeProbes=0; probeReuse=0; stateReuse=0; unconvergedProbes=9; unconfirmedPhysical=9
START|baseline|run=2|case=methods
PERF|baseline|run=2|case=methods; passed=16; failed=0; elapsedSec=0.1953125; solves=31; probes=32; planeProbes=0; probeReuse=5; stateReuse=0; unconvergedProbes=4; unconfirmedPhysical=0
START|baseline|run=2|case=crack_bending
PERF|baseline|run=2|case=crack_bending; passed=39; failed=0; elapsedSec=0.4140625; solves=73; probes=66; planeProbes=0; probeReuse=0; stateReuse=0; unconvergedProbes=0; unconfirmedPhysical=0
START|baseline|run=2|case=crack_paths
PERF|baseline|run=2|case=crack_paths; passed=52; failed=0; elapsedSec=0.3203125; solves=56; probes=44; planeProbes=0; probeReuse=0; stateReuse=0; unconvergedProbes=0; unconfirmedPhysical=0
START|baseline|run=2|case=crack_cache
PERF|baseline|run=2|case=crack_cache; passed=22; failed=0; elapsedSec=0.2734375; solves=50; probes=44; planeProbes=0; probeReuse=0; stateReuse=1; unconvergedProbes=0; unconfirmedPhysical=0
START|baseline|run=3|case=bending
PERF|baseline|run=3|case=bending; passed=11; failed=0; elapsedSec=0.1953125; solves=30; probes=24; planeProbes=0; probeReuse=0; stateReuse=0; unconvergedProbes=6; unconfirmedPhysical=0
START|baseline|run=3|case=biaxial
PERF|baseline|run=3|case=biaxial; passed=32; failed=0; elapsedSec=0.296875; solves=48; probes=48; planeProbes=0; probeReuse=0; stateReuse=0; unconvergedProbes=0; unconfirmedPhysical=0
START|baseline|run=3|case=asymmetric
PERF|baseline|run=3|case=asymmetric; passed=6; failed=0; elapsedSec=2.4375; solves=20; probes=20; planeProbes=0; probeReuse=0; stateReuse=0; unconvergedProbes=3; unconfirmedPhysical=3
START|baseline|run=3|case=axial
PERF|baseline|run=3|case=axial; passed=12; failed=0; elapsedSec=0.1171875; solves=30; probes=32; planeProbes=0; probeReuse=0; stateReuse=0; unconvergedProbes=9; unconfirmedPhysical=9
START|baseline|run=3|case=methods
PERF|baseline|run=3|case=methods; passed=16; failed=0; elapsedSec=0.1875; solves=31; probes=32; planeProbes=0; probeReuse=5; stateReuse=0; unconvergedProbes=4; unconfirmedPhysical=0
START|baseline|run=3|case=crack_bending
PERF|baseline|run=3|case=crack_bending; passed=39; failed=0; elapsedSec=0.40625; solves=73; probes=66; planeProbes=0; probeReuse=0; stateReuse=0; unconvergedProbes=0; unconfirmedPhysical=0
START|baseline|run=3|case=crack_paths
PERF|baseline|run=3|case=crack_paths; passed=52; failed=0; elapsedSec=0.3125; solves=56; probes=44; planeProbes=0; probeReuse=0; stateReuse=0; unconvergedProbes=0; unconfirmedPhysical=0
START|baseline|run=3|case=crack_cache
PERF|baseline|run=3|case=crack_cache; passed=22; failed=0; elapsedSec=0.265625; solves=50; probes=44; planeProbes=0; probeReuse=0; stateReuse=1; unconvergedProbes=0; unconfirmedPhysical=0
SOURCE|current|C:\Users\avidzba\Desktop\программы\В_РАБОТЕ!\RC_Section_NDM\docs\regression\Audit02\RC_Section_NDM_clean_acceptance.xlsm|sha256=2E17F909650A0882B714121233EB47EA06658DDB3E7BC3812385FB64AB7DA0A7
START|current|run=1|case=bending
PERF|current|run=1|case=bending; passed=11; failed=0; elapsedSec=0.21875; solves=28; probes=24; planeProbes=0; probeReuse=0; stateReuse=0; unconvergedProbes=0; unconfirmedPhysical=0
START|current|run=1|case=biaxial
PERF|current|run=1|case=biaxial; passed=32; failed=0; elapsedSec=0.3359375; solves=48; probes=48; planeProbes=0; probeReuse=0; stateReuse=0; unconvergedProbes=0; unconfirmedPhysical=0
START|current|run=1|case=asymmetric
PERF|current|run=1|case=asymmetric; passed=6; failed=0; elapsedSec=15.453125; solves=94; probes=23; planeProbes=0; probeReuse=0; stateReuse=0; unconvergedProbes=25; unconfirmedPhysical=0
START|current|run=1|case=axial
PERF|current|run=1|case=axial; passed=12; failed=0; elapsedSec=0.1875; solves=38; probes=12; planeProbes=0; probeReuse=0; stateReuse=0; unconvergedProbes=10; unconfirmedPhysical=0
START|current|run=1|case=methods
PERF|current|run=1|case=methods; passed=16; failed=0; elapsedSec=0.171875; solves=30; probes=32; planeProbes=0; probeReuse=5; stateReuse=0; unconvergedProbes=0; unconfirmedPhysical=0
START|current|run=1|case=crack_bending
PERF|current|run=1|case=crack_bending; passed=39; failed=0; elapsedSec=0.5; solves=72; probes=66; planeProbes=0; probeReuse=0; stateReuse=0; unconvergedProbes=0; unconfirmedPhysical=0
START|current|run=1|case=crack_paths
PERF|current|run=1|case=crack_paths; passed=52; failed=0; elapsedSec=0.390625; solves=56; probes=44; planeProbes=0; probeReuse=0; stateReuse=0; unconvergedProbes=0; unconfirmedPhysical=0
START|current|run=1|case=crack_cache
PERF|current|run=1|case=crack_cache; passed=22; failed=0; elapsedSec=0.3125; solves=50; probes=44; planeProbes=0; probeReuse=0; stateReuse=1; unconvergedProbes=0; unconfirmedPhysical=0
START|current|run=2|case=bending
PERF|current|run=2|case=bending; passed=11; failed=0; elapsedSec=0.1484375; solves=28; probes=24; planeProbes=0; probeReuse=0; stateReuse=0; unconvergedProbes=0; unconfirmedPhysical=0
START|current|run=2|case=biaxial
PERF|current|run=2|case=biaxial; passed=32; failed=0; elapsedSec=0.3203125; solves=48; probes=48; planeProbes=0; probeReuse=0; stateReuse=0; unconvergedProbes=0; unconfirmedPhysical=0
START|current|run=2|case=asymmetric
PERF|current|run=2|case=asymmetric; passed=6; failed=0; elapsedSec=15.2109375; solves=94; probes=23; planeProbes=0; probeReuse=0; stateReuse=0; unconvergedProbes=25; unconfirmedPhysical=0
START|current|run=2|case=axial
PERF|current|run=2|case=axial; passed=12; failed=0; elapsedSec=0.1875; solves=38; probes=12; planeProbes=0; probeReuse=0; stateReuse=0; unconvergedProbes=10; unconfirmedPhysical=0
START|current|run=2|case=methods
PERF|current|run=2|case=methods; passed=16; failed=0; elapsedSec=0.140625; solves=30; probes=32; planeProbes=0; probeReuse=5; stateReuse=0; unconvergedProbes=0; unconfirmedPhysical=0
START|current|run=2|case=crack_bending
PERF|current|run=2|case=crack_bending; passed=39; failed=0; elapsedSec=0.375; solves=72; probes=66; planeProbes=0; probeReuse=0; stateReuse=0; unconvergedProbes=0; unconfirmedPhysical=0
START|current|run=2|case=crack_paths
PERF|current|run=2|case=crack_paths; passed=52; failed=0; elapsedSec=0.359375; solves=56; probes=44; planeProbes=0; probeReuse=0; stateReuse=0; unconvergedProbes=0; unconfirmedPhysical=0
START|current|run=2|case=crack_cache
PERF|current|run=2|case=crack_cache; passed=22; failed=0; elapsedSec=0.3125; solves=50; probes=44; planeProbes=0; probeReuse=0; stateReuse=1; unconvergedProbes=0; unconfirmedPhysical=0
START|current|run=3|case=bending
PERF|current|run=3|case=bending; passed=11; failed=0; elapsedSec=0.1328125; solves=28; probes=24; planeProbes=0; probeReuse=0; stateReuse=0; unconvergedProbes=0; unconfirmedPhysical=0
START|current|run=3|case=biaxial
PERF|current|run=3|case=biaxial; passed=32; failed=0; elapsedSec=0.2734375; solves=48; probes=48; planeProbes=0; probeReuse=0; stateReuse=0; unconvergedProbes=0; unconfirmedPhysical=0
START|current|run=3|case=asymmetric
PERF|current|run=3|case=asymmetric; passed=6; failed=0; elapsedSec=15.28125; solves=94; probes=23; planeProbes=0; probeReuse=0; stateReuse=0; unconvergedProbes=25; unconfirmedPhysical=0
START|current|run=3|case=axial
PERF|current|run=3|case=axial; passed=12; failed=0; elapsedSec=0.1953125; solves=38; probes=12; planeProbes=0; probeReuse=0; stateReuse=0; unconvergedProbes=10; unconfirmedPhysical=0
START|current|run=3|case=methods
PERF|current|run=3|case=methods; passed=16; failed=0; elapsedSec=0.171875; solves=30; probes=32; planeProbes=0; probeReuse=5; stateReuse=0; unconvergedProbes=0; unconfirmedPhysical=0
START|current|run=3|case=crack_bending
PERF|current|run=3|case=crack_bending; passed=39; failed=0; elapsedSec=0.3984375; solves=72; probes=66; planeProbes=0; probeReuse=0; stateReuse=0; unconvergedProbes=0; unconfirmedPhysical=0
START|current|run=3|case=crack_paths
PERF|current|run=3|case=crack_paths; passed=52; failed=0; elapsedSec=0.375; solves=56; probes=44; planeProbes=0; probeReuse=0; stateReuse=0; unconvergedProbes=0; unconfirmedPhysical=0
START|current|run=3|case=crack_cache
PERF|current|run=3|case=crack_cache; passed=22; failed=0; elapsedSec=0.3203125; solves=50; probes=44; planeProbes=0; probeReuse=0; stateReuse=1; unconvergedProbes=0; unconfirmedPhysical=0
SOURCES_UNCHANGED: True
