SOURCE: C:\Users\avidzba\Desktop\программы\В_РАБОТЕ!\RC_Section_NDM\workbook\output\RC_Section_NDM.xlsm
SOURCE_SHA256: FF3E7B167B4387721BA177A71D4154F35D511E15E8E680E854519C337BD917F1
FIXTURE: C:\Users\avidzba\AppData\Local\Temp\RC_NDM_ModeSuite_de0aef4372874731981c96a0ee9d8279\RC_Section_NDM.xlsm
GLOBAL_MODE: General.DiagramExtension=Yes; explicit-On tests retain their setup
TOTAL: passed=496; failed=0
MODE_AFTER_SUITE: Yes
TOTAL_MATERIAL: passed=1191; failed=0; elapsedSec=0.0703125
MODE_AFTER_SUITE: Yes
TOTAL_SECTION_SOLVER: passed=444; failed=0; elapsedSec=0.3671875
MODE_AFTER_SUITE: Yes
TOTAL_CAPACITY: passed=1194; failed=0; elapsedSec=44.125
MODE_AFTER_SUITE: Yes
TOTAL_CRACK: passed=360; failed=0; elapsedSec=4.9921875
MODE_AFTER_SUITE: Yes
TOTAL_BATCH: passed=742; failed=0; elapsedSec=33.0859375
MODE_AFTER_SUITE: Yes
TOTAL_WORKBOOK_UI: passed=308; failed=0; elapsedSec=49.390625
MODE_AFTER_SUITE: Yes
TOTAL_REGRESSION_BASELINE: passed=39; failed=0; elapsedSec=0.4765625
MODE_AFTER_SUITE: Yes
SOURCE_UNCHANGED: True
