SOURCE: C:\Users\avidzba\Desktop\программы\В_РАБОТЕ!\RC_Section_NDM\workbook\output\RC_Section_NDM.xlsm
SOURCE_SHA256: FF3E7B167B4387721BA177A71D4154F35D511E15E8E680E854519C337BD917F1
FIXTURE: C:\Users\avidzba\AppData\Local\Temp\RC_NDM_ModeSuite_42479891a1b04dfd82bf04f408bfb8bd\RC_Section_NDM.xlsm
GLOBAL_MODE: General.DiagramExtension=No; explicit-On tests retain their setup
TOTAL: passed=496; failed=0
MODE_AFTER_SUITE: No
TOTAL_MATERIAL: passed=1191; failed=0; elapsedSec=0.0546875
MODE_AFTER_SUITE: No
TOTAL_SECTION_SOLVER: passed=444; failed=0; elapsedSec=0.3671875
MODE_AFTER_SUITE: No
TOTAL_CAPACITY: passed=1194; failed=0; elapsedSec=43.1484375
MODE_AFTER_SUITE: No
TOTAL_CRACK: passed=360; failed=0; elapsedSec=4.71875
MODE_AFTER_SUITE: No
TOTAL_BATCH: passed=742; failed=0; elapsedSec=36.578125
MODE_AFTER_SUITE: No
TOTAL_WORKBOOK_UI: passed=308; failed=0; elapsedSec=49.5078125
MODE_AFTER_SUITE: Yes
TOTAL_REGRESSION_BASELINE: passed=39; failed=0; elapsedSec=0.46875
MODE_AFTER_SUITE: No
SOURCE_UNCHANGED: True
