SOURCE: C:\Users\avidzba\Desktop\программы\В_РАБОТЕ!\RC_Section_NDM\workbook\output\RC_Section_NDM.xlsm
SOURCE_SHA256: 8A71864992ED0ECDF4073A5B43294F9694B409E43E4EEEDEC725056C268985DD
FIXTURE: C:\Users\avidzba\AppData\Local\Temp\RC_NDM_ModeSuite_ade4ba9ef59e4b5282f2e2fa9b11df05\RC_Section_NDM.xlsm
GLOBAL_MODE: General.DiagramExtension=Yes; explicit-On tests retain their setup
TOTAL: passed=496; failed=0
MODE_AFTER_SUITE: Yes
TOTAL_MATERIAL: passed=1191; failed=0; elapsedSec=0.05859375
MODE_AFTER_SUITE: Yes
TOTAL_SECTION_SOLVER: passed=444; failed=0; elapsedSec=0.51953125
MODE_AFTER_SUITE: Yes
TOTAL_CAPACITY: passed=1194; failed=0; elapsedSec=34.1796875
MODE_AFTER_SUITE: Yes
TOTAL_CRACK: passed=360; failed=0; elapsedSec=4.9765625
MODE_AFTER_SUITE: Yes
FAIL: audit02.formation.physicalBlock.status
FAIL: audit02.formation.physicalBlock.code
TOTAL_BATCH: passed=672; failed=2; elapsedSec=16.96484375
MODE_AFTER_SUITE: Yes
TOTAL_WORKBOOK_UI: passed=308; failed=0; elapsedSec=27.49609375
MODE_AFTER_SUITE: Yes
TOTAL_REGRESSION_BASELINE: passed=39; failed=0; elapsedSec=0.46484375
MODE_AFTER_SUITE: Yes
SOURCE_UNCHANGED: True
