SOURCE: C:\Users\avidzba\Desktop\программы\В_РАБОТЕ!\RC_Section_NDM\workbook\output\RC_Section_NDM.xlsm
SOURCE_SHA256: 82264778B939A19ECF0EDC20EED8822AA919923165E84EB3BEDFD13719B65525
FIXTURE: C:\Users\avidzba\AppData\Local\Temp\RC_NDM_ModeSuite_f457de546a744efd86a898f3b57a697b\RC_Section_NDM.xlsm
GLOBAL_MODE: General.DiagramExtension=No; explicit-On tests retain their setup
TOTAL: passed=496; failed=0
MODE_AFTER_SUITE: No
TOTAL_MATERIAL: passed=1191; failed=0; elapsedSec=0.0703125
MODE_AFTER_SUITE: No
TOTAL_SECTION_SOLVER: passed=444; failed=0; elapsedSec=0.55078125
MODE_AFTER_SUITE: No
TOTAL_CAPACITY: passed=1194; failed=0; elapsedSec=45.1796875
MODE_AFTER_SUITE: No
TOTAL_CRACK: passed=360; failed=0; elapsedSec=4.6953125
MODE_AFTER_SUITE: No
TOTAL_BATCH: passed=674; failed=0; elapsedSec=17.54296875
MODE_AFTER_SUITE: No
TOTAL_WORKBOOK_UI: passed=308; failed=0; elapsedSec=28.28515625
MODE_AFTER_SUITE: Yes
TOTAL_REGRESSION_BASELINE: passed=39; failed=0; elapsedSec=0.625
MODE_AFTER_SUITE: No
SOURCE_UNCHANGED: True
