SOURCE: C:\Users\avidzba\Desktop\программы\В_РАБОТЕ!\RC_Section_NDM\workbook\output\RC_Section_NDM.xlsm
SOURCE_SHA256: 98D7703B84892F04F44A15DB3D078FD2BF86D6BAF767B0DBBE31FB6A4ED712B2
FIXTURE: C:\Users\avidzba\AppData\Local\Temp\RC_NDM_ModeSuite_4f7ba3c479094ba29b8d0e9f8d080dc7\RC_Section_NDM.xlsm
GLOBAL_MODE: General.DiagramExtension=No; explicit-On tests retain their setup
TOTAL: passed=496; failed=0
MODE_AFTER_SUITE: No
TOTAL_MATERIAL: passed=1191; failed=0; elapsedSec=0.0546875
MODE_AFTER_SUITE: No
TOTAL_SECTION_SOLVER: passed=444; failed=0; elapsedSec=0.390625
MODE_AFTER_SUITE: No
TOTAL_CAPACITY: passed=1194; failed=0; elapsedSec=42.921875
MODE_AFTER_SUITE: No
TOTAL_CRACK: passed=360; failed=0; elapsedSec=4.6484375
MODE_AFTER_SUITE: No
TOTAL_BATCH: passed=2190; failed=0; elapsedSec=33.546875
MODE_AFTER_SUITE: No
TOTAL_WORKBOOK_UI: passed=308; failed=0; elapsedSec=48.6015625
MODE_AFTER_SUITE: Yes
TOTAL_REGRESSION_BASELINE: passed=39; failed=0; elapsedSec=0.5078125
MODE_AFTER_SUITE: No
SOURCE_UNCHANGED: True
