SOURCE: C:\Users\avidzba\Desktop\программы\В_РАБОТЕ!\RC_Section_NDM\workbook\output\RC_Section_NDM.xlsm
SOURCE_SHA256: E1C36D751347A481720184965BFE259607B0358E1BA824C4D8382FD40BA02500
FIXTURE: C:\Users\avidzba\AppData\Local\Temp\RC_NDM_ModeSuite_e656eb8f63d5494d9523e8ad260b41b8\RC_Section_NDM.xlsm
GLOBAL_MODE: General.DiagramExtension=Yes; explicit-On tests retain their setup
TOTAL: passed=496; failed=0
MODE_AFTER_SUITE: Yes
TOTAL_MATERIAL: passed=1191; failed=0; elapsedSec=0.0703125
MODE_AFTER_SUITE: Yes
TOTAL_SECTION_SOLVER: passed=444; failed=0; elapsedSec=0.3671875
MODE_AFTER_SUITE: Yes
TOTAL_CAPACITY: passed=1194; failed=0; elapsedSec=44.015625
MODE_AFTER_SUITE: Yes
TOTAL_CRACK: passed=360; failed=0; elapsedSec=4.59375
MODE_AFTER_SUITE: Yes
TOTAL_BATCH: passed=742; failed=0; elapsedSec=33.40625
MODE_AFTER_SUITE: Yes
TOTAL_WORKBOOK_UI: passed=308; failed=0; elapsedSec=49.3046875
MODE_AFTER_SUITE: Yes
TOTAL_REGRESSION_BASELINE: passed=39; failed=0; elapsedSec=0.46875
MODE_AFTER_SUITE: Yes
SOURCE_UNCHANGED: True
