SOURCE: C:\Users\avidzba\Desktop\Ø‡Æ£‡†¨¨Î\Ç_êÄÅéíÖ!\RC_Section_NDM\docs\regression\Audit03\RC_Section_NDM_f06_fixed.xlsm
SOURCE_SHA256: D6F348775A7C2DA1B8864C10DD5148A1B7AE6256E3A8E3F3E024F14377E29628
FIXTURE: C:\Users\avidzba\AppData\Local\Temp\RC_NDM_ModeSuite_2049ba679ea64f09970f272db20c318e\RC_Section_NDM.xlsm
GLOBAL_MODE: General.DiagramExtension=No; explicit-On tests retain their setup
TOTAL: passed=496; failed=0
MODE_AFTER_SUITE: No
TOTAL_MATERIAL: passed=1359; failed=0; elapsedSec=0.0810546875
MODE_AFTER_SUITE: No
TOTAL_SECTION_SOLVER: passed=523; failed=0; elapsedSec=0.484375
MODE_AFTER_SUITE: No
TOTAL_CAPACITY: passed=1383; failed=0; elapsedSec=41.72998046875
MODE_AFTER_SUITE: No
TOTAL_CRACK: passed=447; failed=0; elapsedSec=4.9560546875
MODE_AFTER_SUITE: No
TOTAL_BATCH: passed=2912; failed=0; elapsedSec=58.68701171875
MODE_AFTER_SUITE: No
TOTAL_WORKBOOK_UI: passed=641; failed=0; elapsedSec=38.0009765625
MODE_AFTER_SUITE: Yes
TOTAL_REGRESSION_BASELINE: passed=39; failed=0; elapsedSec=0.47998046875
MODE_AFTER_SUITE: No
SOURCE_UNCHANGED: True
