SOURCE: C:\Users\avidzba\Desktop\программы\В_РАБОТЕ!\RC_Section_NDM\docs\regression\Audit03\RC_Section_NDM_snapshot_negative.xlsm
SOURCE_SHA256: CBBB28649CFB44B21287E59D3745794029A4286CAF034F35342161CCA02759E2
FIXTURE: C:\Users\avidzba\AppData\Local\Temp\RC_NDM_ModeSuite_e9baad7128c345ba9bf9c21b8004405d\RC_Section_NDM.xlsm
GLOBAL_MODE: General.DiagramExtension=No; explicit-On tests retain their setup
FAIL: audit03.published.1.explicitContractError
FAIL: audit03.published.1.statusUnchanged; actual=N/A; expected=OK
FAIL: audit03.published.1.statesUnchanged
FAIL: audit03.published.1.extensionUnchanged
FAIL: audit03.published.1.profileUnchanged; actual=; expected=PR1
FAIL: audit03.published.2.noPublicField
FAIL: audit03.published.2.profileUnchanged; actual=MUTATED; expected=PR1
FAIL: audit03.published.3.noPublicField
FAIL: audit03.published.3.extensionUnchanged
FAIL: audit03.published.4.explicitContractError
FAIL: audit03.published.4.statusUnchanged; actual=N/A; expected=OK
FAIL: audit03.published.5.explicitContractError
FAIL: audit03.published.6.explicitContractError
FAIL: audit03.published.7.explicitContractError
FAIL: audit03.published.8.explicitContractError
FAIL: audit03.published.8.statusUnchanged; actual=CalcErr; expected=FAIL
FAIL: audit03.published.8.commentUnchanged; actual=Трещинообразование: Не передан расчет образования трещины.; Ширина трещин: Раскрытие нормальной трещины 0.325986046744 мм превышает допускаемое 0.3 мм. Расчет выполнен для произвольного сечения по общей НДМ-ветке. Psi_s рассчитан по состоянию сразу после образования трещины.; expected=Трещинообразование: ?*Mxy: Трещина уже образуется в постоянной части выбранного пути ?*Mxy; точка sigma_s,crc по этому пути не определяется, psi_s остается равным 1. ?*N: Трещина уже образуется в постоянной части выбранного пути ?*N; точка sigma_s,crc по этому пути не определяется, psi_s остается равным 1. Принят путь ?*NMxy. Точка образования трещины найдена методом UltimateStrain. Предварительная проверка Mcrc: трещина образуется при текущей нагрузке.; Ширина трещин: Раскрытие нормальной трещины 0.325986046744 мм превышает допускаемое 0.3 мм. Расчет выполнен для произвольного сечения по общей НДМ-ветке. Psi_s рассчитан по состоянию сразу после образования трещины.
FAIL: audit03.published.9.explicitContractError
FAIL: audit03.published.9.statusUnchanged; actual=OK; expected=FAIL
FAIL: audit03.published.9.commentUnchanged; actual=Трещинообразование: ?*Mxy: Трещина уже образуется в постоянной части выбранного пути ?*Mxy; точка sigma_s,crc по этому пути не определяется, psi_s остается равным 1. ?*N: Трещина уже образуется в постоянной части выбранного пути ?*N; точка sigma_s,crc по этому пути не определяется, psi_s остается равным 1. Принят путь ?*NMxy. Точка образования трещины найдена методом UltimateStrain. Предварительная проверка Mcrc: трещина образуется при текущей нагрузке.; expected=Трещинообразование: ?*Mxy: Трещина уже образуется в постоянной части выбранного пути ?*Mxy; точка sigma_s,crc по этому пути не определяется, psi_s остается равным 1. ?*N: Трещина уже образуется в постоянной части выбранного пути ?*N; точка sigma_s,crc по этому пути не определяется, psi_s остается равным 1. Принят путь ?*NMxy. Точка образования трещины найдена методом UltimateStrain. Предварительная проверка Mcrc: трещина образуется при текущей нагрузке.; Ширина трещин: Раскрытие нормальной трещины 0.325986046744 мм превышает допускаемое 0.3 мм. Расчет выполнен для произвольного сечения по общей НДМ-ветке. Psi_s рассчитан по состоянию сразу после образования трещины.
FAIL: audit03.published.10.explicitContractError
FAIL: audit03.published.11.explicitContractError
FAIL: audit03.published.12.noPublicField
FAIL: audit03.published.12.stabilityCodeUnchanged; actual=MUTATED; expected=
FAIL: audit03.published.13.explicitContractError
FAIL: audit03.published.13.designNUnchanged; actual=1.; expected=0.
FAIL: audit03.published.14.explicitContractError
FAIL: audit03.published.14.statesUnchanged
FAIL: audit03.published.15.explicitContractError
FAIL: audit03.published.16.explicitContractError
FAIL: audit03.published.17.explicitContractError
FAIL: audit03.published.newResultIdentity
FAIL: audit03.published.oldStateIdentity
TOTAL_AUDIT03_PUBLISHED_RESULTS: passed=114; failed=33
MODE_AFTER_SUITE: No
SOURCE_UNCHANGED: True
