SOURCE: C:\Users\avidzba\Desktop\Ø‡Æ£‡†¨¨Î\Ç_êÄÅéíÖ!\RC_Section_NDM\docs\regression\Audit03\RC_Section_NDM_auto_plot_negative_v217b.xlsm
SOURCE_SHA256: 343680EFA426636A9E0FC1D19042C75A87898364F8929D8387086AA47D12F966
FIXTURE: C:\Users\avidzba\AppData\Local\Temp\RC_NDM_ModeSuite_f70b4c2edc34466da378bb33af782ee3\RC_Section_NDM.xlsm
GLOBAL_MODE: General.DiagramExtension=No; explicit-On tests retain their setup
FAIL: audit03.autoPlot.invalid.p0.Plot.Enabled.v1.rejected
FAIL: audit03.autoPlot.invalid.p0.Plot.Enabled.v1.address
FAIL: audit03.autoPlot.invalid.p0.Plot.Enabled.v2.rejected
FAIL: audit03.autoPlot.invalid.p0.Plot.Enabled.v2.address
FAIL: audit03.autoPlot.invalid.p0.Plot.Enabled.v3.rejected
FAIL: audit03.autoPlot.invalid.p0.Plot.Enabled.v3.address
FAIL: audit03.autoPlot.invalid.p0.Plot.Enabled.v4.rejected
FAIL: audit03.autoPlot.invalid.p0.Plot.Enabled.v4.address
FAIL: audit03.autoPlot.invalid.p0.Plot.AutoUpdateAfterCalculation.v5.rejected
FAIL: audit03.autoPlot.invalid.p0.Plot.AutoUpdateAfterCalculation.v5.address
FAIL: audit03.autoPlot.invalid.p0.Plot.AutoUpdateAfterCalculation.v6.rejected
FAIL: audit03.autoPlot.invalid.p0.Plot.AutoUpdateAfterCalculation.v6.address
FAIL: audit03.autoPlot.invalid.p0.Plot.AutoUpdateAfterCalculation.v7.rejected
FAIL: audit03.autoPlot.invalid.p0.Plot.AutoUpdateAfterCalculation.v7.address
FAIL: audit03.autoPlot.invalid.p0.Plot.AutoUpdateAfterCalculation.v8.rejected
FAIL: audit03.autoPlot.invalid.p0.Plot.AutoUpdateAfterCalculation.v8.address
FAIL: audit03.autoPlot.missing.p0
FAIL: audit03.autoPlot.invalid.p1.Plot.Enabled.v9.rejected
FAIL: audit03.autoPlot.invalid.p1.Plot.Enabled.v9.address
FAIL: audit03.autoPlot.invalid.p1.Plot.Enabled.v10.rejected
FAIL: audit03.autoPlot.invalid.p1.Plot.Enabled.v10.address
FAIL: audit03.autoPlot.invalid.p1.Plot.Enabled.v11.rejected
FAIL: audit03.autoPlot.invalid.p1.Plot.Enabled.v11.address
FAIL: audit03.autoPlot.invalid.p1.Plot.Enabled.v12.rejected
FAIL: audit03.autoPlot.invalid.p1.Plot.Enabled.v12.address
FAIL: audit03.autoPlot.invalid.p1.Plot.AutoUpdateAfterCalculation.v13.rejected
FAIL: audit03.autoPlot.invalid.p1.Plot.AutoUpdateAfterCalculation.v13.address
FAIL: audit03.autoPlot.invalid.p1.Plot.AutoUpdateAfterCalculation.v14.rejected
FAIL: audit03.autoPlot.invalid.p1.Plot.AutoUpdateAfterCalculation.v14.address
FAIL: audit03.autoPlot.invalid.p1.Plot.AutoUpdateAfterCalculation.v15.rejected
FAIL: audit03.autoPlot.invalid.p1.Plot.AutoUpdateAfterCalculation.v15.address
FAIL: audit03.autoPlot.invalid.p1.Plot.AutoUpdateAfterCalculation.v16.rejected
FAIL: audit03.autoPlot.invalid.p1.Plot.AutoUpdateAfterCalculation.v16.address
FAIL: audit03.autoPlot.missing.p1
FAIL: audit03.autoPlot.noState.mode0.validProfile
FAIL: audit03.autoPlot.noState.mode1.validProfile
FAIL: audit03.autoPlot.noState.mode2.completed
FAIL: audit03.autoPlot.noState.mode3.validProfile
FAIL: audit03.autoPlot.noSolve
TOTAL_AUDIT03_AUTO_PLOT: passed=42; failed=39
MODE_AFTER_SUITE: No
SOURCE_UNCHANGED: True
