SOURCE: C:\Users\avidzba\Desktop\Ø‡Æ£‡†¨¨Î\Ç_êÄÅéíÖ!\RC_Section_NDM\docs\regression\Audit03\RC_Section_NDM_auto_plot_negative_v217d.xlsm
SOURCE_SHA256: 69DE8EEFBBACC30F8D8C74B0300B11A84C1DA81AE4781D50EFD7D9CC068F9948
FIXTURE: C:\Users\avidzba\AppData\Local\Temp\RC_NDM_ModeSuite_b237165405bb43d2b0908895dfdcf422\RC_Section_NDM.xlsm
GLOBAL_MODE: General.DiagramExtension=No; explicit-On tests retain their setup
FAIL: audit03.autoPlot.invalid.p0.Plot.Enabled.v1.rejected
FAIL: audit03.autoPlot.invalid.p0.Plot.Enabled.v1.address
FAIL: audit03.autoPlot.invalid.p0.Plot.Enabled.v2.rejected
FAIL: audit03.autoPlot.invalid.p0.Plot.Enabled.v2.address
FAIL: audit03.autoPlot.invalid.p0.Plot.Enabled.v3.rejected
FAIL: audit03.autoPlot.invalid.p0.Plot.Enabled.v3.address
FAIL: audit03.autoPlot.invalid.p0.Plot.Enabled.v4.rejected
FAIL: audit03.autoPlot.invalid.p0.Plot.Enabled.v4.address
FAIL: audit03.autoPlot.invalid.p0.Plot.AutoUpdateAfterCalculation.v5.rejected
FAIL: audit03.autoPlot.invalid.p0.Plot.AutoUpdateAfterCalculation.v5.address
FAIL: audit03.autoPlot.invalid.p0.Plot.AutoUpdateAfterCalculation.v6.rejected
FAIL: audit03.autoPlot.invalid.p0.Plot.AutoUpdateAfterCalculation.v6.address
FAIL: audit03.autoPlot.invalid.p0.Plot.AutoUpdateAfterCalculation.v7.rejected
FAIL: audit03.autoPlot.invalid.p0.Plot.AutoUpdateAfterCalculation.v7.address
FAIL: audit03.autoPlot.invalid.p0.Plot.AutoUpdateAfterCalculation.v8.rejected
FAIL: audit03.autoPlot.invalid.p0.Plot.AutoUpdateAfterCalculation.v8.address
FAIL: audit03.autoPlot.missing.p0
FAIL: audit03.autoPlot.invalid.p1.Plot.Enabled.v9.rejected
FAIL: audit03.autoPlot.invalid.p1.Plot.Enabled.v9.address
FAIL: audit03.autoPlot.invalid.p1.Plot.Enabled.v10.rejected
FAIL: audit03.autoPlot.invalid.p1.Plot.Enabled.v10.address
FAIL: audit03.autoPlot.invalid.p1.Plot.Enabled.v11.rejected
FAIL: audit03.autoPlot.invalid.p1.Plot.Enabled.v11.address
FAIL: audit03.autoPlot.invalid.p1.Plot.Enabled.v12.rejected
FAIL: audit03.autoPlot.invalid.p1.Plot.Enabled.v12.address
FAIL: audit03.autoPlot.invalid.p1.Plot.AutoUpdateAfterCalculation.v13.rejected
FAIL: audit03.autoPlot.invalid.p1.Plot.AutoUpdateAfterCalculation.v13.address
FAIL: audit03.autoPlot.invalid.p1.Plot.AutoUpdateAfterCalculation.v14.rejected
FAIL: audit03.autoPlot.invalid.p1.Plot.AutoUpdateAfterCalculation.v14.address
FAIL: audit03.autoPlot.invalid.p1.Plot.AutoUpdateAfterCalculation.v15.rejected
FAIL: audit03.autoPlot.invalid.p1.Plot.AutoUpdateAfterCalculation.v15.address
FAIL: audit03.autoPlot.invalid.p1.Plot.AutoUpdateAfterCalculation.v16.rejected
FAIL: audit03.autoPlot.invalid.p1.Plot.AutoUpdateAfterCalculation.v16.address
FAIL: audit03.autoPlot.missing.p1
FAIL: audit03.autoPlot.noState.mode1.preserved
FAIL: audit03.autoPlot.noState.mode2.completed
TOTAL_AUDIT03_AUTO_PLOT: passed=45; failed=36
MODE_AFTER_SUITE: No
SOURCE_UNCHANGED: True
