SOURCE: C:\Users\avidzba\Desktop\программы\В_РАБОТЕ!\RC_Section_NDM\docs\regression\Audit03\RC_Section_NDM_autocad_inertia_positive_v276.xlsm
SOURCE_SHA256: 4A68C8F876E593CDF17FA7AEC745DD56AB53A3D1BB0F7345088070E4F8CDB5D8
FIXTURE: C:\Users\avidzba\AppData\Local\Temp\RC_NDM_ModeSuite_86eca78e5e154a7c9eb946be88964c6b\RC_Section_NDM.xlsm
GLOBAL_MODE: General.DiagramExtension=No; explicit-On tests retain their setup
===== modTestAutoCADConfig.RunAudit03RealAutoCADTests =====
SUITE_STARTED: modTestAutoCADConfig.RunAudit03RealAutoCADTests; 2026-10-04T22:39:43
EXCEL_AFTER_SUITE: pid=23476; workingSet=221667328; privateBytes=173703168; cpu=17465.078125
EXCEL_AFTER_SUITE: pid=24408; workingSet=146243584; privateBytes=99528704; cpu=5.1875
REAL_STAGE: prepare workbook snapshot
AUTOCAD_SNAPSHOT: 
AUTOCAD_SNAPSHOT: 
OK: autoCADConfig.snapshot.state1
OK: autoCADConfig.snapshot.state2
REAL_SNAPSHOT: CAD_CFG|PR1|StrengthState|Stress|False||4.89217063108277E-21|2.67740385954354E-08|1.33870192977178E-08|0|0
C1|-6.52617190763743E-02|Compression
C2|2.17539063587914E-02|Tension
C3|-2.17539063587916E-02|Compression
C4|6.52617190763741E-02|Tension
R1|-0.48193269471783|Compression
R2|0.160644231572613|Tension
R3|-0.160644231572604|Compression
R4|0.481932694717839|Tension
REAL_AUTOCAD: C:\Program Files\Autodesk\AutoCAD 2023\acad.exe|version=24.2s (LMS Tech)|HWND=25888782
OK: realAutoCAD.layer.existingColor
OK: realAutoCAD.layer.color1
OK: realAutoCAD.layer.color255
OK: realAutoCAD.layer.fullACI.1
OK: realAutoCAD.layer.fullACI.2
OK: realAutoCAD.layer.fullACI.3
OK: realAutoCAD.layer.fullACI.4
OK: realAutoCAD.layer.fullACI.5
OK: realAutoCAD.layer.fullACI.6
OK: realAutoCAD.layer.fullACI.7
OK: realAutoCAD.layer.fullACI.8
OK: realAutoCAD.layer.fullACI.9
OK: realAutoCAD.layer.fullACI.10
OK: realAutoCAD.layer.fullACI.11
OK: realAutoCAD.layer.fullACI.12
OK: realAutoCAD.layer.fullACI.13
OK: realAutoCAD.layer.fullACI.14
OK: realAutoCAD.layer.fullACI.15
OK: realAutoCAD.layer.fullACI.16
OK: realAutoCAD.layer.fullACI.17
OK: realAutoCAD.layer.fullACI.18
OK: realAutoCAD.layer.fullACI.19
OK: realAutoCAD.layer.fullACI.20
OK: realAutoCAD.layer.fullACI.21
OK: realAutoCAD.layer.fullACI.22
OK: realAutoCAD.layer.fullACI.23
OK: realAutoCAD.layer.fullACI.24
OK: realAutoCAD.layer.fullACI.25
OK: realAutoCAD.layer.fullACI.26
OK: realAutoCAD.layer.fullACI.27
OK: realAutoCAD.layer.fullACI.28
OK: realAutoCAD.layer.fullACI.29
OK: realAutoCAD.layer.fullACI.30
OK: realAutoCAD.layer.fullACI.31
OK: realAutoCAD.layer.fullACI.32
OK: realAutoCAD.layer.fullACI.33
OK: realAutoCAD.layer.fullACI.34
OK: realAutoCAD.layer.fullACI.35
OK: realAutoCAD.layer.fullACI.36
OK: realAutoCAD.layer.fullACI.37
OK: realAutoCAD.layer.fullACI.38
OK: realAutoCAD.layer.fullACI.39
OK: realAutoCAD.layer.fullACI.40
OK: realAutoCAD.layer.fullACI.41
OK: realAutoCAD.layer.fullACI.42
OK: realAutoCAD.layer.fullACI.43
OK: realAutoCAD.layer.fullACI.44
OK: realAutoCAD.layer.fullACI.45
OK: realAutoCAD.layer.fullACI.46
OK: realAutoCAD.layer.fullACI.47
OK: realAutoCAD.layer.fullACI.48
OK: realAutoCAD.layer.fullACI.49
OK: realAutoCAD.layer.fullACI.50
OK: realAutoCAD.layer.fullACI.51
OK: realAutoCAD.layer.fullACI.52
OK: realAutoCAD.layer.fullACI.53
OK: realAutoCAD.layer.fullACI.54
OK: realAutoCAD.layer.fullACI.55
OK: realAutoCAD.layer.fullACI.56
OK: realAutoCAD.layer.fullACI.57
OK: realAutoCAD.layer.fullACI.58
OK: realAutoCAD.layer.fullACI.59
OK: realAutoCAD.layer.fullACI.60
OK: realAutoCAD.layer.fullACI.61
OK: realAutoCAD.layer.fullACI.62
OK: realAutoCAD.layer.fullACI.63
OK: realAutoCAD.layer.fullACI.64
OK: realAutoCAD.layer.fullACI.65
OK: realAutoCAD.layer.fullACI.66
OK: realAutoCAD.layer.fullACI.67
OK: realAutoCAD.layer.fullACI.68
OK: realAutoCAD.layer.fullACI.69
OK: realAutoCAD.layer.fullACI.70
OK: realAutoCAD.layer.fullACI.71
OK: realAutoCAD.layer.fullACI.72
OK: realAutoCAD.layer.fullACI.73
OK: realAutoCAD.layer.fullACI.74
OK: realAutoCAD.layer.fullACI.75
OK: realAutoCAD.layer.fullACI.76
OK: realAutoCAD.layer.fullACI.77
OK: realAutoCAD.layer.fullACI.78
OK: realAutoCAD.layer.fullACI.79
OK: realAutoCAD.layer.fullACI.80
OK: realAutoCAD.layer.fullACI.81
OK: realAutoCAD.layer.fullACI.82
OK: realAutoCAD.layer.fullACI.83
OK: realAutoCAD.layer.fullACI.84
OK: realAutoCAD.layer.fullACI.85
OK: realAutoCAD.layer.fullACI.86
OK: realAutoCAD.layer.fullACI.87
OK: realAutoCAD.layer.fullACI.88
OK: realAutoCAD.layer.fullACI.89
OK: realAutoCAD.layer.fullACI.90
OK: realAutoCAD.layer.fullACI.91
OK: realAutoCAD.layer.fullACI.92
OK: realAutoCAD.layer.fullACI.93
OK: realAutoCAD.layer.fullACI.94
OK: realAutoCAD.layer.fullACI.95
OK: realAutoCAD.layer.fullACI.96
OK: realAutoCAD.layer.fullACI.97
OK: realAutoCAD.layer.fullACI.98
OK: realAutoCAD.layer.fullACI.99
OK: realAutoCAD.layer.fullACI.100
OK: realAutoCAD.layer.fullACI.101
OK: realAutoCAD.layer.fullACI.102
OK: realAutoCAD.layer.fullACI.103
OK: realAutoCAD.layer.fullACI.104
OK: realAutoCAD.layer.fullACI.105
OK: realAutoCAD.layer.fullACI.106
OK: realAutoCAD.layer.fullACI.107
OK: realAutoCAD.layer.fullACI.108
OK: realAutoCAD.layer.fullACI.109
OK: realAutoCAD.layer.fullACI.110
OK: realAutoCAD.layer.fullACI.111
OK: realAutoCAD.layer.fullACI.112
OK: realAutoCAD.layer.fullACI.113
OK: realAutoCAD.layer.fullACI.114
OK: realAutoCAD.layer.fullACI.115
OK: realAutoCAD.layer.fullACI.116
OK: realAutoCAD.layer.fullACI.117
OK: realAutoCAD.layer.fullACI.118
OK: realAutoCAD.layer.fullACI.119
OK: realAutoCAD.layer.fullACI.120
OK: realAutoCAD.layer.fullACI.121
OK: realAutoCAD.layer.fullACI.122
OK: realAutoCAD.layer.fullACI.123
OK: realAutoCAD.layer.fullACI.124
OK: realAutoCAD.layer.fullACI.125
OK: realAutoCAD.layer.fullACI.126
OK: realAutoCAD.layer.fullACI.127
OK: realAutoCAD.layer.fullACI.128
OK: realAutoCAD.layer.fullACI.129
OK: realAutoCAD.layer.fullACI.130
OK: realAutoCAD.layer.fullACI.131
OK: realAutoCAD.layer.fullACI.132
OK: realAutoCAD.layer.fullACI.133
OK: realAutoCAD.layer.fullACI.134
OK: realAutoCAD.layer.fullACI.135
OK: realAutoCAD.layer.fullACI.136
OK: realAutoCAD.layer.fullACI.137
OK: realAutoCAD.layer.fullACI.138
OK: realAutoCAD.layer.fullACI.139
OK: realAutoCAD.layer.fullACI.140
OK: realAutoCAD.layer.fullACI.141
OK: realAutoCAD.layer.fullACI.142
OK: realAutoCAD.layer.fullACI.143
OK: realAutoCAD.layer.fullACI.144
OK: realAutoCAD.layer.fullACI.145
OK: realAutoCAD.layer.fullACI.146
OK: realAutoCAD.layer.fullACI.147
OK: realAutoCAD.layer.fullACI.148
OK: realAutoCAD.layer.fullACI.149
OK: realAutoCAD.layer.fullACI.150
OK: realAutoCAD.layer.fullACI.151
OK: realAutoCAD.layer.fullACI.152
OK: realAutoCAD.layer.fullACI.153
OK: realAutoCAD.layer.fullACI.154
OK: realAutoCAD.layer.fullACI.155
OK: realAutoCAD.layer.fullACI.156
OK: realAutoCAD.layer.fullACI.157
OK: realAutoCAD.layer.fullACI.158
OK: realAutoCAD.layer.fullACI.159
OK: realAutoCAD.layer.fullACI.160
OK: realAutoCAD.layer.fullACI.161
OK: realAutoCAD.layer.fullACI.162
OK: realAutoCAD.layer.fullACI.163
OK: realAutoCAD.layer.fullACI.164
OK: realAutoCAD.layer.fullACI.165
OK: realAutoCAD.layer.fullACI.166
OK: realAutoCAD.layer.fullACI.167
OK: realAutoCAD.layer.fullACI.168
OK: realAutoCAD.layer.fullACI.169
OK: realAutoCAD.layer.fullACI.170
OK: realAutoCAD.layer.fullACI.171
OK: realAutoCAD.layer.fullACI.172
OK: realAutoCAD.layer.fullACI.173
OK: realAutoCAD.layer.fullACI.174
OK: realAutoCAD.layer.fullACI.175
OK: realAutoCAD.layer.fullACI.176
OK: realAutoCAD.layer.fullACI.177
OK: realAutoCAD.layer.fullACI.178
OK: realAutoCAD.layer.fullACI.179
OK: realAutoCAD.layer.fullACI.180
OK: realAutoCAD.layer.fullACI.181
OK: realAutoCAD.layer.fullACI.182
OK: realAutoCAD.layer.fullACI.183
OK: realAutoCAD.layer.fullACI.184
OK: realAutoCAD.layer.fullACI.185
OK: realAutoCAD.layer.fullACI.186
OK: realAutoCAD.layer.fullACI.187
OK: realAutoCAD.layer.fullACI.188
OK: realAutoCAD.layer.fullACI.189
OK: realAutoCAD.layer.fullACI.190
OK: realAutoCAD.layer.fullACI.191
OK: realAutoCAD.layer.fullACI.192
OK: realAutoCAD.layer.fullACI.193
OK: realAutoCAD.layer.fullACI.194
OK: realAutoCAD.layer.fullACI.195
OK: realAutoCAD.layer.fullACI.196
OK: realAutoCAD.layer.fullACI.197
OK: realAutoCAD.layer.fullACI.198
OK: realAutoCAD.layer.fullACI.199
OK: realAutoCAD.layer.fullACI.200
OK: realAutoCAD.layer.fullACI.201
OK: realAutoCAD.layer.fullACI.202
OK: realAutoCAD.layer.fullACI.203
OK: realAutoCAD.layer.fullACI.204
OK: realAutoCAD.layer.fullACI.205
OK: realAutoCAD.layer.fullACI.206
OK: realAutoCAD.layer.fullACI.207
OK: realAutoCAD.layer.fullACI.208
OK: realAutoCAD.layer.fullACI.209
OK: realAutoCAD.layer.fullACI.210
OK: realAutoCAD.layer.fullACI.211
OK: realAutoCAD.layer.fullACI.212
OK: realAutoCAD.layer.fullACI.213
OK: realAutoCAD.layer.fullACI.214
OK: realAutoCAD.layer.fullACI.215
OK: realAutoCAD.layer.fullACI.216
OK: realAutoCAD.layer.fullACI.217
OK: realAutoCAD.layer.fullACI.218
OK: realAutoCAD.layer.fullACI.219
OK: realAutoCAD.layer.fullACI.220
OK: realAutoCAD.layer.fullACI.221
OK: realAutoCAD.layer.fullACI.222
OK: realAutoCAD.layer.fullACI.223
OK: realAutoCAD.layer.fullACI.224
OK: realAutoCAD.layer.fullACI.225
OK: realAutoCAD.layer.fullACI.226
OK: realAutoCAD.layer.fullACI.227
OK: realAutoCAD.layer.fullACI.228
OK: realAutoCAD.layer.fullACI.229
OK: realAutoCAD.layer.fullACI.230
OK: realAutoCAD.layer.fullACI.231
OK: realAutoCAD.layer.fullACI.232
OK: realAutoCAD.layer.fullACI.233
OK: realAutoCAD.layer.fullACI.234
OK: realAutoCAD.layer.fullACI.235
OK: realAutoCAD.layer.fullACI.236
OK: realAutoCAD.layer.fullACI.237
OK: realAutoCAD.layer.fullACI.238
OK: realAutoCAD.layer.fullACI.239
OK: realAutoCAD.layer.fullACI.240
OK: realAutoCAD.layer.fullACI.241
OK: realAutoCAD.layer.fullACI.242
OK: realAutoCAD.layer.fullACI.243
OK: realAutoCAD.layer.fullACI.244
OK: realAutoCAD.layer.fullACI.245
OK: realAutoCAD.layer.fullACI.246
OK: realAutoCAD.layer.fullACI.247
OK: realAutoCAD.layer.fullACI.248
OK: realAutoCAD.layer.fullACI.249
OK: realAutoCAD.layer.fullACI.250
OK: realAutoCAD.layer.fullACI.251
OK: realAutoCAD.layer.fullACI.252
OK: realAutoCAD.layer.fullACI.253
OK: realAutoCAD.layer.fullACI.254
OK: realAutoCAD.layer.fullACI.255
OK: realAutoCAD.layer.unicode
OK: realAutoCAD.layer.length255
OK: realAutoCAD.export.added
OK: realAutoCAD.export.regions
OK: realAutoCAD.export.concrete
OK: realAutoCAD.export.rebar
OK: realAutoCAD.export.axes
OK: realAutoCAD.export.loadPoint
OK: realAutoCAD.export.neutralLine
OK: realAutoCAD.export.contour
OK: realAutoCAD.color.C1.AcDbRegion
OK: realAutoCAD.color.C1.AcDbText
OK: realAutoCAD.color.C2.AcDbRegion
OK: realAutoCAD.color.C2.AcDbText
OK: realAutoCAD.color.C3.AcDbRegion
OK: realAutoCAD.color.C3.AcDbText
OK: realAutoCAD.color.C4.AcDbRegion
OK: realAutoCAD.color.C4.AcDbText
OK: realAutoCAD.color.R1.AcDbRegion
OK: realAutoCAD.color.R1.AcDbText
OK: realAutoCAD.color.R2.AcDbRegion
OK: realAutoCAD.color.R2.AcDbText
OK: realAutoCAD.color.R3.AcDbRegion
OK: realAutoCAD.color.R3.AcDbText
OK: realAutoCAD.color.R4.AcDbRegion
OK: realAutoCAD.color.R4.AcDbText
OK: realAutoCAD.import.counts
AUTOCAD_NUMBER: realAutoCAD.import.concreteArea.1|actual=10000|expected=10000|tolerance=0.00000001
OK: realAutoCAD.import.concreteArea.1
AUTOCAD_NUMBER: realAutoCAD.import.concreteX.1|actual=50|expected=50|tolerance=0.00000001
OK: realAutoCAD.import.concreteX.1
AUTOCAD_NUMBER: realAutoCAD.import.concreteY.1|actual=50|expected=50|tolerance=0.00000001
OK: realAutoCAD.import.concreteY.1
AUTOCAD_NUMBER: realAutoCAD.import.concreteArea.2|actual=10000|expected=10000|tolerance=0.00000001
OK: realAutoCAD.import.concreteArea.2
AUTOCAD_NUMBER: realAutoCAD.import.concreteX.2|actual=50|expected=50|tolerance=0.00000001
OK: realAutoCAD.import.concreteX.2
AUTOCAD_NUMBER: realAutoCAD.import.concreteY.2|actual=50|expected=50|tolerance=0.00000001
OK: realAutoCAD.import.concreteY.2
AUTOCAD_NUMBER: realAutoCAD.import.concreteArea.3|actual=10000|expected=10000|tolerance=0.00000001
OK: realAutoCAD.import.concreteArea.3
AUTOCAD_NUMBER: realAutoCAD.import.concreteX.3|actual=50|expected=50|tolerance=0.00000001
OK: realAutoCAD.import.concreteX.3
AUTOCAD_NUMBER: realAutoCAD.import.concreteY.3|actual=50|expected=50|tolerance=0.00000001
OK: realAutoCAD.import.concreteY.3
AUTOCAD_NUMBER: realAutoCAD.import.concreteArea.4|actual=10000|expected=10000|tolerance=0.00000001
OK: realAutoCAD.import.concreteArea.4
AUTOCAD_NUMBER: realAutoCAD.import.concreteX.4|actual=50|expected=50|tolerance=0.00000001
OK: realAutoCAD.import.concreteX.4
AUTOCAD_NUMBER: realAutoCAD.import.concreteY.4|actual=50|expected=50|tolerance=0.00000001
OK: realAutoCAD.import.concreteY.4
AUTOCAD_NUMBER: realAutoCAD.import.rebarArea.1|actual=201.061929829747|expected=201.061929829747|tolerance=0.00000001
OK: realAutoCAD.import.rebarArea.1
AUTOCAD_NUMBER: realAutoCAD.import.rebarX.1|actual=60|expected=60|tolerance=0.00000001
OK: realAutoCAD.import.rebarX.1
AUTOCAD_NUMBER: realAutoCAD.import.rebarY.1|actual=60|expected=60|tolerance=0.00000001
OK: realAutoCAD.import.rebarY.1
AUTOCAD_NUMBER: realAutoCAD.import.rebarArea.2|actual=201.061929829747|expected=201.061929829747|tolerance=0.00000001
OK: realAutoCAD.import.rebarArea.2
AUTOCAD_NUMBER: realAutoCAD.import.rebarX.2|actual=60|expected=60|tolerance=0.00000001
OK: realAutoCAD.import.rebarX.2
AUTOCAD_NUMBER: realAutoCAD.import.rebarY.2|actual=60|expected=60|tolerance=0.00000001
OK: realAutoCAD.import.rebarY.2
AUTOCAD_NUMBER: realAutoCAD.import.rebarArea.3|actual=201.061929829747|expected=201.061929829747|tolerance=0.00000001
OK: realAutoCAD.import.rebarArea.3
AUTOCAD_NUMBER: realAutoCAD.import.rebarX.3|actual=60|expected=60|tolerance=0.00000001
OK: realAutoCAD.import.rebarX.3
AUTOCAD_NUMBER: realAutoCAD.import.rebarY.3|actual=60|expected=60|tolerance=0.00000001
OK: realAutoCAD.import.rebarY.3
AUTOCAD_NUMBER: realAutoCAD.import.rebarArea.4|actual=201.061929829747|expected=201.061929829747|tolerance=0.00000001
OK: realAutoCAD.import.rebarArea.4
AUTOCAD_NUMBER: realAutoCAD.import.rebarX.4|actual=60|expected=60|tolerance=0.00000001
OK: realAutoCAD.import.rebarX.4
AUTOCAD_NUMBER: realAutoCAD.import.rebarY.4|actual=60|expected=60|tolerance=0.00000001
OK: realAutoCAD.import.rebarY.4
OK: realAutoCAD.disabled.NeutralLine
OK: realAutoCAD.disabled.geometry.NeutralLine
OK: realAutoCAD.disabled.LoadPoint
OK: realAutoCAD.disabled.geometry.LoadPoint
OK: realAutoCAD.disabled.Contour
OK: realAutoCAD.disabled.geometry.Contour
OK: realAutoCAD.disabled.PrincipalAxes
OK: realAutoCAD.disabled.geometry.PrincipalAxes
OK: realAutoCAD.label.ValuesOnly.1
OK: realAutoCAD.label.ValuesOnly.2
OK: realAutoCAD.label.ValuesOnly.3
OK: realAutoCAD.label.ValuesOnly.4
OK: realAutoCAD.label.ValuesOnly.5
OK: realAutoCAD.label.ValuesOnly.6
OK: realAutoCAD.label.ValuesOnly.7
OK: realAutoCAD.label.ValuesOnly.8
OK: realAutoCAD.label.count.ValuesOnly
OK: realAutoCAD.label.NamesAndValues.1
OK: realAutoCAD.label.NamesAndValues.2
OK: realAutoCAD.label.NamesAndValues.3
OK: realAutoCAD.label.NamesAndValues.4
OK: realAutoCAD.label.NamesAndValues.5
OK: realAutoCAD.label.NamesAndValues.6
OK: realAutoCAD.label.NamesAndValues.7
OK: realAutoCAD.label.NamesAndValues.8
OK: realAutoCAD.label.count.NamesAndValues
OK: realAutoCAD.import.counts
AUTOCAD_NUMBER: realAutoCAD.import.concreteArea.1|actual=10000|expected=10000|tolerance=0.00000001
OK: realAutoCAD.import.concreteArea.1
AUTOCAD_NUMBER: realAutoCAD.import.concreteX.1|actual=50|expected=50|tolerance=0.00000001
OK: realAutoCAD.import.concreteX.1
AUTOCAD_NUMBER: realAutoCAD.import.concreteY.1|actual=50|expected=50|tolerance=0.00000001
OK: realAutoCAD.import.concreteY.1
AUTOCAD_NUMBER: realAutoCAD.import.concreteArea.2|actual=10000|expected=10000|tolerance=0.00000001
OK: realAutoCAD.import.concreteArea.2
AUTOCAD_NUMBER: realAutoCAD.import.concreteX.2|actual=50|expected=50|tolerance=0.00000001
OK: realAutoCAD.import.concreteX.2
AUTOCAD_NUMBER: realAutoCAD.import.concreteY.2|actual=50|expected=50|tolerance=0.00000001
OK: realAutoCAD.import.concreteY.2
AUTOCAD_NUMBER: realAutoCAD.import.concreteArea.3|actual=10000|expected=10000|tolerance=0.00000001
OK: realAutoCAD.import.concreteArea.3
AUTOCAD_NUMBER: realAutoCAD.import.concreteX.3|actual=50|expected=50|tolerance=0.00000001
OK: realAutoCAD.import.concreteX.3
AUTOCAD_NUMBER: realAutoCAD.import.concreteY.3|actual=50|expected=50|tolerance=0.00000001
OK: realAutoCAD.import.concreteY.3
AUTOCAD_NUMBER: realAutoCAD.import.concreteArea.4|actual=10000|expected=10000|tolerance=0.00000001
OK: realAutoCAD.import.concreteArea.4
AUTOCAD_NUMBER: realAutoCAD.import.concreteX.4|actual=50|expected=50|tolerance=0.00000001
OK: realAutoCAD.import.concreteX.4
AUTOCAD_NUMBER: realAutoCAD.import.concreteY.4|actual=50|expected=50|tolerance=0.00000001
OK: realAutoCAD.import.concreteY.4
AUTOCAD_NUMBER: realAutoCAD.import.rebarArea.1|actual=201.061929829747|expected=201.061929829747|tolerance=0.00000001
OK: realAutoCAD.import.rebarArea.1
AUTOCAD_NUMBER: realAutoCAD.import.rebarX.1|actual=60|expected=60|tolerance=0.00000001
OK: realAutoCAD.import.rebarX.1
AUTOCAD_NUMBER: realAutoCAD.import.rebarY.1|actual=60|expected=60|tolerance=0.00000001
OK: realAutoCAD.import.rebarY.1
AUTOCAD_NUMBER: realAutoCAD.import.rebarArea.2|actual=201.061929829747|expected=201.061929829747|tolerance=0.00000001
OK: realAutoCAD.import.rebarArea.2
AUTOCAD_NUMBER: realAutoCAD.import.rebarX.2|actual=60|expected=60|tolerance=0.00000001
OK: realAutoCAD.import.rebarX.2
AUTOCAD_NUMBER: realAutoCAD.import.rebarY.2|actual=60|expected=60|tolerance=0.00000001
OK: realAutoCAD.import.rebarY.2
AUTOCAD_NUMBER: realAutoCAD.import.rebarArea.3|actual=201.061929829747|expected=201.061929829747|tolerance=0.00000001
OK: realAutoCAD.import.rebarArea.3
AUTOCAD_NUMBER: realAutoCAD.import.rebarX.3|actual=60|expected=60|tolerance=0.00000001
OK: realAutoCAD.import.rebarX.3
AUTOCAD_NUMBER: realAutoCAD.import.rebarY.3|actual=60|expected=60|tolerance=0.00000001
OK: realAutoCAD.import.rebarY.3
AUTOCAD_NUMBER: realAutoCAD.import.rebarArea.4|actual=201.061929829747|expected=201.061929829747|tolerance=0.00000001
OK: realAutoCAD.import.rebarArea.4
AUTOCAD_NUMBER: realAutoCAD.import.rebarX.4|actual=60|expected=60|tolerance=0.00000001
OK: realAutoCAD.import.rebarX.4
AUTOCAD_NUMBER: realAutoCAD.import.rebarY.4|actual=60|expected=60|tolerance=0.00000001
OK: realAutoCAD.import.rebarY.4
OK: realAutoCAD.color.C1.AcDbRegion
OK: realAutoCAD.color.C1.AcDbText
OK: realAutoCAD.color.C2.AcDbRegion
OK: realAutoCAD.color.C2.AcDbText
OK: realAutoCAD.color.C3.AcDbRegion
OK: realAutoCAD.color.C3.AcDbText
OK: realAutoCAD.color.C4.AcDbRegion
OK: realAutoCAD.color.C4.AcDbText
OK: realAutoCAD.color.R1.AcDbRegion
OK: realAutoCAD.color.R1.AcDbText
OK: realAutoCAD.color.R2.AcDbRegion
OK: realAutoCAD.color.R2.AcDbText
OK: realAutoCAD.color.R3.AcDbRegion
OK: realAutoCAD.color.R3.AcDbText
OK: realAutoCAD.color.R4.AcDbRegion
OK: realAutoCAD.color.R4.AcDbText
REAL_DWG_PRESENTATION: C:\Users\avidzba\Desktop\программы\В_РАБОТЕ!\RC_Section_NDM\docs\regression\Audit03\Audit03_AutoCAD_inertia_positive_v276_2026-10-04_presentation.dwg|entities=24
OK: realAutoCAD.cleanup.deleted
OK: realAutoCAD.cleanup.allRegionsKept
OK: realAutoCAD.cleanup.regionOnAnnotation
OK: realAutoCAD.export.noSolve
OK: realAutoCAD.saved
REAL_DWG: C:\Users\avidzba\Desktop\программы\В_РАБОТЕ!\RC_Section_NDM\docs\regression\Audit03\Audit03_AutoCAD_inertia_positive_v276_2026-10-04.dwg|entities=9
REAL_STAGE: reopen saved DWG
REAL_STAGE: wait for reopened document
REAL_STAGE: verify reopened regions
OK: realAutoCAD.reopen.regions
OK: realAutoCAD.import.counts
AUTOCAD_NUMBER: realAutoCAD.import.concreteArea.1|actual=10000|expected=10000|tolerance=0.00000001
OK: realAutoCAD.import.concreteArea.1
AUTOCAD_NUMBER: realAutoCAD.import.concreteX.1|actual=50|expected=50|tolerance=0.00000001
OK: realAutoCAD.import.concreteX.1
AUTOCAD_NUMBER: realAutoCAD.import.concreteY.1|actual=50|expected=50|tolerance=0.00000001
OK: realAutoCAD.import.concreteY.1
AUTOCAD_NUMBER: realAutoCAD.import.concreteArea.2|actual=10000|expected=10000|tolerance=0.00000001
OK: realAutoCAD.import.concreteArea.2
AUTOCAD_NUMBER: realAutoCAD.import.concreteX.2|actual=50|expected=50|tolerance=0.00000001
OK: realAutoCAD.import.concreteX.2
AUTOCAD_NUMBER: realAutoCAD.import.concreteY.2|actual=50|expected=50|tolerance=0.00000001
OK: realAutoCAD.import.concreteY.2
AUTOCAD_NUMBER: realAutoCAD.import.concreteArea.3|actual=10000|expected=10000|tolerance=0.00000001
OK: realAutoCAD.import.concreteArea.3
AUTOCAD_NUMBER: realAutoCAD.import.concreteX.3|actual=50|expected=50|tolerance=0.00000001
OK: realAutoCAD.import.concreteX.3
AUTOCAD_NUMBER: realAutoCAD.import.concreteY.3|actual=50|expected=50|tolerance=0.00000001
OK: realAutoCAD.import.concreteY.3
AUTOCAD_NUMBER: realAutoCAD.import.concreteArea.4|actual=10000|expected=10000|tolerance=0.00000001
OK: realAutoCAD.import.concreteArea.4
AUTOCAD_NUMBER: realAutoCAD.import.concreteX.4|actual=50|expected=50|tolerance=0.00000001
OK: realAutoCAD.import.concreteX.4
AUTOCAD_NUMBER: realAutoCAD.import.concreteY.4|actual=50|expected=50|tolerance=0.00000001
OK: realAutoCAD.import.concreteY.4
AUTOCAD_NUMBER: realAutoCAD.import.rebarArea.1|actual=201.061929829747|expected=201.061929829747|tolerance=0.00000001
OK: realAutoCAD.import.rebarArea.1
AUTOCAD_NUMBER: realAutoCAD.import.rebarX.1|actual=60|expected=60|tolerance=0.00000001
OK: realAutoCAD.import.rebarX.1
AUTOCAD_NUMBER: realAutoCAD.import.rebarY.1|actual=60|expected=60|tolerance=0.00000001
OK: realAutoCAD.import.rebarY.1
AUTOCAD_NUMBER: realAutoCAD.import.rebarArea.2|actual=201.061929829747|expected=201.061929829747|tolerance=0.00000001
OK: realAutoCAD.import.rebarArea.2
AUTOCAD_NUMBER: realAutoCAD.import.rebarX.2|actual=60|expected=60|tolerance=0.00000001
OK: realAutoCAD.import.rebarX.2
AUTOCAD_NUMBER: realAutoCAD.import.rebarY.2|actual=60|expected=60|tolerance=0.00000001
OK: realAutoCAD.import.rebarY.2
AUTOCAD_NUMBER: realAutoCAD.import.rebarArea.3|actual=201.061929829747|expected=201.061929829747|tolerance=0.00000001
OK: realAutoCAD.import.rebarArea.3
AUTOCAD_NUMBER: realAutoCAD.import.rebarX.3|actual=60|expected=60|tolerance=0.00000001
OK: realAutoCAD.import.rebarX.3
AUTOCAD_NUMBER: realAutoCAD.import.rebarY.3|actual=60|expected=60|tolerance=0.00000001
OK: realAutoCAD.import.rebarY.3
AUTOCAD_NUMBER: realAutoCAD.import.rebarArea.4|actual=201.061929829747|expected=201.061929829747|tolerance=0.00000001
OK: realAutoCAD.import.rebarArea.4
AUTOCAD_NUMBER: realAutoCAD.import.rebarX.4|actual=60|expected=60|tolerance=0.00000001
OK: realAutoCAD.import.rebarX.4
AUTOCAD_NUMBER: realAutoCAD.import.rebarY.4|actual=60|expected=60|tolerance=0.00000001
OK: realAutoCAD.import.rebarY.4
REAL_STAGE: independent central inertia probes
REAL_STAGE: create AUDIT_INERTIA_0_0
REAL_INERTIA: realAutoCAD.inertia.-1.0|cx=0; cy=0; rawProduct=2805922.30826158; expectedCentralIxy=-2805922.30826158
OK: realAutoCAD.inertia.-1.0.count
AUTOCAD_INERTIA_NUMBER: realAutoCAD.inertia.-1.0.area|actual=7200|expected=7200|tolerance=0.000001
OK: realAutoCAD.inertia.-1.0.area
AUTOCAD_INERTIA_NUMBER: realAutoCAD.inertia.-1.0.x|actual=0|expected=0|tolerance=0.000001
OK: realAutoCAD.inertia.-1.0.x
AUTOCAD_INERTIA_NUMBER: realAutoCAD.inertia.-1.0.y|actual=1.01054966863659E-15|expected=0|tolerance=0.000001
OK: realAutoCAD.inertia.-1.0.y
AUTOCAD_INERTIA_NUMBER: realAutoCAD.inertia.-1.0.Ix|actual=3780000|expected=3780000|tolerance=0.000001
OK: realAutoCAD.inertia.-1.0.Ix
AUTOCAD_INERTIA_NUMBER: realAutoCAD.inertia.-1.0.Iy|actual=7020000|expected=7020000|tolerance=0.000001
OK: realAutoCAD.inertia.-1.0.Iy
AUTOCAD_INERTIA_NUMBER: realAutoCAD.inertia.-1.0.Ixy|actual=-2805922.30826158|expected=-2805922.30826158|tolerance=0.000001
OK: realAutoCAD.inertia.-1.0.Ixy
REAL_STAGE: create AUDIT_INERTIA_0_1
REAL_INERTIA: realAutoCAD.inertia.-1.1|cx=20; cy=-10; rawProduct=4245922.30826158; expectedCentralIxy=-2805922.30826158
OK: realAutoCAD.inertia.-1.1.count
AUTOCAD_INERTIA_NUMBER: realAutoCAD.inertia.-1.1.area|actual=7200|expected=7200|tolerance=0.000001
OK: realAutoCAD.inertia.-1.1.area
AUTOCAD_INERTIA_NUMBER: realAutoCAD.inertia.-1.1.x|actual=20|expected=20|tolerance=0.000001
OK: realAutoCAD.inertia.-1.1.x
AUTOCAD_INERTIA_NUMBER: realAutoCAD.inertia.-1.1.y|actual=-10|expected=-10|tolerance=0.000001
OK: realAutoCAD.inertia.-1.1.y
AUTOCAD_INERTIA_NUMBER: realAutoCAD.inertia.-1.1.Ix|actual=3780000|expected=3780000|tolerance=0.000001
OK: realAutoCAD.inertia.-1.1.Ix
AUTOCAD_INERTIA_NUMBER: realAutoCAD.inertia.-1.1.Iy|actual=7020000|expected=7020000|tolerance=0.000001
OK: realAutoCAD.inertia.-1.1.Iy
AUTOCAD_INERTIA_NUMBER: realAutoCAD.inertia.-1.1.Ixy|actual=-2805922.30826158|expected=-2805922.30826158|tolerance=0.000001
OK: realAutoCAD.inertia.-1.1.Ixy
REAL_STAGE: create AUDIT_INERTIA_0_2
REAL_INERTIA: realAutoCAD.inertia.-1.2|cx=20; cy=10; rawProduct=1365922.30826158; expectedCentralIxy=-2805922.30826158
OK: realAutoCAD.inertia.-1.2.count
AUTOCAD_INERTIA_NUMBER: realAutoCAD.inertia.-1.2.area|actual=7200|expected=7200|tolerance=0.000001
OK: realAutoCAD.inertia.-1.2.area
AUTOCAD_INERTIA_NUMBER: realAutoCAD.inertia.-1.2.x|actual=20|expected=20|tolerance=0.000001
OK: realAutoCAD.inertia.-1.2.x
AUTOCAD_INERTIA_NUMBER: realAutoCAD.inertia.-1.2.y|actual=10|expected=10|tolerance=0.000001
OK: realAutoCAD.inertia.-1.2.y
AUTOCAD_INERTIA_NUMBER: realAutoCAD.inertia.-1.2.Ix|actual=3780000|expected=3780000|tolerance=0.000001
OK: realAutoCAD.inertia.-1.2.Ix
AUTOCAD_INERTIA_NUMBER: realAutoCAD.inertia.-1.2.Iy|actual=7020000|expected=7020000|tolerance=0.000001
OK: realAutoCAD.inertia.-1.2.Iy
AUTOCAD_INERTIA_NUMBER: realAutoCAD.inertia.-1.2.Ixy|actual=-2805922.30826158|expected=-2805922.30826158|tolerance=0.000001
OK: realAutoCAD.inertia.-1.2.Ixy
REAL_STAGE: create AUDIT_INERTIA_2_0
REAL_INERTIA: realAutoCAD.inertia.1.0|cx=0; cy=0; rawProduct=-2805922.30826158; expectedCentralIxy=2805922.30826158
OK: realAutoCAD.inertia.1.0.count
AUTOCAD_INERTIA_NUMBER: realAutoCAD.inertia.1.0.area|actual=7200|expected=7200|tolerance=0.000001
OK: realAutoCAD.inertia.1.0.area
AUTOCAD_INERTIA_NUMBER: realAutoCAD.inertia.1.0.x|actual=0|expected=0|tolerance=0.000001
OK: realAutoCAD.inertia.1.0.x
AUTOCAD_INERTIA_NUMBER: realAutoCAD.inertia.1.0.y|actual=5.05274834318293E-16|expected=0|tolerance=0.000001
OK: realAutoCAD.inertia.1.0.y
AUTOCAD_INERTIA_NUMBER: realAutoCAD.inertia.1.0.Ix|actual=3780000|expected=3780000|tolerance=0.000001
OK: realAutoCAD.inertia.1.0.Ix
AUTOCAD_INERTIA_NUMBER: realAutoCAD.inertia.1.0.Iy|actual=7020000|expected=7020000|tolerance=0.000001
OK: realAutoCAD.inertia.1.0.Iy
AUTOCAD_INERTIA_NUMBER: realAutoCAD.inertia.1.0.Ixy|actual=2805922.30826158|expected=2805922.30826158|tolerance=0.000001
OK: realAutoCAD.inertia.1.0.Ixy
REAL_STAGE: create AUDIT_INERTIA_2_1
REAL_INERTIA: realAutoCAD.inertia.1.1|cx=20; cy=-10; rawProduct=-1365922.30826158; expectedCentralIxy=2805922.30826158
OK: realAutoCAD.inertia.1.1.count
AUTOCAD_INERTIA_NUMBER: realAutoCAD.inertia.1.1.area|actual=7200|expected=7200|tolerance=0.000001
OK: realAutoCAD.inertia.1.1.area
AUTOCAD_INERTIA_NUMBER: realAutoCAD.inertia.1.1.x|actual=20|expected=20|tolerance=0.000001
OK: realAutoCAD.inertia.1.1.x
AUTOCAD_INERTIA_NUMBER: realAutoCAD.inertia.1.1.y|actual=-10|expected=-10|tolerance=0.000001
OK: realAutoCAD.inertia.1.1.y
AUTOCAD_INERTIA_NUMBER: realAutoCAD.inertia.1.1.Ix|actual=3780000|expected=3780000|tolerance=0.000001
OK: realAutoCAD.inertia.1.1.Ix
AUTOCAD_INERTIA_NUMBER: realAutoCAD.inertia.1.1.Iy|actual=7020000|expected=7020000|tolerance=0.000001
OK: realAutoCAD.inertia.1.1.Iy
AUTOCAD_INERTIA_NUMBER: realAutoCAD.inertia.1.1.Ixy|actual=2805922.30826158|expected=2805922.30826158|tolerance=0.000001
OK: realAutoCAD.inertia.1.1.Ixy
REAL_STAGE: create AUDIT_INERTIA_2_2
REAL_INERTIA: realAutoCAD.inertia.1.2|cx=20; cy=10; rawProduct=-4245922.30826158; expectedCentralIxy=2805922.30826158
OK: realAutoCAD.inertia.1.2.count
AUTOCAD_INERTIA_NUMBER: realAutoCAD.inertia.1.2.area|actual=7200|expected=7200|tolerance=0.000001
OK: realAutoCAD.inertia.1.2.area
AUTOCAD_INERTIA_NUMBER: realAutoCAD.inertia.1.2.x|actual=20|expected=20|tolerance=0.000001
OK: realAutoCAD.inertia.1.2.x
AUTOCAD_INERTIA_NUMBER: realAutoCAD.inertia.1.2.y|actual=10|expected=10|tolerance=0.000001
OK: realAutoCAD.inertia.1.2.y
AUTOCAD_INERTIA_NUMBER: realAutoCAD.inertia.1.2.Ix|actual=3780000|expected=3780000|tolerance=0.000001
OK: realAutoCAD.inertia.1.2.Ix
AUTOCAD_INERTIA_NUMBER: realAutoCAD.inertia.1.2.Iy|actual=7020000|expected=7020000|tolerance=0.000001
OK: realAutoCAD.inertia.1.2.Iy
AUTOCAD_INERTIA_NUMBER: realAutoCAD.inertia.1.2.Ixy|actual=2805922.30826158|expected=2805922.30826158|tolerance=0.000001
OK: realAutoCAD.inertia.1.2.Ixy
TOTAL_REAL_AUTOCAD: passed=451; failed=0

COM_WORKBOOK_AFTER_SUITE: path=C:\Users\avidzba\AppData\Local\Temp\RC_NDM_ModeSuite_86eca78e5e154a7c9eb946be88964c6b\RC_Section_NDM.xlsm; readOnly=True; sameProxy=True
MODE_AFTER_SUITE: No
SUITE_FINISHED: modTestAutoCADConfig.RunAudit03RealAutoCADTests; 2026-10-04T22:39:52
SOURCE_UNCHANGED: True
WATCHDOG_COMPLETED: exit=0; source unchanged=True
