SOURCE: C:\Users\avidzba\Desktop\программы\В_РАБОТЕ!\RC_Section_NDM\docs\regression\Audit03\RC_Section_NDM_autocad_positive_v268.xlsm
SOURCE_SHA256: 4EE022E6A647A3D9660D3B4AEADA2904F411806A37A6521B4323A4C2A9476E98
FIXTURE: C:\Users\avidzba\AppData\Local\Temp\RC_NDM_ModeSuite_1b9a2b422a6940c1b36578fb680f55bd\RC_Section_NDM.xlsm
GLOBAL_MODE: General.DiagramExtension=No; explicit-On tests retain their setup
===== modTestAutoCADConfig.RunAudit03RealAutoCADTests =====
SUITE_STARTED: modTestAutoCADConfig.RunAudit03RealAutoCADTests; 2026-10-04T21:11:57
EXCEL_AFTER_SUITE: pid=10940; workingSet=145739776; privateBytes=99049472; cpu=4.8125
EXCEL_AFTER_SUITE: pid=23476; workingSet=220467200; privateBytes=172507136; cpu=17346.140625
AUTOCAD_SNAPSHOT: 
AUTOCAD_SNAPSHOT: 
OK: autoCADConfig.snapshot.state1
OK: autoCADConfig.snapshot.state2
REAL_AUTOCAD: C:\Program Files\Autodesk\AutoCAD 2023\acad.exe|version=24.2s (LMS Tech)|HWND=25888782
OK: realAutoCAD.layer.existingColor
OK: realAutoCAD.layer.color1
OK: realAutoCAD.layer.color255
OK: realAutoCAD.export.added
OK: realAutoCAD.export.regions
OK: realAutoCAD.export.concrete
OK: realAutoCAD.export.rebar
OK: realAutoCAD.export.axes
OK: realAutoCAD.export.loadPoint
FAIL: realAutoCAD.export.neutralLine
OK: realAutoCAD.export.contour
OK: realAutoCAD.import.counts
AUTOCAD_NUMBER: realAutoCAD.import.concreteArea.1|actual=10000|expected=10000|tolerance=0.00000001
OK: realAutoCAD.import.concreteArea.1
AUTOCAD_NUMBER: realAutoCAD.import.concreteX.1|actual=50|expected=50|tolerance=0.00000001
OK: realAutoCAD.import.concreteX.1
AUTOCAD_NUMBER: realAutoCAD.import.concreteY.1|actual=50|expected=50|tolerance=0.00000001
OK: realAutoCAD.import.concreteY.1
AUTOCAD_NUMBER: realAutoCAD.import.concreteArea.2|actual=10000|expected=10000|tolerance=0.00000001
OK: realAutoCAD.import.concreteArea.2
AUTOCAD_NUMBER: realAutoCAD.import.concreteX.2|actual=50|expected=50|tolerance=0.00000001
OK: realAutoCAD.import.concreteX.2
AUTOCAD_NUMBER: realAutoCAD.import.concreteY.2|actual=50|expected=50|tolerance=0.00000001
OK: realAutoCAD.import.concreteY.2
AUTOCAD_NUMBER: realAutoCAD.import.concreteArea.3|actual=10000|expected=10000|tolerance=0.00000001
OK: realAutoCAD.import.concreteArea.3
AUTOCAD_NUMBER: realAutoCAD.import.concreteX.3|actual=50|expected=50|tolerance=0.00000001
OK: realAutoCAD.import.concreteX.3
AUTOCAD_NUMBER: realAutoCAD.import.concreteY.3|actual=50|expected=50|tolerance=0.00000001
OK: realAutoCAD.import.concreteY.3
AUTOCAD_NUMBER: realAutoCAD.import.concreteArea.4|actual=10000|expected=10000|tolerance=0.00000001
OK: realAutoCAD.import.concreteArea.4
AUTOCAD_NUMBER: realAutoCAD.import.concreteX.4|actual=50|expected=50|tolerance=0.00000001
OK: realAutoCAD.import.concreteX.4
AUTOCAD_NUMBER: realAutoCAD.import.concreteY.4|actual=50|expected=50|tolerance=0.00000001
OK: realAutoCAD.import.concreteY.4
AUTOCAD_NUMBER: realAutoCAD.import.rebarArea.1|actual=201.061929829747|expected=201.061929829747|tolerance=0.00000001
OK: realAutoCAD.import.rebarArea.1
AUTOCAD_NUMBER: realAutoCAD.import.rebarX.1|actual=60|expected=60|tolerance=0.00000001
OK: realAutoCAD.import.rebarX.1
AUTOCAD_NUMBER: realAutoCAD.import.rebarY.1|actual=60|expected=60|tolerance=0.00000001
OK: realAutoCAD.import.rebarY.1
AUTOCAD_NUMBER: realAutoCAD.import.rebarArea.2|actual=201.061929829747|expected=201.061929829747|tolerance=0.00000001
OK: realAutoCAD.import.rebarArea.2
AUTOCAD_NUMBER: realAutoCAD.import.rebarX.2|actual=60|expected=60|tolerance=0.00000001
OK: realAutoCAD.import.rebarX.2
AUTOCAD_NUMBER: realAutoCAD.import.rebarY.2|actual=60|expected=60|tolerance=0.00000001
OK: realAutoCAD.import.rebarY.2
AUTOCAD_NUMBER: realAutoCAD.import.rebarArea.3|actual=201.061929829747|expected=201.061929829747|tolerance=0.00000001
OK: realAutoCAD.import.rebarArea.3
AUTOCAD_NUMBER: realAutoCAD.import.rebarX.3|actual=60|expected=60|tolerance=0.00000001
OK: realAutoCAD.import.rebarX.3
AUTOCAD_NUMBER: realAutoCAD.import.rebarY.3|actual=60|expected=60|tolerance=0.00000001
OK: realAutoCAD.import.rebarY.3
AUTOCAD_NUMBER: realAutoCAD.import.rebarArea.4|actual=201.061929829747|expected=201.061929829747|tolerance=0.00000001
OK: realAutoCAD.import.rebarArea.4
AUTOCAD_NUMBER: realAutoCAD.import.rebarX.4|actual=60|expected=60|tolerance=0.00000001
OK: realAutoCAD.import.rebarX.4
AUTOCAD_NUMBER: realAutoCAD.import.rebarY.4|actual=60|expected=60|tolerance=0.00000001
OK: realAutoCAD.import.rebarY.4
OK: realAutoCAD.disabled.NeutralLine
OK: realAutoCAD.disabled.geometry.NeutralLine
OK: realAutoCAD.disabled.LoadPoint
OK: realAutoCAD.disabled.geometry.LoadPoint
OK: realAutoCAD.disabled.Contour
OK: realAutoCAD.disabled.geometry.Contour
OK: realAutoCAD.disabled.PrincipalAxes
OK: realAutoCAD.disabled.geometry.PrincipalAxes
OK: realAutoCAD.label.ValuesOnly.1
OK: realAutoCAD.label.ValuesOnly.2
OK: realAutoCAD.label.ValuesOnly.3
OK: realAutoCAD.label.ValuesOnly.4
OK: realAutoCAD.label.ValuesOnly.5
OK: realAutoCAD.label.ValuesOnly.6
OK: realAutoCAD.label.ValuesOnly.7
OK: realAutoCAD.label.ValuesOnly.8
OK: realAutoCAD.label.count.ValuesOnly
OK: realAutoCAD.label.NamesAndValues.1
OK: realAutoCAD.label.NamesAndValues.2
OK: realAutoCAD.label.NamesAndValues.3
OK: realAutoCAD.label.NamesAndValues.4
OK: realAutoCAD.label.NamesAndValues.5
OK: realAutoCAD.label.NamesAndValues.6
OK: realAutoCAD.label.NamesAndValues.7
OK: realAutoCAD.label.NamesAndValues.8
OK: realAutoCAD.label.count.NamesAndValues
OK: realAutoCAD.import.counts
AUTOCAD_NUMBER: realAutoCAD.import.concreteArea.1|actual=10000|expected=10000|tolerance=0.00000001
OK: realAutoCAD.import.concreteArea.1
AUTOCAD_NUMBER: realAutoCAD.import.concreteX.1|actual=50|expected=50|tolerance=0.00000001
OK: realAutoCAD.import.concreteX.1
AUTOCAD_NUMBER: realAutoCAD.import.concreteY.1|actual=50|expected=50|tolerance=0.00000001
OK: realAutoCAD.import.concreteY.1
AUTOCAD_NUMBER: realAutoCAD.import.concreteArea.2|actual=10000|expected=10000|tolerance=0.00000001
OK: realAutoCAD.import.concreteArea.2
AUTOCAD_NUMBER: realAutoCAD.import.concreteX.2|actual=50|expected=50|tolerance=0.00000001
OK: realAutoCAD.import.concreteX.2
AUTOCAD_NUMBER: realAutoCAD.import.concreteY.2|actual=50|expected=50|tolerance=0.00000001
OK: realAutoCAD.import.concreteY.2
AUTOCAD_NUMBER: realAutoCAD.import.concreteArea.3|actual=10000|expected=10000|tolerance=0.00000001
OK: realAutoCAD.import.concreteArea.3
AUTOCAD_NUMBER: realAutoCAD.import.concreteX.3|actual=50|expected=50|tolerance=0.00000001
OK: realAutoCAD.import.concreteX.3
AUTOCAD_NUMBER: realAutoCAD.import.concreteY.3|actual=50|expected=50|tolerance=0.00000001
OK: realAutoCAD.import.concreteY.3
AUTOCAD_NUMBER: realAutoCAD.import.concreteArea.4|actual=10000|expected=10000|tolerance=0.00000001
OK: realAutoCAD.import.concreteArea.4
AUTOCAD_NUMBER: realAutoCAD.import.concreteX.4|actual=50|expected=50|tolerance=0.00000001
OK: realAutoCAD.import.concreteX.4
AUTOCAD_NUMBER: realAutoCAD.import.concreteY.4|actual=50|expected=50|tolerance=0.00000001
OK: realAutoCAD.import.concreteY.4
AUTOCAD_NUMBER: realAutoCAD.import.rebarArea.1|actual=201.061929829747|expected=201.061929829747|tolerance=0.00000001
OK: realAutoCAD.import.rebarArea.1
AUTOCAD_NUMBER: realAutoCAD.import.rebarX.1|actual=60|expected=60|tolerance=0.00000001
OK: realAutoCAD.import.rebarX.1
AUTOCAD_NUMBER: realAutoCAD.import.rebarY.1|actual=60|expected=60|tolerance=0.00000001
OK: realAutoCAD.import.rebarY.1
AUTOCAD_NUMBER: realAutoCAD.import.rebarArea.2|actual=201.061929829747|expected=201.061929829747|tolerance=0.00000001
OK: realAutoCAD.import.rebarArea.2
AUTOCAD_NUMBER: realAutoCAD.import.rebarX.2|actual=60|expected=60|tolerance=0.00000001
OK: realAutoCAD.import.rebarX.2
AUTOCAD_NUMBER: realAutoCAD.import.rebarY.2|actual=60|expected=60|tolerance=0.00000001
OK: realAutoCAD.import.rebarY.2
AUTOCAD_NUMBER: realAutoCAD.import.rebarArea.3|actual=201.061929829747|expected=201.061929829747|tolerance=0.00000001
OK: realAutoCAD.import.rebarArea.3
AUTOCAD_NUMBER: realAutoCAD.import.rebarX.3|actual=60|expected=60|tolerance=0.00000001
OK: realAutoCAD.import.rebarX.3
AUTOCAD_NUMBER: realAutoCAD.import.rebarY.3|actual=60|expected=60|tolerance=0.00000001
OK: realAutoCAD.import.rebarY.3
AUTOCAD_NUMBER: realAutoCAD.import.rebarArea.4|actual=201.061929829747|expected=201.061929829747|tolerance=0.00000001
OK: realAutoCAD.import.rebarArea.4
AUTOCAD_NUMBER: realAutoCAD.import.rebarX.4|actual=60|expected=60|tolerance=0.00000001
OK: realAutoCAD.import.rebarX.4
AUTOCAD_NUMBER: realAutoCAD.import.rebarY.4|actual=60|expected=60|tolerance=0.00000001
OK: realAutoCAD.import.rebarY.4
OK: realAutoCAD.cleanup.deleted
OK: realAutoCAD.cleanup.allRegionsKept
OK: realAutoCAD.cleanup.regionOnAnnotation
OK: realAutoCAD.export.noSolve
OK: realAutoCAD.saved
REAL_DWG: C:\Users\avidzba\Desktop\программы\В_РАБОТЕ!\RC_Section_NDM\docs\regression\Audit03\Audit03_AutoCAD_roundtrip_v268_2026-10-04.dwg|entities=9
TOTAL_REAL_AUTOCAD: passed=93; failed=1

COM_WORKBOOK_AFTER_SUITE: path=C:\Users\avidzba\AppData\Local\Temp\RC_NDM_ModeSuite_1b9a2b422a6940c1b36578fb680f55bd\RC_Section_NDM.xlsm; readOnly=True; sameProxy=True
MODE_AFTER_SUITE: No
SUITE_FINISHED: modTestAutoCADConfig.RunAudit03RealAutoCADTests; 2026-10-04T21:12:03
SOURCE_UNCHANGED: True
WATCHDOG_COMPLETED: exit=1; source unchanged=True
