HELP|inputsPreserved|passed=True|fields=760; before=4B526E3F94B7D48DA6FCE3462840C375708CAD1E58CF80C72BCE6D24CE063DAC; after=4B526E3F94B7D48DA6FCE3462840C375708CAD1E58CF80C72BCE6D24CE063DAC
HELP|statusDictionaryPresent|passed=True|row=670
HELP|status.OK|passed=True|Расчет этой проверки выполнен успешно. Для прямого НДС равновесие найдено внутри физической диаграммы материала; для прочности или трещин проверка прошла.
HELP|status.FAIL|passed=True|Численное решение есть, но инженерная проверка не проходит: превышена несущая способность, ширина нормальной трещины больше допуска, sigma_c,max больше Rb,mc2 по продольным трещинам или прямое НДС найдено только за пределами физической диаграммы.
HELP|status.BaseFail|passed=True|Постоянная часть выбранного пути уже не проходит физический критерий при λ = 0; либо для фиксированного пути доказана недостижимость нужного критерия. Физический отказ подтвержден; это не просто несходимость решателя. Для трещинообразования причина поясняется отдельно, а при допустимом текущем НДС ширина продолжается с ψ_s = 1 и предупреждением.
HELP|status.NumFail|passed=True|Программа не смогла найти равновесие или предельную точку с текущими численными настройками. Это не доказательство разрушения; нужно проверить диагностику, нагрузку, сетку и параметры расчета.
HELP|status.InputErr|passed=True|Результат не получен из-за ошибки исходных данных или настройки: обязательная пустая ячейка, неизвестный вариант, недопустимая геометрия, материал, единицы или строка сочетания. Ошибка могла быть обнаружена до запуска либо при подготовке конкретной проверки; место и причина указаны в комментарии.
HELP|status.CalcErr|passed=True|Нарушен внутренний контракт расчета или произошла программная ошибка. Это не физический отказ и не обычная несходимость. Сохраните комментарий и txt-отчет для диагностики.
HELP|status.N/A|passed=True|Проверка не запрошена, неприменима либо не выполнена из-за отсутствия обязательного предыдущего результата. В последнем случае причина указана в комментарии, а фактический отказ остается в статусе соответствующего НДС или поиска и в общей сводке. N/A само по себе не означает успешную проверку.
HELP|baseFailIsPhysical|passed=True|lambda=0 requires physical evidence
HELP|notApplicableDependency|passed=True|Blocked dependency is not an OK check
HELP|extensionAllStates|passed=True|Global extension scope
HELP|extensionDoesNotChangePhysicalNodes|passed=True|Physical diagram preserved
HELP|profileBooleanInputContract|passed=True|Explicit invalid value is not No
HELP|subdivisionsInputContract|passed=True|Mesh setting has help
HELP|worstCriterionInputContract|passed=True|Invalid criterion cannot silently select another check
HELP|rectsetCommonSelectors|passed=True|One common selector, separate diameters
HELP|unitChoiceInputContract|passed=True|Explicit invalid units do not become defaults
HELP|autoCADExportAlwaysMillimetres|passed=True|AutoCAD export scale is fixed, not OUTPUT length
HELP|autoCADExportUnitsException|passed=True|Units help distinguishes geometry scale and result labels
HELP|autoCADImportAreaThresholdUnits|passed=True|User threshold is converted; drawing remains mm
HELP|autoCADImportGeometryUnitPowers|passed=True|Drawing geometry has fixed mm/mm2/mm4 dimensions
HELP|autoCADRegionImportContract|passed=True|Region data have fixed units, not automatic drawing scale discovery
HELP|autoCADImportAreaThresholdInputContract|passed=True|Missing/invalid threshold is not replaced with default
HELP|importedSnapshotUnitChanges|passed=True|Import and recalculation use their own recorded OUTPUT units
HELP|inputChangeDoesNotRescaleImportedGeometry|passed=True|Current input values and preserved imported geometry are distinct
HELP|signsDoNotFlipStressOrStrain|passed=True|Material tension/compression and strain plane keep internal signs
HELP|crackSettingsRequiredInput|passed=True|Crack Config invalid/missing values do not become defaults
HELP|crackInactiveUserCoefficientContract|passed=True|Inactive user coefficients remain valid editable inputs
HELP|mandatoryInputErrorNavigation|passed=True|Input diagnostics explain actual cell, missing row and damaged named table repair
HELP|circleActiveRebarInput|passed=True|Circle active cover and row position are required
HELP|inactiveGeometryFormulaErrors|passed=True|Inactive geometry formula error is not a failed active input
HELP|inactiveRebarFaceOffsets|passed=True|Rounded, Hollow and RectSet inactive face contracts are explicit
HELP|openingCoverStillRequired|passed=True|Opening cover retains a geometric consumer when its own row is disabled
HELP|notCrackedWidthIsNotComputedZero|passed=True|Uncomputed crack width is distinguished from a calculated zero
HELP|activeAnnotationInputContract|passed=True|Only active annotation parameters are required
HELP|annotationBlackRgbContract|passed=True|Zero is a real color; invalid RGB is not silently repaired
HELP|annotationVisualLimits|passed=True|Screen clamps are disclosed, not physical geometry
HELP|snapshotAnnotationInputContract|passed=True|Existing damaged snapshot requires repair, not a silent zero
HELP|snapshotGeometryNumbersContract|passed=True|Geometry restoration rejects corrupted numbers without losing source address
HELP|axisFontInputContract|passed=True|Active axis font is required; disabled font is not read
HELP|gradientDisabledStillUsesStateColor|passed=True|No gradient does not mean no material color
HELP|link.$E$5|passed=True|'Справка'!A902
HELP|link.$E$6|passed=True|'Справка'!A910
HELP|link.$E$7|passed=True|'Справка'!A916
HELP|link.$E$8|passed=True|'Справка'!A926
HELP|link.$E$9|passed=True|'Справка'!A937
HELP|link.$E$12|passed=True|'Справка'!A946
HELP|link.$E$13|passed=True|'Справка'!A955
HELP|link.$E$14|passed=True|'Справка'!A962
HELP|link.$E$15|passed=True|'Справка'!A972
HELP|link.$E$16|passed=True|'Справка'!A982
HELP|link.$E$17|passed=True|'Справка'!A991
HELP|link.$E$18|passed=True|'Справка'!A1000
HELP|link.$E$22|passed=True|'Справка'!A1009
HELP|link.$E$23|passed=True|'Справка'!A1018
HELP|link.$E$24|passed=True|'Справка'!A1025
HELP|link.$E$25|passed=True|'Справка'!A1031
HELP|link.$E$26|passed=True|'Справка'!A1040
HELP|link.$E$27|passed=True|'Справка'!A1049
HELP|link.$E$29|passed=True|'Справка'!A1058
HELP|link.$E$30|passed=True|'Справка'!A1064
HELP|link.$E$31|passed=True|'Справка'!A1071
HELP|link.$E$32|passed=True|'Справка'!A1078
HELP|link.$E$33|passed=True|'Справка'!A1085
HELP|link.$E$35|passed=True|'Справка'!A1093
HELP|link.$E$36|passed=True|'Справка'!A1099
HELP|link.$E$40|passed=True|'Справка'!A1106
HELP|link.$E$41|passed=True|'Справка'!A1125
HELP|link.$E$43|passed=True|'Справка'!A1133
HELP|link.$E$45|passed=True|'Справка'!A1143
HELP|link.$E$46|passed=True|'Справка'!A1150
HELP|link.$E$47|passed=True|'Справка'!A1161
HELP|link.$E$48|passed=True|'Справка'!A1168
HELP|link.$E$49|passed=True|'Справка'!A1175
HELP|link.$E$50|passed=True|'Справка'!A1185
HELP|link.$E$54|passed=True|'Справка'!A1195
HELP|link.$E$55|passed=True|'Справка'!A1202
HELP|link.$E$56|passed=True|'Справка'!A1209
HELP|link.$E$57|passed=True|'Справка'!A1217
HELP|link.$E$58|passed=True|'Справка'!A1225
HELP|link.$E$59|passed=True|'Справка'!A1232
HELP|link.$E$60|passed=True|'Справка'!A1240
HELP|link.$E$61|passed=True|'Справка'!A1248
HELP|link.$E$62|passed=True|'Справка'!A1255
HELP|link.$E$63|passed=True|'Справка'!A1264
HELP|link.$E$64|passed=True|'Справка'!A1273
HELP|link.$E$65|passed=True|'Справка'!A1279
HELP|link.$E$67|passed=True|'Справка'!A1289
HELP|link.$E$68|passed=True|'Справка'!A1297
HELP|link.$E$69|passed=True|'Справка'!A1305
HELP|link.$E$71|passed=True|'Справка'!A1313
HELP|link.$E$72|passed=True|'Справка'!A1320
HELP|link.$E$75|passed=True|'Справка'!A1327
HELP|link.$E$76|passed=True|'Справка'!A1337
HELP|link.$E$77|passed=True|'Справка'!A1346
HELP|link.$E$78|passed=True|'Справка'!A1359
HELP|link.$E$79|passed=True|'Справка'!A1369
HELP|link.$E$80|passed=True|'Справка'!A1377
HELP|link.$E$81|passed=True|'Справка'!A1385
HELP|link.$E$82|passed=True|'Справка'!A1393
HELP|link.$E$83|passed=True|'Справка'!A1400
HELP|link.$E$84|passed=True|'Справка'!A1420
HELP|link.$E$85|passed=True|'Справка'!A1429
HELP|link.$E$88|passed=True|'Справка'!A1437
HELP|link.$E$89|passed=True|'Справка'!A1445
HELP|link.$E$90|passed=True|'Справка'!A1451
HELP|link.$E$91|passed=True|'Справка'!A1458
HELP|link.$E$92|passed=True|'Справка'!A1464
HELP|link.$E$93|passed=True|'Справка'!A1471
HELP|link.$E$94|passed=True|'Справка'!A1477
HELP|link.$E$95|passed=True|'Справка'!A1483
HELP|link.$E$96|passed=True|'Справка'!A1489
HELP|link.$E$97|passed=True|'Справка'!A1496
HELP|link.$E$98|passed=True|'Справка'!A1502
HELP|link.$E$99|passed=True|'Справка'!A1508
HELP|link.$E$100|passed=True|'Справка'!A1514
HELP|link.$E$101|passed=True|'Справка'!A1520
HELP|link.$E$102|passed=True|'Справка'!A1524
HELP|link.$E$103|passed=True|'Справка'!A1528
HELP|link.$E$104|passed=True|'Справка'!A1532
HELP|link.$E$105|passed=True|'Справка'!A1536
HELP|link.$E$108|passed=True|'Справка'!A1540
HELP|link.$E$109|passed=True|'Справка'!A1553
HELP|link.$E$110|passed=True|'Справка'!A1560
HELP|link.$E$113|passed=True|'Справка'!A1569
HELP|link.$E$114|passed=True|'Справка'!A1575
HELP|link.$E$115|passed=True|'Справка'!A1583
HELP|link.$E$116|passed=True|'Справка'!A1590
HELP|link.$E$117|passed=True|'Справка'!A1596
HELP|link.$E$118|passed=True|'Справка'!A1603
HELP|link.$E$119|passed=True|'Справка'!A1610
HELP|link.$E$120|passed=True|'Справка'!A1617
HELP|link.$E$121|passed=True|'Справка'!A1625
HELP|link.$E$122|passed=True|'Справка'!A1632
HELP|link.$E$123|passed=True|'Справка'!A1638
HELP|link.$E$124|passed=True|'Справка'!A1644
HELP|link.$E$125|passed=True|'Справка'!A1650
HELP|link.$E$126|passed=True|'Справка'!A1657
HELP|link.$E$127|passed=True|'Справка'!A1663
HELP|link.$E$128|passed=True|'Справка'!A1670
HELP|link.$E$129|passed=True|'Справка'!A1677
HELP|link.$E$130|passed=True|'Справка'!A1684
HELP|link.$M$19|passed=True|'Справка'!A1830
HELP|link.$M$20|passed=True|'Справка'!A1836
HELP|link.$M$21|passed=True|'Справка'!A1842
HELP|link.$M$22|passed=True|'Справка'!A1849
HELP|link.$M$23|passed=True|'Справка'!A1857
HELP|link.$M$27|passed=True|'Справка'!A1769
HELP|link.$M$28|passed=True|'Справка'!A1777
HELP|link.$M$29|passed=True|'Справка'!A1786
HELP|link.$M$30|passed=True|'Справка'!A1796
HELP|link.$M$31|passed=True|'Справка'!A1803
HELP|link.$M$32|passed=True|'Справка'!A1812
HELP|link.$M$33|passed=True|'Справка'!A1821
HELP|link.$M$71|passed=True|'Справка'!A1691
HELP|link.$M$72|passed=True|'Справка'!A1696
HELP|link.$M$73|passed=True|'Справка'!A1701
HELP|link.$M$74|passed=True|'Справка'!A1710
HELP|link.$M$75|passed=True|'Справка'!A1715
HELP|link.$M$76|passed=True|'Справка'!A1720
HELP|link.$M$77|passed=True|'Справка'!A1725
HELP|link.$M$78|passed=True|'Справка'!A1734
HELP|link.$M$79|passed=True|'Справка'!A1742
HELP|link.$M$80|passed=True|'Справка'!A1749
HELP|link.$M$81|passed=True|'Справка'!A1754
HELP|link.$M$82|passed=True|'Справка'!A1759
HELP|link.$M$83|passed=True|'Справка'!A1764
HELP|link.$AI$1|passed=True|'Справка'!A814
HELP|link.$H$2|passed=True|'Справка'!A680
HELP|link.$O$2|passed=True|'Справка'!A709
HELP|link.$H$11|passed=True|'Справка'!A697
HELP|link.$H$17|passed=True|'Справка'!A777
HELP|link.$H$25|passed=True|'Справка'!A768
HELP|link.$H$35|passed=True|'Справка'!A786
HELP|link.$P$36|passed=True|'Справка'!A748
HELP|link.$AI$58|passed=True|'Справка'!A758
HELP|link.$H$69|passed=True|'Справка'!A820
HELP|link.$H$85|passed=True|'Справка'!A831
HELP|link.$H$97|passed=True|'Справка'!A870
HELP|link.$H$127|passed=True|'Справка'!A840
HELP|link.$H$152|passed=True|'Справка'!A852
HELP|directHelpLinksPresent|passed=True|count=140
ACTUAL_HELP: rows=2004; links=140; shapes=118
HELP|inputsSaveReopen|passed=True|before=4B526E3F94B7D48DA6FCE3462840C375708CAD1E58CF80C72BCE6D24CE063DAC; reopened=4B526E3F94B7D48DA6FCE3462840C375708CAD1E58CF80C72BCE6D24CE063DAC
HELP|statusDictionaryPresent|passed=True|row=670
HELP|status.OK|passed=True|Расчет этой проверки выполнен успешно. Для прямого НДС равновесие найдено внутри физической диаграммы материала; для прочности или трещин проверка прошла.
HELP|status.FAIL|passed=True|Численное решение есть, но инженерная проверка не проходит: превышена несущая способность, ширина нормальной трещины больше допуска, sigma_c,max больше Rb,mc2 по продольным трещинам или прямое НДС найдено только за пределами физической диаграммы.
HELP|status.BaseFail|passed=True|Постоянная часть выбранного пути уже не проходит физический критерий при λ = 0; либо для фиксированного пути доказана недостижимость нужного критерия. Физический отказ подтвержден; это не просто несходимость решателя. Для трещинообразования причина поясняется отдельно, а при допустимом текущем НДС ширина продолжается с ψ_s = 1 и предупреждением.
HELP|status.NumFail|passed=True|Программа не смогла найти равновесие или предельную точку с текущими численными настройками. Это не доказательство разрушения; нужно проверить диагностику, нагрузку, сетку и параметры расчета.
HELP|status.InputErr|passed=True|Результат не получен из-за ошибки исходных данных или настройки: обязательная пустая ячейка, неизвестный вариант, недопустимая геометрия, материал, единицы или строка сочетания. Ошибка могла быть обнаружена до запуска либо при подготовке конкретной проверки; место и причина указаны в комментарии.
HELP|status.CalcErr|passed=True|Нарушен внутренний контракт расчета или произошла программная ошибка. Это не физический отказ и не обычная несходимость. Сохраните комментарий и txt-отчет для диагностики.
HELP|status.N/A|passed=True|Проверка не запрошена, неприменима либо не выполнена из-за отсутствия обязательного предыдущего результата. В последнем случае причина указана в комментарии, а фактический отказ остается в статусе соответствующего НДС или поиска и в общей сводке. N/A само по себе не означает успешную проверку.
HELP|baseFailIsPhysical|passed=True|lambda=0 requires physical evidence
HELP|notApplicableDependency|passed=True|Blocked dependency is not an OK check
HELP|extensionAllStates|passed=True|Global extension scope
HELP|extensionDoesNotChangePhysicalNodes|passed=True|Physical diagram preserved
HELP|profileBooleanInputContract|passed=True|Explicit invalid value is not No
HELP|subdivisionsInputContract|passed=True|Mesh setting has help
HELP|worstCriterionInputContract|passed=True|Invalid criterion cannot silently select another check
HELP|rectsetCommonSelectors|passed=True|One common selector, separate diameters
HELP|unitChoiceInputContract|passed=True|Explicit invalid units do not become defaults
HELP|autoCADExportAlwaysMillimetres|passed=True|AutoCAD export scale is fixed, not OUTPUT length
HELP|autoCADExportUnitsException|passed=True|Units help distinguishes geometry scale and result labels
HELP|autoCADImportAreaThresholdUnits|passed=True|User threshold is converted; drawing remains mm
HELP|autoCADImportGeometryUnitPowers|passed=True|Drawing geometry has fixed mm/mm2/mm4 dimensions
HELP|autoCADRegionImportContract|passed=True|Region data have fixed units, not automatic drawing scale discovery
HELP|autoCADImportAreaThresholdInputContract|passed=True|Missing/invalid threshold is not replaced with default
HELP|importedSnapshotUnitChanges|passed=True|Import and recalculation use their own recorded OUTPUT units
HELP|inputChangeDoesNotRescaleImportedGeometry|passed=True|Current input values and preserved imported geometry are distinct
HELP|signsDoNotFlipStressOrStrain|passed=True|Material tension/compression and strain plane keep internal signs
HELP|crackSettingsRequiredInput|passed=True|Crack Config invalid/missing values do not become defaults
HELP|crackInactiveUserCoefficientContract|passed=True|Inactive user coefficients remain valid editable inputs
HELP|mandatoryInputErrorNavigation|passed=True|Input diagnostics explain actual cell, missing row and damaged named table repair
HELP|circleActiveRebarInput|passed=True|Circle active cover and row position are required
HELP|inactiveGeometryFormulaErrors|passed=True|Inactive geometry formula error is not a failed active input
HELP|inactiveRebarFaceOffsets|passed=True|Rounded, Hollow and RectSet inactive face contracts are explicit
HELP|openingCoverStillRequired|passed=True|Opening cover retains a geometric consumer when its own row is disabled
HELP|notCrackedWidthIsNotComputedZero|passed=True|Uncomputed crack width is distinguished from a calculated zero
HELP|activeAnnotationInputContract|passed=True|Only active annotation parameters are required
HELP|annotationBlackRgbContract|passed=True|Zero is a real color; invalid RGB is not silently repaired
HELP|annotationVisualLimits|passed=True|Screen clamps are disclosed, not physical geometry
HELP|snapshotAnnotationInputContract|passed=True|Existing damaged snapshot requires repair, not a silent zero
HELP|snapshotGeometryNumbersContract|passed=True|Geometry restoration rejects corrupted numbers without losing source address
HELP|axisFontInputContract|passed=True|Active axis font is required; disabled font is not read
HELP|gradientDisabledStillUsesStateColor|passed=True|No gradient does not mean no material color
HELP|link.$E$5|passed=True|'Справка'!A902
HELP|link.$E$6|passed=True|'Справка'!A910
HELP|link.$E$7|passed=True|'Справка'!A916
HELP|link.$E$8|passed=True|'Справка'!A926
HELP|link.$E$9|passed=True|'Справка'!A937
HELP|link.$E$12|passed=True|'Справка'!A946
HELP|link.$E$13|passed=True|'Справка'!A955
HELP|link.$E$14|passed=True|'Справка'!A962
HELP|link.$E$15|passed=True|'Справка'!A972
HELP|link.$E$16|passed=True|'Справка'!A982
HELP|link.$E$17|passed=True|'Справка'!A991
HELP|link.$E$18|passed=True|'Справка'!A1000
HELP|link.$E$22|passed=True|'Справка'!A1009
HELP|link.$E$23|passed=True|'Справка'!A1018
HELP|link.$E$24|passed=True|'Справка'!A1025
HELP|link.$E$25|passed=True|'Справка'!A1031
HELP|link.$E$26|passed=True|'Справка'!A1040
HELP|link.$E$27|passed=True|'Справка'!A1049
HELP|link.$E$29|passed=True|'Справка'!A1058
HELP|link.$E$30|passed=True|'Справка'!A1064
HELP|link.$E$31|passed=True|'Справка'!A1071
HELP|link.$E$32|passed=True|'Справка'!A1078
HELP|link.$E$33|passed=True|'Справка'!A1085
HELP|link.$E$35|passed=True|'Справка'!A1093
HELP|link.$E$36|passed=True|'Справка'!A1099
HELP|link.$E$40|passed=True|'Справка'!A1106
HELP|link.$E$41|passed=True|'Справка'!A1125
HELP|link.$E$43|passed=True|'Справка'!A1133
HELP|link.$E$45|passed=True|'Справка'!A1143
HELP|link.$E$46|passed=True|'Справка'!A1150
HELP|link.$E$47|passed=True|'Справка'!A1161
HELP|link.$E$48|passed=True|'Справка'!A1168
HELP|link.$E$49|passed=True|'Справка'!A1175
HELP|link.$E$50|passed=True|'Справка'!A1185
HELP|link.$E$54|passed=True|'Справка'!A1195
HELP|link.$E$55|passed=True|'Справка'!A1202
HELP|link.$E$56|passed=True|'Справка'!A1209
HELP|link.$E$57|passed=True|'Справка'!A1217
HELP|link.$E$58|passed=True|'Справка'!A1225
HELP|link.$E$59|passed=True|'Справка'!A1232
HELP|link.$E$60|passed=True|'Справка'!A1240
HELP|link.$E$61|passed=True|'Справка'!A1248
HELP|link.$E$62|passed=True|'Справка'!A1255
HELP|link.$E$63|passed=True|'Справка'!A1264
HELP|link.$E$64|passed=True|'Справка'!A1273
HELP|link.$E$65|passed=True|'Справка'!A1279
HELP|link.$E$67|passed=True|'Справка'!A1289
HELP|link.$E$68|passed=True|'Справка'!A1297
HELP|link.$E$69|passed=True|'Справка'!A1305
HELP|link.$E$71|passed=True|'Справка'!A1313
HELP|link.$E$72|passed=True|'Справка'!A1320
HELP|link.$E$75|passed=True|'Справка'!A1327
HELP|link.$E$76|passed=True|'Справка'!A1337
HELP|link.$E$77|passed=True|'Справка'!A1346
HELP|link.$E$78|passed=True|'Справка'!A1359
HELP|link.$E$79|passed=True|'Справка'!A1369
HELP|link.$E$80|passed=True|'Справка'!A1377
HELP|link.$E$81|passed=True|'Справка'!A1385
HELP|link.$E$82|passed=True|'Справка'!A1393
HELP|link.$E$83|passed=True|'Справка'!A1400
HELP|link.$E$84|passed=True|'Справка'!A1420
HELP|link.$E$85|passed=True|'Справка'!A1429
HELP|link.$E$88|passed=True|'Справка'!A1437
HELP|link.$E$89|passed=True|'Справка'!A1445
HELP|link.$E$90|passed=True|'Справка'!A1451
HELP|link.$E$91|passed=True|'Справка'!A1458
HELP|link.$E$92|passed=True|'Справка'!A1464
HELP|link.$E$93|passed=True|'Справка'!A1471
HELP|link.$E$94|passed=True|'Справка'!A1477
HELP|link.$E$95|passed=True|'Справка'!A1483
HELP|link.$E$96|passed=True|'Справка'!A1489
HELP|link.$E$97|passed=True|'Справка'!A1496
HELP|link.$E$98|passed=True|'Справка'!A1502
HELP|link.$E$99|passed=True|'Справка'!A1508
HELP|link.$E$100|passed=True|'Справка'!A1514
HELP|link.$E$101|passed=True|'Справка'!A1520
HELP|link.$E$102|passed=True|'Справка'!A1524
HELP|link.$E$103|passed=True|'Справка'!A1528
HELP|link.$E$104|passed=True|'Справка'!A1532
HELP|link.$E$105|passed=True|'Справка'!A1536
HELP|link.$E$108|passed=True|'Справка'!A1540
HELP|link.$E$109|passed=True|'Справка'!A1553
HELP|link.$E$110|passed=True|'Справка'!A1560
HELP|link.$E$113|passed=True|'Справка'!A1569
HELP|link.$E$114|passed=True|'Справка'!A1575
HELP|link.$E$115|passed=True|'Справка'!A1583
HELP|link.$E$116|passed=True|'Справка'!A1590
HELP|link.$E$117|passed=True|'Справка'!A1596
HELP|link.$E$118|passed=True|'Справка'!A1603
HELP|link.$E$119|passed=True|'Справка'!A1610
HELP|link.$E$120|passed=True|'Справка'!A1617
HELP|link.$E$121|passed=True|'Справка'!A1625
HELP|link.$E$122|passed=True|'Справка'!A1632
HELP|link.$E$123|passed=True|'Справка'!A1638
HELP|link.$E$124|passed=True|'Справка'!A1644
HELP|link.$E$125|passed=True|'Справка'!A1650
HELP|link.$E$126|passed=True|'Справка'!A1657
HELP|link.$E$127|passed=True|'Справка'!A1663
HELP|link.$E$128|passed=True|'Справка'!A1670
HELP|link.$E$129|passed=True|'Справка'!A1677
HELP|link.$E$130|passed=True|'Справка'!A1684
HELP|link.$M$19|passed=True|'Справка'!A1830
HELP|link.$M$20|passed=True|'Справка'!A1836
HELP|link.$M$21|passed=True|'Справка'!A1842
HELP|link.$M$22|passed=True|'Справка'!A1849
HELP|link.$M$23|passed=True|'Справка'!A1857
HELP|link.$M$27|passed=True|'Справка'!A1769
HELP|link.$M$28|passed=True|'Справка'!A1777
HELP|link.$M$29|passed=True|'Справка'!A1786
HELP|link.$M$30|passed=True|'Справка'!A1796
HELP|link.$M$31|passed=True|'Справка'!A1803
HELP|link.$M$32|passed=True|'Справка'!A1812
HELP|link.$M$33|passed=True|'Справка'!A1821
HELP|link.$M$71|passed=True|'Справка'!A1691
HELP|link.$M$72|passed=True|'Справка'!A1696
HELP|link.$M$73|passed=True|'Справка'!A1701
HELP|link.$M$74|passed=True|'Справка'!A1710
HELP|link.$M$75|passed=True|'Справка'!A1715
HELP|link.$M$76|passed=True|'Справка'!A1720
HELP|link.$M$77|passed=True|'Справка'!A1725
HELP|link.$M$78|passed=True|'Справка'!A1734
HELP|link.$M$79|passed=True|'Справка'!A1742
HELP|link.$M$80|passed=True|'Справка'!A1749
HELP|link.$M$81|passed=True|'Справка'!A1754
HELP|link.$M$82|passed=True|'Справка'!A1759
HELP|link.$M$83|passed=True|'Справка'!A1764
HELP|link.$AI$1|passed=True|'Справка'!A814
HELP|link.$H$2|passed=True|'Справка'!A680
HELP|link.$O$2|passed=True|'Справка'!A709
HELP|link.$H$11|passed=True|'Справка'!A697
HELP|link.$H$17|passed=True|'Справка'!A777
HELP|link.$H$25|passed=True|'Справка'!A768
HELP|link.$H$35|passed=True|'Справка'!A786
HELP|link.$P$36|passed=True|'Справка'!A748
HELP|link.$AI$58|passed=True|'Справка'!A758
HELP|link.$H$69|passed=True|'Справка'!A820
HELP|link.$H$85|passed=True|'Справка'!A831
HELP|link.$H$97|passed=True|'Справка'!A870
HELP|link.$H$127|passed=True|'Справка'!A840
HELP|link.$H$152|passed=True|'Справка'!A852
HELP|directHelpLinksPresent|passed=True|count=140
ACTUAL_HELP: rows=2004; links=140; shapes=118
TOTAL_AUDIT03_HELP: failed=0
HELP|printAreasPreserved|passed=True|count=1
