SOURCE: C:\Users\avidzba\Desktop\программы\В_РАБОТЕ!\RC_Section_NDM\docs\regression\Audit03\RC_Section_NDM_auto_plot_negative_v217b.xlsm
SOURCE_SHA256: 343680EFA426636A9E0FC1D19042C75A87898364F8929D8387086AA47D12F966
FIXTURE: C:\Users\avidzba\AppData\Local\Temp\RC_NDM_ModeSuite_f70b4c2edc34466da378bb33af782ee3\RC_Section_NDM.xlsm
GLOBAL_MODE: General.DiagramExtension=No; explicit-On tests retain their setup
===== modTestPlotConfig.RunAudit03AutoPlotTests =====
SUITE_STARTED: modTestPlotConfig.RunAudit03AutoPlotTests; 2026-10-04T12:01:18
EXCEL_AFTER_SUITE: pid=3660; workingSet=165498880; privateBytes=115924992; cpu=9.09375
EXCEL_AFTER_SUITE: pid=23476; workingSet=209625088; privateBytes=160948224; cpu=9933.3125
OK: audit03.autoPlot.ownedCopy
FAIL: audit03.autoPlot.invalid.p0.Plot.Enabled.v1.rejected
FAIL: audit03.autoPlot.invalid.p0.Plot.Enabled.v1.address
OK: audit03.autoPlot.invalid.p0.Plot.Enabled.v1.snapshot
OK: audit03.autoPlot.invalid.p0.Plot.Enabled.v1.chart
AUTO_PLOT_ERROR: audit03.autoPlot.invalid.p0.Plot.Enabled.v1|Настройка Geometry.Type (лист Config, ячейка B13): Недопустимый вариант: "INVALID". Выберите из списка: Circle, RectSet, RoundedRectangle, HollowRectangle.
FAIL: audit03.autoPlot.invalid.p0.Plot.Enabled.v2.rejected
FAIL: audit03.autoPlot.invalid.p0.Plot.Enabled.v2.address
OK: audit03.autoPlot.invalid.p0.Plot.Enabled.v2.snapshot
OK: audit03.autoPlot.invalid.p0.Plot.Enabled.v2.chart
AUTO_PLOT_ERROR: audit03.autoPlot.invalid.p0.Plot.Enabled.v2|Настройка Geometry.Type (лист Config, ячейка B13): Недопустимый вариант: "INVALID". Выберите из списка: Circle, RectSet, RoundedRectangle, HollowRectangle.
FAIL: audit03.autoPlot.invalid.p0.Plot.Enabled.v3.rejected
FAIL: audit03.autoPlot.invalid.p0.Plot.Enabled.v3.address
OK: audit03.autoPlot.invalid.p0.Plot.Enabled.v3.snapshot
OK: audit03.autoPlot.invalid.p0.Plot.Enabled.v3.chart
AUTO_PLOT_ERROR: audit03.autoPlot.invalid.p0.Plot.Enabled.v3|Настройка Geometry.Type (лист Config, ячейка B13): Недопустимый вариант: "INVALID". Выберите из списка: Circle, RectSet, RoundedRectangle, HollowRectangle.
FAIL: audit03.autoPlot.invalid.p0.Plot.Enabled.v4.rejected
FAIL: audit03.autoPlot.invalid.p0.Plot.Enabled.v4.address
OK: audit03.autoPlot.invalid.p0.Plot.Enabled.v4.snapshot
OK: audit03.autoPlot.invalid.p0.Plot.Enabled.v4.chart
AUTO_PLOT_ERROR: audit03.autoPlot.invalid.p0.Plot.Enabled.v4|Настройка Geometry.Type (лист Config, ячейка B13): Недопустимый вариант: "INVALID". Выберите из списка: Circle, RectSet, RoundedRectangle, HollowRectangle.
FAIL: audit03.autoPlot.invalid.p0.Plot.AutoUpdateAfterCalculation.v5.rejected
FAIL: audit03.autoPlot.invalid.p0.Plot.AutoUpdateAfterCalculation.v5.address
OK: audit03.autoPlot.invalid.p0.Plot.AutoUpdateAfterCalculation.v5.snapshot
OK: audit03.autoPlot.invalid.p0.Plot.AutoUpdateAfterCalculation.v5.chart
AUTO_PLOT_ERROR: audit03.autoPlot.invalid.p0.Plot.AutoUpdateAfterCalculation.v5|Настройка Geometry.Type (лист Config, ячейка B13): Недопустимый вариант: "INVALID". Выберите из списка: Circle, RectSet, RoundedRectangle, HollowRectangle.
FAIL: audit03.autoPlot.invalid.p0.Plot.AutoUpdateAfterCalculation.v6.rejected
FAIL: audit03.autoPlot.invalid.p0.Plot.AutoUpdateAfterCalculation.v6.address
OK: audit03.autoPlot.invalid.p0.Plot.AutoUpdateAfterCalculation.v6.snapshot
OK: audit03.autoPlot.invalid.p0.Plot.AutoUpdateAfterCalculation.v6.chart
AUTO_PLOT_ERROR: audit03.autoPlot.invalid.p0.Plot.AutoUpdateAfterCalculation.v6|Настройка Geometry.Type (лист Config, ячейка B13): Недопустимый вариант: "INVALID". Выберите из списка: Circle, RectSet, RoundedRectangle, HollowRectangle.
FAIL: audit03.autoPlot.invalid.p0.Plot.AutoUpdateAfterCalculation.v7.rejected
FAIL: audit03.autoPlot.invalid.p0.Plot.AutoUpdateAfterCalculation.v7.address
OK: audit03.autoPlot.invalid.p0.Plot.AutoUpdateAfterCalculation.v7.snapshot
OK: audit03.autoPlot.invalid.p0.Plot.AutoUpdateAfterCalculation.v7.chart
AUTO_PLOT_ERROR: audit03.autoPlot.invalid.p0.Plot.AutoUpdateAfterCalculation.v7|Настройка Geometry.Type (лист Config, ячейка B13): Недопустимый вариант: "INVALID". Выберите из списка: Circle, RectSet, RoundedRectangle, HollowRectangle.
FAIL: audit03.autoPlot.invalid.p0.Plot.AutoUpdateAfterCalculation.v8.rejected
FAIL: audit03.autoPlot.invalid.p0.Plot.AutoUpdateAfterCalculation.v8.address
OK: audit03.autoPlot.invalid.p0.Plot.AutoUpdateAfterCalculation.v8.snapshot
OK: audit03.autoPlot.invalid.p0.Plot.AutoUpdateAfterCalculation.v8.chart
AUTO_PLOT_ERROR: audit03.autoPlot.invalid.p0.Plot.AutoUpdateAfterCalculation.v8|Настройка Geometry.Type (лист Config, ячейка B13): Недопустимый вариант: "INVALID". Выберите из списка: Circle, RectSet, RoundedRectangle, HollowRectangle.
FAIL: audit03.autoPlot.missing.p0
OK: audit03.autoPlot.inactive.p0
FAIL: audit03.autoPlot.invalid.p1.Plot.Enabled.v9.rejected
FAIL: audit03.autoPlot.invalid.p1.Plot.Enabled.v9.address
OK: audit03.autoPlot.invalid.p1.Plot.Enabled.v9.snapshot
OK: audit03.autoPlot.invalid.p1.Plot.Enabled.v9.chart
AUTO_PLOT_ERROR: audit03.autoPlot.invalid.p1.Plot.Enabled.v9|Настройка Geometry.Type (лист Config, ячейка CI810): Недопустимый вариант: "INVALID". Выберите из списка: Circle, RectSet, RoundedRectangle, HollowRectangle.
FAIL: audit03.autoPlot.invalid.p1.Plot.Enabled.v10.rejected
FAIL: audit03.autoPlot.invalid.p1.Plot.Enabled.v10.address
OK: audit03.autoPlot.invalid.p1.Plot.Enabled.v10.snapshot
OK: audit03.autoPlot.invalid.p1.Plot.Enabled.v10.chart
AUTO_PLOT_ERROR: audit03.autoPlot.invalid.p1.Plot.Enabled.v10|Настройка Geometry.Type (лист Config, ячейка CI810): Недопустимый вариант: "INVALID". Выберите из списка: Circle, RectSet, RoundedRectangle, HollowRectangle.
FAIL: audit03.autoPlot.invalid.p1.Plot.Enabled.v11.rejected
FAIL: audit03.autoPlot.invalid.p1.Plot.Enabled.v11.address
OK: audit03.autoPlot.invalid.p1.Plot.Enabled.v11.snapshot
OK: audit03.autoPlot.invalid.p1.Plot.Enabled.v11.chart
AUTO_PLOT_ERROR: audit03.autoPlot.invalid.p1.Plot.Enabled.v11|Настройка Geometry.Type (лист Config, ячейка CI810): Недопустимый вариант: "INVALID". Выберите из списка: Circle, RectSet, RoundedRectangle, HollowRectangle.
FAIL: audit03.autoPlot.invalid.p1.Plot.Enabled.v12.rejected
FAIL: audit03.autoPlot.invalid.p1.Plot.Enabled.v12.address
OK: audit03.autoPlot.invalid.p1.Plot.Enabled.v12.snapshot
OK: audit03.autoPlot.invalid.p1.Plot.Enabled.v12.chart
AUTO_PLOT_ERROR: audit03.autoPlot.invalid.p1.Plot.Enabled.v12|Настройка Geometry.Type (лист Config, ячейка CI810): Недопустимый вариант: "INVALID". Выберите из списка: Circle, RectSet, RoundedRectangle, HollowRectangle.
FAIL: audit03.autoPlot.invalid.p1.Plot.AutoUpdateAfterCalculation.v13.rejected
FAIL: audit03.autoPlot.invalid.p1.Plot.AutoUpdateAfterCalculation.v13.address
OK: audit03.autoPlot.invalid.p1.Plot.AutoUpdateAfterCalculation.v13.snapshot
OK: audit03.autoPlot.invalid.p1.Plot.AutoUpdateAfterCalculation.v13.chart
AUTO_PLOT_ERROR: audit03.autoPlot.invalid.p1.Plot.AutoUpdateAfterCalculation.v13|Настройка Geometry.Type (лист Config, ячейка CI810): Недопустимый вариант: "INVALID". Выберите из списка: Circle, RectSet, RoundedRectangle, HollowRectangle.
FAIL: audit03.autoPlot.invalid.p1.Plot.AutoUpdateAfterCalculation.v14.rejected
FAIL: audit03.autoPlot.invalid.p1.Plot.AutoUpdateAfterCalculation.v14.address
OK: audit03.autoPlot.invalid.p1.Plot.AutoUpdateAfterCalculation.v14.snapshot
OK: audit03.autoPlot.invalid.p1.Plot.AutoUpdateAfterCalculation.v14.chart
AUTO_PLOT_ERROR: audit03.autoPlot.invalid.p1.Plot.AutoUpdateAfterCalculation.v14|Настройка Geometry.Type (лист Config, ячейка CI810): Недопустимый вариант: "INVALID". Выберите из списка: Circle, RectSet, RoundedRectangle, HollowRectangle.
FAIL: audit03.autoPlot.invalid.p1.Plot.AutoUpdateAfterCalculation.v15.rejected
FAIL: audit03.autoPlot.invalid.p1.Plot.AutoUpdateAfterCalculation.v15.address
OK: audit03.autoPlot.invalid.p1.Plot.AutoUpdateAfterCalculation.v15.snapshot
OK: audit03.autoPlot.invalid.p1.Plot.AutoUpdateAfterCalculation.v15.chart
AUTO_PLOT_ERROR: audit03.autoPlot.invalid.p1.Plot.AutoUpdateAfterCalculation.v15|Настройка Geometry.Type (лист Config, ячейка CI810): Недопустимый вариант: "INVALID". Выберите из списка: Circle, RectSet, RoundedRectangle, HollowRectangle.
FAIL: audit03.autoPlot.invalid.p1.Plot.AutoUpdateAfterCalculation.v16.rejected
FAIL: audit03.autoPlot.invalid.p1.Plot.AutoUpdateAfterCalculation.v16.address
OK: audit03.autoPlot.invalid.p1.Plot.AutoUpdateAfterCalculation.v16.snapshot
OK: audit03.autoPlot.invalid.p1.Plot.AutoUpdateAfterCalculation.v16.chart
AUTO_PLOT_ERROR: audit03.autoPlot.invalid.p1.Plot.AutoUpdateAfterCalculation.v16|Настройка Geometry.Type (лист Config, ячейка CI810): Недопустимый вариант: "INVALID". Выберите из списка: Circle, RectSet, RoundedRectangle, HollowRectangle.
FAIL: audit03.autoPlot.missing.p1
OK: audit03.autoPlot.inactive.p1
OK: audit03.autoPlot.noState.mode0.completed
FAIL: audit03.autoPlot.noState.mode0.validProfile
OK: audit03.autoPlot.noState.mode0.preserved
AUTO_PLOT_RUN: audit03.autoPlot.noState.mode0||Расчет завершен. Обработано сочетаний: 1. Определяющее сочетание: NO_STATE
OK: audit03.autoPlot.noState.mode1.completed
FAIL: audit03.autoPlot.noState.mode1.validProfile
OK: audit03.autoPlot.noState.mode1.preserved
AUTO_PLOT_RUN: audit03.autoPlot.noState.mode1||Расчет завершен. Обработано сочетаний: 1. Определяющее сочетание: NO_STATE
FAIL: audit03.autoPlot.noState.mode2.completed
OK: audit03.autoPlot.noState.mode2.preserved
AUTO_PLOT_RUN: audit03.autoPlot.noState.mode2|Настройка Plot.AutoUpdateAfterCalculation (лист Config, ячейка CI911) содержит ошибку Excel в колонке "значение". Исправьте формулу или введите допустимое значение вместо ошибки Excel.|
OK: audit03.autoPlot.noState.mode3.completed
FAIL: audit03.autoPlot.noState.mode3.validProfile
OK: audit03.autoPlot.noState.mode3.cleared
AUTO_PLOT_RUN: audit03.autoPlot.noState.mode3||Расчет завершен. Обработано сочетаний: 1. Определяющее сочетание: NO_STATE
FAIL: audit03.autoPlot.noSolve
AUTO_PLOT_CASES: variants=20; workbookFixtures=1; equilibriumCases=0
TOTAL_AUDIT03_AUTO_PLOT: passed=42; failed=39

COM_WORKBOOK_AFTER_SUITE: path=C:\Users\avidzba\AppData\Local\Temp\RC_NDM_ModeSuite_f70b4c2edc34466da378bb33af782ee3\RC_Section_NDM.xlsm; readOnly=True; sameProxy=True
MODE_AFTER_SUITE: No
SUITE_FINISHED: modTestPlotConfig.RunAudit03AutoPlotTests; 2026-10-04T12:01:26
SOURCE_UNCHANGED: True
WATCHDOG_COMPLETED: exit=1; source unchanged=True
