SOURCE: C:\Users\avidzba\Desktop\программы\В_РАБОТЕ!\RC_Section_NDM\docs\regression\Audit03\RC_Section_NDM_baseline.xlsm
SOURCE_SHA256: 2B39C451036E2E1D92F2D72A29011713BB7C0F73A1EB70057EFDD96334785709
FIXTURE: C:\Users\avidzba\AppData\Local\Temp\RC_NDM_ModeSuite_632a8164f2a04949b242547b9e0b1d5a\RC_Section_NDM.xlsm
GLOBAL_MODE: General.DiagramExtension=Yes; explicit-On tests retain their setup
TOTAL: passed=496; failed=0
MODE_AFTER_SUITE: Yes
TOTAL_MATERIAL: passed=1359; failed=0; elapsedSec=0.0703125
MODE_AFTER_SUITE: Yes
TOTAL_SECTION_SOLVER: passed=450; failed=0; elapsedSec=0.3828125
MODE_AFTER_SUITE: Yes
TOTAL_CAPACITY: passed=1209; failed=0; elapsedSec=39.734375
MODE_AFTER_SUITE: Yes
TOTAL_CRACK: passed=383; failed=0; elapsedSec=4.5859375
MODE_AFTER_SUITE: Yes
TOTAL_BATCH: passed=2235; failed=0; elapsedSec=15.5078125
MODE_AFTER_SUITE: Yes
TOTAL_WORKBOOK_UI: passed=574; failed=0; elapsedSec=21.9765625
MODE_AFTER_SUITE: Yes
TOTAL_REGRESSION_BASELINE: passed=39; failed=0; elapsedSec=0.46875
MODE_AFTER_SUITE: Yes
SOURCE_UNCHANGED: True
