SOURCE: C:\Users\avidzba\Desktop\Ø‡Æ£‡†¨¨Î\Ç_êÄÅéíÖ!\RC_Section_NDM\docs\regression\Audit03\RC_Section_NDM_semantic_v318.xlsm
SOURCE_SHA256: C3F258A528B105CA60324E95D8F7C7203AC9E6E24808C3D6406453D142A6F6ED
FIXTURE: C:\Users\avidzba\AppData\Local\Temp\RC_NDM_ModeSuite_28856ef4c8f34714b1a4e6ba2795fb30\RC_Section_NDM.xlsm
GLOBAL_MODE: General.DiagramExtension=No; explicit-On tests retain their setup
FAIL: audit03.matrix.CircleSym.M_6_3.validInput
FAIL: audit03.matrix.CircleSym.M_6_3.noInternalFailure.3
FAIL: audit03.matrix.CircleSym.M_6_3.noInternalFailure.3
FAIL: audit03.matrix.CircleSym.M_6_4.validInput
FAIL: audit03.matrix.CircleSym.M_6_4.noInternalFailure.3
FAIL: audit03.matrix.CircleSym.M_6_4.noInternalFailure.3
FAIL: audit03.matrix.CircleSym.M_6_26.validInput
FAIL: audit03.matrix.CircleSym.M_6_26.noInternalFailure.3
FAIL: audit03.matrix.CircleSym.M_6_26.noInternalFailure.3
FAIL: audit03.matrix.CircleSym.M_6_27.validInput
FAIL: audit03.matrix.CircleSym.M_6_27.noInternalFailure.3
FAIL: audit03.matrix.CircleSym.M_6_27.noInternalFailure.3
FAIL: audit03.matrix.CircleSym.M_6_28.validInput
FAIL: audit03.matrix.CircleSym.M_6_28.noInternalFailure.3
FAIL: audit03.matrix.CircleSym.M_6_28.noInternalFailure.3
FAIL: audit03.matrix.CircleSym.M_7_3.validInput
FAIL: audit03.matrix.CircleSym.M_7_3.noInternalFailure.3
FAIL: audit03.matrix.CircleSym.M_7_3.noInternalFailure.3
FAIL: audit03.matrix.CircleSym.M_7_27.validInput
FAIL: audit03.matrix.CircleSym.M_7_27.noInternalFailure.3
FAIL: audit03.matrix.CircleSym.M_7_27.noInternalFailure.3
FAIL: audit03.matrix.CircleSym.M_8_4.validInput
FAIL: audit03.matrix.CircleSym.M_8_4.noInternalFailure.3
FAIL: audit03.matrix.CircleSym.M_8_4.noInternalFailure.3
FAIL: audit03.matrix.CircleSym.M_8_28.validInput
FAIL: audit03.matrix.CircleSym.M_8_28.noInternalFailure.3
FAIL: audit03.matrix.CircleSym.M_8_28.noInternalFailure.3
FAIL: audit03.matrix.CircleSym.M_9_3.validInput
FAIL: audit03.matrix.CircleSym.M_9_3.noInternalFailure.3
FAIL: audit03.matrix.CircleSym.M_9_3.noInternalFailure.3
FAIL: audit03.matrix.CircleSym.M_9_4.validInput
FAIL: audit03.matrix.CircleSym.M_9_4.noInternalFailure.3
FAIL: audit03.matrix.CircleSym.M_9_4.noInternalFailure.3
FAIL: audit03.matrix.CircleSym.M_9_27.validInput
FAIL: audit03.matrix.CircleSym.M_9_27.noInternalFailure.3
FAIL: audit03.matrix.CircleSym.M_9_27.noInternalFailure.3
FAIL: audit03.matrix.CircleSym.M_9_28.validInput
FAIL: audit03.matrix.CircleSym.M_9_28.noInternalFailure.3
FAIL: audit03.matrix.CircleSym.M_9_28.noInternalFailure.3
FAIL: audit03.matrix.CircleSym.M_10_26.validInput
FAIL: audit03.matrix.CircleSym.M_10_26.noInternalFailure.3
FAIL: audit03.matrix.CircleSym.M_10_26.noInternalFailure.3
FAIL: audit03.matrix.CircleSym.M_11_3.validInput
FAIL: audit03.matrix.CircleSym.M_11_3.noInternalFailure.3
FAIL: audit03.matrix.CircleSym.M_11_3.noInternalFailure.3
FAIL: audit03.matrix.CircleSym.M_11_4.validInput
FAIL: audit03.matrix.CircleSym.M_11_4.noInternalFailure.3
FAIL: audit03.matrix.CircleSym.M_11_4.noInternalFailure.3
FAIL: audit03.matrix.CircleSym.M_11_26.validInput
FAIL: audit03.matrix.CircleSym.M_11_26.noInternalFailure.3
FAIL: audit03.matrix.CircleSym.M_11_26.noInternalFailure.3
FAIL: audit03.matrix.CircleSym.M_11_27.validInput
FAIL: audit03.matrix.CircleSym.M_11_27.noInternalFailure.3
FAIL: audit03.matrix.CircleSym.M_11_27.noInternalFailure.3
FAIL: audit03.matrix.CircleSym.M_11_28.validInput
FAIL: audit03.matrix.CircleSym.M_11_28.noInternalFailure.3
FAIL: audit03.matrix.CircleSym.M_11_28.noInternalFailure.3
TOTAL_AUDIT03_LOAD_MATRIX: shape=CircleSym; family=Light; independentCases=588; passed=24160; failed=57
MODE_AFTER_SUITE: No
SOURCE_UNCHANGED: True
