SOURCE: C:\Users\avidzba\Desktop\Ø‡Æ£‡†¨¨Î\Ç_êÄÅéíÖ!\RC_Section_NDM\docs\regression\Audit03\RC_Section_NDM_f06_fixed.xlsm
SOURCE_SHA256: 33C8518F53C4441B7540DED65CA210D974BEF7E77848E521F72C8EF47B7CB77E
FIXTURE: C:\Users\avidzba\AppData\Local\Temp\RC_NDM_ModeSuite_6f2419de9f5d429ea07a1af984186719\RC_Section_NDM.xlsm
GLOBAL_MODE: General.DiagramExtension=No; explicit-On tests retain their setup
FAIL: audit03.matrix.RectRectangle.M_0_15.stateMx; actual=-44610806.136838; expected=-51459920.9943509
FAIL: audit03.matrix.RectRectangle.M_0_15.stateMy; actual=-2739646.26867825; expected=-13013318.2292744
FAIL: audit03.matrix.RectRectangle.M_0_16.stateMx; actual=-29817631.2790273; expected=-27618516.4215144
FAIL: audit03.matrix.RectRectangle.M_0_16.stateMy; actual=-1834822.98690415; expected=1463849.31476672
FAIL: audit03.matrix.RectRectangle.M_0_24.stateMx; actual=-44472393.9875562; expected=-51321508.8450691
FAIL: audit03.matrix.RectRectangle.M_0_24.stateMy; actual=1370460.6882235; expected=-8903849.31476672
FAIL: audit03.matrix.RectRectangle.M_0_25.stateMx; actual=-30565524.0738172; expected=-28366409.2163043
FAIL: audit03.matrix.RectRectangle.M_0_25.stateMy; actual=2274645.93169209; expected=5573318.22927443
FAIL: audit03.matrix.RectRectangle.M_0_39.stateMx; actual=30912591.1238477; expected=24063476.2663348
FAIL: audit03.matrix.RectRectangle.M_0_39.stateMy; actual=-2740099.49052181; expected=-13013318.2292744
FAIL: audit03.matrix.RectRectangle.M_0_40.stateMx; actual=34215858.5664532; expected=36414973.423966
FAIL: audit03.matrix.RectRectangle.M_0_40.stateMy; actual=-1834835.48104285; expected=1463849.31476672
FAIL: audit03.matrix.RectRectangle.M_0_48.stateMx; actual=30774193.6258709; expected=23925078.768358
FAIL: audit03.matrix.RectRectangle.M_0_48.stateMy; actual=1369822.99279531; expected=-8903849.31476672
FAIL: audit03.matrix.RectRectangle.M_0_49.stateMx; actual=34963753.7366075; expected=37162868.5941204
FAIL: audit03.matrix.RectRectangle.M_0_49.stateMy; actual=2274645.63935723; expected=5573318.22927443
FAIL: audit03.matrix.RectRectangle.M_1_15.stateMx; actual=-1803460.7776239; expected=-8652715.10332458
FAIL: audit03.matrix.RectRectangle.M_1_15.stateMy; actual=-60044164.883669; expected=-70317837.1699383
FAIL: audit03.matrix.RectRectangle.M_1_16.stateMx; actual=-2436978.3991343; expected=-237861.468350653
FAIL: audit03.matrix.RectRectangle.M_1_16.stateMy; actual=-38228997.3665033; expected=-34930325.080234
FAIL: audit03.matrix.RectRectangle.M_1_24.stateMx; actual=-1803611.94362865; expected=-8652715.10332458
FAIL: audit03.matrix.RectRectangle.M_1_24.stateMy; actual=55387386.7104506; expected=45113714.4241814
FAIL: audit03.matrix.RectRectangle.M_1_25.stateMx; actual=-2436984.69408664; expected=-237861.468350653
FAIL: audit03.matrix.RectRectangle.M_1_25.stateMy; actual=63047584.505669; expected=66346256.7919383
FAIL: audit03.matrix.RectRectangle.M_1_39.stateMx; actual=2762560.31304852; expected=-4086638.53164935
FAIL: audit03.matrix.RectRectangle.M_1_39.stateMy; actual=-58650212.728457; expected=-68923885.0147263
FAIL: audit03.matrix.RectRectangle.M_1_40.stateMx; actual=2129108.5382629; expected=4328215.10332458
FAIL: audit03.matrix.RectRectangle.M_1_40.stateMy; actual=-39830950.7648811; expected=-36532278.4786118
FAIL: audit03.matrix.RectRectangle.M_1_48.stateMx; actual=2762476.13942757; expected=-4086638.53164935
FAIL: audit03.matrix.RectRectangle.M_1_48.stateMy; actual=53603812.680245; expected=43330140.3939757
FAIL: audit03.matrix.RectRectangle.M_1_49.stateMx; actual=2129004.9281821; expected=4328215.10332458
FAIL: audit03.matrix.RectRectangle.M_1_49.stateMy; actual=63617745.548528; expected=66916417.8347973
FAIL: audit03.matrix.RectRectangle.M_2_15.stateMx; actual=-38679442.9423275; expected=-45528970.6495113
FAIL: audit03.matrix.RectRectangle.M_2_15.stateMy; actual=-35928734.6564297; expected=-46201948.2208424
FAIL: audit03.matrix.RectRectangle.M_2_16.stateMx; actual=-24157107.3894714; expected=-21957992.6330902
FAIL: audit03.matrix.RectRectangle.M_2_16.stateMy; actual=-21382941.1321366; expected=-18084268.7334989
FAIL: audit03.matrix.RectRectangle.M_2_24.stateMx; actual=-35635329.3125652; expected=-42484444.1701588
FAIL: audit03.matrix.RectRectangle.M_2_24.stateMy; actual=31818379.1317431; expected=21544706.8453841
FAIL: audit03.matrix.RectRectangle.M_2_25.stateMx; actual=-29429325.5365053; expected=-27230222.950622
FAIL: audit03.matrix.RectRectangle.M_2_25.stateMy; actual=26567784.9121934; expected=29866443.5633187
FAIL: audit03.matrix.RectRectangle.M_2_39.stateMx; actual=28760272.0575396; expected=21911061.2396357
FAIL: audit03.matrix.RectRectangle.M_2_39.stateMy; actual=-26137469.114505; expected=-36411248.023431
FAIL: audit03.matrix.RectRectangle.M_2_40.stateMx; actual=26718679.6458195; expected=28917794.4299398
FAIL: audit03.matrix.RectRectangle.M_2_40.stateMy; actual=-23965444.2839089; expected=-20666772.0791869
FAIL: audit03.matrix.RectRectangle.M_2_48.stateMx; actual=26096990.5586795; expected=19247874.4915833
FAIL: audit03.matrix.RectRectangle.M_2_48.stateMy; actual=22370883.3484304; expected=12097212.4061427
FAIL: audit03.matrix.RectRectangle.M_2_49.stateMx; actual=32984121.6199921; expected=35183233.7628176
FAIL: audit03.matrix.RectRectangle.M_2_49.stateMy; actual=30044159.7202297; expected=33342835.0228182
FAIL: audit03.matrix.RectRectangle.M_3_5.stateMx; actual=2118901.09151345; expected=-28151114.5113233
FAIL: audit03.matrix.RectRectangle.M_3_5.stateMy; actual=-3027001.56138111; expected=-48432024.9657174
FAIL: audit03.matrix.RectRectangle.M_3_15.stateMx; actual=-35672.4732162171; expected=-32140898.3678078
FAIL: audit03.matrix.RectRectangle.M_3_15.stateMy; actual=-5265257.04671299; expected=-53423095.8886003
FAIL: audit03.matrix.RectRectangle.M_3_16.stateMx; actual=-3236662.60651633; expected=10386541.9897704
FAIL: audit03.matrix.RectRectangle.M_3_16.stateMy; actual=-692413.995104705; expected=19742392.8986309
FAIL: audit03.matrix.RectRectangle.M_3_24.stateMx; actual=-126805.198632887; expected=-30930135.0141156
FAIL: audit03.matrix.RectRectangle.M_3_24.stateMy; actual=-1025598.52443791; expected=-47230593.2473104
FAIL: audit03.matrix.RectRectangle.M_3_25.stateMx; actual=-3316647.97551473; expected=11449204.7205582
FAIL: audit03.matrix.RectRectangle.M_3_25.stateMy; actual=3531319.7250121; expected=25680098.7693326
FAIL: audit03.matrix.RectRectangle.M_3_29.stateMx; actual=-1029417.72513538; expected=13676549.7743391
FAIL: audit03.matrix.RectRectangle.M_3_29.stateMy; actual=1470596.74961929; expected=23529547.998863
FAIL: audit03.matrix.RectRectangle.M_3_39.stateMx; actual=4362189.23899338; expected=-25339967.2351965
FAIL: audit03.matrix.RectRectangle.M_3_39.stateMy; actual=-5024950.1046367; expected=-49578184.8160221
FAIL: audit03.matrix.RectRectangle.M_3_40.stateMx; actual=1262366.99091044; expected=15843385.4913591
FAIL: audit03.matrix.RectRectangle.M_3_40.stateMy; actual=-596632.606982006; expected=21274895.1436433
FAIL: audit03.matrix.RectRectangle.M_3_48.stateMx; actual=4268993.73806215; expected=-24101798.4388028
FAIL: audit03.matrix.RectRectangle.M_3_48.stateMy; actual=-782344.760255962; expected=-43338533.0259983
FAIL: audit03.matrix.RectRectangle.M_3_49.stateMx; actual=1179013.90502691; expected=16950790.7737519
FAIL: audit03.matrix.RectRectangle.M_3_49.stateMy; actual=3631912.14412644; expected=27289577.4472139
FAIL: audit03.matrix.RectRectangle.M_4_5.stateMx; actual=2118901.09151345; expected=-28151114.5113233
FAIL: audit03.matrix.RectRectangle.M_4_5.stateMy; actual=-3027001.56138111; expected=-48432024.9657174
FAIL: audit03.matrix.RectRectangle.M_4_15.stateMx; actual=-10863873.3556315; expected=-52119088.6301817
FAIL: audit03.matrix.RectRectangle.M_4_15.stateMy; actual=-16502086.10982; expected=-78384909.0216452
FAIL: audit03.matrix.RectRectangle.M_4_16.stateMx; actual=-10872889.588408; expected=-1061250.14644829
FAIL: audit03.matrix.RectRectangle.M_4_16.stateMy; actual=-8186303.40051918; expected=6531155.76241311
FAIL: audit03.matrix.RectRectangle.M_4_24.stateMx; actual=-8550778.37953296; expected=-41022088.6815609
FAIL: audit03.matrix.RectRectangle.M_4_24.stateMy; actual=6494262.06040686; expected=-42212703.3926352
FAIL: audit03.matrix.RectRectangle.M_4_25.stateMx; actual=-13187246.4597765; expected=-1287143.32311494
FAIL: audit03.matrix.RectRectangle.M_4_25.stateMy; actual=12308825.6298553; expected=30158980.3348477
FAIL: audit03.matrix.RectRectangle.M_4_29.stateMx; actual=-1029417.72513538; expected=13676549.7743391
FAIL: audit03.matrix.RectRectangle.M_4_29.stateMy; actual=1470596.74961929; expected=23529547.998863
FAIL: audit03.matrix.RectRectangle.M_4_39.stateMx; actual=11204328.5590204; expected=-16574998.4468197
FAIL: audit03.matrix.RectRectangle.M_4_39.stateMy; actual=-11111730.8022985; expected=-52780721.3111016
FAIL: audit03.matrix.RectRectangle.M_4_40.stateMx; actual=12493139.4435923; expected=25397110.7907889
FAIL: audit03.matrix.RectRectangle.M_4_40.stateMy; actual=-10766378.5573943; expected=8589578.46147575
FAIL: audit03.matrix.RectRectangle.M_4_48.stateMx; actual=9541768.36174654; expected=-14115508.5682028
FAIL: audit03.matrix.RectRectangle.M_4_48.stateMy; actual=4731455.3859865; expected=-30754460.0089333
FAIL: audit03.matrix.RectRectangle.M_4_49.stateMx; actual=25307522.1807108; expected=51447272.1262186
FAIL: audit03.matrix.RectRectangle.M_4_49.stateMy; actual=27037549.2037574; expected=66247174.1220192
TOTAL_AUDIT03_LOAD_MATRIX: shape=RectRectangle; family=Light; independentCases=441; passed=13039; failed=88
MODE_AFTER_SUITE: No
SOURCE_UNCHANGED: True
