SOURCE: C:\Users\avidzba\Desktop\Ø‡Æ£‡†¨¨Î\Ç_êÄÅéíÖ!\RC_Section_NDM\docs\regression\Audit03\RC_Section_NDM_capacity_numeric_v248.xlsm
SOURCE_SHA256: E09AB68A8ED347C5373FAF6C96106C7C5BF3845AB6935F7C519528F7138BED22
FIXTURE: C:\Users\avidzba\AppData\Local\Temp\RC_NDM_ModeSuite_4f3ca19021814a5a98be79f712f4ca32\RC_Section_NDM.xlsm
GLOBAL_MODE: General.DiagramExtension=No; explicit-On tests retain their setup
FAIL: audit03.capacityNumeric.p1.Capacity.SolverMaxIterations.budget
FAIL: audit03.capacityNumeric.p1.Capacity.ToleranceStrain.active
FAIL: audit03.capacityNumeric.invalid.p1.Capacity.SolverMaxIterations.v4.key
FAIL: audit03.capacityNumeric.invalid.p1.Capacity.SolverMaxIterations.v4.cell
FAIL: audit03.capacityNumeric.invalid.p1.Capacity.SolverMaxIterations.v4.action
FAIL: audit03.capacityNumeric.invalid.p1.Capacity.SolverMaxIterations.v5.key
FAIL: audit03.capacityNumeric.invalid.p1.Capacity.SolverMaxIterations.v5.cell
FAIL: audit03.capacityNumeric.invalid.p1.Capacity.SolverMaxIterations.v5.action
FAIL: audit03.capacityNumeric.invalid.p1.Capacity.ToleranceStrain.v4.cell
FAIL: audit03.capacityNumeric.invalid.p1.Capacity.ToleranceStrain.v5.cell
FAIL: audit03.capacityNumeric.invalid.p1.Capacity.MaxLambda.v4.cell
FAIL: audit03.capacityNumeric.invalid.p1.Capacity.MaxLambda.v5.cell
FAIL: audit03.capacityNumeric.invalid.p1.Capacity.InitialLambda.v4.cell
FAIL: audit03.capacityNumeric.invalid.p1.Capacity.InitialLambda.v5.cell
FAIL: audit03.capacityNumeric.invalid.p1.Capacity.ToleranceLambda.v4.cell
FAIL: audit03.capacityNumeric.invalid.p1.Capacity.ToleranceLambda.v5.cell
FAIL: audit03.capacityNumeric.invalid.p1.Capacity.MaxRetries.v4.cell
FAIL: audit03.capacityNumeric.invalid.p1.Capacity.BaseLoadSteps.v4.cell
FAIL: audit03.capacityNumeric.invalid.p1.Capacity.BaseLoadSteps.v5.cell
FAIL: audit03.capacityNumeric.p2.Capacity.SolverMaxIterations.budget
FAIL: audit03.capacityNumeric.p2.Capacity.ToleranceStrain.active
FAIL: audit03.capacityNumeric.invalid.p2.Capacity.SolverMaxIterations.v4.key
FAIL: audit03.capacityNumeric.invalid.p2.Capacity.SolverMaxIterations.v4.cell
FAIL: audit03.capacityNumeric.invalid.p2.Capacity.SolverMaxIterations.v4.action
FAIL: audit03.capacityNumeric.invalid.p2.Capacity.SolverMaxIterations.v5.key
FAIL: audit03.capacityNumeric.invalid.p2.Capacity.SolverMaxIterations.v5.cell
FAIL: audit03.capacityNumeric.invalid.p2.Capacity.SolverMaxIterations.v5.action
FAIL: audit03.capacityNumeric.invalid.p2.Capacity.ToleranceStrain.v4.cell
FAIL: audit03.capacityNumeric.invalid.p2.Capacity.ToleranceStrain.v5.cell
FAIL: audit03.capacityNumeric.invalid.p2.Capacity.MaxLambda.v4.cell
FAIL: audit03.capacityNumeric.invalid.p2.Capacity.MaxLambda.v5.cell
FAIL: audit03.capacityNumeric.invalid.p2.Capacity.InitialLambda.v4.cell
FAIL: audit03.capacityNumeric.invalid.p2.Capacity.InitialLambda.v5.cell
FAIL: audit03.capacityNumeric.invalid.p2.Capacity.ToleranceLambda.v4.cell
FAIL: audit03.capacityNumeric.invalid.p2.Capacity.ToleranceLambda.v5.cell
FAIL: audit03.capacityNumeric.invalid.p2.Capacity.MaxRetries.v4.cell
FAIL: audit03.capacityNumeric.invalid.p2.Capacity.BaseLoadSteps.v4.cell
FAIL: audit03.capacityNumeric.invalid.p2.Capacity.BaseLoadSteps.v5.cell
TOTAL_AUDIT03_CAPACITY_NUMERIC_CONFIG: passed=2196; failed=38
MODE_AFTER_SUITE: No
SOURCE_UNCHANGED: True
