SOURCE: C:\Users\avidzba\Desktop\Ø‡Æ£‡†¨¨Î\Ç_êÄÅéíÖ!\RC_Section_NDM\docs\regression\Audit03\RC_Section_NDM_capacity_numeric_negative_v249.xlsm
SOURCE_SHA256: 2000682312FBF3131BF50C98CB9F7863A9BFF2886D8FB4D7D9EAD57A589BE0C2
FIXTURE: C:\Users\avidzba\AppData\Local\Temp\RC_NDM_ModeSuite_ce415be07ab24a67bd9f8953e75ad7b1\RC_Section_NDM.xlsm
GLOBAL_MODE: General.DiagramExtension=No; explicit-On tests retain their setup
FAIL: audit03.capacityNumeric.invalid.p1.Capacity.SolverMaxIterations.v4.key
FAIL: audit03.capacityNumeric.invalid.p1.Capacity.SolverMaxIterations.v4.cell
FAIL: audit03.capacityNumeric.invalid.p1.Capacity.SolverMaxIterations.v4.action
FAIL: audit03.capacityNumeric.invalid.p1.Capacity.SolverMaxIterations.v5.key
FAIL: audit03.capacityNumeric.invalid.p1.Capacity.SolverMaxIterations.v5.cell
FAIL: audit03.capacityNumeric.invalid.p1.Capacity.SolverMaxIterations.v5.action
FAIL: audit03.capacityNumeric.invalid.p1.Capacity.ToleranceStrain.v4.cell
FAIL: audit03.capacityNumeric.invalid.p1.Capacity.ToleranceStrain.v5.cell
FAIL: audit03.capacityNumeric.invalid.p1.Capacity.MaxLambda.v4.cell
FAIL: audit03.capacityNumeric.invalid.p1.Capacity.MaxLambda.v5.cell
FAIL: audit03.capacityNumeric.invalid.p1.Capacity.InitialLambda.v4.cell
FAIL: audit03.capacityNumeric.invalid.p1.Capacity.InitialLambda.v5.cell
FAIL: audit03.capacityNumeric.invalid.p1.Capacity.ToleranceLambda.v4.cell
FAIL: audit03.capacityNumeric.invalid.p1.Capacity.ToleranceLambda.v5.cell
FAIL: audit03.capacityNumeric.invalid.p1.Capacity.MaxRetries.v4.cell
FAIL: audit03.capacityNumeric.invalid.p1.Capacity.BaseLoadSteps.v4.cell
FAIL: audit03.capacityNumeric.invalid.p1.Capacity.BaseLoadSteps.v5.cell
FAIL: audit03.capacityNumeric.invalid.p2.Capacity.SolverMaxIterations.v4.key
FAIL: audit03.capacityNumeric.invalid.p2.Capacity.SolverMaxIterations.v4.cell
FAIL: audit03.capacityNumeric.invalid.p2.Capacity.SolverMaxIterations.v4.action
FAIL: audit03.capacityNumeric.invalid.p2.Capacity.SolverMaxIterations.v5.key
FAIL: audit03.capacityNumeric.invalid.p2.Capacity.SolverMaxIterations.v5.cell
FAIL: audit03.capacityNumeric.invalid.p2.Capacity.SolverMaxIterations.v5.action
FAIL: audit03.capacityNumeric.invalid.p2.Capacity.ToleranceStrain.v4.cell
FAIL: audit03.capacityNumeric.invalid.p2.Capacity.ToleranceStrain.v5.cell
FAIL: audit03.capacityNumeric.invalid.p2.Capacity.MaxLambda.v4.cell
FAIL: audit03.capacityNumeric.invalid.p2.Capacity.MaxLambda.v5.cell
FAIL: audit03.capacityNumeric.invalid.p2.Capacity.InitialLambda.v4.cell
FAIL: audit03.capacityNumeric.invalid.p2.Capacity.InitialLambda.v5.cell
FAIL: audit03.capacityNumeric.invalid.p2.Capacity.ToleranceLambda.v4.cell
FAIL: audit03.capacityNumeric.invalid.p2.Capacity.ToleranceLambda.v5.cell
FAIL: audit03.capacityNumeric.invalid.p2.Capacity.MaxRetries.v4.cell
FAIL: audit03.capacityNumeric.invalid.p2.Capacity.BaseLoadSteps.v4.cell
FAIL: audit03.capacityNumeric.invalid.p2.Capacity.BaseLoadSteps.v5.cell
TOTAL_AUDIT03_CAPACITY_NUMERIC_CONFIG: passed=2318; failed=34
MODE_AFTER_SUITE: No
SOURCE_UNCHANGED: True
