SOURCE: C:\Users\avidzba\Desktop\Ø‡Æ£‡†¨¨Î\Ç_êÄÅéíÖ!\RC_Section_NDM\docs\regression\Audit03\RC_Section_NDM_circle_rebar_negative_v188.xlsm
SOURCE_SHA256: 7C6B649E747E93D7A15A2D20504819C1D677AFA607D3298BF889C280761BB45E
FIXTURE: C:\Users\avidzba\AppData\Local\Temp\RC_NDM_ModeSuite_bcd153ce1ade47d0a52d6ad57ea5d426\RC_Section_NDM.xlsm
GLOBAL_MODE: General.DiagramExtension=No; explicit-On tests retain their setup
FAIL: circleRebar.active.Circle.Diameter.2.address
FAIL: circleRebar.active.Circle.Diameter.2.repair
FAIL: circleRebar.active.Circle.Diameter.3.address
FAIL: circleRebar.active.Circle.Diameter.3.repair
FAIL: circleRebar.active.Rebar.AxisDistance.1.reject
FAIL: circleRebar.active.Rebar.AxisDistance.1.address
FAIL: circleRebar.active.Rebar.AxisDistance.1.repair
FAIL: circleRebar.active.Rebar.AxisDistance.2.address
FAIL: circleRebar.active.Rebar.AxisDistance.2.repair
FAIL: circleRebar.active.Rebar.AxisDistance.3.address
FAIL: circleRebar.active.Rebar.AxisDistance.3.repair
FAIL: circleRebar.active.Rebar.AxisDistance.4.address
FAIL: circleRebar.active.Rebar.AxisDistance.4.repair
FAIL: circleRebar.missing.Rebar.AxisDistance.reject
FAIL: circleRebar.missing.Rebar.AxisDistance.key
FAIL: circleRebar.missing.Rebar.AxisDistance.repair
FAIL: circleRebar.active.Rebar.Count.1.address
FAIL: circleRebar.active.Rebar.Count.1.repair
FAIL: circleRebar.active.Rebar.Count.2.address
FAIL: circleRebar.active.Rebar.Count.2.repair
FAIL: circleRebar.missing.Rebar.Count.reject
FAIL: circleRebar.missing.Rebar.Count.key
FAIL: circleRebar.missing.Rebar.Count.repair
FAIL: circleRebar.active.Rebar.Diameter.1.address
FAIL: circleRebar.active.Rebar.Diameter.1.repair
FAIL: circleRebar.missing.Rebar.Diameter.reject
FAIL: circleRebar.missing.Rebar.Diameter.key
FAIL: circleRebar.missing.Rebar.Diameter.repair
FAIL: circleRebar.active.Rebar.Diameter2.1.address
FAIL: circleRebar.active.Rebar.Diameter2.1.repair
FAIL: circleRebar.missing.Rebar.Diameter2.reject
FAIL: circleRebar.missing.Rebar.Diameter2.key
FAIL: circleRebar.missing.Rebar.Diameter2.repair
FAIL: circleRebar.active.Rebar.Diameter3.1.address
FAIL: circleRebar.active.Rebar.Diameter3.1.repair
FAIL: circleRebar.missing.Rebar.Diameter3.reject
FAIL: circleRebar.missing.Rebar.Diameter3.key
FAIL: circleRebar.missing.Rebar.Diameter3.repair
FAIL: circleRebar.active.Rebar.Loc2row.1.reject
FAIL: circleRebar.active.Rebar.Loc2row.1.address
FAIL: circleRebar.active.Rebar.Loc2row.1.repair
FAIL: circleRebar.active.Rebar.Loc2row.2.address
FAIL: circleRebar.active.Rebar.Loc2row.2.repair
FAIL: circleRebar.missing.Rebar.Loc2row.reject
FAIL: circleRebar.missing.Rebar.Loc2row.key
FAIL: circleRebar.missing.Rebar.Loc2row.repair
FAIL: circleRebar.active.Rebar.Loc3row.1.reject
FAIL: circleRebar.active.Rebar.Loc3row.1.address
FAIL: circleRebar.active.Rebar.Loc3row.1.repair
FAIL: circleRebar.active.Rebar.Loc3row.2.address
FAIL: circleRebar.active.Rebar.Loc3row.2.repair
FAIL: circleRebar.missing.Rebar.Loc3row.reject
FAIL: circleRebar.missing.Rebar.Loc3row.key
FAIL: circleRebar.missing.Rebar.Loc3row.repair
FAIL: circleRebar.inactive.Rebar.Count..Rebar.AxisDistance.2.noInterference
FAIL: circleRebar.inactive.Rebar.Count..Rebar.AxisDistance.3.noInterference
FAIL: circleRebar.inactive.Rebar.Count..Rebar.Diameter2.2.noInterference
FAIL: circleRebar.inactive.Rebar.Count..Rebar.Diameter2.3.noInterference
FAIL: circleRebar.inactive.Rebar.Count..Rebar.Diameter2.4.noInterference
FAIL: circleRebar.inactive.Rebar.Count..Rebar.Diameter3.2.noInterference
FAIL: circleRebar.inactive.Rebar.Count..Rebar.Diameter3.3.noInterference
FAIL: circleRebar.inactive.Rebar.Count..Rebar.Diameter3.4.noInterference
FAIL: circleRebar.inactive.Rebar.Count..Rebar.Loc2row.3.noInterference
FAIL: circleRebar.inactive.Rebar.Count..Rebar.Loc3row.3.noInterference
FAIL: circleRebar.inactive.Rebar.Count.0.Rebar.AxisDistance.2.noInterference
FAIL: circleRebar.inactive.Rebar.Count.0.Rebar.AxisDistance.3.noInterference
FAIL: circleRebar.inactive.Rebar.Count.0.Rebar.Diameter2.2.noInterference
FAIL: circleRebar.inactive.Rebar.Count.0.Rebar.Diameter2.3.noInterference
FAIL: circleRebar.inactive.Rebar.Count.0.Rebar.Diameter2.4.noInterference
FAIL: circleRebar.inactive.Rebar.Count.0.Rebar.Diameter3.2.noInterference
FAIL: circleRebar.inactive.Rebar.Count.0.Rebar.Diameter3.3.noInterference
FAIL: circleRebar.inactive.Rebar.Count.0.Rebar.Diameter3.4.noInterference
FAIL: circleRebar.inactive.Rebar.Count.0.Rebar.Loc2row.3.noInterference
FAIL: circleRebar.inactive.Rebar.Count.0.Rebar.Loc3row.3.noInterference
FAIL: circleRebar.inactive.Rebar.Diameter..Rebar.AxisDistance.2.noInterference
FAIL: circleRebar.inactive.Rebar.Diameter..Rebar.AxisDistance.3.noInterference
FAIL: circleRebar.inactive.Rebar.Diameter..Rebar.Diameter2.2.noInterference
FAIL: circleRebar.inactive.Rebar.Diameter..Rebar.Diameter2.3.noInterference
FAIL: circleRebar.inactive.Rebar.Diameter..Rebar.Diameter2.4.noInterference
FAIL: circleRebar.inactive.Rebar.Diameter..Rebar.Diameter3.2.noInterference
FAIL: circleRebar.inactive.Rebar.Diameter..Rebar.Diameter3.3.noInterference
FAIL: circleRebar.inactive.Rebar.Diameter..Rebar.Diameter3.4.noInterference
FAIL: circleRebar.inactive.Rebar.Diameter..Rebar.Loc2row.3.noInterference
FAIL: circleRebar.inactive.Rebar.Diameter..Rebar.Loc3row.3.noInterference
FAIL: circleRebar.inactive.Rebar.Diameter.0.Rebar.AxisDistance.2.noInterference
FAIL: circleRebar.inactive.Rebar.Diameter.0.Rebar.AxisDistance.3.noInterference
FAIL: circleRebar.inactive.Rebar.Diameter.0.Rebar.Diameter2.2.noInterference
FAIL: circleRebar.inactive.Rebar.Diameter.0.Rebar.Diameter2.3.noInterference
FAIL: circleRebar.inactive.Rebar.Diameter.0.Rebar.Diameter2.4.noInterference
FAIL: circleRebar.inactive.Rebar.Diameter.0.Rebar.Diameter3.2.noInterference
FAIL: circleRebar.inactive.Rebar.Diameter.0.Rebar.Diameter3.3.noInterference
FAIL: circleRebar.inactive.Rebar.Diameter.0.Rebar.Diameter3.4.noInterference
FAIL: circleRebar.inactive.Rebar.Diameter.0.Rebar.Loc2row.3.noInterference
FAIL: circleRebar.inactive.Rebar.Diameter.0.Rebar.Loc3row.3.noInterference
FAIL: circleRebar.inactive.Rebar.Diameter2..Rebar.Loc2row.3.noInterference
FAIL: circleRebar.inactive.Rebar.Diameter2.0.Rebar.Loc2row.3.noInterference
FAIL: circleRebar.inactive.Rebar.Diameter3..Rebar.Loc3row.3.noInterference
FAIL: circleRebar.inactive.Rebar.Diameter3.0.Rebar.Loc3row.3.noInterference
FAIL: circleRebar.otherShape.Circle.Diameter.3.noInterference
FAIL: circleRebar.otherShape.Rebar.AxisDistance.3.noInterference
FAIL: circleRebar.otherShape.Rebar.Count.3.noInterference
FAIL: circleRebar.otherShape.Rebar.Diameter.3.noInterference
FAIL: circleRebar.otherShape.Rebar.Diameter2.3.noInterference
FAIL: circleRebar.otherShape.Rebar.Diameter3.3.noInterference
FAIL: circleRebar.otherShape.Rebar.Loc2row.3.noInterference
FAIL: circleRebar.otherShape.Rebar.Loc3row.3.noInterference
TOTAL_CIRCLE_REBAR_INPUT: passed=366; failed=106; cases=160
MODE_AFTER_SUITE: No
SOURCE_UNCHANGED: True
