SOURCE: C:\Users\avidzba\Desktop\программы\В_РАБОТЕ!\RC_Section_NDM\docs\regression\Audit03\RC_Section_NDM_contour_arc_negative_v220.xlsm
SOURCE_SHA256: 2107B0FDEA8F08D41C6AC995B0414D869FABB7C0B857CA6B272D63D5C5A7391A
FIXTURE: C:\Users\avidzba\AppData\Local\Temp\RC_NDM_ModeSuite_98726f6259494d50b84e703269c54ff7\RC_Section_NDM.xlsm
GLOBAL_MODE: General.DiagramExtension=No; explicit-On tests retain their setup
===== RunAudit03ContourArcTests =====
SUITE_STARTED: RunAudit03ContourArcTests; 2026-10-04T12:35:45
EXCEL_AFTER_SUITE: pid=23476; workingSet=209592320; privateBytes=160878592; cpu=9936.125
EXCEL_AFTER_SUITE: pid=25580; workingSet=146911232; privateBytes=108802048; cpu=4.171875
FAIL: audit03.contourArc.p0.bad1.rejected
FAIL: audit03.contourArc.p0.bad1.address
FAIL: audit03.contourArc.p0.bad1.reason
FAIL: audit03.contourArc.p0.bad1.empty
FAIL: audit03.contourArc.p0.bad1.entrypoint
FAIL: audit03.contourArc.p0.bad1.chart
CONTOUR_ARC_ERROR: audit03.contourArc.p0.bad1|
OK: audit03.contourArc.p0.bad1.recovery
FAIL: audit03.contourArc.p0.bad2.rejected
FAIL: audit03.contourArc.p0.bad2.address
FAIL: audit03.contourArc.p0.bad2.reason
FAIL: audit03.contourArc.p0.bad2.empty
FAIL: audit03.contourArc.p0.bad2.entrypoint
FAIL: audit03.contourArc.p0.bad2.chart
CONTOUR_ARC_ERROR: audit03.contourArc.p0.bad2|
OK: audit03.contourArc.p0.bad2.recovery
FAIL: audit03.contourArc.p0.bad3.rejected
FAIL: audit03.contourArc.p0.bad3.address
FAIL: audit03.contourArc.p0.bad3.reason
FAIL: audit03.contourArc.p0.bad3.empty
FAIL: audit03.contourArc.p0.bad3.entrypoint
FAIL: audit03.contourArc.p0.bad3.chart
CONTOUR_ARC_ERROR: audit03.contourArc.p0.bad3|
OK: audit03.contourArc.p0.bad3.recovery
FAIL: audit03.contourArc.p0.bad4.rejected
FAIL: audit03.contourArc.p0.bad4.address
FAIL: audit03.contourArc.p0.bad4.reason
FAIL: audit03.contourArc.p0.bad4.empty
FAIL: audit03.contourArc.p0.bad4.entrypoint
FAIL: audit03.contourArc.p0.bad4.chart
CONTOUR_ARC_ERROR: audit03.contourArc.p0.bad4|
OK: audit03.contourArc.p0.bad4.recovery
FAIL: audit03.contourArc.p0.bad5.rejected
FAIL: audit03.contourArc.p0.bad5.address
FAIL: audit03.contourArc.p0.bad5.reason
FAIL: audit03.contourArc.p0.bad5.empty
FAIL: audit03.contourArc.p0.bad5.entrypoint
FAIL: audit03.contourArc.p0.bad5.chart
CONTOUR_ARC_ERROR: audit03.contourArc.p0.bad5|
OK: audit03.contourArc.p0.bad5.recovery
FAIL: audit03.contourArc.p0.bad6.rejected
FAIL: audit03.contourArc.p0.bad6.address
FAIL: audit03.contourArc.p0.bad6.reason
FAIL: audit03.contourArc.p0.bad6.empty
FAIL: audit03.contourArc.p0.bad6.entrypoint
FAIL: audit03.contourArc.p0.bad6.chart
CONTOUR_ARC_ERROR: audit03.contourArc.p0.bad6|
OK: audit03.contourArc.p0.bad6.recovery
FAIL: audit03.contourArc.p0.bad7.rejected
FAIL: audit03.contourArc.p0.bad7.address
FAIL: audit03.contourArc.p0.bad7.reason
FAIL: audit03.contourArc.p0.bad7.empty
FAIL: audit03.contourArc.p0.bad7.entrypoint
FAIL: audit03.contourArc.p0.bad7.chart
CONTOUR_ARC_ERROR: audit03.contourArc.p0.bad7|
OK: audit03.contourArc.p0.bad7.recovery
FAIL: audit03.contourArc.p0.bad8.rejected
FAIL: audit03.contourArc.p0.bad8.address
FAIL: audit03.contourArc.p0.bad8.reason
FAIL: audit03.contourArc.p0.bad8.empty
FAIL: audit03.contourArc.p0.bad8.entrypoint
FAIL: audit03.contourArc.p0.bad8.chart
CONTOUR_ARC_ERROR: audit03.contourArc.p0.bad8|
OK: audit03.contourArc.p0.bad8.recovery
FAIL: audit03.contourArc.p0.bad9.rejected
FAIL: audit03.contourArc.p0.bad9.address
FAIL: audit03.contourArc.p0.bad9.reason
FAIL: audit03.contourArc.p0.bad9.empty
FAIL: audit03.contourArc.p0.bad9.entrypoint
FAIL: audit03.contourArc.p0.bad9.chart
CONTOUR_ARC_ERROR: audit03.contourArc.p0.bad9|
OK: audit03.contourArc.p0.bad9.recovery
OK: audit03.contourArc.p0.bad10.rejected
OK: audit03.contourArc.p0.bad10.address
FAIL: audit03.contourArc.p0.bad10.reason
OK: audit03.contourArc.p0.bad10.empty
OK: audit03.contourArc.p0.bad10.entrypoint
OK: audit03.contourArc.p0.bad10.chart
CONTOUR_ARC_ERROR: audit03.contourArc.p0.bad10|В сохраненной аннотации Results поле Text (Results!I21) содержит недопустимое значение. Исправьте данные или повторите расчет/импорт для восстановления снимка.
OK: audit03.contourArc.p0.bad10.recovery
FAIL: audit03.contourArc.p0.bad11.rejected
FAIL: audit03.contourArc.p0.bad11.address
FAIL: audit03.contourArc.p0.bad11.reason
FAIL: audit03.contourArc.p0.bad11.empty
FAIL: audit03.contourArc.p0.bad11.entrypoint
FAIL: audit03.contourArc.p0.bad11.chart
CONTOUR_ARC_ERROR: audit03.contourArc.p0.bad11|Overflow
OK: audit03.contourArc.p0.bad11.recovery
FAIL: audit03.contourArc.p0.bad12.rejected
FAIL: audit03.contourArc.p0.bad12.address
FAIL: audit03.contourArc.p0.bad12.reason
FAIL: audit03.contourArc.p0.bad12.empty
FAIL: audit03.contourArc.p0.bad12.entrypoint
FAIL: audit03.contourArc.p0.bad12.chart
CONTOUR_ARC_ERROR: audit03.contourArc.p0.bad12|Overflow
OK: audit03.contourArc.p0.bad12.recovery
FAIL: audit03.contourArc.p0.bad13.rejected
FAIL: audit03.contourArc.p0.bad13.address
FAIL: audit03.contourArc.p0.bad13.reason
FAIL: audit03.contourArc.p0.bad13.empty
FAIL: audit03.contourArc.p0.bad13.entrypoint
FAIL: audit03.contourArc.p0.bad13.chart
CONTOUR_ARC_ERROR: audit03.contourArc.p0.bad13|
OK: audit03.contourArc.p0.bad13.recovery
FAIL: audit03.contourArc.p0.bad14.rejected
FAIL: audit03.contourArc.p0.bad14.address
FAIL: audit03.contourArc.p0.bad14.reason
FAIL: audit03.contourArc.p0.bad14.empty
FAIL: audit03.contourArc.p0.bad14.entrypoint
FAIL: audit03.contourArc.p0.bad14.chart
CONTOUR_ARC_ERROR: audit03.contourArc.p0.bad14|
OK: audit03.contourArc.p0.bad14.recovery
OK: audit03.contourArc.valid.p0.1.570796326795.segments
OK: audit03.contourArc.valid.p0.1.570796326795.exactValue2
OK: audit03.contourArc.valid.p0.1,570796326795.segments
OK: audit03.contourArc.valid.p0.1,570796326795.exactValue2
OK: audit03.contourArc.valid.p0.+1.570796326795E0.segments
OK: audit03.contourArc.valid.p0.+1.570796326795E0.exactValue2
OK: audit03.contourArc.valid.p0.-1.570796326795.segments
OK: audit03.contourArc.valid.p0.-1.570796326795.exactValue2
OK: audit03.contourArc.valid.p0.-.5.segments
OK: audit03.contourArc.valid.p0.-.5.exactValue2
OK: audit03.contourArc.valid.p0..5.segments
OK: audit03.contourArc.valid.p0..5.exactValue2
OK: audit03.contourArc.valid.p0.1E-3.segments
OK: audit03.contourArc.valid.p0.1E-3.exactValue2
OK: audit03.contourArc.valid.p0.0.segments
OK: audit03.contourArc.valid.p0.0.exactValue2
FAIL: audit03.contourArc.p1.bad1.rejected
FAIL: audit03.contourArc.p1.bad1.address
FAIL: audit03.contourArc.p1.bad1.reason
FAIL: audit03.contourArc.p1.bad1.empty
FAIL: audit03.contourArc.p1.bad1.entrypoint
FAIL: audit03.contourArc.p1.bad1.chart
CONTOUR_ARC_ERROR: audit03.contourArc.p1.bad1|
OK: audit03.contourArc.p1.bad1.recovery
FAIL: audit03.contourArc.p1.bad2.rejected
FAIL: audit03.contourArc.p1.bad2.address
FAIL: audit03.contourArc.p1.bad2.reason
FAIL: audit03.contourArc.p1.bad2.empty
FAIL: audit03.contourArc.p1.bad2.entrypoint
FAIL: audit03.contourArc.p1.bad2.chart
CONTOUR_ARC_ERROR: audit03.contourArc.p1.bad2|
OK: audit03.contourArc.p1.bad2.recovery
FAIL: audit03.contourArc.p1.bad3.rejected
FAIL: audit03.contourArc.p1.bad3.address
FAIL: audit03.contourArc.p1.bad3.reason
FAIL: audit03.contourArc.p1.bad3.empty
FAIL: audit03.contourArc.p1.bad3.entrypoint
FAIL: audit03.contourArc.p1.bad3.chart
CONTOUR_ARC_ERROR: audit03.contourArc.p1.bad3|
OK: audit03.contourArc.p1.bad3.recovery
FAIL: audit03.contourArc.p1.bad4.rejected
FAIL: audit03.contourArc.p1.bad4.address
FAIL: audit03.contourArc.p1.bad4.reason
FAIL: audit03.contourArc.p1.bad4.empty
FAIL: audit03.contourArc.p1.bad4.entrypoint
FAIL: audit03.contourArc.p1.bad4.chart
CONTOUR_ARC_ERROR: audit03.contourArc.p1.bad4|
OK: audit03.contourArc.p1.bad4.recovery
FAIL: audit03.contourArc.p1.bad5.rejected
FAIL: audit03.contourArc.p1.bad5.address
FAIL: audit03.contourArc.p1.bad5.reason
FAIL: audit03.contourArc.p1.bad5.empty
FAIL: audit03.contourArc.p1.bad5.entrypoint
FAIL: audit03.contourArc.p1.bad5.chart
CONTOUR_ARC_ERROR: audit03.contourArc.p1.bad5|
OK: audit03.contourArc.p1.bad5.recovery
FAIL: audit03.contourArc.p1.bad6.rejected
FAIL: audit03.contourArc.p1.bad6.address
FAIL: audit03.contourArc.p1.bad6.reason
FAIL: audit03.contourArc.p1.bad6.empty
FAIL: audit03.contourArc.p1.bad6.entrypoint
FAIL: audit03.contourArc.p1.bad6.chart
CONTOUR_ARC_ERROR: audit03.contourArc.p1.bad6|
OK: audit03.contourArc.p1.bad6.recovery
FAIL: audit03.contourArc.p1.bad7.rejected
FAIL: audit03.contourArc.p1.bad7.address
FAIL: audit03.contourArc.p1.bad7.reason
FAIL: audit03.contourArc.p1.bad7.empty
FAIL: audit03.contourArc.p1.bad7.entrypoint
FAIL: audit03.contourArc.p1.bad7.chart
CONTOUR_ARC_ERROR: audit03.contourArc.p1.bad7|
OK: audit03.contourArc.p1.bad7.recovery
FAIL: audit03.contourArc.p1.bad8.rejected
FAIL: audit03.contourArc.p1.bad8.address
FAIL: audit03.contourArc.p1.bad8.reason
FAIL: audit03.contourArc.p1.bad8.empty
FAIL: audit03.contourArc.p1.bad8.entrypoint
FAIL: audit03.contourArc.p1.bad8.chart
CONTOUR_ARC_ERROR: audit03.contourArc.p1.bad8|
OK: audit03.contourArc.p1.bad8.recovery
FAIL: audit03.contourArc.p1.bad9.rejected
FAIL: audit03.contourArc.p1.bad9.address
FAIL: audit03.contourArc.p1.bad9.reason
FAIL: audit03.contourArc.p1.bad9.empty
FAIL: audit03.contourArc.p1.bad9.entrypoint
FAIL: audit03.contourArc.p1.bad9.chart
CONTOUR_ARC_ERROR: audit03.contourArc.p1.bad9|
OK: audit03.contourArc.p1.bad9.recovery
OK: audit03.contourArc.p1.bad10.rejected
OK: audit03.contourArc.p1.bad10.address
FAIL: audit03.contourArc.p1.bad10.reason
OK: audit03.contourArc.p1.bad10.empty
OK: audit03.contourArc.p1.bad10.entrypoint
OK: audit03.contourArc.p1.bad10.chart
CONTOUR_ARC_ERROR: audit03.contourArc.p1.bad10|В сохраненной аннотации Results поле Text (Results!CP801) содержит недопустимое значение. Исправьте данные или повторите расчет/импорт для восстановления снимка.
OK: audit03.contourArc.p1.bad10.recovery
FAIL: audit03.contourArc.p1.bad11.rejected
FAIL: audit03.contourArc.p1.bad11.address
FAIL: audit03.contourArc.p1.bad11.reason
FAIL: audit03.contourArc.p1.bad11.empty
FAIL: audit03.contourArc.p1.bad11.entrypoint
FAIL: audit03.contourArc.p1.bad11.chart
CONTOUR_ARC_ERROR: audit03.contourArc.p1.bad11|Overflow
OK: audit03.contourArc.p1.bad11.recovery
FAIL: audit03.contourArc.p1.bad12.rejected
FAIL: audit03.contourArc.p1.bad12.address
FAIL: audit03.contourArc.p1.bad12.reason
FAIL: audit03.contourArc.p1.bad12.empty
FAIL: audit03.contourArc.p1.bad12.entrypoint
FAIL: audit03.contourArc.p1.bad12.chart
CONTOUR_ARC_ERROR: audit03.contourArc.p1.bad12|Overflow
OK: audit03.contourArc.p1.bad12.recovery
FAIL: audit03.contourArc.p1.bad13.rejected
FAIL: audit03.contourArc.p1.bad13.address
FAIL: audit03.contourArc.p1.bad13.reason
FAIL: audit03.contourArc.p1.bad13.empty
FAIL: audit03.contourArc.p1.bad13.entrypoint
FAIL: audit03.contourArc.p1.bad13.chart
CONTOUR_ARC_ERROR: audit03.contourArc.p1.bad13|
OK: audit03.contourArc.p1.bad13.recovery
FAIL: audit03.contourArc.p1.bad14.rejected
FAIL: audit03.contourArc.p1.bad14.address
FAIL: audit03.contourArc.p1.bad14.reason
FAIL: audit03.contourArc.p1.bad14.empty
FAIL: audit03.contourArc.p1.bad14.entrypoint
FAIL: audit03.contourArc.p1.bad14.chart
CONTOUR_ARC_ERROR: audit03.contourArc.p1.bad14|
OK: audit03.contourArc.p1.bad14.recovery
OK: audit03.contourArc.valid.p1.1.570796326795.segments
OK: audit03.contourArc.valid.p1.1.570796326795.exactValue2
OK: audit03.contourArc.valid.p1.1,570796326795.segments
OK: audit03.contourArc.valid.p1.1,570796326795.exactValue2
OK: audit03.contourArc.valid.p1.+1.570796326795E0.segments
OK: audit03.contourArc.valid.p1.+1.570796326795E0.exactValue2
OK: audit03.contourArc.valid.p1.-1.570796326795.segments
OK: audit03.contourArc.valid.p1.-1.570796326795.exactValue2
OK: audit03.contourArc.valid.p1.-.5.segments
OK: audit03.contourArc.valid.p1.-.5.exactValue2
OK: audit03.contourArc.valid.p1..5.segments
OK: audit03.contourArc.valid.p1..5.exactValue2
OK: audit03.contourArc.valid.p1.1E-3.segments
OK: audit03.contourArc.valid.p1.1E-3.exactValue2
OK: audit03.contourArc.valid.p1.0.segments
OK: audit03.contourArc.valid.p1.0.exactValue2
OK: audit03.contourArc.noSolve
CONTOUR_ARC_CASES: variants=44; geometryFixtures=1; equilibriumCases=0
TOTAL_AUDIT03_CONTOUR_ARC: passed=71; failed=158

COM_WORKBOOK_AFTER_SUITE: path=C:\Users\avidzba\AppData\Local\Temp\RC_NDM_ModeSuite_98726f6259494d50b84e703269c54ff7\RC_Section_NDM.xlsm; readOnly=True; sameProxy=True
MODE_AFTER_SUITE: No
SUITE_FINISHED: RunAudit03ContourArcTests; 2026-10-04T12:35:47
SOURCE_UNCHANGED: True
WATCHDOG_COMPLETED: exit=1; source unchanged=True
