SOURCE: C:\Users\avidzba\Desktop\Ø‡Æ£‡†¨¨Î\Ç_êÄÅéíÖ!\RC_Section_NDM\docs\regression\Audit03\RC_Section_NDM_contour_arc_negative_v220.xlsm
SOURCE_SHA256: 2107B0FDEA8F08D41C6AC995B0414D869FABB7C0B857CA6B272D63D5C5A7391A
FIXTURE: C:\Users\avidzba\AppData\Local\Temp\RC_NDM_ModeSuite_98726f6259494d50b84e703269c54ff7\RC_Section_NDM.xlsm
GLOBAL_MODE: General.DiagramExtension=No; explicit-On tests retain their setup
FAIL: audit03.contourArc.p0.bad1.rejected
FAIL: audit03.contourArc.p0.bad1.address
FAIL: audit03.contourArc.p0.bad1.reason
FAIL: audit03.contourArc.p0.bad1.empty
FAIL: audit03.contourArc.p0.bad1.entrypoint
FAIL: audit03.contourArc.p0.bad1.chart
FAIL: audit03.contourArc.p0.bad2.rejected
FAIL: audit03.contourArc.p0.bad2.address
FAIL: audit03.contourArc.p0.bad2.reason
FAIL: audit03.contourArc.p0.bad2.empty
FAIL: audit03.contourArc.p0.bad2.entrypoint
FAIL: audit03.contourArc.p0.bad2.chart
FAIL: audit03.contourArc.p0.bad3.rejected
FAIL: audit03.contourArc.p0.bad3.address
FAIL: audit03.contourArc.p0.bad3.reason
FAIL: audit03.contourArc.p0.bad3.empty
FAIL: audit03.contourArc.p0.bad3.entrypoint
FAIL: audit03.contourArc.p0.bad3.chart
FAIL: audit03.contourArc.p0.bad4.rejected
FAIL: audit03.contourArc.p0.bad4.address
FAIL: audit03.contourArc.p0.bad4.reason
FAIL: audit03.contourArc.p0.bad4.empty
FAIL: audit03.contourArc.p0.bad4.entrypoint
FAIL: audit03.contourArc.p0.bad4.chart
FAIL: audit03.contourArc.p0.bad5.rejected
FAIL: audit03.contourArc.p0.bad5.address
FAIL: audit03.contourArc.p0.bad5.reason
FAIL: audit03.contourArc.p0.bad5.empty
FAIL: audit03.contourArc.p0.bad5.entrypoint
FAIL: audit03.contourArc.p0.bad5.chart
FAIL: audit03.contourArc.p0.bad6.rejected
FAIL: audit03.contourArc.p0.bad6.address
FAIL: audit03.contourArc.p0.bad6.reason
FAIL: audit03.contourArc.p0.bad6.empty
FAIL: audit03.contourArc.p0.bad6.entrypoint
FAIL: audit03.contourArc.p0.bad6.chart
FAIL: audit03.contourArc.p0.bad7.rejected
FAIL: audit03.contourArc.p0.bad7.address
FAIL: audit03.contourArc.p0.bad7.reason
FAIL: audit03.contourArc.p0.bad7.empty
FAIL: audit03.contourArc.p0.bad7.entrypoint
FAIL: audit03.contourArc.p0.bad7.chart
FAIL: audit03.contourArc.p0.bad8.rejected
FAIL: audit03.contourArc.p0.bad8.address
FAIL: audit03.contourArc.p0.bad8.reason
FAIL: audit03.contourArc.p0.bad8.empty
FAIL: audit03.contourArc.p0.bad8.entrypoint
FAIL: audit03.contourArc.p0.bad8.chart
FAIL: audit03.contourArc.p0.bad9.rejected
FAIL: audit03.contourArc.p0.bad9.address
FAIL: audit03.contourArc.p0.bad9.reason
FAIL: audit03.contourArc.p0.bad9.empty
FAIL: audit03.contourArc.p0.bad9.entrypoint
FAIL: audit03.contourArc.p0.bad9.chart
FAIL: audit03.contourArc.p0.bad10.reason
FAIL: audit03.contourArc.p0.bad11.rejected
FAIL: audit03.contourArc.p0.bad11.address
FAIL: audit03.contourArc.p0.bad11.reason
FAIL: audit03.contourArc.p0.bad11.empty
FAIL: audit03.contourArc.p0.bad11.entrypoint
FAIL: audit03.contourArc.p0.bad11.chart
FAIL: audit03.contourArc.p0.bad12.rejected
FAIL: audit03.contourArc.p0.bad12.address
FAIL: audit03.contourArc.p0.bad12.reason
FAIL: audit03.contourArc.p0.bad12.empty
FAIL: audit03.contourArc.p0.bad12.entrypoint
FAIL: audit03.contourArc.p0.bad12.chart
FAIL: audit03.contourArc.p0.bad13.rejected
FAIL: audit03.contourArc.p0.bad13.address
FAIL: audit03.contourArc.p0.bad13.reason
FAIL: audit03.contourArc.p0.bad13.empty
FAIL: audit03.contourArc.p0.bad13.entrypoint
FAIL: audit03.contourArc.p0.bad13.chart
FAIL: audit03.contourArc.p0.bad14.rejected
FAIL: audit03.contourArc.p0.bad14.address
FAIL: audit03.contourArc.p0.bad14.reason
FAIL: audit03.contourArc.p0.bad14.empty
FAIL: audit03.contourArc.p0.bad14.entrypoint
FAIL: audit03.contourArc.p0.bad14.chart
FAIL: audit03.contourArc.p1.bad1.rejected
FAIL: audit03.contourArc.p1.bad1.address
FAIL: audit03.contourArc.p1.bad1.reason
FAIL: audit03.contourArc.p1.bad1.empty
FAIL: audit03.contourArc.p1.bad1.entrypoint
FAIL: audit03.contourArc.p1.bad1.chart
FAIL: audit03.contourArc.p1.bad2.rejected
FAIL: audit03.contourArc.p1.bad2.address
FAIL: audit03.contourArc.p1.bad2.reason
FAIL: audit03.contourArc.p1.bad2.empty
FAIL: audit03.contourArc.p1.bad2.entrypoint
FAIL: audit03.contourArc.p1.bad2.chart
FAIL: audit03.contourArc.p1.bad3.rejected
FAIL: audit03.contourArc.p1.bad3.address
FAIL: audit03.contourArc.p1.bad3.reason
FAIL: audit03.contourArc.p1.bad3.empty
FAIL: audit03.contourArc.p1.bad3.entrypoint
FAIL: audit03.contourArc.p1.bad3.chart
FAIL: audit03.contourArc.p1.bad4.rejected
FAIL: audit03.contourArc.p1.bad4.address
FAIL: audit03.contourArc.p1.bad4.reason
FAIL: audit03.contourArc.p1.bad4.empty
FAIL: audit03.contourArc.p1.bad4.entrypoint
FAIL: audit03.contourArc.p1.bad4.chart
FAIL: audit03.contourArc.p1.bad5.rejected
FAIL: audit03.contourArc.p1.bad5.address
FAIL: audit03.contourArc.p1.bad5.reason
FAIL: audit03.contourArc.p1.bad5.empty
FAIL: audit03.contourArc.p1.bad5.entrypoint
FAIL: audit03.contourArc.p1.bad5.chart
FAIL: audit03.contourArc.p1.bad6.rejected
FAIL: audit03.contourArc.p1.bad6.address
FAIL: audit03.contourArc.p1.bad6.reason
FAIL: audit03.contourArc.p1.bad6.empty
FAIL: audit03.contourArc.p1.bad6.entrypoint
FAIL: audit03.contourArc.p1.bad6.chart
FAIL: audit03.contourArc.p1.bad7.rejected
FAIL: audit03.contourArc.p1.bad7.address
FAIL: audit03.contourArc.p1.bad7.reason
FAIL: audit03.contourArc.p1.bad7.empty
FAIL: audit03.contourArc.p1.bad7.entrypoint
FAIL: audit03.contourArc.p1.bad7.chart
FAIL: audit03.contourArc.p1.bad8.rejected
FAIL: audit03.contourArc.p1.bad8.address
FAIL: audit03.contourArc.p1.bad8.reason
FAIL: audit03.contourArc.p1.bad8.empty
FAIL: audit03.contourArc.p1.bad8.entrypoint
FAIL: audit03.contourArc.p1.bad8.chart
FAIL: audit03.contourArc.p1.bad9.rejected
FAIL: audit03.contourArc.p1.bad9.address
FAIL: audit03.contourArc.p1.bad9.reason
FAIL: audit03.contourArc.p1.bad9.empty
FAIL: audit03.contourArc.p1.bad9.entrypoint
FAIL: audit03.contourArc.p1.bad9.chart
FAIL: audit03.contourArc.p1.bad10.reason
FAIL: audit03.contourArc.p1.bad11.rejected
FAIL: audit03.contourArc.p1.bad11.address
FAIL: audit03.contourArc.p1.bad11.reason
FAIL: audit03.contourArc.p1.bad11.empty
FAIL: audit03.contourArc.p1.bad11.entrypoint
FAIL: audit03.contourArc.p1.bad11.chart
FAIL: audit03.contourArc.p1.bad12.rejected
FAIL: audit03.contourArc.p1.bad12.address
FAIL: audit03.contourArc.p1.bad12.reason
FAIL: audit03.contourArc.p1.bad12.empty
FAIL: audit03.contourArc.p1.bad12.entrypoint
FAIL: audit03.contourArc.p1.bad12.chart
FAIL: audit03.contourArc.p1.bad13.rejected
FAIL: audit03.contourArc.p1.bad13.address
FAIL: audit03.contourArc.p1.bad13.reason
FAIL: audit03.contourArc.p1.bad13.empty
FAIL: audit03.contourArc.p1.bad13.entrypoint
FAIL: audit03.contourArc.p1.bad13.chart
FAIL: audit03.contourArc.p1.bad14.rejected
FAIL: audit03.contourArc.p1.bad14.address
FAIL: audit03.contourArc.p1.bad14.reason
FAIL: audit03.contourArc.p1.bad14.empty
FAIL: audit03.contourArc.p1.bad14.entrypoint
FAIL: audit03.contourArc.p1.bad14.chart
TOTAL_AUDIT03_CONTOUR_ARC: passed=71; failed=158
MODE_AFTER_SUITE: No
SOURCE_UNCHANGED: True
