SOURCE: C:\Users\avidzba\Desktop\Ø‡Æ£‡†¨¨Î\Ç_êÄÅéíÖ!\RC_Section_NDM\docs\regression\Audit03\RC_Section_NDM_crack_config_v86.xlsm
SOURCE_SHA256: 114FED1054BA17E05C3223EDF87504BA800C5D92203494B27B5B5D7CED28730A
FIXTURE: C:\Users\avidzba\AppData\Local\Temp\RC_NDM_ModeSuite_686a0d74a2d548869898e7438fa798f2\RC_Section_NDM.xlsm
GLOBAL_MODE: General.DiagramExtension=No; explicit-On tests retain their setup
TOTAL: passed=524; failed=0
MODE_AFTER_SUITE: No
TOTAL_MATERIAL: passed=2856; failed=0; elapsedSec=3.421875
MODE_AFTER_SUITE: No
TOTAL_SECTION_SOLVER: passed=895; failed=0; elapsedSec=1.40625
MODE_AFTER_SUITE: No
TOTAL_CAPACITY: passed=1676; failed=0; elapsedSec=40.1796875
MODE_AFTER_SUITE: No
TOTAL_CRACK: passed=484; failed=0; elapsedSec=4.546875
MODE_AFTER_SUITE: No
TOTAL_BATCH: passed=6211; failed=0; elapsedSec=53.5703125
MODE_AFTER_SUITE: No
FAIL: audit03.numeric.Formation.Solver.MaxIterations.error
FAIL: audit03.numeric.Formation.Solver.MaxIterations.reason
FAIL: audit03.numeric.Formation.Solver.MaxIterations.error
FAIL: audit03.numeric.Formation.Solver.MaxIterations.reason
FAIL: audit03.numeric.Formation.Solver.MaxIterations.error
FAIL: audit03.numeric.Formation.Solver.MaxIterations.reason
FAIL: audit03.numeric.Formation.Solver.MaxIterations.parsable
FAIL: audit03.numeric.Formation.optionalAbsent
FAIL: audit03.numeric.Formation.Solver.LoadSteps.error
FAIL: audit03.numeric.Formation.Solver.LoadSteps.reason
FAIL: audit03.numeric.Formation.Solver.LoadSteps.error
FAIL: audit03.numeric.Formation.Solver.LoadSteps.reason
FAIL: audit03.numeric.Formation.Solver.LoadSteps.error
FAIL: audit03.numeric.Formation.Solver.LoadSteps.reason
FAIL: audit03.numeric.Formation.Solver.LoadSteps.parsable
FAIL: audit03.numeric.Formation.optionalAbsent
FAIL: audit03.numeric.Formation.Solver.ToleranceN.error
FAIL: audit03.numeric.Formation.Solver.ToleranceN.reason
FAIL: audit03.numeric.Formation.Solver.ToleranceN.error
FAIL: audit03.numeric.Formation.Solver.ToleranceN.reason
FAIL: audit03.numeric.Formation.Solver.ToleranceN.error
FAIL: audit03.numeric.Formation.Solver.ToleranceN.reason
FAIL: audit03.numeric.Formation.Solver.ToleranceN.parsable
FAIL: audit03.numeric.Formation.optionalAbsent
FAIL: audit03.numeric.Formation.Solver.ToleranceMx.error
FAIL: audit03.numeric.Formation.Solver.ToleranceMx.reason
FAIL: audit03.numeric.Formation.Solver.ToleranceMx.error
FAIL: audit03.numeric.Formation.Solver.ToleranceMx.reason
FAIL: audit03.numeric.Formation.Solver.ToleranceMx.error
FAIL: audit03.numeric.Formation.Solver.ToleranceMx.reason
FAIL: audit03.numeric.Formation.Solver.ToleranceMx.parsable
FAIL: audit03.numeric.Formation.optionalAbsent
FAIL: audit03.numeric.Formation.Solver.ToleranceMy.error
FAIL: audit03.numeric.Formation.Solver.ToleranceMy.reason
FAIL: audit03.numeric.Formation.Solver.ToleranceMy.error
FAIL: audit03.numeric.Formation.Solver.ToleranceMy.reason
FAIL: audit03.numeric.Formation.Solver.ToleranceMy.error
FAIL: audit03.numeric.Formation.Solver.ToleranceMy.reason
FAIL: audit03.numeric.Formation.Solver.ToleranceMy.parsable
FAIL: audit03.numeric.Formation.optionalAbsent
FAIL: audit03.numeric.Formation.Solver.DampingInitial.error
FAIL: audit03.numeric.Formation.Solver.DampingInitial.reason
FAIL: audit03.numeric.Formation.Solver.DampingInitial.error
FAIL: audit03.numeric.Formation.Solver.DampingInitial.reason
FAIL: audit03.numeric.Formation.Solver.DampingInitial.error
FAIL: audit03.numeric.Formation.Solver.DampingInitial.reason
FAIL: audit03.numeric.Formation.Solver.DampingInitial.parsable
FAIL: audit03.numeric.Formation.optionalAbsent
FAIL: audit03.numeric.Formation.Solver.MinLineSearchAlpha.error
FAIL: audit03.numeric.Formation.Solver.MinLineSearchAlpha.reason
FAIL: audit03.numeric.Formation.Solver.MinLineSearchAlpha.error
FAIL: audit03.numeric.Formation.Solver.MinLineSearchAlpha.reason
FAIL: audit03.numeric.Formation.Solver.MinLineSearchAlpha.error
FAIL: audit03.numeric.Formation.Solver.MinLineSearchAlpha.reason
FAIL: audit03.numeric.Formation.Solver.MinLineSearchAlpha.parsable
FAIL: audit03.numeric.Formation.optionalAbsent
FAIL: audit03.numeric.Formation.Solver.MaxDeltaEpsilon0.error
FAIL: audit03.numeric.Formation.Solver.MaxDeltaEpsilon0.reason
FAIL: audit03.numeric.Formation.Solver.MaxDeltaEpsilon0.error
FAIL: audit03.numeric.Formation.Solver.MaxDeltaEpsilon0.reason
FAIL: audit03.numeric.Formation.Solver.MaxDeltaEpsilon0.error
FAIL: audit03.numeric.Formation.Solver.MaxDeltaEpsilon0.reason
FAIL: audit03.numeric.Formation.Solver.MaxDeltaEpsilon0.parsable
FAIL: audit03.numeric.Formation.optionalAbsent
FAIL: audit03.numeric.Formation.Solver.MaxDeltaKappa.error
FAIL: audit03.numeric.Formation.Solver.MaxDeltaKappa.reason
FAIL: audit03.numeric.Formation.Solver.MaxDeltaKappa.error
FAIL: audit03.numeric.Formation.Solver.MaxDeltaKappa.reason
FAIL: audit03.numeric.Formation.Solver.MaxDeltaKappa.error
FAIL: audit03.numeric.Formation.Solver.MaxDeltaKappa.reason
FAIL: audit03.numeric.Formation.Solver.MaxDeltaKappa.parsable
FAIL: audit03.numeric.Formation.optionalAbsent
FAIL: audit03.numeric.Formation.Solver.SecantMaxRestarts.error
FAIL: audit03.numeric.Formation.Solver.SecantMaxRestarts.reason
FAIL: audit03.numeric.Formation.Solver.SecantMaxRestarts.error
FAIL: audit03.numeric.Formation.Solver.SecantMaxRestarts.reason
FAIL: audit03.numeric.Formation.Solver.SecantMaxRestarts.error
FAIL: audit03.numeric.Formation.Solver.SecantMaxRestarts.reason
FAIL: audit03.numeric.Formation.Solver.SecantMaxRestarts.parsable
FAIL: audit03.numeric.Formation.optionalAbsent
FAIL: audit03.numeric.Formation.Solver.SecantMinStepNorm.error
FAIL: audit03.numeric.Formation.Solver.SecantMinStepNorm.reason
FAIL: audit03.numeric.Formation.Solver.SecantMinStepNorm.error
FAIL: audit03.numeric.Formation.Solver.SecantMinStepNorm.reason
FAIL: audit03.numeric.Formation.Solver.SecantMinStepNorm.error
FAIL: audit03.numeric.Formation.Solver.SecantMinStepNorm.reason
FAIL: audit03.numeric.Formation.Solver.SecantMinStepNorm.parsable
FAIL: audit03.numeric.Formation.optionalAbsent
TOTAL_WORKBOOK_UI: passed=5239; failed=88; elapsedSec=184.3125
MODE_AFTER_SUITE: Yes
TOTAL_REGRESSION_BASELINE: passed=39; failed=0; elapsedSec=0.5
MODE_AFTER_SUITE: No
SOURCE_UNCHANGED: True
