SOURCE: C:\Users\avidzba\Desktop\Ø‡Æ£‡†¨¨Î\Ç_êÄÅéíÖ!\RC_Section_NDM\docs\regression\Audit03\RC_Section_NDM_input_messages_v95.xlsm
SOURCE_SHA256: 585719A6972C8E1D49AED0463562A98B862A88151F7D85ECE33FC4CA890B75F4
FIXTURE: C:\Users\avidzba\AppData\Local\Temp\RC_NDM_ModeSuite_b3b896eed2ef42efabbbb7fc16177110\RC_Section_NDM.xlsm
GLOBAL_MODE: General.DiagramExtension=Yes; explicit-On tests retain their setup
TOTAL: passed=524; failed=0
MODE_AFTER_SUITE: Yes
TOTAL_MATERIAL: passed=2856; failed=0; elapsedSec=5.7265625
MODE_AFTER_SUITE: Yes
TOTAL_SECTION_SOLVER: passed=895; failed=0; elapsedSec=1.3671875
MODE_AFTER_SUITE: Yes
TOTAL_CAPACITY: passed=1676; failed=0; elapsedSec=41.6484375
MODE_AFTER_SUITE: Yes
TOTAL_CRACK: passed=484; failed=0; elapsedSec=4.5546875
MODE_AFTER_SUITE: Yes
TOTAL_BATCH: passed=6330; failed=0; elapsedSec=55.8359375
MODE_AFTER_SUITE: Yes
TOTAL_WORKBOOK_UI: passed=6924; failed=0; elapsedSec=202.3515625
MODE_AFTER_SUITE: Yes
TOTAL_REGRESSION_BASELINE: passed=39; failed=0; elapsedSec=0.5234375
MODE_AFTER_SUITE: Yes
SOURCE_UNCHANGED: True
