SOURCE: C:\Users\avidzba\Desktop\Ø‡Æ£‡†¨¨Î\Ç_êÄÅéíÖ!\RC_Section_NDM\docs\regression\Audit03\RC_Section_NDM_duration_negative_v177b.xlsm
SOURCE_SHA256: D77D986367920D818CB0B9DA1C7BCCD5A56E1DF70369CC7DEF039F10EE8E1624
FIXTURE: C:\Users\avidzba\AppData\Local\Temp\RC_NDM_ModeSuite_8208df07953c46069835b73c7008d712\RC_Section_NDM.xlsm
GLOBAL_MODE: General.DiagramExtension=No; explicit-On tests retain their setup
FAIL: durationConfig.Slot1.N.error1.readerNoAbort
FAIL: durationConfig.Slot1.N.error2.typed
FAIL: durationConfig.Slot1.N.error2.display
FAIL: durationConfig.Slot1.N.error2.notCalculated
FAIL: durationConfig.Slot1.N.error2.address
FAIL: durationConfig.Slot1.N.error2.repair
FAIL: durationConfig.Slot1.Mx.error1.readerNoAbort
FAIL: durationConfig.Slot1.Mx.error2.typed
FAIL: durationConfig.Slot1.Mx.error2.display
FAIL: durationConfig.Slot1.Mx.error2.notCalculated
FAIL: durationConfig.Slot1.Mx.error2.address
FAIL: durationConfig.Slot1.Mx.error2.repair
FAIL: durationConfig.Slot1.My.error1.readerNoAbort
FAIL: durationConfig.Slot1.My.error2.typed
FAIL: durationConfig.Slot1.My.error2.display
FAIL: durationConfig.Slot1.My.error2.notCalculated
FAIL: durationConfig.Slot1.My.error2.address
FAIL: durationConfig.Slot1.My.error2.repair
FAIL: durationConfig.Slot2.N.error1.readerNoAbort
FAIL: durationConfig.Slot2.N.error2.typed
FAIL: durationConfig.Slot2.N.error2.display
FAIL: durationConfig.Slot2.N.error2.notCalculated
FAIL: durationConfig.Slot2.N.error2.address
FAIL: durationConfig.Slot2.N.error2.repair
FAIL: durationConfig.Slot2.Mx.error1.readerNoAbort
FAIL: durationConfig.Slot2.Mx.error2.typed
FAIL: durationConfig.Slot2.Mx.error2.display
FAIL: durationConfig.Slot2.Mx.error2.notCalculated
FAIL: durationConfig.Slot2.Mx.error2.address
FAIL: durationConfig.Slot2.Mx.error2.repair
FAIL: durationConfig.Slot2.My.error1.readerNoAbort
FAIL: durationConfig.Slot2.My.error2.typed
FAIL: durationConfig.Slot2.My.error2.display
FAIL: durationConfig.Slot2.My.error2.notCalculated
FAIL: durationConfig.Slot2.My.error2.address
FAIL: durationConfig.Slot2.My.error2.repair
FAIL: durationConfig.Slot3.N.error1.readerNoAbort
FAIL: durationConfig.Slot3.N.error2.typed
FAIL: durationConfig.Slot3.N.error2.display
FAIL: durationConfig.Slot3.N.error2.notCalculated
FAIL: durationConfig.Slot3.N.error2.address
FAIL: durationConfig.Slot3.N.error2.repair
FAIL: durationConfig.Slot3.Mx.error1.readerNoAbort
FAIL: durationConfig.Slot3.Mx.error2.typed
FAIL: durationConfig.Slot3.Mx.error2.display
FAIL: durationConfig.Slot3.Mx.error2.notCalculated
FAIL: durationConfig.Slot3.Mx.error2.address
FAIL: durationConfig.Slot3.Mx.error2.repair
FAIL: durationConfig.Slot3.My.error1.readerNoAbort
FAIL: durationConfig.Slot3.My.error2.typed
FAIL: durationConfig.Slot3.My.error2.display
FAIL: durationConfig.Slot3.My.error2.notCalculated
FAIL: durationConfig.Slot3.My.error2.address
FAIL: durationConfig.Slot3.My.error2.repair
FAIL: durationConfig.Slot4.N.error1.readerNoAbort
FAIL: durationConfig.Slot4.N.error2.typed
FAIL: durationConfig.Slot4.N.error2.display
FAIL: durationConfig.Slot4.N.error2.notCalculated
FAIL: durationConfig.Slot4.N.error2.address
FAIL: durationConfig.Slot4.N.error2.repair
FAIL: durationConfig.Slot4.Mx.error1.readerNoAbort
FAIL: durationConfig.Slot4.Mx.error2.typed
FAIL: durationConfig.Slot4.Mx.error2.display
FAIL: durationConfig.Slot4.Mx.error2.notCalculated
FAIL: durationConfig.Slot4.Mx.error2.address
FAIL: durationConfig.Slot4.Mx.error2.repair
FAIL: durationConfig.Slot4.My.error1.readerNoAbort
FAIL: durationConfig.Slot4.My.error2.typed
FAIL: durationConfig.Slot4.My.error2.display
FAIL: durationConfig.Slot4.My.error2.notCalculated
FAIL: durationConfig.Slot4.My.error2.address
FAIL: durationConfig.Slot4.My.error2.repair
FAIL: durationConfig.Slot5.N.error1.readerNoAbort
FAIL: durationConfig.Slot5.N.error2.typed
FAIL: durationConfig.Slot5.N.error2.display
FAIL: durationConfig.Slot5.N.error2.notCalculated
FAIL: durationConfig.Slot5.N.error2.address
FAIL: durationConfig.Slot5.N.error2.repair
FAIL: durationConfig.Slot5.Mx.error1.readerNoAbort
FAIL: durationConfig.Slot5.Mx.error2.typed
FAIL: durationConfig.Slot5.Mx.error2.display
FAIL: durationConfig.Slot5.Mx.error2.notCalculated
FAIL: durationConfig.Slot5.Mx.error2.address
FAIL: durationConfig.Slot5.Mx.error2.repair
FAIL: durationConfig.Slot5.My.error1.readerNoAbort
FAIL: durationConfig.Slot5.My.error2.typed
FAIL: durationConfig.Slot5.My.error2.display
FAIL: durationConfig.Slot5.My.error2.notCalculated
FAIL: durationConfig.Slot5.My.error2.address
FAIL: durationConfig.Slot5.My.error2.repair
FAIL: durationConfig.Slot6.N.error1.readerNoAbort
FAIL: durationConfig.Slot6.N.error2.typed
FAIL: durationConfig.Slot6.N.error2.display
FAIL: durationConfig.Slot6.N.error2.notCalculated
FAIL: durationConfig.Slot6.N.error2.address
FAIL: durationConfig.Slot6.N.error2.repair
FAIL: durationConfig.Slot6.Mx.error1.readerNoAbort
FAIL: durationConfig.Slot6.Mx.error2.typed
FAIL: durationConfig.Slot6.Mx.error2.display
FAIL: durationConfig.Slot6.Mx.error2.notCalculated
FAIL: durationConfig.Slot6.Mx.error2.address
FAIL: durationConfig.Slot6.Mx.error2.repair
FAIL: durationConfig.Slot6.My.error1.readerNoAbort
FAIL: durationConfig.Slot6.My.error2.typed
FAIL: durationConfig.Slot6.My.error2.display
FAIL: durationConfig.Slot6.My.error2.notCalculated
FAIL: durationConfig.Slot6.My.error2.address
FAIL: durationConfig.Slot6.My.error2.repair
FAIL: durationConfig.Slot7.N.error1.readerNoAbort
FAIL: durationConfig.Slot7.N.error2.typed
FAIL: durationConfig.Slot7.N.error2.display
FAIL: durationConfig.Slot7.N.error2.notCalculated
FAIL: durationConfig.Slot7.N.error2.address
FAIL: durationConfig.Slot7.N.error2.repair
FAIL: durationConfig.Slot7.Mx.error1.readerNoAbort
FAIL: durationConfig.Slot7.Mx.error2.typed
FAIL: durationConfig.Slot7.Mx.error2.display
FAIL: durationConfig.Slot7.Mx.error2.notCalculated
FAIL: durationConfig.Slot7.Mx.error2.address
FAIL: durationConfig.Slot7.Mx.error2.repair
FAIL: durationConfig.Slot7.My.error1.readerNoAbort
FAIL: durationConfig.Slot7.My.error2.typed
FAIL: durationConfig.Slot7.My.error2.display
FAIL: durationConfig.Slot7.My.error2.notCalculated
FAIL: durationConfig.Slot7.My.error2.address
FAIL: durationConfig.Slot7.My.error2.repair
FAIL: durationConfig.Slot8.N.error1.readerNoAbort
FAIL: durationConfig.Slot8.N.error2.typed
FAIL: durationConfig.Slot8.N.error2.display
FAIL: durationConfig.Slot8.N.error2.notCalculated
FAIL: durationConfig.Slot8.N.error2.address
FAIL: durationConfig.Slot8.N.error2.repair
FAIL: durationConfig.Slot8.Mx.error1.readerNoAbort
FAIL: durationConfig.Slot8.Mx.error2.typed
FAIL: durationConfig.Slot8.Mx.error2.display
FAIL: durationConfig.Slot8.Mx.error2.notCalculated
FAIL: durationConfig.Slot8.Mx.error2.address
FAIL: durationConfig.Slot8.Mx.error2.repair
FAIL: durationConfig.Slot8.My.error1.readerNoAbort
FAIL: durationConfig.Slot8.My.error2.typed
FAIL: durationConfig.Slot8.My.error2.display
FAIL: durationConfig.Slot8.My.error2.notCalculated
FAIL: durationConfig.Slot8.My.error2.address
FAIL: durationConfig.Slot8.My.error2.repair
FAIL: durationConfig.Slot9.N.error1.readerNoAbort
FAIL: durationConfig.Slot9.N.error2.typed
FAIL: durationConfig.Slot9.N.error2.display
FAIL: durationConfig.Slot9.N.error2.notCalculated
FAIL: durationConfig.Slot9.N.error2.address
FAIL: durationConfig.Slot9.N.error2.repair
FAIL: durationConfig.Slot9.Mx.error1.readerNoAbort
FAIL: durationConfig.Slot9.Mx.error2.typed
FAIL: durationConfig.Slot9.Mx.error2.display
FAIL: durationConfig.Slot9.Mx.error2.notCalculated
FAIL: durationConfig.Slot9.Mx.error2.address
FAIL: durationConfig.Slot9.Mx.error2.repair
FAIL: durationConfig.Slot9.My.error1.readerNoAbort
FAIL: durationConfig.Slot9.My.error2.typed
FAIL: durationConfig.Slot9.My.error2.display
FAIL: durationConfig.Slot9.My.error2.notCalculated
FAIL: durationConfig.Slot9.My.error2.address
FAIL: durationConfig.Slot9.My.error2.repair
FAIL: durationConfig.Slot10.N.error1.readerNoAbort
FAIL: durationConfig.Slot10.N.error2.typed
FAIL: durationConfig.Slot10.N.error2.display
FAIL: durationConfig.Slot10.N.error2.notCalculated
FAIL: durationConfig.Slot10.N.error2.address
FAIL: durationConfig.Slot10.N.error2.repair
FAIL: durationConfig.Slot10.Mx.error1.readerNoAbort
FAIL: durationConfig.Slot10.Mx.error2.typed
FAIL: durationConfig.Slot10.Mx.error2.display
FAIL: durationConfig.Slot10.Mx.error2.notCalculated
FAIL: durationConfig.Slot10.Mx.error2.address
FAIL: durationConfig.Slot10.Mx.error2.repair
FAIL: durationConfig.Slot10.My.error1.readerNoAbort
FAIL: durationConfig.Slot10.My.error2.typed
FAIL: durationConfig.Slot10.My.error2.display
FAIL: durationConfig.Slot10.My.error2.notCalculated
FAIL: durationConfig.Slot10.My.error2.address
FAIL: durationConfig.Slot10.My.error2.repair
FAIL: durationConfig.Slot11.N.error1.readerNoAbort
FAIL: durationConfig.Slot11.N.error2.typed
FAIL: durationConfig.Slot11.N.error2.display
FAIL: durationConfig.Slot11.N.error2.notCalculated
FAIL: durationConfig.Slot11.N.error2.address
FAIL: durationConfig.Slot11.N.error2.repair
FAIL: durationConfig.Slot11.Mx.error1.readerNoAbort
FAIL: durationConfig.Slot11.Mx.error2.typed
FAIL: durationConfig.Slot11.Mx.error2.display
FAIL: durationConfig.Slot11.Mx.error2.notCalculated
FAIL: durationConfig.Slot11.Mx.error2.address
FAIL: durationConfig.Slot11.Mx.error2.repair
FAIL: durationConfig.Slot11.My.error1.readerNoAbort
FAIL: durationConfig.Slot11.My.error2.typed
FAIL: durationConfig.Slot11.My.error2.display
FAIL: durationConfig.Slot11.My.error2.notCalculated
FAIL: durationConfig.Slot11.My.error2.address
FAIL: durationConfig.Slot11.My.error2.repair
FAIL: durationConfig.Slot12.N.error1.readerNoAbort
FAIL: durationConfig.Slot12.N.error2.typed
FAIL: durationConfig.Slot12.N.error2.display
FAIL: durationConfig.Slot12.N.error2.notCalculated
FAIL: durationConfig.Slot12.N.error2.address
FAIL: durationConfig.Slot12.N.error2.repair
FAIL: durationConfig.Slot12.Mx.error1.readerNoAbort
FAIL: durationConfig.Slot12.Mx.error2.typed
FAIL: durationConfig.Slot12.Mx.error2.display
FAIL: durationConfig.Slot12.Mx.error2.notCalculated
FAIL: durationConfig.Slot12.Mx.error2.address
FAIL: durationConfig.Slot12.Mx.error2.repair
FAIL: durationConfig.Slot12.My.error1.readerNoAbort
FAIL: durationConfig.Slot12.My.error2.typed
FAIL: durationConfig.Slot12.My.error2.display
FAIL: durationConfig.Slot12.My.error2.notCalculated
FAIL: durationConfig.Slot12.My.error2.address
FAIL: durationConfig.Slot12.My.error2.repair
FAIL: durationConfig.Slot13.N.error1.readerNoAbort
FAIL: durationConfig.Slot13.N.error2.typed
FAIL: durationConfig.Slot13.N.error2.display
FAIL: durationConfig.Slot13.N.error2.notCalculated
FAIL: durationConfig.Slot13.N.error2.address
FAIL: durationConfig.Slot13.N.error2.repair
FAIL: durationConfig.Slot13.Mx.error1.readerNoAbort
FAIL: durationConfig.Slot13.Mx.error2.typed
FAIL: durationConfig.Slot13.Mx.error2.display
FAIL: durationConfig.Slot13.Mx.error2.notCalculated
FAIL: durationConfig.Slot13.Mx.error2.address
FAIL: durationConfig.Slot13.Mx.error2.repair
FAIL: durationConfig.Slot13.My.error1.readerNoAbort
FAIL: durationConfig.Slot13.My.error2.typed
FAIL: durationConfig.Slot13.My.error2.display
FAIL: durationConfig.Slot13.My.error2.notCalculated
FAIL: durationConfig.Slot13.My.error2.address
FAIL: durationConfig.Slot13.My.error2.repair
FAIL: durationConfig.Slot14.N.error1.readerNoAbort
FAIL: durationConfig.Slot14.N.error2.typed
FAIL: durationConfig.Slot14.N.error2.display
FAIL: durationConfig.Slot14.N.error2.notCalculated
FAIL: durationConfig.Slot14.N.error2.address
FAIL: durationConfig.Slot14.N.error2.repair
FAIL: durationConfig.Slot14.Mx.error1.readerNoAbort
FAIL: durationConfig.Slot14.Mx.error2.typed
FAIL: durationConfig.Slot14.Mx.error2.display
FAIL: durationConfig.Slot14.Mx.error2.notCalculated
FAIL: durationConfig.Slot14.Mx.error2.address
FAIL: durationConfig.Slot14.Mx.error2.repair
FAIL: durationConfig.Slot14.My.error1.readerNoAbort
FAIL: durationConfig.Slot14.My.error2.typed
FAIL: durationConfig.Slot14.My.error2.display
FAIL: durationConfig.Slot14.My.error2.notCalculated
FAIL: durationConfig.Slot14.My.error2.address
FAIL: durationConfig.Slot14.My.error2.repair
FAIL: durationConfig.Slot15.N.error1.readerNoAbort
FAIL: durationConfig.Slot15.N.error2.typed
FAIL: durationConfig.Slot15.N.error2.display
FAIL: durationConfig.Slot15.N.error2.notCalculated
FAIL: durationConfig.Slot15.N.error2.address
FAIL: durationConfig.Slot15.N.error2.repair
FAIL: durationConfig.Slot15.Mx.error1.readerNoAbort
FAIL: durationConfig.Slot15.Mx.error2.typed
FAIL: durationConfig.Slot15.Mx.error2.display
FAIL: durationConfig.Slot15.Mx.error2.notCalculated
FAIL: durationConfig.Slot15.Mx.error2.address
FAIL: durationConfig.Slot15.Mx.error2.repair
FAIL: durationConfig.Slot15.My.error1.readerNoAbort
FAIL: durationConfig.Slot15.My.error2.typed
FAIL: durationConfig.Slot15.My.error2.display
FAIL: durationConfig.Slot15.My.error2.notCalculated
FAIL: durationConfig.Slot15.My.error2.address
FAIL: durationConfig.Slot15.My.error2.repair
FAIL: durationConfig.Slot16.N.error1.readerNoAbort
FAIL: durationConfig.Slot16.N.error2.typed
FAIL: durationConfig.Slot16.N.error2.display
FAIL: durationConfig.Slot16.N.error2.notCalculated
FAIL: durationConfig.Slot16.N.error2.address
FAIL: durationConfig.Slot16.N.error2.repair
FAIL: durationConfig.Slot16.Mx.error1.readerNoAbort
FAIL: durationConfig.Slot16.Mx.error2.typed
FAIL: durationConfig.Slot16.Mx.error2.display
FAIL: durationConfig.Slot16.Mx.error2.notCalculated
FAIL: durationConfig.Slot16.Mx.error2.address
FAIL: durationConfig.Slot16.Mx.error2.repair
FAIL: durationConfig.Slot16.My.error1.readerNoAbort
FAIL: durationConfig.Slot16.My.error2.typed
FAIL: durationConfig.Slot16.My.error2.display
FAIL: durationConfig.Slot16.My.error2.notCalculated
FAIL: durationConfig.Slot16.My.error2.address
FAIL: durationConfig.Slot16.My.error2.repair
FAIL: durationConfig.Slot17.N.error1.readerNoAbort
FAIL: durationConfig.Slot17.N.error2.typed
FAIL: durationConfig.Slot17.N.error2.display
FAIL: durationConfig.Slot17.N.error2.notCalculated
FAIL: durationConfig.Slot17.N.error2.address
FAIL: durationConfig.Slot17.N.error2.repair
FAIL: durationConfig.Slot17.Mx.error1.readerNoAbort
FAIL: durationConfig.Slot17.Mx.error2.typed
FAIL: durationConfig.Slot17.Mx.error2.display
FAIL: durationConfig.Slot17.Mx.error2.notCalculated
FAIL: durationConfig.Slot17.Mx.error2.address
FAIL: durationConfig.Slot17.Mx.error2.repair
FAIL: durationConfig.Slot17.My.error1.readerNoAbort
FAIL: durationConfig.Slot17.My.error2.typed
FAIL: durationConfig.Slot17.My.error2.display
FAIL: durationConfig.Slot17.My.error2.notCalculated
FAIL: durationConfig.Slot17.My.error2.address
FAIL: durationConfig.Slot17.My.error2.repair
FAIL: durationConfig.Slot18.N.error1.readerNoAbort
FAIL: durationConfig.Slot18.N.error2.typed
FAIL: durationConfig.Slot18.N.error2.display
FAIL: durationConfig.Slot18.N.error2.notCalculated
FAIL: durationConfig.Slot18.N.error2.address
FAIL: durationConfig.Slot18.N.error2.repair
FAIL: durationConfig.Slot18.Mx.error1.readerNoAbort
FAIL: durationConfig.Slot18.Mx.error2.typed
FAIL: durationConfig.Slot18.Mx.error2.display
FAIL: durationConfig.Slot18.Mx.error2.notCalculated
FAIL: durationConfig.Slot18.Mx.error2.address
FAIL: durationConfig.Slot18.Mx.error2.repair
FAIL: durationConfig.Slot18.My.error1.readerNoAbort
FAIL: durationConfig.Slot18.My.error2.typed
FAIL: durationConfig.Slot18.My.error2.display
FAIL: durationConfig.Slot18.My.error2.notCalculated
FAIL: durationConfig.Slot18.My.error2.address
FAIL: durationConfig.Slot18.My.error2.repair
FAIL: durationConfig.Slot19.N.error1.readerNoAbort
FAIL: durationConfig.Slot19.N.error2.typed
FAIL: durationConfig.Slot19.N.error2.display
FAIL: durationConfig.Slot19.N.error2.notCalculated
FAIL: durationConfig.Slot19.N.error2.address
FAIL: durationConfig.Slot19.N.error2.repair
FAIL: durationConfig.Slot19.Mx.error1.readerNoAbort
FAIL: durationConfig.Slot19.Mx.error2.typed
FAIL: durationConfig.Slot19.Mx.error2.display
FAIL: durationConfig.Slot19.Mx.error2.notCalculated
FAIL: durationConfig.Slot19.Mx.error2.address
FAIL: durationConfig.Slot19.Mx.error2.repair
FAIL: durationConfig.Slot19.My.error1.readerNoAbort
FAIL: durationConfig.Slot19.My.error2.typed
FAIL: durationConfig.Slot19.My.error2.display
FAIL: durationConfig.Slot19.My.error2.notCalculated
FAIL: durationConfig.Slot19.My.error2.address
FAIL: durationConfig.Slot19.My.error2.repair
FAIL: durationConfig.Slot20.N.error1.readerNoAbort
FAIL: durationConfig.Slot20.N.error2.typed
FAIL: durationConfig.Slot20.N.error2.display
FAIL: durationConfig.Slot20.N.error2.notCalculated
FAIL: durationConfig.Slot20.N.error2.address
FAIL: durationConfig.Slot20.N.error2.repair
FAIL: durationConfig.Slot20.Mx.error1.readerNoAbort
FAIL: durationConfig.Slot20.Mx.error2.typed
FAIL: durationConfig.Slot20.Mx.error2.display
FAIL: durationConfig.Slot20.Mx.error2.notCalculated
FAIL: durationConfig.Slot20.Mx.error2.address
FAIL: durationConfig.Slot20.Mx.error2.repair
FAIL: durationConfig.Slot20.My.error1.readerNoAbort
FAIL: durationConfig.Slot20.My.error2.typed
FAIL: durationConfig.Slot20.My.error2.display
FAIL: durationConfig.Slot20.My.error2.notCalculated
FAIL: durationConfig.Slot20.My.error2.address
FAIL: durationConfig.Slot20.My.error2.repair
FAIL: durationConfig.Slot21.N.error1.readerNoAbort
FAIL: durationConfig.Slot21.N.error2.typed
FAIL: durationConfig.Slot21.N.error2.display
FAIL: durationConfig.Slot21.N.error2.notCalculated
FAIL: durationConfig.Slot21.N.error2.address
FAIL: durationConfig.Slot21.N.error2.repair
FAIL: durationConfig.Slot21.Mx.error1.readerNoAbort
FAIL: durationConfig.Slot21.Mx.error2.typed
FAIL: durationConfig.Slot21.Mx.error2.display
FAIL: durationConfig.Slot21.Mx.error2.notCalculated
FAIL: durationConfig.Slot21.Mx.error2.address
FAIL: durationConfig.Slot21.Mx.error2.repair
FAIL: durationConfig.Slot21.My.error1.readerNoAbort
FAIL: durationConfig.Slot21.My.error2.typed
FAIL: durationConfig.Slot21.My.error2.display
FAIL: durationConfig.Slot21.My.error2.notCalculated
FAIL: durationConfig.Slot21.My.error2.address
FAIL: durationConfig.Slot21.My.error2.repair
FAIL: durationConfig.Slot22.N.error1.readerNoAbort
FAIL: durationConfig.Slot22.N.error2.typed
FAIL: durationConfig.Slot22.N.error2.display
FAIL: durationConfig.Slot22.N.error2.notCalculated
FAIL: durationConfig.Slot22.N.error2.address
FAIL: durationConfig.Slot22.N.error2.repair
FAIL: durationConfig.Slot22.Mx.error1.readerNoAbort
FAIL: durationConfig.Slot22.Mx.error2.typed
FAIL: durationConfig.Slot22.Mx.error2.display
FAIL: durationConfig.Slot22.Mx.error2.notCalculated
FAIL: durationConfig.Slot22.Mx.error2.address
FAIL: durationConfig.Slot22.Mx.error2.repair
FAIL: durationConfig.Slot22.My.error1.readerNoAbort
FAIL: durationConfig.Slot22.My.error2.typed
FAIL: durationConfig.Slot22.My.error2.display
FAIL: durationConfig.Slot22.My.error2.notCalculated
FAIL: durationConfig.Slot22.My.error2.address
FAIL: durationConfig.Slot22.My.error2.repair
FAIL: durationConfig.Slot23.N.error1.readerNoAbort
FAIL: durationConfig.Slot23.N.error2.typed
FAIL: durationConfig.Slot23.N.error2.display
FAIL: durationConfig.Slot23.N.error2.notCalculated
FAIL: durationConfig.Slot23.N.error2.address
FAIL: durationConfig.Slot23.N.error2.repair
FAIL: durationConfig.Slot23.Mx.error1.readerNoAbort
FAIL: durationConfig.Slot23.Mx.error2.typed
FAIL: durationConfig.Slot23.Mx.error2.display
FAIL: durationConfig.Slot23.Mx.error2.notCalculated
FAIL: durationConfig.Slot23.Mx.error2.address
FAIL: durationConfig.Slot23.Mx.error2.repair
FAIL: durationConfig.Slot23.My.error1.readerNoAbort
FAIL: durationConfig.Slot23.My.error2.typed
FAIL: durationConfig.Slot23.My.error2.display
FAIL: durationConfig.Slot23.My.error2.notCalculated
FAIL: durationConfig.Slot23.My.error2.address
FAIL: durationConfig.Slot23.My.error2.repair
FAIL: durationConfig.Slot24.N.error1.readerNoAbort
FAIL: durationConfig.Slot24.N.error2.typed
FAIL: durationConfig.Slot24.N.error2.display
FAIL: durationConfig.Slot24.N.error2.notCalculated
FAIL: durationConfig.Slot24.N.error2.address
FAIL: durationConfig.Slot24.N.error2.repair
FAIL: durationConfig.Slot24.Mx.error1.readerNoAbort
FAIL: durationConfig.Slot24.Mx.error2.typed
FAIL: durationConfig.Slot24.Mx.error2.display
FAIL: durationConfig.Slot24.Mx.error2.notCalculated
FAIL: durationConfig.Slot24.Mx.error2.address
FAIL: durationConfig.Slot24.Mx.error2.repair
FAIL: durationConfig.Slot24.My.error1.readerNoAbort
FAIL: durationConfig.Slot24.My.error2.typed
FAIL: durationConfig.Slot24.My.error2.display
FAIL: durationConfig.Slot24.My.error2.notCalculated
FAIL: durationConfig.Slot24.My.error2.address
FAIL: durationConfig.Slot24.My.error2.repair
FAIL: durationConfig.Slot25.N.error1.readerNoAbort
FAIL: durationConfig.Slot25.N.error2.typed
FAIL: durationConfig.Slot25.N.error2.display
FAIL: durationConfig.Slot25.N.error2.notCalculated
FAIL: durationConfig.Slot25.N.error2.address
FAIL: durationConfig.Slot25.N.error2.repair
FAIL: durationConfig.Slot25.Mx.error1.readerNoAbort
FAIL: durationConfig.Slot25.Mx.error2.typed
FAIL: durationConfig.Slot25.Mx.error2.display
FAIL: durationConfig.Slot25.Mx.error2.notCalculated
FAIL: durationConfig.Slot25.Mx.error2.address
FAIL: durationConfig.Slot25.Mx.error2.repair
FAIL: durationConfig.Slot25.My.error1.readerNoAbort
FAIL: durationConfig.Slot25.My.error2.typed
FAIL: durationConfig.Slot25.My.error2.display
FAIL: durationConfig.Slot25.My.error2.notCalculated
FAIL: durationConfig.Slot25.My.error2.address
FAIL: durationConfig.Slot25.My.error2.repair
FAIL: durationConfig.Slot26.N.error1.readerNoAbort
FAIL: durationConfig.Slot26.N.error2.typed
FAIL: durationConfig.Slot26.N.error2.display
FAIL: durationConfig.Slot26.N.error2.notCalculated
FAIL: durationConfig.Slot26.N.error2.address
FAIL: durationConfig.Slot26.N.error2.repair
FAIL: durationConfig.Slot26.Mx.error1.readerNoAbort
FAIL: durationConfig.Slot26.Mx.error2.typed
FAIL: durationConfig.Slot26.Mx.error2.display
FAIL: durationConfig.Slot26.Mx.error2.notCalculated
FAIL: durationConfig.Slot26.Mx.error2.address
FAIL: durationConfig.Slot26.Mx.error2.repair
FAIL: durationConfig.Slot26.My.error1.readerNoAbort
FAIL: durationConfig.Slot26.My.error2.typed
FAIL: durationConfig.Slot26.My.error2.display
FAIL: durationConfig.Slot26.My.error2.notCalculated
FAIL: durationConfig.Slot26.My.error2.address
FAIL: durationConfig.Slot26.My.error2.repair
FAIL: durationConfig.Slot27.N.error1.readerNoAbort
FAIL: durationConfig.Slot27.N.error2.typed
FAIL: durationConfig.Slot27.N.error2.display
FAIL: durationConfig.Slot27.N.error2.notCalculated
FAIL: durationConfig.Slot27.N.error2.address
FAIL: durationConfig.Slot27.N.error2.repair
FAIL: durationConfig.Slot27.Mx.error1.readerNoAbort
FAIL: durationConfig.Slot27.Mx.error2.typed
FAIL: durationConfig.Slot27.Mx.error2.display
FAIL: durationConfig.Slot27.Mx.error2.notCalculated
FAIL: durationConfig.Slot27.Mx.error2.address
FAIL: durationConfig.Slot27.Mx.error2.repair
FAIL: durationConfig.Slot27.My.error1.readerNoAbort
FAIL: durationConfig.Slot27.My.error2.typed
FAIL: durationConfig.Slot27.My.error2.display
FAIL: durationConfig.Slot27.My.error2.notCalculated
FAIL: durationConfig.Slot27.My.error2.address
FAIL: durationConfig.Slot27.My.error2.repair
FAIL: durationConfig.Slot28.N.error1.readerNoAbort
FAIL: durationConfig.Slot28.N.error2.typed
FAIL: durationConfig.Slot28.N.error2.display
FAIL: durationConfig.Slot28.N.error2.notCalculated
FAIL: durationConfig.Slot28.N.error2.address
FAIL: durationConfig.Slot28.N.error2.repair
FAIL: durationConfig.Slot28.Mx.error1.readerNoAbort
FAIL: durationConfig.Slot28.Mx.error2.typed
FAIL: durationConfig.Slot28.Mx.error2.display
FAIL: durationConfig.Slot28.Mx.error2.notCalculated
FAIL: durationConfig.Slot28.Mx.error2.address
FAIL: durationConfig.Slot28.Mx.error2.repair
FAIL: durationConfig.Slot28.My.error1.readerNoAbort
FAIL: durationConfig.Slot28.My.error2.typed
FAIL: durationConfig.Slot28.My.error2.display
FAIL: durationConfig.Slot28.My.error2.notCalculated
FAIL: durationConfig.Slot28.My.error2.address
FAIL: durationConfig.Slot28.My.error2.repair
FAIL: durationConfig.Slot29.N.error1.readerNoAbort
FAIL: durationConfig.Slot29.N.error2.typed
FAIL: durationConfig.Slot29.N.error2.display
FAIL: durationConfig.Slot29.N.error2.notCalculated
FAIL: durationConfig.Slot29.N.error2.address
FAIL: durationConfig.Slot29.N.error2.repair
FAIL: durationConfig.Slot29.Mx.error1.readerNoAbort
FAIL: durationConfig.Slot29.Mx.error2.typed
FAIL: durationConfig.Slot29.Mx.error2.display
FAIL: durationConfig.Slot29.Mx.error2.notCalculated
FAIL: durationConfig.Slot29.Mx.error2.address
FAIL: durationConfig.Slot29.Mx.error2.repair
FAIL: durationConfig.Slot29.My.error1.readerNoAbort
FAIL: durationConfig.Slot29.My.error2.typed
FAIL: durationConfig.Slot29.My.error2.display
FAIL: durationConfig.Slot29.My.error2.notCalculated
FAIL: durationConfig.Slot29.My.error2.address
FAIL: durationConfig.Slot29.My.error2.repair
FAIL: durationConfig.Slot30.N.error1.readerNoAbort
FAIL: durationConfig.Slot30.N.error2.typed
FAIL: durationConfig.Slot30.N.error2.display
FAIL: durationConfig.Slot30.N.error2.notCalculated
FAIL: durationConfig.Slot30.N.error2.address
FAIL: durationConfig.Slot30.N.error2.repair
FAIL: durationConfig.Slot30.Mx.error1.readerNoAbort
FAIL: durationConfig.Slot30.Mx.error2.typed
FAIL: durationConfig.Slot30.Mx.error2.display
FAIL: durationConfig.Slot30.Mx.error2.notCalculated
FAIL: durationConfig.Slot30.Mx.error2.address
FAIL: durationConfig.Slot30.Mx.error2.repair
FAIL: durationConfig.Slot30.My.error1.readerNoAbort
FAIL: durationConfig.Slot30.My.error2.typed
FAIL: durationConfig.Slot30.My.error2.display
FAIL: durationConfig.Slot30.My.error2.notCalculated
FAIL: durationConfig.Slot30.My.error2.address
FAIL: durationConfig.Slot30.My.error2.repair
FAIL: durationConfig.missing.typed
FAIL: durationConfig.missing.display
FAIL: durationConfig.missing.notCalculated
FAIL: durationConfig.missing.address
FAIL: durationConfig.missing.repair
FAIL: durationConfig.columns.readerNoAbort
FAIL: durationConfig.relocated.1.N.typed
FAIL: durationConfig.relocated.1.N.display
FAIL: durationConfig.relocated.1.N.notCalculated
FAIL: durationConfig.relocated.1.N.address
FAIL: durationConfig.relocated.1.N.repair
FAIL: durationConfig.relocated.1.Mx.typed
FAIL: durationConfig.relocated.1.Mx.display
FAIL: durationConfig.relocated.1.Mx.notCalculated
FAIL: durationConfig.relocated.1.Mx.address
FAIL: durationConfig.relocated.1.Mx.repair
FAIL: durationConfig.relocated.1.My.typed
FAIL: durationConfig.relocated.1.My.display
FAIL: durationConfig.relocated.1.My.notCalculated
FAIL: durationConfig.relocated.1.My.address
FAIL: durationConfig.relocated.1.My.repair
FAIL: durationConfig.relocated.2.N.typed
FAIL: durationConfig.relocated.2.N.display
FAIL: durationConfig.relocated.2.N.notCalculated
FAIL: durationConfig.relocated.2.N.address
FAIL: durationConfig.relocated.2.N.repair
FAIL: durationConfig.relocated.2.Mx.typed
FAIL: durationConfig.relocated.2.Mx.display
FAIL: durationConfig.relocated.2.Mx.notCalculated
FAIL: durationConfig.relocated.2.Mx.address
FAIL: durationConfig.relocated.2.Mx.repair
FAIL: durationConfig.relocated.2.My.typed
FAIL: durationConfig.relocated.2.My.display
FAIL: durationConfig.relocated.2.My.notCalculated
FAIL: durationConfig.relocated.2.My.address
FAIL: durationConfig.relocated.2.My.repair
TOTAL_AUDIT03_DURATION_CONFIG: passed=7926; failed=576; cases=606
MODE_AFTER_SUITE: No
SOURCE_UNCHANGED: True
