SOURCE: C:\Users\avidzba\Desktop\программы\В_РАБОТЕ!\RC_Section_NDM\docs\regression\Audit03\RC_Section_NDM_excel_guard_positive_v225.xlsm
SOURCE_SHA256: 2FB1A9D7399C99FA75CB297703389F22856E5A086F8D844065128309ECC66091
FIXTURE: C:\Users\avidzba\AppData\Local\Temp\RC_NDM_ModeSuite_00bba3f21b0041a2a2ecc59844785756\RC_Section_NDM.xlsm
GLOBAL_MODE: General.DiagramExtension=No; explicit-On tests retain their setup
===== RunAudit03ExcelGuardTests =====
SUITE_STARTED: RunAudit03ExcelGuardTests; 2026-10-04T13:06:03
EXCEL_AFTER_SUITE: pid=19688; workingSet=138592256; privateBytes=91762688; cpu=3.09375
EXCEL_AFTER_SUITE: pid=23476; workingSet=211415040; privateBytes=162893824; cpu=11029.65625
EXCEL_AFTER_SUITE: pid=29088; workingSet=113610752; privateBytes=82530304; cpu=6.6875
OK: audit03.excelGuard.emptyApplication
OK: audit03.excelGuard.nativeFault
OK: audit03.excelGuard.failure.f0.originalError
OK: audit03.excelGuard.failure.f0.immediateScreen
OK: audit03.excelGuard.failure.f0.immediateEvents
OK: audit03.excelGuard.failure.f0.immediateAlerts
OK: audit03.excelGuard.failure.f0.restore
EXCEL_GUARD_ERROR: audit03.excelGuard.failure.f0|code=1004|source=Microsoft Excel|Нельзя установить свойство Calculation класса Application
OK: audit03.excelGuard.failure.f1.originalError
OK: audit03.excelGuard.failure.f1.immediateScreen
OK: audit03.excelGuard.failure.f1.immediateEvents
OK: audit03.excelGuard.failure.f1.immediateAlerts
OK: audit03.excelGuard.failure.f1.restore
EXCEL_GUARD_ERROR: audit03.excelGuard.failure.f1|code=1004|source=Microsoft Excel|Нельзя установить свойство Calculation класса Application
OK: audit03.excelGuard.failure.f2.originalError
OK: audit03.excelGuard.failure.f2.immediateScreen
OK: audit03.excelGuard.failure.f2.immediateEvents
OK: audit03.excelGuard.failure.f2.immediateAlerts
OK: audit03.excelGuard.failure.f2.restore
EXCEL_GUARD_ERROR: audit03.excelGuard.failure.f2|code=1004|source=Microsoft Excel|Нельзя установить свойство Calculation класса Application
OK: audit03.excelGuard.failure.f3.originalError
OK: audit03.excelGuard.failure.f3.immediateScreen
OK: audit03.excelGuard.failure.f3.immediateEvents
OK: audit03.excelGuard.failure.f3.immediateAlerts
OK: audit03.excelGuard.failure.f3.restore
EXCEL_GUARD_ERROR: audit03.excelGuard.failure.f3|code=1004|source=Microsoft Excel|Нельзя установить свойство Calculation класса Application
OK: audit03.excelGuard.failure.f4.originalError
OK: audit03.excelGuard.failure.f4.immediateScreen
OK: audit03.excelGuard.failure.f4.immediateEvents
OK: audit03.excelGuard.failure.f4.immediateAlerts
OK: audit03.excelGuard.failure.f4.restore
EXCEL_GUARD_ERROR: audit03.excelGuard.failure.f4|code=1004|source=Microsoft Excel|Нельзя установить свойство Calculation класса Application
OK: audit03.excelGuard.failure.f5.originalError
OK: audit03.excelGuard.failure.f5.immediateScreen
OK: audit03.excelGuard.failure.f5.immediateEvents
OK: audit03.excelGuard.failure.f5.immediateAlerts
OK: audit03.excelGuard.failure.f5.restore
EXCEL_GUARD_ERROR: audit03.excelGuard.failure.f5|code=1004|source=Microsoft Excel|Нельзя установить свойство Calculation класса Application
OK: audit03.excelGuard.failure.f6.originalError
OK: audit03.excelGuard.failure.f6.immediateScreen
OK: audit03.excelGuard.failure.f6.immediateEvents
OK: audit03.excelGuard.failure.f6.immediateAlerts
OK: audit03.excelGuard.failure.f6.restore
EXCEL_GUARD_ERROR: audit03.excelGuard.failure.f6|code=1004|source=Microsoft Excel|Нельзя установить свойство Calculation класса Application
OK: audit03.excelGuard.failure.f7.originalError
OK: audit03.excelGuard.failure.f7.immediateScreen
OK: audit03.excelGuard.failure.f7.immediateEvents
OK: audit03.excelGuard.failure.f7.immediateAlerts
OK: audit03.excelGuard.failure.f7.restore
EXCEL_GUARD_ERROR: audit03.excelGuard.failure.f7|code=1004|source=Microsoft Excel|Нельзя установить свойство Calculation класса Application
OK: audit03.excelGuard.success.m-4105.f0.entered
OK: audit03.excelGuard.success.m-4105.f0.restored
OK: audit03.excelGuard.success.m-4105.f0.idempotent
OK: audit03.excelGuard.success.m-4105.f0.terminate
OK: audit03.excelGuard.success.m-4105.f1.entered
OK: audit03.excelGuard.success.m-4105.f1.restored
OK: audit03.excelGuard.success.m-4105.f1.idempotent
OK: audit03.excelGuard.success.m-4105.f1.terminate
OK: audit03.excelGuard.success.m-4105.f2.entered
OK: audit03.excelGuard.success.m-4105.f2.restored
OK: audit03.excelGuard.success.m-4105.f2.idempotent
OK: audit03.excelGuard.success.m-4105.f2.terminate
OK: audit03.excelGuard.success.m-4105.f3.entered
OK: audit03.excelGuard.success.m-4105.f3.restored
OK: audit03.excelGuard.success.m-4105.f3.idempotent
OK: audit03.excelGuard.success.m-4105.f3.terminate
OK: audit03.excelGuard.success.m-4105.f4.entered
OK: audit03.excelGuard.success.m-4105.f4.restored
OK: audit03.excelGuard.success.m-4105.f4.idempotent
OK: audit03.excelGuard.success.m-4105.f4.terminate
OK: audit03.excelGuard.success.m-4105.f5.entered
OK: audit03.excelGuard.success.m-4105.f5.restored
OK: audit03.excelGuard.success.m-4105.f5.idempotent
OK: audit03.excelGuard.success.m-4105.f5.terminate
OK: audit03.excelGuard.success.m-4105.f6.entered
OK: audit03.excelGuard.success.m-4105.f6.restored
OK: audit03.excelGuard.success.m-4105.f6.idempotent
OK: audit03.excelGuard.success.m-4105.f6.terminate
OK: audit03.excelGuard.success.m-4105.f7.entered
OK: audit03.excelGuard.success.m-4105.f7.restored
OK: audit03.excelGuard.success.m-4105.f7.idempotent
OK: audit03.excelGuard.success.m-4105.f7.terminate
OK: audit03.excelGuard.success.m-4135.f0.entered
OK: audit03.excelGuard.success.m-4135.f0.restored
OK: audit03.excelGuard.success.m-4135.f0.idempotent
OK: audit03.excelGuard.success.m-4135.f0.terminate
OK: audit03.excelGuard.success.m-4135.f1.entered
OK: audit03.excelGuard.success.m-4135.f1.restored
OK: audit03.excelGuard.success.m-4135.f1.idempotent
OK: audit03.excelGuard.success.m-4135.f1.terminate
OK: audit03.excelGuard.success.m-4135.f2.entered
OK: audit03.excelGuard.success.m-4135.f2.restored
OK: audit03.excelGuard.success.m-4135.f2.idempotent
OK: audit03.excelGuard.success.m-4135.f2.terminate
OK: audit03.excelGuard.success.m-4135.f3.entered
OK: audit03.excelGuard.success.m-4135.f3.restored
OK: audit03.excelGuard.success.m-4135.f3.idempotent
OK: audit03.excelGuard.success.m-4135.f3.terminate
OK: audit03.excelGuard.success.m-4135.f4.entered
OK: audit03.excelGuard.success.m-4135.f4.restored
OK: audit03.excelGuard.success.m-4135.f4.idempotent
OK: audit03.excelGuard.success.m-4135.f4.terminate
OK: audit03.excelGuard.success.m-4135.f5.entered
OK: audit03.excelGuard.success.m-4135.f5.restored
OK: audit03.excelGuard.success.m-4135.f5.idempotent
OK: audit03.excelGuard.success.m-4135.f5.terminate
OK: audit03.excelGuard.success.m-4135.f6.entered
OK: audit03.excelGuard.success.m-4135.f6.restored
OK: audit03.excelGuard.success.m-4135.f6.idempotent
OK: audit03.excelGuard.success.m-4135.f6.terminate
OK: audit03.excelGuard.success.m-4135.f7.entered
OK: audit03.excelGuard.success.m-4135.f7.restored
OK: audit03.excelGuard.success.m-4135.f7.idempotent
OK: audit03.excelGuard.success.m-4135.f7.terminate
OK: audit03.excelGuard.success.m2.f0.entered
OK: audit03.excelGuard.success.m2.f0.restored
OK: audit03.excelGuard.success.m2.f0.idempotent
OK: audit03.excelGuard.success.m2.f0.terminate
OK: audit03.excelGuard.success.m2.f1.entered
OK: audit03.excelGuard.success.m2.f1.restored
OK: audit03.excelGuard.success.m2.f1.idempotent
OK: audit03.excelGuard.success.m2.f1.terminate
OK: audit03.excelGuard.success.m2.f2.entered
OK: audit03.excelGuard.success.m2.f2.restored
OK: audit03.excelGuard.success.m2.f2.idempotent
OK: audit03.excelGuard.success.m2.f2.terminate
OK: audit03.excelGuard.success.m2.f3.entered
OK: audit03.excelGuard.success.m2.f3.restored
OK: audit03.excelGuard.success.m2.f3.idempotent
OK: audit03.excelGuard.success.m2.f3.terminate
OK: audit03.excelGuard.success.m2.f4.entered
OK: audit03.excelGuard.success.m2.f4.restored
OK: audit03.excelGuard.success.m2.f4.idempotent
OK: audit03.excelGuard.success.m2.f4.terminate
OK: audit03.excelGuard.success.m2.f5.entered
OK: audit03.excelGuard.success.m2.f5.restored
OK: audit03.excelGuard.success.m2.f5.idempotent
OK: audit03.excelGuard.success.m2.f5.terminate
OK: audit03.excelGuard.success.m2.f6.entered
OK: audit03.excelGuard.success.m2.f6.restored
OK: audit03.excelGuard.success.m2.f6.idempotent
OK: audit03.excelGuard.success.m2.f6.terminate
OK: audit03.excelGuard.success.m2.f7.entered
OK: audit03.excelGuard.success.m2.f7.restored
OK: audit03.excelGuard.success.m2.f7.idempotent
OK: audit03.excelGuard.success.m2.f7.terminate
OK: audit03.excelGuard.noSolve
EXCEL_GUARD_CASES: failedEnterVariants=8; validEnterVariants=24; equilibriumCases=0
TOTAL_AUDIT03_EXCEL_GUARD: passed=139; failed=0

COM_WORKBOOK_AFTER_SUITE: path=C:\Users\avidzba\AppData\Local\Temp\RC_NDM_ModeSuite_00bba3f21b0041a2a2ecc59844785756\RC_Section_NDM.xlsm; readOnly=True; sameProxy=True
MODE_AFTER_SUITE: No
SUITE_FINISHED: RunAudit03ExcelGuardTests; 2026-10-04T13:06:10
SOURCE_UNCHANGED: True
WATCHDOG_COMPLETED: exit=0; source unchanged=True
