SOURCE: C:\Users\avidzba\Desktop\Ø‡Æ£‡†¨¨Î\Ç_êÄÅéíÖ!\RC_Section_NDM\docs\regression\Audit03\RC_Section_NDM_f06_fixed.xlsm
SOURCE_SHA256: 1C312147DDBC14D51E3DC75730817566FBF6887FF4A87CFD68B8235B0AB1CD2E
FIXTURE: C:\Users\avidzba\AppData\Local\Temp\RC_NDM_ModeSuite_e9a50d956d2145d4baf350bbd41aa315\RC_Section_NDM.xlsm
GLOBAL_MODE: General.DiagramExtension=No; explicit-On tests retain their setup
TOTAL: passed=496; failed=0
MODE_AFTER_SUITE: No
TOTAL_MATERIAL: passed=1359; failed=0; elapsedSec=0.078979492188
MODE_AFTER_SUITE: No
TOTAL_SECTION_SOLVER: passed=523; failed=0; elapsedSec=0.557006835938
MODE_AFTER_SUITE: No
TOTAL_CAPACITY: passed=1377; failed=0; elapsedSec=41.901000976563
MODE_AFTER_SUITE: No
TOTAL_CRACK: passed=383; failed=0; elapsedSec=4.69189453125
MODE_AFTER_SUITE: No
FAIL: audit02.offsetPair.OFFSET_2MN.offCode
FAIL: audit02.offsetPair.OFFSET_3MN.offCode
TOTAL_BATCH: passed=2233; failed=2; elapsedSec=25.990966796875
MODE_AFTER_SUITE: No
TOTAL_WORKBOOK_UI: passed=641; failed=0; elapsedSec=38.02490234375
MODE_AFTER_SUITE: Yes
TOTAL_REGRESSION_BASELINE: passed=39; failed=0; elapsedSec=0.489013671875
MODE_AFTER_SUITE: No
SOURCE_UNCHANGED: True
