SOURCE: C:\Users\avidzba\Desktop\Ø‡Æ£‡†¨¨Î\Ç_êÄÅéíÖ!\RC_Section_NDM\docs\regression\Audit03\RC_Section_NDM_f06_fixed.xlsm
SOURCE_SHA256: 71BFAF02B1665D55A80107894850B10BA50F00482CEF0BB15FCD43957224ACA9
FIXTURE: C:\Users\avidzba\AppData\Local\Temp\RC_NDM_ModeSuite_52697ffcd8c14e0b87ddd35f214adfb5\RC_Section_NDM.xlsm
GLOBAL_MODE: General.DiagramExtension=Yes; explicit-On tests retain their setup
TOTAL: passed=496; failed=0
MODE_AFTER_SUITE: Yes
TOTAL_MATERIAL: passed=1359; failed=0; elapsedSec=0.0693359375
MODE_AFTER_SUITE: Yes
TOTAL_SECTION_SOLVER: passed=583; failed=0; elapsedSec=0.60888671875
MODE_AFTER_SUITE: Yes
TOTAL_CAPACITY: passed=1652; failed=0; elapsedSec=41.85986328125
MODE_AFTER_SUITE: Yes
TOTAL_CRACK: passed=479; failed=0; elapsedSec=4.76318359375
MODE_AFTER_SUITE: Yes
TOTAL_BATCH: passed=2913; failed=0; elapsedSec=56.08935546875
MODE_AFTER_SUITE: Yes
TOTAL_WORKBOOK_UI: passed=641; failed=0; elapsedSec=37.75
MODE_AFTER_SUITE: Yes
TOTAL_REGRESSION_BASELINE: passed=39; failed=0; elapsedSec=0.47216796875
MODE_AFTER_SUITE: Yes
SOURCE_UNCHANGED: True
