SOURCE: C:\Users\avidzba\Desktop\Ø‡Æ£‡†¨¨Î\Ç_êÄÅéíÖ!\RC_Section_NDM\docs\regression\Audit03\RC_Section_NDM_f06_fixed.xlsm
SOURCE_SHA256: 71BFAF02B1665D55A80107894850B10BA50F00482CEF0BB15FCD43957224ACA9
FIXTURE: C:\Users\avidzba\AppData\Local\Temp\RC_NDM_ModeSuite_80797d64cc6049a39539005d12ea7ea0\RC_Section_NDM.xlsm
GLOBAL_MODE: General.DiagramExtension=No; explicit-On tests retain their setup
TOTAL: passed=496; failed=0
MODE_AFTER_SUITE: No
TOTAL_MATERIAL: passed=1359; failed=0; elapsedSec=0.0693359375
MODE_AFTER_SUITE: No
TOTAL_SECTION_SOLVER: passed=583; failed=0; elapsedSec=0.56689453125
MODE_AFTER_SUITE: No
TOTAL_CAPACITY: passed=1652; failed=0; elapsedSec=42.06396484375
MODE_AFTER_SUITE: No
TOTAL_CRACK: passed=479; failed=0; elapsedSec=4.89404296875
MODE_AFTER_SUITE: No
TOTAL_BATCH: passed=2912; failed=0; elapsedSec=56.92724609375
MODE_AFTER_SUITE: No
TOTAL_WORKBOOK_UI: passed=641; failed=0; elapsedSec=37.5869140625
MODE_AFTER_SUITE: Yes
TOTAL_REGRESSION_BASELINE: passed=39; failed=0; elapsedSec=0.4677734375
MODE_AFTER_SUITE: No
SOURCE_UNCHANGED: True
