SOURCE: C:\Users\avidzba\Desktop\Ø‡Æ£‡†¨¨Î\Ç_êÄÅéíÖ!\RC_Section_NDM\docs\regression\Audit03\RC_Section_NDM_f06_fixed.xlsm
SOURCE_SHA256: 190CEA5586224B18F8830EE94A6CDD87531E03EF87B6CBA39CB4A9CBDCA22938
FIXTURE: C:\Users\avidzba\AppData\Local\Temp\RC_NDM_ModeSuite_2874b196e0ef44c9bb3f6e5f9f761ccd\RC_Section_NDM.xlsm
GLOBAL_MODE: General.DiagramExtension=Yes; explicit-On tests retain their setup
TOTAL: passed=524; failed=0
MODE_AFTER_SUITE: Yes
TOTAL_MATERIAL: passed=1359; failed=0; elapsedSec=0.072265625
MODE_AFTER_SUITE: Yes
TOTAL_SECTION_SOLVER: passed=605; failed=0; elapsedSec=0.55859375
MODE_AFTER_SUITE: Yes
TOTAL_CAPACITY: passed=1676; failed=0; elapsedSec=42.2890625
MODE_AFTER_SUITE: Yes
TOTAL_CRACK: passed=479; failed=0; elapsedSec=4.828125
MODE_AFTER_SUITE: Yes
TOTAL_BATCH: passed=3068; failed=0; elapsedSec=58.76171875
MODE_AFTER_SUITE: Yes
TOTAL_WORKBOOK_UI: passed=695; failed=0; elapsedSec=38.298828125
MODE_AFTER_SUITE: Yes
TOTAL_REGRESSION_BASELINE: passed=39; failed=0; elapsedSec=0.4765625
MODE_AFTER_SUITE: Yes
SOURCE_UNCHANGED: True
