SOURCE: C:\Users\avidzba\Desktop\Ø‡Æ£‡†¨¨Î\Ç_êÄÅéíÖ!\RC_Section_NDM\docs\regression\Audit03\RC_Section_NDM_f06_fixed.xlsm
SOURCE_SHA256: 3FBF8D715E2044A6DA9DDE329126D57EAFFD9AB045557B0AD8CFBB5DBECC7CBD
FIXTURE: C:\Users\avidzba\AppData\Local\Temp\RC_NDM_ModeSuite_c6b9f865d92247708e0cda78fc50a22a\RC_Section_NDM.xlsm
GLOBAL_MODE: General.DiagramExtension=No; explicit-On tests retain their setup
TOTAL: passed=524; failed=0
MODE_AFTER_SUITE: No
TOTAL_MATERIAL: passed=1359; failed=0; elapsedSec=0.095703125
MODE_AFTER_SUITE: No
TOTAL_SECTION_SOLVER: passed=605; failed=0; elapsedSec=0.48828125
MODE_AFTER_SUITE: No
TOTAL_CAPACITY: passed=1676; failed=0; elapsedSec=42.794921875
MODE_AFTER_SUITE: No
TOTAL_CRACK: passed=479; failed=0; elapsedSec=4.9375
MODE_AFTER_SUITE: No
TOTAL_BATCH: passed=3067; failed=0; elapsedSec=59.486328125
MODE_AFTER_SUITE: No
TOTAL_WORKBOOK_UI: passed=691; failed=0; elapsedSec=38.720703125
MODE_AFTER_SUITE: Yes
TOTAL_REGRESSION_BASELINE: passed=39; failed=0; elapsedSec=0.51953125
MODE_AFTER_SUITE: No
SOURCE_UNCHANGED: True
