SOURCE: C:\Users\avidzba\Desktop\Ø‡Æ£‡†¨¨Î\Ç_êÄÅéíÖ!\RC_Section_NDM\docs\regression\Audit03\RC_Section_NDM_formation_extreme_negative_v309.xlsm
SOURCE_SHA256: 670E5DD16B433CA247982CCD87796E162646379D6FACB62CD93DDE1C59B48921
FIXTURE: C:\Users\avidzba\AppData\Local\Temp\RC_NDM_ModeSuite_7c5a230abdf145cd960dfd7ec529781a\RC_Section_NDM.xlsm
GLOBAL_MODE: General.DiagramExtension=No; explicit-On tests retain their setup
FAIL: audit03.extremeFormation.False.LoadMultiplier.1E+160.0.localizedReason
FAIL: audit03.extremeFormation.False.LoadMultiplier.1E+160.0.directProbeNoRuntimeError
FAIL: audit03.extremeFormation.False.LoadMultiplier.1E+160.0.directProbeAttempt
FAIL: audit03.extremeFormation.False.LoadMultiplier.1E+160.1.localizedReason
FAIL: audit03.extremeFormation.False.LoadMultiplier.1E+160.1.directProbeNoRuntimeError
FAIL: audit03.extremeFormation.False.LoadMultiplier.1E+160.1.directProbeAttempt
FAIL: audit03.extremeFormation.False.LoadMultiplier.1E+160.2.localizedReason
FAIL: audit03.extremeFormation.False.LoadMultiplier.1E+160.2.directProbeNoRuntimeError
FAIL: audit03.extremeFormation.False.LoadMultiplier.1E+160.2.directProbeAttempt
FAIL: audit03.extremeFormation.False.LoadMultiplier.1E+160.3.localizedReason
FAIL: audit03.extremeFormation.False.LoadMultiplier.1E+160.3.directProbeNoRuntimeError
FAIL: audit03.extremeFormation.False.LoadMultiplier.1E+160.3.directProbeAttempt
FAIL: audit03.extremeFormation.False.LoadMultiplier.1E+160.4.localizedReason
FAIL: audit03.extremeFormation.False.LoadMultiplier.1E+160.4.directProbeNoRuntimeError
FAIL: audit03.extremeFormation.False.LoadMultiplier.1E+160.4.directProbeAttempt
FAIL: audit03.extremeFormation.False.LoadMultiplier.1E+160.5.localizedReason
FAIL: audit03.extremeFormation.False.LoadMultiplier.1E+160.5.directProbeNoRuntimeError
FAIL: audit03.extremeFormation.False.LoadMultiplier.1E+160.5.directProbeAttempt
FAIL: audit03.extremeFormation.False.LoadMultiplier.1E+308.0.localizedReason
FAIL: audit03.extremeFormation.False.LoadMultiplier.1E+308.0.directProbeNoRuntimeError
FAIL: audit03.extremeFormation.False.LoadMultiplier.1E+308.0.directProbeAttempt
FAIL: audit03.extremeFormation.False.LoadMultiplier.1E+308.1.localizedReason
FAIL: audit03.extremeFormation.False.LoadMultiplier.1E+308.1.directProbeNoRuntimeError
FAIL: audit03.extremeFormation.False.LoadMultiplier.1E+308.1.directProbeAttempt
FAIL: audit03.extremeFormation.False.LoadMultiplier.1E+308.2.localizedReason
FAIL: audit03.extremeFormation.False.LoadMultiplier.1E+308.2.directProbeNoRuntimeError
FAIL: audit03.extremeFormation.False.LoadMultiplier.1E+308.2.directProbeAttempt
FAIL: audit03.extremeFormation.False.LoadMultiplier.1E+308.3.localizedReason
FAIL: audit03.extremeFormation.False.LoadMultiplier.1E+308.3.directProbeNoRuntimeError
FAIL: audit03.extremeFormation.False.LoadMultiplier.1E+308.3.directProbeAttempt
FAIL: audit03.extremeFormation.False.LoadMultiplier.1E+308.4.localizedReason
FAIL: audit03.extremeFormation.False.LoadMultiplier.1E+308.4.directProbeNoRuntimeError
FAIL: audit03.extremeFormation.False.LoadMultiplier.1E+308.4.directProbeAttempt
FAIL: audit03.extremeFormation.False.LoadMultiplier.1E+308.5.localizedReason
FAIL: audit03.extremeFormation.False.LoadMultiplier.1E+308.5.directProbeNoRuntimeError
FAIL: audit03.extremeFormation.False.LoadMultiplier.1E+308.5.directProbeAttempt
FAIL: audit03.extremeFormation.False.Auto.1E+160.0.localizedReason
FAIL: audit03.extremeFormation.False.Auto.1E+160.1.localizedReason
FAIL: audit03.extremeFormation.False.Auto.1E+160.2.localizedReason
FAIL: audit03.extremeFormation.False.Auto.1E+160.3.localizedReason
FAIL: audit03.extremeFormation.False.Auto.1E+160.4.localizedReason
FAIL: audit03.extremeFormation.False.Auto.1E+160.5.localizedReason
FAIL: audit03.extremeFormation.False.Auto.1E+308.0.localizedReason
FAIL: audit03.extremeFormation.False.Auto.1E+308.1.localizedReason
FAIL: audit03.extremeFormation.False.Auto.1E+308.2.localizedReason
FAIL: audit03.extremeFormation.False.Auto.1E+308.3.localizedReason
FAIL: audit03.extremeFormation.False.Auto.1E+308.4.localizedReason
FAIL: audit03.extremeFormation.False.Auto.1E+308.5.localizedReason
FAIL: audit03.extremeFormation.True.LoadMultiplier.1E+160.0.localizedReason
FAIL: audit03.extremeFormation.True.LoadMultiplier.1E+160.0.directProbeNoRuntimeError
FAIL: audit03.extremeFormation.True.LoadMultiplier.1E+160.0.directProbeAttempt
FAIL: audit03.extremeFormation.True.LoadMultiplier.1E+160.1.localizedReason
FAIL: audit03.extremeFormation.True.LoadMultiplier.1E+160.1.directProbeNoRuntimeError
FAIL: audit03.extremeFormation.True.LoadMultiplier.1E+160.1.directProbeAttempt
FAIL: audit03.extremeFormation.True.LoadMultiplier.1E+160.2.localizedReason
FAIL: audit03.extremeFormation.True.LoadMultiplier.1E+160.2.directProbeNoRuntimeError
FAIL: audit03.extremeFormation.True.LoadMultiplier.1E+160.2.directProbeAttempt
FAIL: audit03.extremeFormation.True.LoadMultiplier.1E+160.3.localizedReason
FAIL: audit03.extremeFormation.True.LoadMultiplier.1E+160.3.directProbeNoRuntimeError
FAIL: audit03.extremeFormation.True.LoadMultiplier.1E+160.3.directProbeAttempt
FAIL: audit03.extremeFormation.True.LoadMultiplier.1E+160.4.localizedReason
FAIL: audit03.extremeFormation.True.LoadMultiplier.1E+160.4.directProbeNoRuntimeError
FAIL: audit03.extremeFormation.True.LoadMultiplier.1E+160.4.directProbeAttempt
FAIL: audit03.extremeFormation.True.LoadMultiplier.1E+160.5.localizedReason
FAIL: audit03.extremeFormation.True.LoadMultiplier.1E+160.5.directProbeNoRuntimeError
FAIL: audit03.extremeFormation.True.LoadMultiplier.1E+160.5.directProbeAttempt
FAIL: audit03.extremeFormation.True.LoadMultiplier.1E+308.0.localizedReason
FAIL: audit03.extremeFormation.True.LoadMultiplier.1E+308.0.directProbeNoRuntimeError
FAIL: audit03.extremeFormation.True.LoadMultiplier.1E+308.0.directProbeAttempt
FAIL: audit03.extremeFormation.True.LoadMultiplier.1E+308.1.localizedReason
FAIL: audit03.extremeFormation.True.LoadMultiplier.1E+308.1.directProbeNoRuntimeError
FAIL: audit03.extremeFormation.True.LoadMultiplier.1E+308.1.directProbeAttempt
FAIL: audit03.extremeFormation.True.LoadMultiplier.1E+308.2.localizedReason
FAIL: audit03.extremeFormation.True.LoadMultiplier.1E+308.2.directProbeNoRuntimeError
FAIL: audit03.extremeFormation.True.LoadMultiplier.1E+308.2.directProbeAttempt
FAIL: audit03.extremeFormation.True.LoadMultiplier.1E+308.3.localizedReason
FAIL: audit03.extremeFormation.True.LoadMultiplier.1E+308.3.directProbeNoRuntimeError
FAIL: audit03.extremeFormation.True.LoadMultiplier.1E+308.3.directProbeAttempt
FAIL: audit03.extremeFormation.True.LoadMultiplier.1E+308.4.localizedReason
FAIL: audit03.extremeFormation.True.LoadMultiplier.1E+308.4.directProbeNoRuntimeError
FAIL: audit03.extremeFormation.True.LoadMultiplier.1E+308.4.directProbeAttempt
FAIL: audit03.extremeFormation.True.LoadMultiplier.1E+308.5.localizedReason
FAIL: audit03.extremeFormation.True.LoadMultiplier.1E+308.5.directProbeNoRuntimeError
FAIL: audit03.extremeFormation.True.LoadMultiplier.1E+308.5.directProbeAttempt
FAIL: audit03.extremeFormation.True.Auto.1E+160.0.localizedReason
FAIL: audit03.extremeFormation.True.Auto.1E+160.1.localizedReason
FAIL: audit03.extremeFormation.True.Auto.1E+160.2.localizedReason
FAIL: audit03.extremeFormation.True.Auto.1E+160.3.localizedReason
FAIL: audit03.extremeFormation.True.Auto.1E+160.4.localizedReason
FAIL: audit03.extremeFormation.True.Auto.1E+160.5.localizedReason
FAIL: audit03.extremeFormation.True.Auto.1E+308.0.localizedReason
FAIL: audit03.extremeFormation.True.Auto.1E+308.1.localizedReason
FAIL: audit03.extremeFormation.True.Auto.1E+308.2.localizedReason
FAIL: audit03.extremeFormation.True.Auto.1E+308.3.localizedReason
FAIL: audit03.extremeFormation.True.Auto.1E+308.4.localizedReason
FAIL: audit03.extremeFormation.True.Auto.1E+308.5.localizedReason
TOTAL_AUDIT03_EXTREME_FORMATION: passed=468; failed=96
MODE_AFTER_SUITE: No
SOURCE_UNCHANGED: True
