SOURCE: C:\Users\avidzba\Desktop\Ø‡Æ£‡†¨¨Î\Ç_êÄÅéíÖ!\RC_Section_NDM\docs\regression\Audit03\RC_Section_NDM_formation_residual_negative_v182.xlsm
SOURCE_SHA256: F58223DC3F009420E14CEE10E9E6E82222EBB34D52B97625775516A9084315D7
FIXTURE: C:\Users\avidzba\AppData\Local\Temp\RC_NDM_ModeSuite_5b5e4e76b25b4aa99ccca3965c095125\RC_Section_NDM.xlsm
GLOBAL_MODE: General.DiagramExtension=No; explicit-On tests retain their setup
FAIL: audit03.formationResidual.LambdaMx.1.status
FAIL: audit03.formationResidual.LambdaMx.1.code
FAIL: audit03.formationResidual.LambdaMx.1.display
FAIL: audit03.formationResidual.LambdaMx.3.status
FAIL: audit03.formationResidual.LambdaMx.3.code
FAIL: audit03.formationResidual.LambdaMx.3.display
FAIL: audit03.formationResidual.LambdaMx.4.status
FAIL: audit03.formationResidual.LambdaMx.4.code
FAIL: audit03.formationResidual.LambdaMx.4.display
FAIL: audit03.formationResidual.LambdaMx.5.status
FAIL: audit03.formationResidual.LambdaMx.5.code
FAIL: audit03.formationResidual.LambdaMx.5.display
FAIL: audit03.formationResidual.LambdaMx.7.noTerminalProbe
FAIL: audit03.formationResidual.LambdaMx.8.noTerminalProbe
FAIL: audit03.formationResidual.LambdaMy.1.status
FAIL: audit03.formationResidual.LambdaMy.1.code
FAIL: audit03.formationResidual.LambdaMy.1.display
FAIL: audit03.formationResidual.LambdaMy.3.status
FAIL: audit03.formationResidual.LambdaMy.3.code
FAIL: audit03.formationResidual.LambdaMy.3.display
FAIL: audit03.formationResidual.LambdaMy.4.status
FAIL: audit03.formationResidual.LambdaMy.4.code
FAIL: audit03.formationResidual.LambdaMy.4.display
FAIL: audit03.formationResidual.LambdaMy.5.status
FAIL: audit03.formationResidual.LambdaMy.5.code
FAIL: audit03.formationResidual.LambdaMy.5.display
FAIL: audit03.formationResidual.LambdaMy.7.noTerminalProbe
FAIL: audit03.formationResidual.LambdaMy.8.noTerminalProbe
FAIL: audit03.formationResidual.LambdaMxy.1.status
FAIL: audit03.formationResidual.LambdaMxy.1.code
FAIL: audit03.formationResidual.LambdaMxy.1.display
FAIL: audit03.formationResidual.LambdaMxy.3.status
FAIL: audit03.formationResidual.LambdaMxy.3.code
FAIL: audit03.formationResidual.LambdaMxy.3.display
FAIL: audit03.formationResidual.LambdaMxy.4.status
FAIL: audit03.formationResidual.LambdaMxy.4.code
FAIL: audit03.formationResidual.LambdaMxy.4.display
FAIL: audit03.formationResidual.LambdaMxy.5.status
FAIL: audit03.formationResidual.LambdaMxy.5.code
FAIL: audit03.formationResidual.LambdaMxy.5.display
FAIL: audit03.formationResidual.LambdaMxy.7.noTerminalProbe
FAIL: audit03.formationResidual.LambdaMxy.8.noTerminalProbe
FAIL: audit03.formationResidual.LambdaN.1.status
FAIL: audit03.formationResidual.LambdaN.1.code
FAIL: audit03.formationResidual.LambdaN.1.display
FAIL: audit03.formationResidual.LambdaN.3.status
FAIL: audit03.formationResidual.LambdaN.3.code
FAIL: audit03.formationResidual.LambdaN.3.display
FAIL: audit03.formationResidual.LambdaN.4.status
FAIL: audit03.formationResidual.LambdaN.4.code
FAIL: audit03.formationResidual.LambdaN.4.display
FAIL: audit03.formationResidual.LambdaN.5.status
FAIL: audit03.formationResidual.LambdaN.5.code
FAIL: audit03.formationResidual.LambdaN.5.display
FAIL: audit03.formationResidual.LambdaN.7.noTerminalProbe
FAIL: audit03.formationResidual.LambdaN.8.noTerminalProbe
FAIL: audit03.formationResidual.LambdaNMxy.1.status
FAIL: audit03.formationResidual.LambdaNMxy.1.code
FAIL: audit03.formationResidual.LambdaNMxy.1.display
FAIL: audit03.formationResidual.LambdaNMxy.3.status
FAIL: audit03.formationResidual.LambdaNMxy.3.code
FAIL: audit03.formationResidual.LambdaNMxy.3.display
FAIL: audit03.formationResidual.LambdaNMxy.4.status
FAIL: audit03.formationResidual.LambdaNMxy.4.code
FAIL: audit03.formationResidual.LambdaNMxy.4.display
FAIL: audit03.formationResidual.LambdaNMxy.5.status
FAIL: audit03.formationResidual.LambdaNMxy.5.code
FAIL: audit03.formationResidual.LambdaNMxy.5.display
FAIL: audit03.formationResidual.LambdaNMxy.7.noTerminalProbe
FAIL: audit03.formationResidual.LambdaNMxy.8.noTerminalProbe
TOTAL_AUDIT03_FORMATION_RESIDUAL: passed=380; failed=70
MODE_AFTER_SUITE: No
SOURCE_UNCHANGED: True
