SOURCE: C:\Users\avidzba\Desktop\Ø‡Æ£‡†¨¨Î\Ç_êÄÅéíÖ!\RC_Section_NDM\docs\regression\Audit03\RC_Section_NDM_not_cracked_v136.xlsm
SOURCE_SHA256: 85833E3A3EC9B1F993E761658DA0AA84BCD3DDC7A76AA60A3699D969E82E48FB
FIXTURE: C:\Users\avidzba\AppData\Local\Temp\RC_NDM_ModeSuite_b56bea71f2a24ae4b7f7b3594bf9733e\RC_Section_NDM.xlsm
GLOBAL_MODE: General.DiagramExtension=Yes; explicit-On tests retain their setup
TOTAL: passed=536; failed=0
MODE_AFTER_SUITE: Yes
TOTAL_MATERIAL: passed=2856; failed=0; elapsedSec=7.5
MODE_AFTER_SUITE: Yes
TOTAL_SECTION_SOLVER: passed=895; failed=0; elapsedSec=1.90625
MODE_AFTER_SUITE: Yes
TOTAL_CAPACITY: passed=1748; failed=0; elapsedSec=42.46875
MODE_AFTER_SUITE: Yes
TOTAL_CRACK: passed=1076; failed=0; elapsedSec=1.64453125
MODE_AFTER_SUITE: Yes
TOTAL_AUDIT03_SEARCH_CONFIG: passed=1813; failed=0
TOTAL_AUDIT03_UNIVERSAL_PATH: passed=827; failed=0
TOTAL_BATCH: passed=9215; failed=0; elapsedSec=116.61328125
MODE_AFTER_SUITE: Yes
TOTAL_CIRCLE_CONFIG: passed=53; failed=0
TOTAL_SHAPE_CONFIG: passed=213; failed=0
TOTAL_REBAR_COUNTER: passed=29; failed=0
TOTAL_WORKBOOK_UI: passed=7199; failed=0; elapsedSec=367.50390625
MODE_AFTER_SUITE: Yes
TOTAL_REGRESSION_BASELINE: passed=39; failed=0; elapsedSec=0.5
MODE_AFTER_SUITE: Yes
SOURCE_UNCHANGED: True
