SOURCE: C:\Users\avidzba\Desktop\Ø‡Æ£‡†¨¨Î\Ç_êÄÅéíÖ!\RC_Section_NDM\docs\regression\Audit03\RC_Section_NDM_rebar_counter_v135.xlsm
SOURCE_SHA256: C5812332A3B8BC705EC0C6D02E3FA1F16ADEC1E3C502DD38252A3A52FFB5BFA3
FIXTURE: C:\Users\avidzba\AppData\Local\Temp\RC_NDM_ModeSuite_65edd8a9303d4443be56b1e75fba1688\RC_Section_NDM.xlsm
GLOBAL_MODE: General.DiagramExtension=Yes; explicit-On tests retain their setup
TOTAL: passed=536; failed=0
MODE_AFTER_SUITE: Yes
TOTAL_MATERIAL: passed=2856; failed=0; elapsedSec=3.1640625
MODE_AFTER_SUITE: Yes
TOTAL_SECTION_SOLVER: passed=895; failed=0; elapsedSec=2.14453125
MODE_AFTER_SUITE: Yes
TOTAL_CAPACITY: passed=1748; failed=0; elapsedSec=42.8671875
MODE_AFTER_SUITE: Yes
TOTAL_CRACK: passed=1027; failed=0; elapsedSec=1.5078125
MODE_AFTER_SUITE: Yes
TOTAL_AUDIT03_SEARCH_CONFIG: passed=1813; failed=0
TOTAL_AUDIT03_UNIVERSAL_PATH: passed=827; failed=0
TOTAL_BATCH: passed=9035; failed=0; elapsedSec=82.01953125
MODE_AFTER_SUITE: Yes
TOTAL_CIRCLE_CONFIG: passed=53; failed=0
TOTAL_SHAPE_CONFIG: passed=213; failed=0
TOTAL_REBAR_COUNTER: passed=29; failed=0
TOTAL_WORKBOOK_UI: passed=7199; failed=0; elapsedSec=370.0546875
MODE_AFTER_SUITE: Yes
TOTAL_REGRESSION_BASELINE: passed=39; failed=0; elapsedSec=0.484375
MODE_AFTER_SUITE: Yes
SOURCE_UNCHANGED: True
