SOURCE: C:\Users\avidzba\Desktop\Ø‡Æ£‡†¨¨Î\Ç_êÄÅéíÖ!\RC_Section_NDM\docs\regression\Audit03\RC_Section_NDM_not_cracked_v136.xlsm
SOURCE_SHA256: 85833E3A3EC9B1F993E761658DA0AA84BCD3DDC7A76AA60A3699D969E82E48FB
FIXTURE: C:\Users\avidzba\AppData\Local\Temp\RC_NDM_ModeSuite_fe26f09bf725495bab3a7473645920e4\RC_Section_NDM.xlsm
GLOBAL_MODE: General.DiagramExtension=No; explicit-On tests retain their setup
TOTAL: passed=536; failed=0
MODE_AFTER_SUITE: No
TOTAL_MATERIAL: passed=2856; failed=0; elapsedSec=3.48046875
MODE_AFTER_SUITE: No
TOTAL_SECTION_SOLVER: passed=895; failed=0; elapsedSec=1.578125
MODE_AFTER_SUITE: No
TOTAL_CAPACITY: passed=1748; failed=0; elapsedSec=42.98828125
MODE_AFTER_SUITE: No
TOTAL_CRACK: passed=1076; failed=0; elapsedSec=1.703125
MODE_AFTER_SUITE: No
TOTAL_AUDIT03_SEARCH_CONFIG: passed=1813; failed=0
TOTAL_AUDIT03_UNIVERSAL_PATH: passed=827; failed=0
TOTAL_BATCH: passed=9204; failed=0; elapsedSec=108.00390625
MODE_AFTER_SUITE: No
TOTAL_CIRCLE_CONFIG: passed=53; failed=0
TOTAL_SHAPE_CONFIG: passed=213; failed=0
TOTAL_REBAR_COUNTER: passed=29; failed=0
TOTAL_WORKBOOK_UI: passed=7199; failed=0; elapsedSec=351.7109375
MODE_AFTER_SUITE: Yes
TOTAL_REGRESSION_BASELINE: passed=39; failed=0; elapsedSec=0.49609375
MODE_AFTER_SUITE: No
SOURCE_UNCHANGED: True
