SOURCE: C:\Users\avidzba\Desktop\Ø‡Æ£‡†¨¨Î\Ç_êÄÅéíÖ!\RC_Section_NDM\docs\regression\Audit03\RC_Section_NDM_not_cracked_input_v139.xlsm
SOURCE_SHA256: 5D28C25922A0B699BBAB57BC197A1931A067880024D85FB7F7581575061AEEF4
FIXTURE: C:\Users\avidzba\AppData\Local\Temp\RC_NDM_ModeSuite_e2ee90552a494da7a3a798d0429e09bb\RC_Section_NDM.xlsm
GLOBAL_MODE: General.DiagramExtension=Yes; explicit-On tests retain their setup
TOTAL: passed=536; failed=0
MODE_AFTER_SUITE: Yes
TOTAL_MATERIAL: passed=2856; failed=0; elapsedSec=3.54296875
MODE_AFTER_SUITE: Yes
TOTAL_SECTION_SOLVER: passed=895; failed=0; elapsedSec=1.98046875
MODE_AFTER_SUITE: Yes
TOTAL_CAPACITY: passed=1748; failed=0; elapsedSec=41.09375
MODE_AFTER_SUITE: Yes
TOTAL_CRACK: passed=1082; failed=0; elapsedSec=1.98046875
MODE_AFTER_SUITE: Yes
TOTAL_AUDIT03_SEARCH_CONFIG: passed=1813; failed=0
TOTAL_AUDIT03_UNIVERSAL_PATH: passed=827; failed=0
TOTAL_BATCH: passed=10910; failed=0; elapsedSec=110.39453125
MODE_AFTER_SUITE: Yes
TOTAL_CIRCLE_CONFIG: passed=53; failed=0
TOTAL_SHAPE_CONFIG: passed=213; failed=0
TOTAL_REBAR_COUNTER: passed=29; failed=0
TOTAL_REQUIRED_GEOMETRY: passed=1010; failed=0
TOTAL_WORKBOOK_UI: passed=8209; failed=0; elapsedSec=371.265625
MODE_AFTER_SUITE: Yes
TOTAL_REGRESSION_BASELINE: passed=39; failed=0; elapsedSec=0.5
MODE_AFTER_SUITE: Yes
SOURCE_UNCHANGED: True
