SOURCE: C:\Users\avidzba\Desktop\Ø‡Æ£‡†¨¨Î\Ç_êÄÅéíÖ!\RC_Section_NDM\docs\regression\Audit03\RC_Section_NDM_geometry_snapshot_all_v204.xlsm
SOURCE_SHA256: 56FE63B390E00DFD820BDCDD9BF2A2034B8AC77226C81FC1E4F55E6259329FBE
FIXTURE: C:\Users\avidzba\AppData\Local\Temp\RC_NDM_ModeSuite_84ee640ec1284c00800b8b0f32e68615\RC_Section_NDM.xlsm
GLOBAL_MODE: General.DiagramExtension=No; explicit-On tests retain their setup
TOTAL: passed=536; failed=0
MODE_AFTER_SUITE: No
TOTAL_MATERIAL: passed=2856; failed=0; elapsedSec=5.92578125
MODE_AFTER_SUITE: No
TOTAL_SECTION_SOLVER: passed=895; failed=0; elapsedSec=3.009765625
MODE_AFTER_SUITE: No
TOTAL_CAPACITY: passed=3074; failed=0; elapsedSec=43.34375
MODE_AFTER_SUITE: No
TOTAL_CRACK: passed=1532; failed=0; elapsedSec=1.955078125
MODE_AFTER_SUITE: No
TOTAL_AUDIT03_SEARCH_CONFIG: passed=1853; failed=0
TOTAL_AUDIT03_UNIVERSAL_PATH: passed=849; failed=0
TOTAL_BATCH: passed=12971; failed=0; elapsedSec=201.3671875
MODE_AFTER_SUITE: No
TOTAL_CIRCLE_CONFIG: passed=53; failed=0
TOTAL_CIRCLE_REBAR_INPUT: passed=524; failed=0; cases=160
TOTAL_SHAPE_CONFIG: passed=213; failed=0
TOTAL_REBAR_COUNTER: passed=29; failed=0
TOTAL_REQUIRED_GEOMETRY: passed=1010; failed=0
TOTAL_REBAR_FIELD_CONFIG: passed=10146; failed=0; cases=2744
TOTAL_AUDIT03_LOAD_TABLE: passed=11021; failed=0; cases=910
TOTAL_AUDIT03_PROFILE_FAILURE_SCOPE: passed=3572; failed=0; cases=64
TOTAL_AUDIT03_WRITER_DIAGNOSTIC: passed=186; failed=0
TOTAL_AUDIT03_WRITER_DIAGNOSTIC: passed=186; failed=0
TOTAL_AUDIT03_WRITER_DIAGNOSTIC: passed=186; failed=0
TOTAL_AUDIT03_WRITER_DIAGNOSTIC: passed=186; failed=0
TOTAL_AUDIT03_WRITER_DIAGNOSTIC: passed=186; failed=0
TOTAL_AUDIT03_WRITER_DIAGNOSTIC: passed=186; failed=0
TOTAL_AUDIT03_RESULT_COLUMN_WIDTHS: passed=1116; failed=0
TOTAL_AUDIT03_PROFILE_CONFIG: passed=8784; failed=0; cases=292
TOTAL_AUDIT03_RELOCATED_INPUT: passed=674; failed=0; cases=98
TOTAL_AUDIT03_DURATION_CONFIG: passed=10504; failed=0; cases=613
TOTAL_AUDIT03_PRESENTATION_CONFIG: passed=681; failed=0; cases=105
TOTAL_WORKBOOK_UI: passed=56342; failed=0; elapsedSec=1945.34765625
MODE_AFTER_SUITE: Yes
TOTAL_REGRESSION_BASELINE: passed=39; failed=0; elapsedSec=0.501953125
MODE_AFTER_SUITE: No
SOURCE_UNCHANGED: True
