SOURCE: C:\Users\avidzba\Desktop\Ø‡Æ£‡†¨¨Î\Ç_êÄÅéíÖ!\RC_Section_NDM\docs\regression\Audit03\release_clean_v328\RC_Section_NDM.xlsm
SOURCE_SHA256: 63916FB058CDF6C1EFD343D7525CF1AD702706F2EC0A79DDD5D0DEBBAAFEE818
FIXTURE: C:\Users\avidzba\AppData\Local\Temp\RC_NDM_ModeSuite_116f37d190444501abbd3fcb8ac41280\RC_Section_NDM.xlsm
GLOBAL_MODE: General.DiagramExtension=Yes; explicit-On tests retain their setup
TOTAL: passed=668; failed=0
MODE_AFTER_SUITE: Yes
TOTAL_MATERIAL: passed=4353; failed=0; elapsedSec=6.77734375
MODE_AFTER_SUITE: Yes
TOTAL_SECTION_SOLVER: passed=1492; failed=0; elapsedSec=2.25
MODE_AFTER_SUITE: Yes
TOTAL_CAPACITY: passed=3562; failed=0; elapsedSec=43.1328125
MODE_AFTER_SUITE: Yes
TOTAL_CRACK: passed=2157; failed=0; elapsedSec=46.98828125
MODE_AFTER_SUITE: Yes
TOTAL_AUDIT03_SEARCH_CONFIG: passed=1853; failed=0
TOTAL_AUDIT03_CAPACITY_NUMERIC_CONFIG: passed=2953; failed=0
TOTAL_AUDIT03_STABILITY_CONFIG: passed=10016; failed=0
TOTAL_AUDIT03_UNIVERSAL_PATH: passed=849; failed=0
TOTAL_GENERAL_GEOMETRY_CONFIG: passed=1788; failed=0
TOTAL_AUDIT03_SP35_INVALID: passed=1621; failed=0
TOTAL_AUDIT03_SP35_BEHAVIOR: fields=144; passed=829; failed=0
TOTAL_AUDIT03_INACTIVE_CONFIG: fields=10; passed=102; failed=0
TOTAL_AUDIT03_SP35_DIAGNOSTIC: passed=105; failed=0
TOTAL_AUDIT03_USER_PSI_FALLBACK: passed=440; failed=0
TOTAL_BATCH: passed=30887; failed=0; elapsedSec=476.078125
MODE_AFTER_SUITE: Yes
TOTAL_AUDIT03_SETTINGS_TABLE_GUARDS: passed=583; failed=0
TOTAL_AUDIT03_MULTI_AREA_INPUT: passed=157; failed=0
TOTAL_AUDIT03_GENERAL_RUN_CONFIG: passed=152; failed=0
TOTAL_CIRCLE_CONFIG: passed=53; failed=0
TOTAL_CIRCLE_REBAR_INPUT: passed=524; failed=0; cases=160
TOTAL_SHAPE_CONFIG: passed=213; failed=0
TOTAL_REBAR_COUNTER: passed=29; failed=0
TOTAL_REQUIRED_GEOMETRY: passed=1010; failed=0
TOTAL_REBAR_FIELD_CONFIG: passed=10146; failed=0; cases=2744
TOTAL_AUDIT03_LOAD_TABLE: passed=11021; failed=0; cases=910
TOTAL_AUDIT03_PROFILE_FAILURE_SCOPE: passed=3572; failed=0; cases=64
TOTAL_AUDIT03_WRITER_DIAGNOSTIC: passed=186; failed=0
TOTAL_AUDIT03_WRITER_DIAGNOSTIC: passed=186; failed=0
TOTAL_AUDIT03_WRITER_DIAGNOSTIC: passed=186; failed=0
TOTAL_AUDIT03_WRITER_DIAGNOSTIC: passed=186; failed=0
TOTAL_AUDIT03_WRITER_DIAGNOSTIC: passed=186; failed=0
TOTAL_AUDIT03_WRITER_DIAGNOSTIC: passed=186; failed=0
TOTAL_AUDIT03_RESULT_COLUMN_WIDTHS: passed=1116; failed=0
TOTAL_AUDIT03_PROFILE_CONFIG: passed=8784; failed=0; cases=292
TOTAL_AUDIT03_RELOCATED_INPUT: passed=674; failed=0; cases=98
TOTAL_AUDIT03_DURATION_CONFIG: passed=10504; failed=0; cases=613
TOTAL_AUDIT03_PRESENTATION_CONFIG: passed=681; failed=0; cases=105
TOTAL_AUDIT03_GENERAL_PLOT: passed=3224; failed=0
TOTAL_AUTOCAD_CONFIG: passed=1317; failed=0
TOTAL_WORKBOOK_UI: passed=65754; failed=0; elapsedSec=786.796875
MODE_AFTER_SUITE: Yes
TOTAL_REGRESSION_BASELINE: passed=39; failed=0; elapsedSec=0.50390625
MODE_AFTER_SUITE: Yes
SOURCE_UNCHANGED: True
