SOURCE: C:\Users\avidzba\Desktop\Ø‡Æ£‡†¨¨Î\Ç_êÄÅéíÖ!\RC_Section_NDM\docs\regression\Audit03\RC_Section_NDM_f06_fixed.xlsm
SOURCE_SHA256: DF4C671E36B98CC78F5CC43427D768BBA0ACB934114481A19E465791951D8302
FIXTURE: C:\Users\avidzba\AppData\Local\Temp\RC_NDM_ModeSuite_93b998a02979475ead8eecdd12c85033\RC_Section_NDM.xlsm
GLOBAL_MODE: General.DiagramExtension=No; explicit-On tests retain their setup
TOTAL: passed=524; failed=0
MODE_AFTER_SUITE: No
TOTAL_MATERIAL: passed=1359; failed=0; elapsedSec=0.076171875
MODE_AFTER_SUITE: No
TOTAL_SECTION_SOLVER: passed=605; failed=0; elapsedSec=0.533203125
MODE_AFTER_SUITE: No
TOTAL_CAPACITY: passed=1676; failed=0; elapsedSec=42.060546875
MODE_AFTER_SUITE: No
TOTAL_CRACK: passed=479; failed=0; elapsedSec=4.80078125
MODE_AFTER_SUITE: No
TOTAL_BATCH: passed=3067; failed=0; elapsedSec=94.85546875
MODE_AFTER_SUITE: No
TOTAL_WORKBOOK_UI: passed=767; failed=0; elapsedSec=39.111328125
MODE_AFTER_SUITE: Yes
TOTAL_REGRESSION_BASELINE: passed=39; failed=0; elapsedSec=0.482421875
MODE_AFTER_SUITE: No
SOURCE_UNCHANGED: True
