SOURCE: C:\Users\avidzba\Desktop\Ø‡Æ£‡†¨¨Î\Ç_êÄÅéíÖ!\RC_Section_NDM\docs\regression\Audit03\RC_Section_NDM_spacing_warning_v140.xlsm
SOURCE_SHA256: 83311124EE26C1D8725AAB84E59A2452616AF57FFCFE7A8016A4A28AE7561380
FIXTURE: C:\Users\avidzba\AppData\Local\Temp\RC_NDM_ModeSuite_41c86f9c54574c0fb0ba42c9d50a06a5\RC_Section_NDM.xlsm
GLOBAL_MODE: General.DiagramExtension=No; explicit-On tests retain their setup
TOTAL: passed=536; failed=0
MODE_AFTER_SUITE: No
TOTAL_MATERIAL: passed=2856; failed=0; elapsedSec=5.80859375
MODE_AFTER_SUITE: No
TOTAL_SECTION_SOLVER: passed=895; failed=0; elapsedSec=1.5
MODE_AFTER_SUITE: No
TOTAL_CAPACITY: passed=1748; failed=0; elapsedSec=41.20703125
MODE_AFTER_SUITE: No
TOTAL_CRACK: passed=1082; failed=0; elapsedSec=1.3984375
MODE_AFTER_SUITE: No
TOTAL_AUDIT03_SEARCH_CONFIG: passed=1813; failed=0
TOTAL_AUDIT03_UNIVERSAL_PATH: passed=827; failed=0
TOTAL_BATCH: passed=11155; failed=0; elapsedSec=118.53515625
MODE_AFTER_SUITE: No
TOTAL_CIRCLE_CONFIG: passed=53; failed=0
TOTAL_SHAPE_CONFIG: passed=213; failed=0
TOTAL_REBAR_COUNTER: passed=29; failed=0
TOTAL_REQUIRED_GEOMETRY: passed=1010; failed=0
TOTAL_WORKBOOK_UI: passed=8209; failed=0; elapsedSec=201.68359375
MODE_AFTER_SUITE: Yes
TOTAL_REGRESSION_BASELINE: passed=39; failed=0; elapsedSec=0.48828125
MODE_AFTER_SUITE: No
SOURCE_UNCHANGED: True
