SOURCE: C:\Users\avidzba\Desktop\Ø‡Æ£‡†¨¨Î\Ç_êÄÅéíÖ!\RC_Section_NDM\docs\regression\Audit03\RC_Section_NDM_duration_v179.xlsm
SOURCE_SHA256: 7EA9B6C62633111A6080E780ACA8CDEDD7327E1EA2328A21CA6979E2D476F4C7
FIXTURE: C:\Users\avidzba\AppData\Local\Temp\RC_NDM_ModeSuite_29f91240795e446186901101d1f793bf\RC_Section_NDM.xlsm
GLOBAL_MODE: General.DiagramExtension=No; explicit-On tests retain their setup
TOTAL: passed=536; failed=0
MODE_AFTER_SUITE: No
TOTAL_MATERIAL: passed=2856; failed=0; elapsedSec=6.3515625
MODE_AFTER_SUITE: No
TOTAL_SECTION_SOLVER: passed=895; failed=0; elapsedSec=2.140625
MODE_AFTER_SUITE: No
TOTAL_CAPACITY: passed=1748; failed=0; elapsedSec=40.5546875
MODE_AFTER_SUITE: No
TOTAL_CRACK: passed=1082; failed=0; elapsedSec=1.75
MODE_AFTER_SUITE: No
TOTAL_AUDIT03_SEARCH_CONFIG: passed=1853; failed=0
TOTAL_AUDIT03_UNIVERSAL_PATH: passed=849; failed=0
TOTAL_BATCH: passed=12971; failed=0; elapsedSec=177.3984375
MODE_AFTER_SUITE: No
TOTAL_CIRCLE_CONFIG: passed=53; failed=0
TOTAL_SHAPE_CONFIG: passed=213; failed=0
TOTAL_REBAR_COUNTER: passed=29; failed=0
TOTAL_REQUIRED_GEOMETRY: passed=1010; failed=0
TOTAL_AUDIT03_LOAD_TABLE: passed=11021; failed=0; cases=910
TOTAL_AUDIT03_PROFILE_FAILURE_SCOPE: passed=3572; failed=0; cases=64
TOTAL_AUDIT03_WRITER_DIAGNOSTIC: passed=186; failed=0
TOTAL_AUDIT03_WRITER_DIAGNOSTIC: passed=186; failed=0
TOTAL_AUDIT03_WRITER_DIAGNOSTIC: passed=186; failed=0
TOTAL_AUDIT03_WRITER_DIAGNOSTIC: passed=186; failed=0
TOTAL_AUDIT03_WRITER_DIAGNOSTIC: passed=186; failed=0
TOTAL_AUDIT03_WRITER_DIAGNOSTIC: passed=186; failed=0
TOTAL_AUDIT03_RESULT_COLUMN_WIDTHS: passed=1116; failed=0
TOTAL_AUDIT03_PROFILE_CONFIG: passed=3260; failed=0; cases=276
TOTAL_AUDIT03_RELOCATED_INPUT: passed=674; failed=0; cases=98
TOTAL_AUDIT03_DURATION_CONFIG: passed=10504; failed=0; cases=613
TOTAL_WORKBOOK_UI: passed=38356; failed=0; elapsedSec=1667.28125
MODE_AFTER_SUITE: Yes
TOTAL_REGRESSION_BASELINE: passed=39; failed=0; elapsedSec=0.484375
MODE_AFTER_SUITE: No
SOURCE_UNCHANGED: True
