SOURCE: C:\Users\avidzba\Desktop\Ø‡Æ£‡†¨¨Î\Ç_êÄÅéíÖ!\RC_Section_NDM\docs\regression\Audit03\RC_Section_NDM_clean_v45.xlsm
SOURCE_SHA256: 592C1268CA38964CBBB432AEEDB3961CEAC95B2EC83B50D25A7DB81DF918674C
FIXTURE: C:\Users\avidzba\AppData\Local\Temp\RC_NDM_ModeSuite_0bc2fb55d00248dd98d7dea8ef635f2e\RC_Section_NDM.xlsm
GLOBAL_MODE: General.DiagramExtension=No; explicit-On tests retain their setup
TOTAL: passed=524; failed=0
MODE_AFTER_SUITE: No
TOTAL_MATERIAL: passed=1359; failed=0; elapsedSec=0.07421875
MODE_AFTER_SUITE: No
TOTAL_SECTION_SOLVER: passed=605; failed=0; elapsedSec=0.486328125
MODE_AFTER_SUITE: No
TOTAL_CAPACITY: passed=1676; failed=0; elapsedSec=43.31640625
MODE_AFTER_SUITE: No
TOTAL_CRACK: passed=479; failed=0; elapsedSec=5.166015625
MODE_AFTER_SUITE: No
TOTAL_BATCH: passed=3067; failed=0; elapsedSec=62.150390625
MODE_AFTER_SUITE: No
TOTAL_WORKBOOK_UI: passed=1457; failed=0; elapsedSec=40.0390625
MODE_AFTER_SUITE: Yes
TOTAL_REGRESSION_BASELINE: passed=39; failed=0; elapsedSec=0.474609375
MODE_AFTER_SUITE: No
SOURCE_UNCHANGED: True
