SOURCE: C:\Users\avidzba\Desktop\Ø‡Æ£‡†¨¨Î\Ç_êÄÅéíÖ!\RC_Section_NDM\docs\regression\Audit03\RC_Section_NDM_formation_guard_v313.xlsm
SOURCE_SHA256: E5F304C016C32A02305221660ECE39E1F932FEABB5363C7659E5D60041B44D56
FIXTURE: C:\Users\avidzba\AppData\Local\Temp\RC_NDM_ModeSuite_7e10d8f620ad45e38aa5ad33933a0251\RC_Section_NDM.xlsm
GLOBAL_MODE: General.DiagramExtension=No; explicit-On tests retain their setup
TOTAL: passed=604; failed=0
MODE_AFTER_SUITE: No
TOTAL_MATERIAL: passed=3952; failed=0; elapsedSec=7.576171875
MODE_AFTER_SUITE: No
TOTAL_SECTION_SOLVER: passed=1367; failed=0; elapsedSec=1.7734375
MODE_AFTER_SUITE: No
TOTAL_CAPACITY: passed=3146; failed=0; elapsedSec=42.298828125
MODE_AFTER_SUITE: No
TOTAL_CRACK: passed=2155; failed=0; elapsedSec=46.201171875
MODE_AFTER_SUITE: No
TOTAL_AUDIT03_SEARCH_CONFIG: passed=1853; failed=0
TOTAL_AUDIT03_CAPACITY_NUMERIC_CONFIG: passed=2953; failed=0
TOTAL_AUDIT03_STABILITY_CONFIG: passed=7944; failed=0
TOTAL_AUDIT03_UNIVERSAL_PATH: passed=849; failed=0
TOTAL_GENERAL_GEOMETRY_CONFIG: passed=1788; failed=0
TOTAL_AUDIT03_SP35_INVALID: passed=1621; failed=0
TOTAL_AUDIT03_SP35_BEHAVIOR: fields=144; passed=829; failed=0
TOTAL_AUDIT03_INACTIVE_CONFIG: fields=10; passed=102; failed=0
TOTAL_AUDIT03_SP35_DIAGNOSTIC: passed=105; failed=0
TOTAL_AUDIT03_USER_PSI_FALLBACK: passed=440; failed=0
TOTAL_BATCH: passed=28781; failed=0; elapsedSec=675.10546875
MODE_AFTER_SUITE: No
TOTAL_AUDIT03_SETTINGS_TABLE_GUARDS: passed=583; failed=0
TOTAL_AUDIT03_MULTI_AREA_INPUT: passed=157; failed=0
TOTAL_AUDIT03_GENERAL_RUN_CONFIG: passed=152; failed=0
TOTAL_CIRCLE_CONFIG: passed=53; failed=0
TOTAL_CIRCLE_REBAR_INPUT: passed=524; failed=0; cases=160
TOTAL_SHAPE_CONFIG: passed=213; failed=0
TOTAL_REBAR_COUNTER: passed=29; failed=0
TOTAL_REQUIRED_GEOMETRY: passed=1010; failed=0
TOTAL_REBAR_FIELD_CONFIG: passed=10146; failed=0; cases=2744
TOTAL_AUDIT03_LOAD_TABLE: passed=11021; failed=0; cases=910
TOTAL_AUDIT03_PROFILE_FAILURE_SCOPE: passed=3572; failed=0; cases=64
TOTAL_AUDIT03_WRITER_DIAGNOSTIC: passed=186; failed=0
TOTAL_AUDIT03_WRITER_DIAGNOSTIC: passed=186; failed=0
TOTAL_AUDIT03_WRITER_DIAGNOSTIC: passed=186; failed=0
TOTAL_AUDIT03_WRITER_DIAGNOSTIC: passed=186; failed=0
TOTAL_AUDIT03_WRITER_DIAGNOSTIC: passed=186; failed=0
TOTAL_AUDIT03_WRITER_DIAGNOSTIC: passed=186; failed=0
TOTAL_AUDIT03_RESULT_COLUMN_WIDTHS: passed=1116; failed=0
TOTAL_AUDIT03_PROFILE_CONFIG: passed=8784; failed=0; cases=292
TOTAL_AUDIT03_RELOCATED_INPUT: passed=674; failed=0; cases=98
TOTAL_AUDIT03_DURATION_CONFIG: passed=10504; failed=0; cases=613
TOTAL_AUDIT03_PRESENTATION_CONFIG: passed=681; failed=0; cases=105
TOTAL_AUDIT03_GENERAL_PLOT: passed=3224; failed=0
TOTAL_AUTOCAD_CONFIG: passed=1317; failed=0
TOTAL_WORKBOOK_UI: passed=65754; failed=0; elapsedSec=1485.228515625
MODE_AFTER_SUITE: Yes
TOTAL_REGRESSION_BASELINE: passed=39; failed=0; elapsedSec=0.5
MODE_AFTER_SUITE: No
SOURCE_UNCHANGED: True
