SOURCE: C:\Users\avidzba\Desktop\Ø‡Æ£‡†¨¨Î\Ç_êÄÅéíÖ!\RC_Section_NDM\docs\regression\Audit03\RC_Section_NDM_clean_v42.xlsm
SOURCE_SHA256: CB702CF46212A7AA090353C47DC2D72B9F6FE8E9D1E8B5645A27CD46750F6530
FIXTURE: C:\Users\avidzba\AppData\Local\Temp\RC_NDM_ModeSuite_f293b4b0fb5249c3832bb91533eece9e\RC_Section_NDM.xlsm
GLOBAL_MODE: General.DiagramExtension=Yes; explicit-On tests retain their setup
TOTAL: passed=524; failed=0
MODE_AFTER_SUITE: Yes
TOTAL_MATERIAL: passed=1359; failed=0; elapsedSec=0.068359375
MODE_AFTER_SUITE: Yes
TOTAL_SECTION_SOLVER: passed=605; failed=0; elapsedSec=0.712890625
MODE_AFTER_SUITE: Yes
TOTAL_CAPACITY: passed=1676; failed=0; elapsedSec=42.57421875
MODE_AFTER_SUITE: Yes
TOTAL_CRACK: passed=479; failed=0; elapsedSec=4.798828125
MODE_AFTER_SUITE: Yes
TOTAL_BATCH: passed=3068; failed=0; elapsedSec=60.419921875
MODE_AFTER_SUITE: Yes
TOTAL_WORKBOOK_UI: passed=767; failed=0; elapsedSec=38.375
MODE_AFTER_SUITE: Yes
TOTAL_REGRESSION_BASELINE: passed=39; failed=0; elapsedSec=0.583984375
MODE_AFTER_SUITE: Yes
SOURCE_UNCHANGED: True
