SOURCE: C:\Users\avidzba\Desktop\Ø‡Æ£‡†¨¨Î\Ç_êÄÅéíÖ!\RC_Section_NDM\docs\regression\Audit03\RC_Section_NDM_general_plot_negative_v209b.xlsm
SOURCE_SHA256: AE69286B45EA58F7BC54FF158D5BE3461CC30E676A9FAB8DB1C381766EE69C46
FIXTURE: C:\Users\avidzba\AppData\Local\Temp\RC_NDM_ModeSuite_5e945452ccef4b3e89088134561a783e\RC_Section_NDM.xlsm
GLOBAL_MODE: General.DiagramExtension=No; explicit-On tests retain their setup
FAIL: audit03.generalPlot.p0.Plot.ContourEnabled.bad1.oldChartPreserved
FAIL: audit03.generalPlot.p0.Plot.ContourEnabled.bad2.oldChartPreserved
FAIL: audit03.generalPlot.p0.Plot.ContourEnabled.bad3.oldChartPreserved
FAIL: audit03.generalPlot.p0.Plot.ContourEnabled.bad4.oldChartPreserved
FAIL: audit03.generalPlot.p0.Plot.NeutralLineEnabled.bad1.oldChartPreserved
FAIL: audit03.generalPlot.p0.Plot.NeutralLineEnabled.bad2.oldChartPreserved
FAIL: audit03.generalPlot.p0.Plot.NeutralLineEnabled.bad3.oldChartPreserved
FAIL: audit03.generalPlot.p0.Plot.NeutralLineEnabled.bad4.oldChartPreserved
FAIL: audit03.generalPlot.p0.Plot.LoadApplicationPointEnabled.bad1.oldChartPreserved
FAIL: audit03.generalPlot.p0.Plot.LoadApplicationPointEnabled.bad2.oldChartPreserved
FAIL: audit03.generalPlot.p0.Plot.LoadApplicationPointEnabled.bad3.oldChartPreserved
FAIL: audit03.generalPlot.p0.Plot.LoadApplicationPointEnabled.bad4.oldChartPreserved
FAIL: audit03.generalPlot.p0.Plot.ResultLabelsEnabled.bad1.oldChartPreserved
FAIL: audit03.generalPlot.p0.Plot.ResultLabelsEnabled.bad2.oldChartPreserved
FAIL: audit03.generalPlot.p0.Plot.ResultLabelsEnabled.bad3.oldChartPreserved
FAIL: audit03.generalPlot.p0.Plot.ResultLabelsEnabled.bad4.oldChartPreserved
FAIL: audit03.generalPlot.p0.Plot.LegendEnabled.bad1.oldChartPreserved
FAIL: audit03.generalPlot.p0.Plot.LegendEnabled.bad2.oldChartPreserved
FAIL: audit03.generalPlot.p0.Plot.LegendEnabled.bad3.oldChartPreserved
FAIL: audit03.generalPlot.p0.Plot.LegendEnabled.bad4.oldChartPreserved
FAIL: audit03.generalPlot.p0.Plot.PrincipalAxesMode.bad1.rejected
FAIL: audit03.generalPlot.p0.Plot.PrincipalAxesMode.bad1.key
FAIL: audit03.generalPlot.p0.Plot.PrincipalAxesMode.bad1.address
FAIL: audit03.generalPlot.p0.Plot.PrincipalAxesMode.bad1.action
FAIL: audit03.generalPlot.p0.Plot.PrincipalAxesMode.bad1.oldChartPreserved
FAIL: audit03.generalPlot.p0.Plot.PrincipalAxesMode.bad2.rejected
FAIL: audit03.generalPlot.p0.Plot.PrincipalAxesMode.bad2.key
FAIL: audit03.generalPlot.p0.Plot.PrincipalAxesMode.bad2.address
FAIL: audit03.generalPlot.p0.Plot.PrincipalAxesMode.bad2.action
FAIL: audit03.generalPlot.p0.Plot.PrincipalAxesMode.bad2.oldChartPreserved
FAIL: audit03.generalPlot.p0.Plot.PrincipalAxesMode.bad3.address
FAIL: audit03.generalPlot.p0.Plot.PrincipalAxesMode.bad3.action
FAIL: audit03.generalPlot.p0.Plot.PrincipalAxesMode.bad3.oldChartPreserved
FAIL: audit03.generalPlot.p0.Plot.PrincipalAxesMode.bad4.oldChartPreserved
FAIL: audit03.generalPlot.p0.Plot.ResultLabelSpacing.bad1.rejected
FAIL: audit03.generalPlot.p0.Plot.ResultLabelSpacing.bad1.key
FAIL: audit03.generalPlot.p0.Plot.ResultLabelSpacing.bad1.address
FAIL: audit03.generalPlot.p0.Plot.ResultLabelSpacing.bad1.action
FAIL: audit03.generalPlot.p0.Plot.ResultLabelSpacing.bad1.oldChartPreserved
FAIL: audit03.generalPlot.p0.Plot.ResultLabelSpacing.bad2.rejected
FAIL: audit03.generalPlot.p0.Plot.ResultLabelSpacing.bad2.key
FAIL: audit03.generalPlot.p0.Plot.ResultLabelSpacing.bad2.address
FAIL: audit03.generalPlot.p0.Plot.ResultLabelSpacing.bad2.action
FAIL: audit03.generalPlot.p0.Plot.ResultLabelSpacing.bad2.oldChartPreserved
FAIL: audit03.generalPlot.p0.Plot.ResultLabelSpacing.bad3.oldChartPreserved
FAIL: audit03.generalPlot.p0.Plot.ResultLabelSpacing.bad4.oldChartPreserved
FAIL: audit03.generalPlot.spacing.sign.p0.0
FAIL: audit03.generalPlot.spacing.sign.p0.-1
FAIL: audit03.generalPlot.spacing.smallPositive.p0
FAIL: audit03.generalPlot.spacing.label.p0
FAIL: audit03.generalPlot.missing.p0.Plot.ContourEnabled
FAIL: audit03.generalPlot.missing.p0.Plot.NeutralLineEnabled
FAIL: audit03.generalPlot.missing.p0.Plot.LoadApplicationPointEnabled
FAIL: audit03.generalPlot.missing.p0.Plot.ResultLabelsEnabled
FAIL: audit03.generalPlot.missing.p0.Plot.LegendEnabled
FAIL: audit03.generalPlot.missing.p0.Plot.PrincipalAxesMode
FAIL: audit03.generalPlot.missing.p0.Plot.ResultLabelSpacing
FAIL: audit03.generalPlot.loadCase.p0.mode0.type8.rejected
FAIL: audit03.generalPlot.loadCase.p0.mode0.type8.address
FAIL: audit03.generalPlot.loadCase.p0.mode0.type8.empty
FAIL: audit03.generalPlot.loadCase.p0.mode0.type8.rejected
FAIL: audit03.generalPlot.loadCase.p0.mode0.type8.address
FAIL: audit03.generalPlot.loadCase.p0.mode0.type8.empty
FAIL: audit03.generalPlot.loadCase.p0.mode2.type8.rejected
FAIL: audit03.generalPlot.loadCase.p0.mode2.type8.address
FAIL: audit03.generalPlot.loadCase.p0.mode2.type8.empty
FAIL: audit03.generalPlot.loadCase.p0.mode2.type8.rejected
FAIL: audit03.generalPlot.loadCase.p0.mode2.type8.address
FAIL: audit03.generalPlot.loadCase.p0.mode2.type8.empty
FAIL: audit03.generalPlot.p1.Plot.ContourEnabled.bad1.oldChartPreserved
FAIL: audit03.generalPlot.p1.Plot.ContourEnabled.bad2.oldChartPreserved
FAIL: audit03.generalPlot.p1.Plot.ContourEnabled.bad3.oldChartPreserved
FAIL: audit03.generalPlot.p1.Plot.ContourEnabled.bad4.oldChartPreserved
FAIL: audit03.generalPlot.p1.Plot.NeutralLineEnabled.bad1.oldChartPreserved
FAIL: audit03.generalPlot.p1.Plot.NeutralLineEnabled.bad2.oldChartPreserved
FAIL: audit03.generalPlot.p1.Plot.NeutralLineEnabled.bad3.oldChartPreserved
FAIL: audit03.generalPlot.p1.Plot.NeutralLineEnabled.bad4.oldChartPreserved
FAIL: audit03.generalPlot.p1.Plot.LoadApplicationPointEnabled.bad1.oldChartPreserved
FAIL: audit03.generalPlot.p1.Plot.LoadApplicationPointEnabled.bad2.oldChartPreserved
FAIL: audit03.generalPlot.p1.Plot.LoadApplicationPointEnabled.bad3.oldChartPreserved
FAIL: audit03.generalPlot.p1.Plot.LoadApplicationPointEnabled.bad4.oldChartPreserved
FAIL: audit03.generalPlot.p1.Plot.ResultLabelsEnabled.bad1.oldChartPreserved
FAIL: audit03.generalPlot.p1.Plot.ResultLabelsEnabled.bad2.oldChartPreserved
FAIL: audit03.generalPlot.p1.Plot.ResultLabelsEnabled.bad3.oldChartPreserved
FAIL: audit03.generalPlot.p1.Plot.ResultLabelsEnabled.bad4.oldChartPreserved
FAIL: audit03.generalPlot.p1.Plot.LegendEnabled.bad1.oldChartPreserved
FAIL: audit03.generalPlot.p1.Plot.LegendEnabled.bad2.oldChartPreserved
FAIL: audit03.generalPlot.p1.Plot.LegendEnabled.bad3.oldChartPreserved
FAIL: audit03.generalPlot.p1.Plot.LegendEnabled.bad4.oldChartPreserved
FAIL: audit03.generalPlot.p1.Plot.PrincipalAxesMode.bad1.rejected
FAIL: audit03.generalPlot.p1.Plot.PrincipalAxesMode.bad1.key
FAIL: audit03.generalPlot.p1.Plot.PrincipalAxesMode.bad1.address
FAIL: audit03.generalPlot.p1.Plot.PrincipalAxesMode.bad1.action
FAIL: audit03.generalPlot.p1.Plot.PrincipalAxesMode.bad1.oldChartPreserved
FAIL: audit03.generalPlot.p1.Plot.PrincipalAxesMode.bad2.rejected
FAIL: audit03.generalPlot.p1.Plot.PrincipalAxesMode.bad2.key
FAIL: audit03.generalPlot.p1.Plot.PrincipalAxesMode.bad2.address
FAIL: audit03.generalPlot.p1.Plot.PrincipalAxesMode.bad2.action
FAIL: audit03.generalPlot.p1.Plot.PrincipalAxesMode.bad2.oldChartPreserved
FAIL: audit03.generalPlot.p1.Plot.PrincipalAxesMode.bad3.address
FAIL: audit03.generalPlot.p1.Plot.PrincipalAxesMode.bad3.action
FAIL: audit03.generalPlot.p1.Plot.PrincipalAxesMode.bad3.oldChartPreserved
FAIL: audit03.generalPlot.p1.Plot.PrincipalAxesMode.bad4.oldChartPreserved
FAIL: audit03.generalPlot.p1.Plot.ResultLabelSpacing.bad1.rejected
FAIL: audit03.generalPlot.p1.Plot.ResultLabelSpacing.bad1.key
FAIL: audit03.generalPlot.p1.Plot.ResultLabelSpacing.bad1.address
FAIL: audit03.generalPlot.p1.Plot.ResultLabelSpacing.bad1.action
FAIL: audit03.generalPlot.p1.Plot.ResultLabelSpacing.bad1.oldChartPreserved
FAIL: audit03.generalPlot.p1.Plot.ResultLabelSpacing.bad2.rejected
FAIL: audit03.generalPlot.p1.Plot.ResultLabelSpacing.bad2.key
FAIL: audit03.generalPlot.p1.Plot.ResultLabelSpacing.bad2.address
FAIL: audit03.generalPlot.p1.Plot.ResultLabelSpacing.bad2.action
FAIL: audit03.generalPlot.p1.Plot.ResultLabelSpacing.bad2.oldChartPreserved
FAIL: audit03.generalPlot.p1.Plot.ResultLabelSpacing.bad3.oldChartPreserved
FAIL: audit03.generalPlot.p1.Plot.ResultLabelSpacing.bad4.oldChartPreserved
FAIL: audit03.generalPlot.spacing.sign.p1.0
FAIL: audit03.generalPlot.spacing.sign.p1.-1
FAIL: audit03.generalPlot.spacing.smallPositive.p1
FAIL: audit03.generalPlot.spacing.label.p1
FAIL: audit03.generalPlot.missing.p1.Plot.ContourEnabled
FAIL: audit03.generalPlot.missing.p1.Plot.NeutralLineEnabled
FAIL: audit03.generalPlot.missing.p1.Plot.LoadApplicationPointEnabled
FAIL: audit03.generalPlot.missing.p1.Plot.ResultLabelsEnabled
FAIL: audit03.generalPlot.missing.p1.Plot.LegendEnabled
FAIL: audit03.generalPlot.missing.p1.Plot.PrincipalAxesMode
FAIL: audit03.generalPlot.missing.p1.Plot.ResultLabelSpacing
FAIL: audit03.generalPlot.loadCase.p1.mode0.type8.rejected
FAIL: audit03.generalPlot.loadCase.p1.mode0.type8.address
FAIL: audit03.generalPlot.loadCase.p1.mode0.type8.empty
FAIL: audit03.generalPlot.loadCase.p1.mode0.type8.rejected
FAIL: audit03.generalPlot.loadCase.p1.mode0.type8.address
FAIL: audit03.generalPlot.loadCase.p1.mode0.type8.empty
FAIL: audit03.generalPlot.loadCase.p1.mode2.type8.rejected
FAIL: audit03.generalPlot.loadCase.p1.mode2.type8.address
FAIL: audit03.generalPlot.loadCase.p1.mode2.type8.empty
FAIL: audit03.generalPlot.loadCase.p1.mode2.type8.rejected
FAIL: audit03.generalPlot.loadCase.p1.mode2.type8.address
FAIL: audit03.generalPlot.loadCase.p1.mode2.type8.empty
FAIL: audit03.generalPlot.grouped.colorCount
FAIL: audit03.generalPlot.grouped.color1
FAIL: audit03.generalPlot.grouped.color3
FAIL: audit03.generalPlot.grouped.color5
FAIL: audit03.generalPlot.grouped.color7
FAIL: audit03.generalPlot.grouped.color9
FAIL: audit03.generalPlot.grouped.color11
FAIL: audit03.generalPlot.grouped.color13
FAIL: audit03.generalPlot.grouped.color15
FAIL: audit03.generalPlot.enable.p0.mode1.disabled
FAIL: audit03.generalPlot.enable.p0.mode1.preserved
FAIL: audit03.generalPlot.enable.invalid.p0.mode1.type8.rejected
FAIL: audit03.generalPlot.enable.invalid.p0.mode1.type8.address
FAIL: audit03.generalPlot.enable.invalid.p0.mode1.type8.rejected
FAIL: audit03.generalPlot.enable.invalid.p0.mode1.type8.address
FAIL: audit03.generalPlot.enable.invalid.p0.mode1.type8.rejected
FAIL: audit03.generalPlot.enable.invalid.p0.mode1.type8.address
FAIL: audit03.generalPlot.enable.invalid.p0.mode1.type10.rejected
FAIL: audit03.generalPlot.enable.invalid.p0.mode1.type10.address
FAIL: audit03.generalPlot.enable.p1.mode0.preserved
FAIL: audit03.generalPlot.enable.p1.mode1.disabled
FAIL: audit03.generalPlot.enable.p1.mode1.preserved
FAIL: audit03.generalPlot.enable.invalid.p1.mode1.type8.rejected
FAIL: audit03.generalPlot.enable.invalid.p1.mode1.type8.address
FAIL: audit03.generalPlot.enable.invalid.p1.mode1.type8.rejected
FAIL: audit03.generalPlot.enable.invalid.p1.mode1.type8.address
FAIL: audit03.generalPlot.enable.invalid.p1.mode1.type8.rejected
FAIL: audit03.generalPlot.enable.invalid.p1.mode1.type8.address
FAIL: audit03.generalPlot.enable.invalid.p1.mode1.type10.rejected
FAIL: audit03.generalPlot.enable.invalid.p1.mode1.type10.address
TOTAL_AUDIT03_GENERAL_PLOT: passed=1147; failed=168
MODE_AFTER_SUITE: No
SOURCE_UNCHANGED: True
