SOURCE: C:\Users\avidzba\Desktop\программы\В_РАБОТЕ!\RC_Section_NDM\docs\regression\Audit03\RC_Section_NDM_general_plot_negative_v209.xlsm
SOURCE_SHA256: 2EBE7E265A4D0710971E2220911FEF0F40761F812C5869B35466B64BDC5250E2
FIXTURE: C:\Users\avidzba\AppData\Local\Temp\RC_NDM_ModeSuite_91eb8c82fbce4a99863a08aebc61e9eb\RC_Section_NDM.xlsm
GLOBAL_MODE: General.DiagramExtension=No; explicit-On tests retain their setup
FAIL: audit03.generalPlot.p0.Plot.ContourEnabled.bad1.oldChartPreserved
FAIL: audit03.generalPlot.p0.Plot.ContourEnabled.bad2.oldChartPreserved
FAIL: audit03.generalPlot.p0.Plot.ContourEnabled.bad3.oldChartPreserved
FAIL: audit03.generalPlot.p0.Plot.ContourEnabled.bad4.oldChartPreserved
FAIL: audit03.generalPlot.p0.Plot.NeutralLineEnabled.bad1.oldChartPreserved
FAIL: audit03.generalPlot.p0.Plot.NeutralLineEnabled.bad2.oldChartPreserved
FAIL: audit03.generalPlot.p0.Plot.NeutralLineEnabled.bad3.oldChartPreserved
FAIL: audit03.generalPlot.p0.Plot.NeutralLineEnabled.bad4.oldChartPreserved
FAIL: audit03.generalPlot.p0.Plot.LoadApplicationPointEnabled.bad1.oldChartPreserved
FAIL: audit03.generalPlot.p0.Plot.LoadApplicationPointEnabled.bad2.oldChartPreserved
FAIL: audit03.generalPlot.p0.Plot.LoadApplicationPointEnabled.bad3.oldChartPreserved
FAIL: audit03.generalPlot.p0.Plot.LoadApplicationPointEnabled.bad4.oldChartPreserved
FAIL: audit03.generalPlot.p0.Plot.ResultLabelsEnabled.bad1.oldChartPreserved
FAIL: audit03.generalPlot.p0.Plot.ResultLabelsEnabled.bad2.oldChartPreserved
FAIL: audit03.generalPlot.p0.Plot.ResultLabelsEnabled.bad3.oldChartPreserved
FAIL: audit03.generalPlot.p0.Plot.ResultLabelsEnabled.bad4.oldChartPreserved
FAIL: audit03.generalPlot.p0.Plot.LegendEnabled.bad1.oldChartPreserved
FAIL: audit03.generalPlot.p0.Plot.LegendEnabled.bad2.oldChartPreserved
FAIL: audit03.generalPlot.p0.Plot.LegendEnabled.bad3.oldChartPreserved
FAIL: audit03.generalPlot.p0.Plot.LegendEnabled.bad4.oldChartPreserved
FAIL: audit03.generalPlot.p0.Plot.PrincipalAxesMode.bad1.rejected
FAIL: audit03.generalPlot.p0.Plot.PrincipalAxesMode.bad1.key
FAIL: audit03.generalPlot.p0.Plot.PrincipalAxesMode.bad1.address
FAIL: audit03.generalPlot.p0.Plot.PrincipalAxesMode.bad1.action
FAIL: audit03.generalPlot.p0.Plot.PrincipalAxesMode.bad1.oldChartPreserved
FAIL: audit03.generalPlot.p0.Plot.PrincipalAxesMode.bad2.rejected
FAIL: audit03.generalPlot.p0.Plot.PrincipalAxesMode.bad2.key
FAIL: audit03.generalPlot.p0.Plot.PrincipalAxesMode.bad2.address
FAIL: audit03.generalPlot.p0.Plot.PrincipalAxesMode.bad2.action
FAIL: audit03.generalPlot.p0.Plot.PrincipalAxesMode.bad2.oldChartPreserved
FAIL: audit03.generalPlot.p0.Plot.PrincipalAxesMode.bad3.address
FAIL: audit03.generalPlot.p0.Plot.PrincipalAxesMode.bad3.action
FAIL: audit03.generalPlot.p0.Plot.PrincipalAxesMode.bad3.oldChartPreserved
FAIL: audit03.generalPlot.p0.Plot.PrincipalAxesMode.bad4.oldChartPreserved
FAIL: audit03.generalPlot.p0.Plot.ResultLabelSpacing.bad1.rejected
FAIL: audit03.generalPlot.p0.Plot.ResultLabelSpacing.bad1.key
FAIL: audit03.generalPlot.p0.Plot.ResultLabelSpacing.bad1.address
FAIL: audit03.generalPlot.p0.Plot.ResultLabelSpacing.bad1.action
FAIL: audit03.generalPlot.p0.Plot.ResultLabelSpacing.bad1.oldChartPreserved
FAIL: audit03.generalPlot.p0.Plot.ResultLabelSpacing.bad2.rejected
FAIL: audit03.generalPlot.p0.Plot.ResultLabelSpacing.bad2.key
FAIL: audit03.generalPlot.p0.Plot.ResultLabelSpacing.bad2.address
FAIL: audit03.generalPlot.p0.Plot.ResultLabelSpacing.bad2.action
FAIL: audit03.generalPlot.p0.Plot.ResultLabelSpacing.bad2.oldChartPreserved
FAIL: audit03.generalPlot.p0.Plot.ResultLabelSpacing.bad3.oldChartPreserved
FAIL: audit03.generalPlot.p0.Plot.ResultLabelSpacing.bad4.oldChartPreserved
FAIL: audit03.generalPlot.spacing.sign.p0.0
FAIL: audit03.generalPlot.spacing.sign.p0.-1
FAIL: audit03.generalPlot.spacing.smallPositive.p0
FAIL: audit03.generalPlot.spacing.label.p0
FAIL: audit03.generalPlot.missing.p0.Plot.ContourEnabled
FAIL: audit03.generalPlot.missing.p0.Plot.NeutralLineEnabled
FAIL: audit03.generalPlot.missing.p0.Plot.LoadApplicationPointEnabled
FAIL: audit03.generalPlot.missing.p0.Plot.ResultLabelsEnabled
FAIL: audit03.generalPlot.missing.p0.Plot.LegendEnabled
FAIL: audit03.generalPlot.missing.p0.Plot.PrincipalAxesMode
FAIL: audit03.generalPlot.missing.p0.Plot.ResultLabelSpacing
FAIL: audit03.generalPlot.arrow.p0.Plot.Dimensions.ArrowType.bad1.address
FAIL: audit03.generalPlot.arrow.p0.Plot.Dimensions.ArrowType.bad2.address
FAIL: audit03.generalPlot.arrow.p0.Plot.Dimensions.ArrowType.bad3.address
FAIL: audit03.generalPlot.arrow.p0.Plot.Dimensions.ArrowType.bad4.address
FAIL: audit03.generalPlot.arrow.p0.Plot.Dimensions.ArrowSize.bad1.address
FAIL: audit03.generalPlot.arrow.p0.Plot.Dimensions.ArrowSize.bad2.address
FAIL: audit03.generalPlot.arrow.p0.Plot.Dimensions.ArrowSize.bad3.address
FAIL: audit03.generalPlot.arrow.p0.Plot.Dimensions.ArrowSize.bad4.address
FAIL: audit03.generalPlot.loadCase.p0.mode0.type8.rejected
FAIL: audit03.generalPlot.loadCase.p0.mode0.type8.address
FAIL: audit03.generalPlot.loadCase.p0.mode0.type8.empty
FAIL: audit03.generalPlot.loadCase.p0.mode0.type8.rejected
FAIL: audit03.generalPlot.loadCase.p0.mode0.type8.address
FAIL: audit03.generalPlot.loadCase.p0.mode0.type8.empty
FAIL: audit03.generalPlot.loadCase.p0.mode2.type8.rejected
FAIL: audit03.generalPlot.loadCase.p0.mode2.type8.address
FAIL: audit03.generalPlot.loadCase.p0.mode2.type8.empty
FAIL: audit03.generalPlot.loadCase.p0.mode2.type8.rejected
FAIL: audit03.generalPlot.loadCase.p0.mode2.type8.address
FAIL: audit03.generalPlot.loadCase.p0.mode2.type8.empty
FAIL: audit03.generalPlot.p1.Plot.ContourEnabled.bad1.oldChartPreserved
FAIL: audit03.generalPlot.p1.Plot.ContourEnabled.bad2.oldChartPreserved
FAIL: audit03.generalPlot.p1.Plot.ContourEnabled.bad3.oldChartPreserved
FAIL: audit03.generalPlot.p1.Plot.ContourEnabled.bad4.oldChartPreserved
FAIL: audit03.generalPlot.p1.Plot.NeutralLineEnabled.bad1.oldChartPreserved
FAIL: audit03.generalPlot.p1.Plot.NeutralLineEnabled.bad2.oldChartPreserved
FAIL: audit03.generalPlot.p1.Plot.NeutralLineEnabled.bad3.oldChartPreserved
FAIL: audit03.generalPlot.p1.Plot.NeutralLineEnabled.bad4.oldChartPreserved
FAIL: audit03.generalPlot.p1.Plot.LoadApplicationPointEnabled.bad1.oldChartPreserved
FAIL: audit03.generalPlot.p1.Plot.LoadApplicationPointEnabled.bad2.oldChartPreserved
FAIL: audit03.generalPlot.p1.Plot.LoadApplicationPointEnabled.bad3.oldChartPreserved
FAIL: audit03.generalPlot.p1.Plot.LoadApplicationPointEnabled.bad4.oldChartPreserved
FAIL: audit03.generalPlot.p1.Plot.ResultLabelsEnabled.bad1.oldChartPreserved
FAIL: audit03.generalPlot.p1.Plot.ResultLabelsEnabled.bad2.oldChartPreserved
FAIL: audit03.generalPlot.p1.Plot.ResultLabelsEnabled.bad3.oldChartPreserved
FAIL: audit03.generalPlot.p1.Plot.ResultLabelsEnabled.bad4.oldChartPreserved
FAIL: audit03.generalPlot.p1.Plot.LegendEnabled.bad1.oldChartPreserved
FAIL: audit03.generalPlot.p1.Plot.LegendEnabled.bad2.oldChartPreserved
FAIL: audit03.generalPlot.p1.Plot.LegendEnabled.bad3.oldChartPreserved
FAIL: audit03.generalPlot.p1.Plot.LegendEnabled.bad4.oldChartPreserved
FAIL: audit03.generalPlot.p1.Plot.PrincipalAxesMode.bad1.rejected
FAIL: audit03.generalPlot.p1.Plot.PrincipalAxesMode.bad1.key
FAIL: audit03.generalPlot.p1.Plot.PrincipalAxesMode.bad1.address
FAIL: audit03.generalPlot.p1.Plot.PrincipalAxesMode.bad1.action
FAIL: audit03.generalPlot.p1.Plot.PrincipalAxesMode.bad1.oldChartPreserved
FAIL: audit03.generalPlot.p1.Plot.PrincipalAxesMode.bad2.rejected
FAIL: audit03.generalPlot.p1.Plot.PrincipalAxesMode.bad2.key
FAIL: audit03.generalPlot.p1.Plot.PrincipalAxesMode.bad2.address
FAIL: audit03.generalPlot.p1.Plot.PrincipalAxesMode.bad2.action
FAIL: audit03.generalPlot.p1.Plot.PrincipalAxesMode.bad2.oldChartPreserved
FAIL: audit03.generalPlot.p1.Plot.PrincipalAxesMode.bad3.address
FAIL: audit03.generalPlot.p1.Plot.PrincipalAxesMode.bad3.action
FAIL: audit03.generalPlot.p1.Plot.PrincipalAxesMode.bad3.oldChartPreserved
FAIL: audit03.generalPlot.p1.Plot.PrincipalAxesMode.bad4.oldChartPreserved
FAIL: audit03.generalPlot.p1.Plot.ResultLabelSpacing.bad1.rejected
FAIL: audit03.generalPlot.p1.Plot.ResultLabelSpacing.bad1.key
FAIL: audit03.generalPlot.p1.Plot.ResultLabelSpacing.bad1.address
FAIL: audit03.generalPlot.p1.Plot.ResultLabelSpacing.bad1.action
FAIL: audit03.generalPlot.p1.Plot.ResultLabelSpacing.bad1.oldChartPreserved
FAIL: audit03.generalPlot.p1.Plot.ResultLabelSpacing.bad2.rejected
FAIL: audit03.generalPlot.p1.Plot.ResultLabelSpacing.bad2.key
FAIL: audit03.generalPlot.p1.Plot.ResultLabelSpacing.bad2.address
FAIL: audit03.generalPlot.p1.Plot.ResultLabelSpacing.bad2.action
FAIL: audit03.generalPlot.p1.Plot.ResultLabelSpacing.bad2.oldChartPreserved
FAIL: audit03.generalPlot.p1.Plot.ResultLabelSpacing.bad3.oldChartPreserved
FAIL: audit03.generalPlot.p1.Plot.ResultLabelSpacing.bad4.oldChartPreserved
FAIL: audit03.generalPlot.spacing.sign.p1.0
FAIL: audit03.generalPlot.spacing.sign.p1.-1
FAIL: audit03.generalPlot.spacing.smallPositive.p1
FAIL: audit03.generalPlot.spacing.label.p1
FAIL: audit03.generalPlot.missing.p1.Plot.ContourEnabled
FAIL: audit03.generalPlot.missing.p1.Plot.NeutralLineEnabled
FAIL: audit03.generalPlot.missing.p1.Plot.LoadApplicationPointEnabled
FAIL: audit03.generalPlot.missing.p1.Plot.ResultLabelsEnabled
FAIL: audit03.generalPlot.missing.p1.Plot.LegendEnabled
FAIL: audit03.generalPlot.missing.p1.Plot.PrincipalAxesMode
FAIL: audit03.generalPlot.missing.p1.Plot.ResultLabelSpacing
FAIL: audit03.generalPlot.arrow.p1.Plot.Dimensions.ArrowType.bad1.address
FAIL: audit03.generalPlot.arrow.p1.Plot.Dimensions.ArrowType.bad2.address
FAIL: audit03.generalPlot.arrow.p1.Plot.Dimensions.ArrowType.bad3.address
FAIL: audit03.generalPlot.arrow.p1.Plot.Dimensions.ArrowType.bad4.address
FAIL: audit03.generalPlot.arrow.p1.Plot.Dimensions.ArrowSize.bad1.address
FAIL: audit03.generalPlot.arrow.p1.Plot.Dimensions.ArrowSize.bad2.address
FAIL: audit03.generalPlot.arrow.p1.Plot.Dimensions.ArrowSize.bad3.address
FAIL: audit03.generalPlot.arrow.p1.Plot.Dimensions.ArrowSize.bad4.address
FAIL: audit03.generalPlot.loadCase.p1.mode0.type8.rejected
FAIL: audit03.generalPlot.loadCase.p1.mode0.type8.address
FAIL: audit03.generalPlot.loadCase.p1.mode0.type8.empty
FAIL: audit03.generalPlot.loadCase.p1.mode0.type8.rejected
FAIL: audit03.generalPlot.loadCase.p1.mode0.type8.address
FAIL: audit03.generalPlot.loadCase.p1.mode0.type8.empty
FAIL: audit03.generalPlot.loadCase.p1.mode2.type8.rejected
FAIL: audit03.generalPlot.loadCase.p1.mode2.type8.address
FAIL: audit03.generalPlot.loadCase.p1.mode2.type8.empty
FAIL: audit03.generalPlot.loadCase.p1.mode2.type8.rejected
FAIL: audit03.generalPlot.loadCase.p1.mode2.type8.address
FAIL: audit03.generalPlot.loadCase.p1.mode2.type8.empty
FAIL: audit03.generalPlot.runtime.-2147217188.Настройка Plot.Dimensions.ExtensionLineColor (лист PlotConfig, ячейка CI937): Цвет RGB задан неверно: "140140140". Введите три целых числа от 0 до 255 через запятую, например 0,0,0 для черного цвета.
FAIL: audit03.generalPlot.enable.p0.mode1.disabled
FAIL: audit03.generalPlot.enable.invalid.p0.mode1.type8.rejected
FAIL: audit03.generalPlot.enable.invalid.p0.mode1.type8.address
FAIL: audit03.generalPlot.enable.invalid.p0.mode1.type8.rejected
FAIL: audit03.generalPlot.enable.invalid.p0.mode1.type8.address
FAIL: audit03.generalPlot.enable.invalid.p0.mode1.type8.rejected
FAIL: audit03.generalPlot.enable.invalid.p0.mode1.type8.address
FAIL: audit03.generalPlot.enable.invalid.p0.mode1.type10.rejected
FAIL: audit03.generalPlot.enable.invalid.p0.mode1.type10.address
FAIL: audit03.generalPlot.enable.p1.mode1.disabled
FAIL: audit03.generalPlot.enable.invalid.p1.mode1.type8.rejected
FAIL: audit03.generalPlot.enable.invalid.p1.mode1.type8.address
FAIL: audit03.generalPlot.enable.invalid.p1.mode1.type8.rejected
FAIL: audit03.generalPlot.enable.invalid.p1.mode1.type8.address
FAIL: audit03.generalPlot.enable.invalid.p1.mode1.type8.rejected
FAIL: audit03.generalPlot.enable.invalid.p1.mode1.type8.address
FAIL: audit03.generalPlot.enable.invalid.p1.mode1.type10.rejected
FAIL: audit03.generalPlot.enable.invalid.p1.mode1.type10.address
FAIL: audit03.generalPlot.enable.runtime.-2147217188.Настройка Plot.Dimensions.ExtensionLineColor (лист Config, ячейка J18): Цвет RGB задан неверно: "140140140". Введите три целых числа от 0 до 255 через запятую, например 0,0,0 для черного цвета.
TOTAL_AUDIT03_GENERAL_PLOT: passed=1057; failed=174
MODE_AFTER_SUITE: No
SOURCE_UNCHANGED: True
