SOURCE: C:\Users\avidzba\Desktop\Ø‡Æ£‡†¨¨Î\Ç_êÄÅéíÖ!\RC_Section_NDM\docs\regression\Audit03\RC_Section_NDM_general_run_negative_v237.xlsm
SOURCE_SHA256: A14D202CB4C39643F19F10ACA7E1FA513E6CF312613EE9221E3E9A69A6447C24
FIXTURE: C:\Users\avidzba\AppData\Local\Temp\RC_NDM_ModeSuite_25457d0165564640a54ef50ed1d14c65\RC_Section_NDM.xlsm
GLOBAL_MODE: General.DiagramExtension=No; explicit-On tests retain their setup
FAIL: audit03.generalRun.invalid.p0.General.ExecutionReportEnabled.v4.rejected
FAIL: audit03.generalRun.invalid.p0.General.ExecutionReportEnabled.v4.typed
FAIL: audit03.generalRun.invalid.p0.General.ExecutionReportEnabled.v4.key
FAIL: audit03.generalRun.invalid.p0.General.ExecutionReportEnabled.v4.action
FAIL: audit03.generalRun.invalid.p0.General.NonCriticalMessagesEnabled.v0.rejected
FAIL: audit03.generalRun.invalid.p0.General.NonCriticalMessagesEnabled.v0.typed
FAIL: audit03.generalRun.invalid.p0.General.NonCriticalMessagesEnabled.v0.key
FAIL: audit03.generalRun.invalid.p0.General.NonCriticalMessagesEnabled.v0.action
FAIL: audit03.generalRun.invalid.p0.General.NonCriticalMessagesEnabled.v0.address
FAIL: audit03.generalRun.invalid.p0.General.NonCriticalMessagesEnabled.v1.rejected
FAIL: audit03.generalRun.invalid.p0.General.NonCriticalMessagesEnabled.v1.typed
FAIL: audit03.generalRun.invalid.p0.General.NonCriticalMessagesEnabled.v1.key
FAIL: audit03.generalRun.invalid.p0.General.NonCriticalMessagesEnabled.v1.action
FAIL: audit03.generalRun.invalid.p0.General.NonCriticalMessagesEnabled.v1.address
FAIL: audit03.generalRun.invalid.p0.General.NonCriticalMessagesEnabled.v2.rejected
FAIL: audit03.generalRun.invalid.p0.General.NonCriticalMessagesEnabled.v2.typed
FAIL: audit03.generalRun.invalid.p0.General.NonCriticalMessagesEnabled.v2.key
FAIL: audit03.generalRun.invalid.p0.General.NonCriticalMessagesEnabled.v2.action
FAIL: audit03.generalRun.invalid.p0.General.NonCriticalMessagesEnabled.v2.address
FAIL: audit03.generalRun.invalid.p0.General.NonCriticalMessagesEnabled.v3.rejected
FAIL: audit03.generalRun.invalid.p0.General.NonCriticalMessagesEnabled.v3.typed
FAIL: audit03.generalRun.invalid.p0.General.NonCriticalMessagesEnabled.v3.key
FAIL: audit03.generalRun.invalid.p0.General.NonCriticalMessagesEnabled.v3.action
FAIL: audit03.generalRun.invalid.p0.General.NonCriticalMessagesEnabled.v3.address
FAIL: audit03.generalRun.invalid.p0.General.NonCriticalMessagesEnabled.v4.rejected
FAIL: audit03.generalRun.invalid.p0.General.NonCriticalMessagesEnabled.v4.typed
FAIL: audit03.generalRun.invalid.p0.General.NonCriticalMessagesEnabled.v4.key
FAIL: audit03.generalRun.invalid.p0.General.NonCriticalMessagesEnabled.v4.action
FAIL: audit03.generalRun.invalid.p1.General.ExecutionReportEnabled.v4.rejected
FAIL: audit03.generalRun.invalid.p1.General.ExecutionReportEnabled.v4.typed
FAIL: audit03.generalRun.invalid.p1.General.ExecutionReportEnabled.v4.key
FAIL: audit03.generalRun.invalid.p1.General.ExecutionReportEnabled.v4.action
FAIL: audit03.generalRun.invalid.p1.General.NonCriticalMessagesEnabled.v0.rejected
FAIL: audit03.generalRun.invalid.p1.General.NonCriticalMessagesEnabled.v0.typed
FAIL: audit03.generalRun.invalid.p1.General.NonCriticalMessagesEnabled.v0.key
FAIL: audit03.generalRun.invalid.p1.General.NonCriticalMessagesEnabled.v0.action
FAIL: audit03.generalRun.invalid.p1.General.NonCriticalMessagesEnabled.v0.address
FAIL: audit03.generalRun.invalid.p1.General.NonCriticalMessagesEnabled.v1.rejected
FAIL: audit03.generalRun.invalid.p1.General.NonCriticalMessagesEnabled.v1.typed
FAIL: audit03.generalRun.invalid.p1.General.NonCriticalMessagesEnabled.v1.key
FAIL: audit03.generalRun.invalid.p1.General.NonCriticalMessagesEnabled.v1.action
FAIL: audit03.generalRun.invalid.p1.General.NonCriticalMessagesEnabled.v1.address
FAIL: audit03.generalRun.invalid.p1.General.NonCriticalMessagesEnabled.v2.rejected
FAIL: audit03.generalRun.invalid.p1.General.NonCriticalMessagesEnabled.v2.typed
FAIL: audit03.generalRun.invalid.p1.General.NonCriticalMessagesEnabled.v2.key
FAIL: audit03.generalRun.invalid.p1.General.NonCriticalMessagesEnabled.v2.action
FAIL: audit03.generalRun.invalid.p1.General.NonCriticalMessagesEnabled.v2.address
FAIL: audit03.generalRun.invalid.p1.General.NonCriticalMessagesEnabled.v3.rejected
FAIL: audit03.generalRun.invalid.p1.General.NonCriticalMessagesEnabled.v3.typed
FAIL: audit03.generalRun.invalid.p1.General.NonCriticalMessagesEnabled.v3.key
FAIL: audit03.generalRun.invalid.p1.General.NonCriticalMessagesEnabled.v3.action
FAIL: audit03.generalRun.invalid.p1.General.NonCriticalMessagesEnabled.v3.address
FAIL: audit03.generalRun.invalid.p1.General.NonCriticalMessagesEnabled.v4.rejected
FAIL: audit03.generalRun.invalid.p1.General.NonCriticalMessagesEnabled.v4.typed
FAIL: audit03.generalRun.invalid.p1.General.NonCriticalMessagesEnabled.v4.key
FAIL: audit03.generalRun.invalid.p1.General.NonCriticalMessagesEnabled.v4.action
FAIL: audit03.generalRun.messages.noWorkbook
TOTAL_AUDIT03_GENERAL_RUN_CONFIG: passed=95; failed=57
MODE_AFTER_SUITE: No
SOURCE_UNCHANGED: True
