SOURCE: C:\Users\avidzba\Desktop\Ø‡Æ£‡†¨¨Î\Ç_êÄÅéíÖ!\RC_Section_NDM\docs\regression\Audit03\RC_Section_NDM_general_plot_negative_v207b.xlsm
SOURCE_SHA256: 1B3379E9AD8B58C308E7FF172106E47A29E5C05DCE96EDB05B4558A1BA718E4A
FIXTURE: C:\Users\avidzba\AppData\Local\Temp\RC_NDM_ModeSuite_ceb482b2f54a4bf1bb04e276bcef17d4\RC_Section_NDM.xlsm
GLOBAL_MODE: General.DiagramExtension=No; explicit-On tests retain their setup
FAIL: audit03.generalPlot.p0.Plot.ContourEnabled.bad8.address
FAIL: audit03.generalPlot.p0.Plot.ContourEnabled.bad8.oldChartPreserved
FAIL: audit03.generalPlot.p0.Plot.ContourEnabled.bad8.address
FAIL: audit03.generalPlot.p0.Plot.ContourEnabled.bad8.oldChartPreserved
FAIL: audit03.generalPlot.p0.Plot.ContourEnabled.bad8.address
FAIL: audit03.generalPlot.p0.Plot.ContourEnabled.bad8.oldChartPreserved
FAIL: audit03.generalPlot.p0.Plot.ContourEnabled.bad10.address
FAIL: audit03.generalPlot.p0.Plot.ContourEnabled.bad10.oldChartPreserved
FAIL: audit03.generalPlot.p0.Plot.NeutralLineEnabled.bad8.address
FAIL: audit03.generalPlot.p0.Plot.NeutralLineEnabled.bad8.oldChartPreserved
FAIL: audit03.generalPlot.p0.Plot.NeutralLineEnabled.bad8.address
FAIL: audit03.generalPlot.p0.Plot.NeutralLineEnabled.bad8.oldChartPreserved
FAIL: audit03.generalPlot.p0.Plot.NeutralLineEnabled.bad8.address
FAIL: audit03.generalPlot.p0.Plot.NeutralLineEnabled.bad8.oldChartPreserved
FAIL: audit03.generalPlot.p0.Plot.NeutralLineEnabled.bad10.address
FAIL: audit03.generalPlot.p0.Plot.NeutralLineEnabled.bad10.oldChartPreserved
FAIL: audit03.generalPlot.p0.Plot.LoadApplicationPointEnabled.bad8.address
FAIL: audit03.generalPlot.p0.Plot.LoadApplicationPointEnabled.bad8.oldChartPreserved
FAIL: audit03.generalPlot.p0.Plot.LoadApplicationPointEnabled.bad8.address
FAIL: audit03.generalPlot.p0.Plot.LoadApplicationPointEnabled.bad8.oldChartPreserved
FAIL: audit03.generalPlot.p0.Plot.LoadApplicationPointEnabled.bad8.address
FAIL: audit03.generalPlot.p0.Plot.LoadApplicationPointEnabled.bad8.oldChartPreserved
FAIL: audit03.generalPlot.p0.Plot.LoadApplicationPointEnabled.bad10.address
FAIL: audit03.generalPlot.p0.Plot.LoadApplicationPointEnabled.bad10.oldChartPreserved
FAIL: audit03.generalPlot.p0.Plot.ResultLabelsEnabled.bad8.address
FAIL: audit03.generalPlot.p0.Plot.ResultLabelsEnabled.bad8.oldChartPreserved
FAIL: audit03.generalPlot.p0.Plot.ResultLabelsEnabled.bad8.address
FAIL: audit03.generalPlot.p0.Plot.ResultLabelsEnabled.bad8.oldChartPreserved
FAIL: audit03.generalPlot.p0.Plot.ResultLabelsEnabled.bad8.address
FAIL: audit03.generalPlot.p0.Plot.ResultLabelsEnabled.bad8.oldChartPreserved
FAIL: audit03.generalPlot.p0.Plot.ResultLabelsEnabled.bad10.address
FAIL: audit03.generalPlot.p0.Plot.ResultLabelsEnabled.bad10.oldChartPreserved
FAIL: audit03.generalPlot.p0.Plot.LegendEnabled.bad8.address
FAIL: audit03.generalPlot.p0.Plot.LegendEnabled.bad8.oldChartPreserved
FAIL: audit03.generalPlot.p0.Plot.LegendEnabled.bad8.address
FAIL: audit03.generalPlot.p0.Plot.LegendEnabled.bad8.oldChartPreserved
FAIL: audit03.generalPlot.p0.Plot.LegendEnabled.bad8.address
FAIL: audit03.generalPlot.p0.Plot.LegendEnabled.bad8.oldChartPreserved
FAIL: audit03.generalPlot.p0.Plot.LegendEnabled.bad10.address
FAIL: audit03.generalPlot.p0.Plot.LegendEnabled.bad10.oldChartPreserved
FAIL: audit03.generalPlot.p0.Plot.PrincipalAxesMode.bad8.rejected
FAIL: audit03.generalPlot.p0.Plot.PrincipalAxesMode.bad8.key
FAIL: audit03.generalPlot.p0.Plot.PrincipalAxesMode.bad8.address
FAIL: audit03.generalPlot.p0.Plot.PrincipalAxesMode.bad8.action
FAIL: audit03.generalPlot.p0.Plot.PrincipalAxesMode.bad8.oldChartPreserved
FAIL: audit03.generalPlot.p0.Plot.PrincipalAxesMode.bad8.rejected
FAIL: audit03.generalPlot.p0.Plot.PrincipalAxesMode.bad8.key
FAIL: audit03.generalPlot.p0.Plot.PrincipalAxesMode.bad8.address
FAIL: audit03.generalPlot.p0.Plot.PrincipalAxesMode.bad8.action
FAIL: audit03.generalPlot.p0.Plot.PrincipalAxesMode.bad8.oldChartPreserved
FAIL: audit03.generalPlot.p0.Plot.PrincipalAxesMode.bad8.address
FAIL: audit03.generalPlot.p0.Plot.PrincipalAxesMode.bad8.action
FAIL: audit03.generalPlot.p0.Plot.PrincipalAxesMode.bad8.oldChartPreserved
FAIL: audit03.generalPlot.p0.Plot.PrincipalAxesMode.bad10.address
FAIL: audit03.generalPlot.p0.Plot.PrincipalAxesMode.bad10.oldChartPreserved
FAIL: audit03.generalPlot.p0.Plot.ResultLabelSpacing.bad8.rejected
FAIL: audit03.generalPlot.p0.Plot.ResultLabelSpacing.bad8.key
FAIL: audit03.generalPlot.p0.Plot.ResultLabelSpacing.bad8.address
FAIL: audit03.generalPlot.p0.Plot.ResultLabelSpacing.bad8.action
FAIL: audit03.generalPlot.p0.Plot.ResultLabelSpacing.bad8.oldChartPreserved
FAIL: audit03.generalPlot.p0.Plot.ResultLabelSpacing.bad8.rejected
FAIL: audit03.generalPlot.p0.Plot.ResultLabelSpacing.bad8.key
FAIL: audit03.generalPlot.p0.Plot.ResultLabelSpacing.bad8.address
FAIL: audit03.generalPlot.p0.Plot.ResultLabelSpacing.bad8.action
FAIL: audit03.generalPlot.p0.Plot.ResultLabelSpacing.bad8.oldChartPreserved
FAIL: audit03.generalPlot.p0.Plot.ResultLabelSpacing.bad8.address
FAIL: audit03.generalPlot.p0.Plot.ResultLabelSpacing.bad8.oldChartPreserved
FAIL: audit03.generalPlot.p0.Plot.ResultLabelSpacing.bad10.address
FAIL: audit03.generalPlot.p0.Plot.ResultLabelSpacing.bad10.oldChartPreserved
FAIL: audit03.generalPlot.spacing.sign.p0.0
FAIL: audit03.generalPlot.spacing.sign.p0.-1
FAIL: audit03.generalPlot.spacing.smallPositive.p0
FAIL: audit03.generalPlot.spacing.label.p0
FAIL: audit03.generalPlot.neutral.on.p0
FAIL: audit03.generalPlot.p1.Plot.ContourEnabled.bad8.address
FAIL: audit03.generalPlot.p1.Plot.ContourEnabled.bad8.oldChartPreserved
FAIL: audit03.generalPlot.p1.Plot.ContourEnabled.bad8.address
FAIL: audit03.generalPlot.p1.Plot.ContourEnabled.bad8.oldChartPreserved
FAIL: audit03.generalPlot.p1.Plot.ContourEnabled.bad8.address
FAIL: audit03.generalPlot.p1.Plot.ContourEnabled.bad8.oldChartPreserved
FAIL: audit03.generalPlot.p1.Plot.ContourEnabled.bad10.address
FAIL: audit03.generalPlot.p1.Plot.ContourEnabled.bad10.oldChartPreserved
FAIL: audit03.generalPlot.p1.Plot.NeutralLineEnabled.bad8.address
FAIL: audit03.generalPlot.p1.Plot.NeutralLineEnabled.bad8.oldChartPreserved
FAIL: audit03.generalPlot.p1.Plot.NeutralLineEnabled.bad8.address
FAIL: audit03.generalPlot.p1.Plot.NeutralLineEnabled.bad8.oldChartPreserved
FAIL: audit03.generalPlot.p1.Plot.NeutralLineEnabled.bad8.address
FAIL: audit03.generalPlot.p1.Plot.NeutralLineEnabled.bad8.oldChartPreserved
FAIL: audit03.generalPlot.p1.Plot.NeutralLineEnabled.bad10.address
FAIL: audit03.generalPlot.p1.Plot.NeutralLineEnabled.bad10.oldChartPreserved
FAIL: audit03.generalPlot.p1.Plot.LoadApplicationPointEnabled.bad8.address
FAIL: audit03.generalPlot.p1.Plot.LoadApplicationPointEnabled.bad8.oldChartPreserved
FAIL: audit03.generalPlot.p1.Plot.LoadApplicationPointEnabled.bad8.address
FAIL: audit03.generalPlot.p1.Plot.LoadApplicationPointEnabled.bad8.oldChartPreserved
FAIL: audit03.generalPlot.p1.Plot.LoadApplicationPointEnabled.bad8.address
FAIL: audit03.generalPlot.p1.Plot.LoadApplicationPointEnabled.bad8.oldChartPreserved
FAIL: audit03.generalPlot.p1.Plot.LoadApplicationPointEnabled.bad10.address
FAIL: audit03.generalPlot.p1.Plot.LoadApplicationPointEnabled.bad10.oldChartPreserved
FAIL: audit03.generalPlot.p1.Plot.ResultLabelsEnabled.bad8.address
FAIL: audit03.generalPlot.p1.Plot.ResultLabelsEnabled.bad8.oldChartPreserved
FAIL: audit03.generalPlot.p1.Plot.ResultLabelsEnabled.bad8.address
FAIL: audit03.generalPlot.p1.Plot.ResultLabelsEnabled.bad8.oldChartPreserved
FAIL: audit03.generalPlot.p1.Plot.ResultLabelsEnabled.bad8.address
FAIL: audit03.generalPlot.p1.Plot.ResultLabelsEnabled.bad8.oldChartPreserved
FAIL: audit03.generalPlot.p1.Plot.ResultLabelsEnabled.bad10.address
FAIL: audit03.generalPlot.p1.Plot.ResultLabelsEnabled.bad10.oldChartPreserved
FAIL: audit03.generalPlot.p1.Plot.LegendEnabled.bad8.address
FAIL: audit03.generalPlot.p1.Plot.LegendEnabled.bad8.oldChartPreserved
FAIL: audit03.generalPlot.p1.Plot.LegendEnabled.bad8.address
FAIL: audit03.generalPlot.p1.Plot.LegendEnabled.bad8.oldChartPreserved
FAIL: audit03.generalPlot.p1.Plot.LegendEnabled.bad8.address
FAIL: audit03.generalPlot.p1.Plot.LegendEnabled.bad8.oldChartPreserved
FAIL: audit03.generalPlot.p1.Plot.LegendEnabled.bad10.address
FAIL: audit03.generalPlot.p1.Plot.LegendEnabled.bad10.oldChartPreserved
FAIL: audit03.generalPlot.p1.Plot.PrincipalAxesMode.bad8.rejected
FAIL: audit03.generalPlot.p1.Plot.PrincipalAxesMode.bad8.key
FAIL: audit03.generalPlot.p1.Plot.PrincipalAxesMode.bad8.address
FAIL: audit03.generalPlot.p1.Plot.PrincipalAxesMode.bad8.action
FAIL: audit03.generalPlot.p1.Plot.PrincipalAxesMode.bad8.oldChartPreserved
FAIL: audit03.generalPlot.p1.Plot.PrincipalAxesMode.bad8.rejected
FAIL: audit03.generalPlot.p1.Plot.PrincipalAxesMode.bad8.key
FAIL: audit03.generalPlot.p1.Plot.PrincipalAxesMode.bad8.address
FAIL: audit03.generalPlot.p1.Plot.PrincipalAxesMode.bad8.action
FAIL: audit03.generalPlot.p1.Plot.PrincipalAxesMode.bad8.oldChartPreserved
FAIL: audit03.generalPlot.p1.Plot.PrincipalAxesMode.bad8.address
FAIL: audit03.generalPlot.p1.Plot.PrincipalAxesMode.bad8.action
FAIL: audit03.generalPlot.p1.Plot.PrincipalAxesMode.bad8.oldChartPreserved
FAIL: audit03.generalPlot.p1.Plot.PrincipalAxesMode.bad10.address
FAIL: audit03.generalPlot.p1.Plot.PrincipalAxesMode.bad10.oldChartPreserved
FAIL: audit03.generalPlot.p1.Plot.ResultLabelSpacing.bad8.rejected
FAIL: audit03.generalPlot.p1.Plot.ResultLabelSpacing.bad8.key
FAIL: audit03.generalPlot.p1.Plot.ResultLabelSpacing.bad8.address
FAIL: audit03.generalPlot.p1.Plot.ResultLabelSpacing.bad8.action
FAIL: audit03.generalPlot.p1.Plot.ResultLabelSpacing.bad8.oldChartPreserved
FAIL: audit03.generalPlot.p1.Plot.ResultLabelSpacing.bad8.rejected
FAIL: audit03.generalPlot.p1.Plot.ResultLabelSpacing.bad8.key
FAIL: audit03.generalPlot.p1.Plot.ResultLabelSpacing.bad8.address
FAIL: audit03.generalPlot.p1.Plot.ResultLabelSpacing.bad8.action
FAIL: audit03.generalPlot.p1.Plot.ResultLabelSpacing.bad8.oldChartPreserved
FAIL: audit03.generalPlot.p1.Plot.ResultLabelSpacing.bad8.address
FAIL: audit03.generalPlot.p1.Plot.ResultLabelSpacing.bad8.oldChartPreserved
FAIL: audit03.generalPlot.p1.Plot.ResultLabelSpacing.bad10.address
FAIL: audit03.generalPlot.p1.Plot.ResultLabelSpacing.bad10.oldChartPreserved
FAIL: audit03.generalPlot.spacing.sign.p1.0
FAIL: audit03.generalPlot.spacing.sign.p1.-1
FAIL: audit03.generalPlot.spacing.smallPositive.p1
FAIL: audit03.generalPlot.spacing.label.p1
FAIL: audit03.generalPlot.neutral.on.p1
FAIL: audit03.annotation.p0.Plot.Dimensions.Enabled.bad8.address
FAIL: audit03.annotation.p0.Plot.Dimensions.Enabled.bad8.address
FAIL: audit03.annotation.p0.Plot.Dimensions.Enabled.bad8.address
FAIL: audit03.annotation.p0.Plot.Dimensions.Enabled.bad10.address
FAIL: audit03.annotation.p0.Plot.Dimensions.TextHeight.bad8.address
FAIL: audit03.annotation.p0.Plot.Dimensions.TextHeight.bad8.address
FAIL: audit03.annotation.p0.Plot.Dimensions.TextHeight.bad8.address
FAIL: audit03.annotation.p0.Plot.Dimensions.TextHeight.bad10.address
FAIL: audit03.annotation.p0.Plot.Dimensions.TextUnits.bad8.address
FAIL: audit03.annotation.p0.Plot.Dimensions.TextUnits.bad8.address
FAIL: audit03.annotation.p0.Plot.Dimensions.TextUnits.bad8.address
FAIL: audit03.annotation.p0.Plot.Dimensions.TextUnits.bad10.address
FAIL: audit03.annotation.p0.Plot.Dimensions.Offset.bad8.address
FAIL: audit03.annotation.p0.Plot.Dimensions.Offset.bad8.address
FAIL: audit03.annotation.p0.Plot.Dimensions.Offset.bad8.address
FAIL: audit03.annotation.p0.Plot.Dimensions.Offset.bad10.address
FAIL: audit03.annotation.p0.Plot.Dimensions.LineWeight.bad8.address
FAIL: audit03.annotation.p0.Plot.Dimensions.LineWeight.bad8.address
FAIL: audit03.annotation.p0.Plot.Dimensions.LineWeight.bad8.address
FAIL: audit03.annotation.p0.Plot.Dimensions.LineWeight.bad10.address
FAIL: audit03.annotation.p0.Plot.Dimensions.ExtensionLineWeight.bad8.address
FAIL: audit03.annotation.p0.Plot.Dimensions.ExtensionLineWeight.bad8.address
FAIL: audit03.annotation.p0.Plot.Dimensions.ExtensionLineWeight.bad8.address
FAIL: audit03.annotation.p0.Plot.Dimensions.ExtensionLineWeight.bad10.address
FAIL: audit03.annotation.p0.Plot.Dimensions.TextGap.bad8.address
FAIL: audit03.annotation.p0.Plot.Dimensions.TextGap.bad8.address
FAIL: audit03.annotation.p0.Plot.Dimensions.TextGap.bad8.address
FAIL: audit03.annotation.p0.Plot.Dimensions.TextGap.bad10.address
FAIL: audit03.annotation.p0.Plot.Dimensions.Placement.bad8.address
FAIL: audit03.annotation.p0.Plot.Dimensions.Placement.bad8.address
FAIL: audit03.annotation.p0.Plot.Dimensions.Placement.bad8.address
FAIL: audit03.annotation.p0.Plot.Dimensions.Placement.bad10.address
FAIL: audit03.annotation.p0.Plot.Dimensions.Color.bad8.address
FAIL: audit03.annotation.p0.Plot.Dimensions.Color.bad8.address
FAIL: audit03.annotation.p0.Plot.Dimensions.Color.bad8.address
FAIL: audit03.annotation.p0.Plot.Dimensions.Color.bad10.address
FAIL: audit03.annotation.p0.Plot.Dimensions.ExtensionLineColor.bad8.address
FAIL: audit03.annotation.p0.Plot.Dimensions.ExtensionLineColor.bad8.address
FAIL: audit03.annotation.p0.Plot.Dimensions.ExtensionLineColor.bad8.address
FAIL: audit03.annotation.p0.Plot.Dimensions.ExtensionLineColor.bad10.address
FAIL: audit03.annotation.p0.Plot.RebarLabels.Enabled.bad8.address
FAIL: audit03.annotation.p0.Plot.RebarLabels.Enabled.bad8.address
FAIL: audit03.annotation.p0.Plot.RebarLabels.Enabled.bad8.address
FAIL: audit03.annotation.p0.Plot.RebarLabels.Enabled.bad10.address
FAIL: audit03.annotation.p0.Plot.RebarLabels.TextHeight.bad8.address
FAIL: audit03.annotation.p0.Plot.RebarLabels.TextHeight.bad8.address
FAIL: audit03.annotation.p0.Plot.RebarLabels.TextHeight.bad8.address
FAIL: audit03.annotation.p0.Plot.RebarLabels.TextHeight.bad10.address
FAIL: audit03.annotation.p0.Plot.RebarLabels.TextUnits.bad8.address
FAIL: audit03.annotation.p0.Plot.RebarLabels.TextUnits.bad8.address
FAIL: audit03.annotation.p0.Plot.RebarLabels.TextUnits.bad8.address
FAIL: audit03.annotation.p0.Plot.RebarLabels.TextUnits.bad10.address
FAIL: audit03.annotation.p0.Plot.RebarLabels.Offset.bad8.address
FAIL: audit03.annotation.p0.Plot.RebarLabels.Offset.bad8.address
FAIL: audit03.annotation.p0.Plot.RebarLabels.Offset.bad8.address
FAIL: audit03.annotation.p0.Plot.RebarLabels.Offset.bad10.address
FAIL: audit03.annotation.p0.Plot.RebarLabels.LineEnabled.bad8.address
FAIL: audit03.annotation.p0.Plot.RebarLabels.LineEnabled.bad8.address
FAIL: audit03.annotation.p0.Plot.RebarLabels.LineEnabled.bad8.address
FAIL: audit03.annotation.p0.Plot.RebarLabels.LineEnabled.bad10.address
FAIL: audit03.annotation.p0.Plot.RebarLabels.LineWeight.bad8.address
FAIL: audit03.annotation.p0.Plot.RebarLabels.LineWeight.bad8.address
FAIL: audit03.annotation.p0.Plot.RebarLabels.LineWeight.bad8.address
FAIL: audit03.annotation.p0.Plot.RebarLabels.LineWeight.bad10.address
FAIL: audit03.annotation.p0.Plot.RebarLabels.TextGap.bad8.address
FAIL: audit03.annotation.p0.Plot.RebarLabels.TextGap.bad8.address
FAIL: audit03.annotation.p0.Plot.RebarLabels.TextGap.bad8.address
FAIL: audit03.annotation.p0.Plot.RebarLabels.TextGap.bad10.address
FAIL: audit03.annotation.p0.Plot.RebarLabels.Placement.bad8.address
FAIL: audit03.annotation.p0.Plot.RebarLabels.Placement.bad8.address
FAIL: audit03.annotation.p0.Plot.RebarLabels.Placement.bad8.address
FAIL: audit03.annotation.p0.Plot.RebarLabels.Placement.bad10.address
FAIL: audit03.annotation.p0.Plot.RebarLabels.Color.bad8.address
FAIL: audit03.annotation.p0.Plot.RebarLabels.Color.bad8.address
FAIL: audit03.annotation.p0.Plot.RebarLabels.Color.bad8.address
FAIL: audit03.annotation.p0.Plot.RebarLabels.Color.bad10.address
FAIL: audit03.annotation.p0.mm.Outside.textPlacement; actual=187.05; expected=176.4075
FAIL: audit03.annotation.p0.mm.Inside.textPlacement; actual=199.95; expected=210.5925
FAIL: audit03.annotation.p0.pt.Outside.textPlacement; actual=190.5; expected=181.5
FAIL: audit03.annotation.p0.pt.Inside.textPlacement; actual=196.5; expected=205.5
FAIL: audit03.annotation.p1.Plot.Dimensions.Enabled.bad8.address
FAIL: audit03.annotation.p1.Plot.Dimensions.Enabled.bad8.address
FAIL: audit03.annotation.p1.Plot.Dimensions.Enabled.bad8.address
FAIL: audit03.annotation.p1.Plot.Dimensions.Enabled.bad10.address
FAIL: audit03.annotation.p1.Plot.Dimensions.TextHeight.bad8.address
FAIL: audit03.annotation.p1.Plot.Dimensions.TextHeight.bad8.address
FAIL: audit03.annotation.p1.Plot.Dimensions.TextHeight.bad8.address
FAIL: audit03.annotation.p1.Plot.Dimensions.TextHeight.bad10.address
FAIL: audit03.annotation.p1.Plot.Dimensions.TextUnits.bad8.address
FAIL: audit03.annotation.p1.Plot.Dimensions.TextUnits.bad8.address
FAIL: audit03.annotation.p1.Plot.Dimensions.TextUnits.bad8.address
FAIL: audit03.annotation.p1.Plot.Dimensions.TextUnits.bad10.address
FAIL: audit03.annotation.p1.Plot.Dimensions.Offset.bad8.address
FAIL: audit03.annotation.p1.Plot.Dimensions.Offset.bad8.address
FAIL: audit03.annotation.p1.Plot.Dimensions.Offset.bad8.address
FAIL: audit03.annotation.p1.Plot.Dimensions.Offset.bad10.address
FAIL: audit03.annotation.p1.Plot.Dimensions.LineWeight.bad8.address
FAIL: audit03.annotation.p1.Plot.Dimensions.LineWeight.bad8.address
FAIL: audit03.annotation.p1.Plot.Dimensions.LineWeight.bad8.address
FAIL: audit03.annotation.p1.Plot.Dimensions.LineWeight.bad10.address
FAIL: audit03.annotation.p1.Plot.Dimensions.ExtensionLineWeight.bad8.address
FAIL: audit03.annotation.p1.Plot.Dimensions.ExtensionLineWeight.bad8.address
FAIL: audit03.annotation.p1.Plot.Dimensions.ExtensionLineWeight.bad8.address
FAIL: audit03.annotation.p1.Plot.Dimensions.ExtensionLineWeight.bad10.address
FAIL: audit03.annotation.p1.Plot.Dimensions.TextGap.bad8.address
FAIL: audit03.annotation.p1.Plot.Dimensions.TextGap.bad8.address
FAIL: audit03.annotation.p1.Plot.Dimensions.TextGap.bad8.address
FAIL: audit03.annotation.p1.Plot.Dimensions.TextGap.bad10.address
FAIL: audit03.annotation.p1.Plot.Dimensions.Placement.bad8.address
FAIL: audit03.annotation.p1.Plot.Dimensions.Placement.bad8.address
FAIL: audit03.annotation.p1.Plot.Dimensions.Placement.bad8.address
FAIL: audit03.annotation.p1.Plot.Dimensions.Placement.bad10.address
FAIL: audit03.annotation.p1.Plot.Dimensions.Color.bad8.address
FAIL: audit03.annotation.p1.Plot.Dimensions.Color.bad8.address
FAIL: audit03.annotation.p1.Plot.Dimensions.Color.bad8.address
FAIL: audit03.annotation.p1.Plot.Dimensions.Color.bad10.address
FAIL: audit03.annotation.p1.Plot.Dimensions.ExtensionLineColor.bad8.address
FAIL: audit03.annotation.p1.Plot.Dimensions.ExtensionLineColor.bad8.address
FAIL: audit03.annotation.p1.Plot.Dimensions.ExtensionLineColor.bad8.address
FAIL: audit03.annotation.p1.Plot.Dimensions.ExtensionLineColor.bad10.address
FAIL: audit03.annotation.p1.Plot.RebarLabels.Enabled.bad8.address
FAIL: audit03.annotation.p1.Plot.RebarLabels.Enabled.bad8.address
FAIL: audit03.annotation.p1.Plot.RebarLabels.Enabled.bad8.address
FAIL: audit03.annotation.p1.Plot.RebarLabels.Enabled.bad10.address
FAIL: audit03.annotation.p1.Plot.RebarLabels.TextHeight.bad8.address
FAIL: audit03.annotation.p1.Plot.RebarLabels.TextHeight.bad8.address
FAIL: audit03.annotation.p1.Plot.RebarLabels.TextHeight.bad8.address
FAIL: audit03.annotation.p1.Plot.RebarLabels.TextHeight.bad10.address
FAIL: audit03.annotation.p1.Plot.RebarLabels.TextUnits.bad8.address
FAIL: audit03.annotation.p1.Plot.RebarLabels.TextUnits.bad8.address
FAIL: audit03.annotation.p1.Plot.RebarLabels.TextUnits.bad8.address
FAIL: audit03.annotation.p1.Plot.RebarLabels.TextUnits.bad10.address
FAIL: audit03.annotation.p1.Plot.RebarLabels.Offset.bad8.address
FAIL: audit03.annotation.p1.Plot.RebarLabels.Offset.bad8.address
FAIL: audit03.annotation.p1.Plot.RebarLabels.Offset.bad8.address
FAIL: audit03.annotation.p1.Plot.RebarLabels.Offset.bad10.address
FAIL: audit03.annotation.p1.Plot.RebarLabels.LineEnabled.bad8.address
FAIL: audit03.annotation.p1.Plot.RebarLabels.LineEnabled.bad8.address
FAIL: audit03.annotation.p1.Plot.RebarLabels.LineEnabled.bad8.address
FAIL: audit03.annotation.p1.Plot.RebarLabels.LineEnabled.bad10.address
FAIL: audit03.annotation.p1.Plot.RebarLabels.LineWeight.bad8.address
FAIL: audit03.annotation.p1.Plot.RebarLabels.LineWeight.bad8.address
FAIL: audit03.annotation.p1.Plot.RebarLabels.LineWeight.bad8.address
FAIL: audit03.annotation.p1.Plot.RebarLabels.LineWeight.bad10.address
FAIL: audit03.annotation.p1.Plot.RebarLabels.TextGap.bad8.address
FAIL: audit03.annotation.p1.Plot.RebarLabels.TextGap.bad8.address
FAIL: audit03.annotation.p1.Plot.RebarLabels.TextGap.bad8.address
FAIL: audit03.annotation.p1.Plot.RebarLabels.TextGap.bad10.address
FAIL: audit03.annotation.p1.Plot.RebarLabels.Placement.bad8.address
FAIL: audit03.annotation.p1.Plot.RebarLabels.Placement.bad8.address
FAIL: audit03.annotation.p1.Plot.RebarLabels.Placement.bad8.address
FAIL: audit03.annotation.p1.Plot.RebarLabels.Placement.bad10.address
FAIL: audit03.annotation.p1.Plot.RebarLabels.Color.bad8.address
FAIL: audit03.annotation.p1.Plot.RebarLabels.Color.bad8.address
FAIL: audit03.annotation.p1.Plot.RebarLabels.Color.bad8.address
FAIL: audit03.annotation.p1.Plot.RebarLabels.Color.bad10.address
FAIL: audit03.annotation.p1.mm.Outside.textPlacement; actual=187.05; expected=176.4075
FAIL: audit03.annotation.p1.mm.Inside.textPlacement; actual=199.95; expected=210.5925
FAIL: audit03.annotation.p1.pt.Outside.textPlacement; actual=190.5; expected=181.5
FAIL: audit03.annotation.p1.pt.Inside.textPlacement; actual=196.5; expected=205.5
TOTAL_AUDIT03_GENERAL_PLOT: passed=775; failed=308
MODE_AFTER_SUITE: No
SOURCE_UNCHANGED: True
