HELP|inputsPreserved|passed=True|fields=760; before=E299443CECBB5E8A995358166D5CD7C5B7BB10AECFD7F4D0EB34C5051BB733A8; after=E299443CECBB5E8A995358166D5CD7C5B7BB10AECFD7F4D0EB34C5051BB733A8
HELP|statusDictionaryPresent|passed=True|row=670
HELP|status.OK|passed=True|Расчет этой проверки выполнен успешно. Для прямого НДС равновесие найдено внутри физической диаграммы материала; для прочности или трещин проверка прошла.
HELP|status.FAIL|passed=True|Численное решение есть, но инженерная проверка не проходит: превышена несущая способность, ширина нормальной трещины больше допуска, sigma_c,max больше Rb,mc2 по продольным трещинам или прямое НДС найдено только за пределами физической диаграммы.
HELP|status.BaseFail|passed=True|Постоянная часть выбранного пути уже не проходит физический критерий при λ = 0; либо для фиксированного пути доказана недостижимость нужного критерия. Физический отказ подтвержден; это не просто несходимость решателя. Для трещинообразования причина поясняется отдельно, а при допустимом текущем НДС ширина продолжается с ψ_s = 1 и предупреждением.
HELP|status.NumFail|passed=True|Программа не смогла найти равновесие или предельную точку с текущими численными настройками. Это не доказательство разрушения; нужно проверить диагностику, нагрузку, сетку и параметры расчета.
HELP|status.InputErr|passed=True|Результат не получен из-за ошибки исходных данных или настройки: обязательная пустая ячейка, неизвестный вариант, недопустимая геометрия, материал, единицы или строка сочетания. Ошибка могла быть обнаружена до запуска либо при подготовке конкретной проверки; место и причина указаны в комментарии.
HELP|status.CalcErr|passed=True|Нарушен внутренний контракт расчета или произошла программная ошибка. Это не физический отказ и не обычная несходимость. Сохраните комментарий и txt-отчет для диагностики.
HELP|status.N/A|passed=True|Проверка не запрошена, неприменима либо не выполнена из-за отсутствия обязательного предыдущего результата. В последнем случае причина указана в комментарии, а фактический отказ остается в статусе соответствующего НДС или поиска и в общей сводке. N/A само по себе не означает успешную проверку.
HELP|baseFailIsPhysical|passed=True|lambda=0 requires physical evidence
HELP|notApplicableDependency|passed=True|Blocked dependency is not an OK check
HELP|extensionAllStates|passed=True|Global extension scope
HELP|extensionDoesNotChangePhysicalNodes|passed=True|Physical diagram preserved
HELP|profileBooleanInputContract|passed=True|Explicit invalid value is not No
HELP|subdivisionsInputContract|passed=True|Mesh setting has help
HELP|worstCriterionInputContract|passed=True|Invalid criterion cannot silently select another check
HELP|rectsetCommonSelectors|passed=True|One common selector, separate diameters
HELP|unitChoiceInputContract|passed=True|Explicit invalid units do not become defaults
HELP|autoCADExportAlwaysMillimetres|passed=True|AutoCAD export scale is fixed, not OUTPUT length
HELP|autoCADExportUnitsException|passed=True|Units help distinguishes geometry scale and result labels
HELP|autoCADImportAreaThresholdUnits|passed=True|User threshold is converted; drawing remains mm
HELP|autoCADImportGeometryUnitPowers|passed=True|Drawing geometry has fixed mm/mm2/mm4 dimensions
HELP|autoCADRegionImportContract|passed=True|Region data have fixed units, not automatic drawing scale discovery
HELP|autoCADImportAreaThresholdInputContract|passed=True|Missing/invalid threshold is not replaced with default
HELP|importedSnapshotUnitChanges|passed=True|Import and recalculation use their own recorded OUTPUT units
HELP|inputChangeDoesNotRescaleImportedGeometry|passed=True|Current input values and preserved imported geometry are distinct
HELP|signsDoNotFlipStressOrStrain|passed=True|Material tension/compression and strain plane keep internal signs
HELP|crackSettingsRequiredInput|passed=True|Crack Config invalid/missing values do not become defaults
HELP|crackInactiveUserCoefficientContract|passed=True|Inactive user coefficients remain valid editable inputs
HELP|mandatoryInputErrorNavigation|passed=True|Input diagnostics explain actual cell, missing row and damaged named table repair
HELP|circleActiveRebarInput|passed=True|Circle active cover and row position are required
HELP|inactiveGeometryFormulaErrors|passed=True|Inactive geometry formula error is not a failed active input
HELP|inactiveRebarFaceOffsets|passed=True|Rounded, Hollow and RectSet inactive face contracts are explicit
HELP|openingCoverStillRequired|passed=True|Opening cover retains a geometric consumer when its own row is disabled
HELP|notCrackedWidthIsNotComputedZero|passed=True|Uncomputed crack width is distinguished from a calculated zero
HELP|activeAnnotationInputContract|passed=True|Only active annotation parameters are required
HELP|annotationBlackRgbContract|passed=True|Zero is a real color; invalid RGB is not silently repaired
HELP|annotationVisualLimits|passed=True|Screen clamps are disclosed, not physical geometry
HELP|snapshotAnnotationInputContract|passed=True|Existing damaged snapshot requires repair, not a silent zero
HELP|snapshotGeometryNumbersContract|passed=True|Geometry restoration rejects corrupted numbers without losing source address
HELP|axisFontInputContract|passed=True|Active axis font is required; disabled font is not read
HELP|gradientDisabledStillUsesStateColor|passed=True|No gradient does not mean no material color
HELP|link.$E$5|passed=True|'Справка'!A902
HELP|link.$E$6|passed=True|'Справка'!A911
HELP|link.$E$7|passed=True|'Справка'!A918
HELP|link.$E$8|passed=True|'Справка'!A928
HELP|link.$E$9|passed=True|'Справка'!A939
HELP|link.$E$12|passed=True|'Справка'!A948
HELP|link.$E$13|passed=True|'Справка'!A957
HELP|link.$E$14|passed=True|'Справка'!A964
HELP|link.$E$15|passed=True|'Справка'!A974
HELP|link.$E$16|passed=True|'Справка'!A984
HELP|link.$E$17|passed=True|'Справка'!A993
HELP|link.$E$18|passed=True|'Справка'!A1002
HELP|link.$E$22|passed=True|'Справка'!A1011
HELP|link.$E$23|passed=True|'Справка'!A1020
HELP|link.$E$24|passed=True|'Справка'!A1027
HELP|link.$E$25|passed=True|'Справка'!A1033
HELP|link.$E$26|passed=True|'Справка'!A1042
HELP|link.$E$27|passed=True|'Справка'!A1051
HELP|link.$E$29|passed=True|'Справка'!A1060
HELP|link.$E$30|passed=True|'Справка'!A1066
HELP|link.$E$31|passed=True|'Справка'!A1073
HELP|link.$E$32|passed=True|'Справка'!A1080
HELP|link.$E$33|passed=True|'Справка'!A1087
HELP|link.$E$35|passed=True|'Справка'!A1095
HELP|link.$E$36|passed=True|'Справка'!A1101
HELP|link.$E$40|passed=True|'Справка'!A1108
HELP|link.$E$41|passed=True|'Справка'!A1127
HELP|link.$E$43|passed=True|'Справка'!A1135
HELP|link.$E$45|passed=True|'Справка'!A1145
HELP|link.$E$46|passed=True|'Справка'!A1152
HELP|link.$E$47|passed=True|'Справка'!A1163
HELP|link.$E$48|passed=True|'Справка'!A1170
HELP|link.$E$49|passed=True|'Справка'!A1177
HELP|link.$E$50|passed=True|'Справка'!A1187
HELP|link.$E$54|passed=True|'Справка'!A1197
HELP|link.$E$55|passed=True|'Справка'!A1204
HELP|link.$E$56|passed=True|'Справка'!A1211
HELP|link.$E$57|passed=True|'Справка'!A1219
HELP|link.$E$58|passed=True|'Справка'!A1227
HELP|link.$E$59|passed=True|'Справка'!A1234
HELP|link.$E$60|passed=True|'Справка'!A1242
HELP|link.$E$61|passed=True|'Справка'!A1250
HELP|link.$E$62|passed=True|'Справка'!A1257
HELP|link.$E$63|passed=True|'Справка'!A1266
HELP|link.$E$64|passed=True|'Справка'!A1275
HELP|link.$E$65|passed=True|'Справка'!A1281
HELP|link.$E$67|passed=True|'Справка'!A1291
HELP|link.$E$68|passed=True|'Справка'!A1299
HELP|link.$E$69|passed=True|'Справка'!A1307
HELP|link.$E$71|passed=True|'Справка'!A1315
HELP|link.$E$72|passed=True|'Справка'!A1322
HELP|link.$E$75|passed=True|'Справка'!A1329
HELP|link.$E$76|passed=True|'Справка'!A1339
HELP|link.$E$77|passed=True|'Справка'!A1348
HELP|link.$E$78|passed=True|'Справка'!A1361
HELP|link.$E$79|passed=True|'Справка'!A1371
HELP|link.$E$80|passed=True|'Справка'!A1379
HELP|link.$E$81|passed=True|'Справка'!A1387
HELP|link.$E$82|passed=True|'Справка'!A1395
HELP|link.$E$83|passed=True|'Справка'!A1402
HELP|link.$E$84|passed=True|'Справка'!A1422
HELP|link.$E$85|passed=True|'Справка'!A1431
HELP|link.$E$88|passed=True|'Справка'!A1439
HELP|link.$E$89|passed=True|'Справка'!A1447
HELP|link.$E$90|passed=True|'Справка'!A1453
HELP|link.$E$91|passed=True|'Справка'!A1460
HELP|link.$E$92|passed=True|'Справка'!A1466
HELP|link.$E$93|passed=True|'Справка'!A1474
HELP|link.$E$94|passed=True|'Справка'!A1480
HELP|link.$E$95|passed=True|'Справка'!A1486
HELP|link.$E$96|passed=True|'Справка'!A1492
HELP|link.$E$97|passed=True|'Справка'!A1499
HELP|link.$E$98|passed=True|'Справка'!A1505
HELP|link.$E$99|passed=True|'Справка'!A1511
HELP|link.$E$100|passed=True|'Справка'!A1517
HELP|link.$E$101|passed=True|'Справка'!A1523
HELP|link.$E$102|passed=True|'Справка'!A1527
HELP|link.$E$103|passed=True|'Справка'!A1531
HELP|link.$E$104|passed=True|'Справка'!A1535
HELP|link.$E$105|passed=True|'Справка'!A1539
HELP|link.$E$108|passed=True|'Справка'!A1543
HELP|link.$E$109|passed=True|'Справка'!A1556
HELP|link.$E$110|passed=True|'Справка'!A1563
HELP|link.$E$113|passed=True|'Справка'!A1572
HELP|link.$E$114|passed=True|'Справка'!A1578
HELP|link.$E$115|passed=True|'Справка'!A1586
HELP|link.$E$116|passed=True|'Справка'!A1593
HELP|link.$E$117|passed=True|'Справка'!A1599
HELP|link.$E$118|passed=True|'Справка'!A1606
HELP|link.$E$119|passed=True|'Справка'!A1613
HELP|link.$E$120|passed=True|'Справка'!A1620
HELP|link.$E$121|passed=True|'Справка'!A1628
HELP|link.$E$122|passed=True|'Справка'!A1635
HELP|link.$E$123|passed=True|'Справка'!A1641
HELP|link.$E$124|passed=True|'Справка'!A1647
HELP|link.$E$125|passed=True|'Справка'!A1653
HELP|link.$E$126|passed=True|'Справка'!A1660
HELP|link.$E$127|passed=True|'Справка'!A1666
HELP|link.$E$128|passed=True|'Справка'!A1673
HELP|link.$E$129|passed=True|'Справка'!A1680
HELP|link.$E$130|passed=True|'Справка'!A1687
HELP|link.$M$19|passed=True|'Справка'!A1833
HELP|link.$M$20|passed=True|'Справка'!A1839
HELP|link.$M$21|passed=True|'Справка'!A1845
HELP|link.$M$22|passed=True|'Справка'!A1852
HELP|link.$M$23|passed=True|'Справка'!A1860
HELP|link.$M$27|passed=True|'Справка'!A1772
HELP|link.$M$28|passed=True|'Справка'!A1780
HELP|link.$M$29|passed=True|'Справка'!A1789
HELP|link.$M$30|passed=True|'Справка'!A1799
HELP|link.$M$31|passed=True|'Справка'!A1806
HELP|link.$M$32|passed=True|'Справка'!A1815
HELP|link.$M$33|passed=True|'Справка'!A1824
HELP|link.$M$71|passed=True|'Справка'!A1694
HELP|link.$M$72|passed=True|'Справка'!A1699
HELP|link.$M$73|passed=True|'Справка'!A1704
HELP|link.$M$74|passed=True|'Справка'!A1713
HELP|link.$M$75|passed=True|'Справка'!A1718
HELP|link.$M$76|passed=True|'Справка'!A1723
HELP|link.$M$77|passed=True|'Справка'!A1728
HELP|link.$M$78|passed=True|'Справка'!A1737
HELP|link.$M$79|passed=True|'Справка'!A1745
HELP|link.$M$80|passed=True|'Справка'!A1752
HELP|link.$M$81|passed=True|'Справка'!A1757
HELP|link.$M$82|passed=True|'Справка'!A1762
HELP|link.$M$83|passed=True|'Справка'!A1767
HELP|link.$AI$1|passed=True|'Справка'!A814
HELP|link.$H$2|passed=True|'Справка'!A680
HELP|link.$O$2|passed=True|'Справка'!A709
HELP|link.$H$11|passed=True|'Справка'!A697
HELP|link.$H$17|passed=True|'Справка'!A777
HELP|link.$H$25|passed=True|'Справка'!A768
HELP|link.$H$35|passed=True|'Справка'!A786
HELP|link.$P$36|passed=True|'Справка'!A748
HELP|link.$AI$58|passed=True|'Справка'!A758
HELP|link.$H$69|passed=True|'Справка'!A820
HELP|link.$H$85|passed=True|'Справка'!A831
HELP|link.$H$97|passed=True|'Справка'!A870
HELP|link.$H$127|passed=True|'Справка'!A840
HELP|link.$H$152|passed=True|'Справка'!A852
HELP|directHelpLinksPresent|passed=True|count=140
ACTUAL_HELP: rows=2007; links=140; shapes=118
HELP|inputsSaveReopen|passed=True|before=E299443CECBB5E8A995358166D5CD7C5B7BB10AECFD7F4D0EB34C5051BB733A8; reopened=E299443CECBB5E8A995358166D5CD7C5B7BB10AECFD7F4D0EB34C5051BB733A8
HELP|statusDictionaryPresent|passed=True|row=670
HELP|status.OK|passed=True|Расчет этой проверки выполнен успешно. Для прямого НДС равновесие найдено внутри физической диаграммы материала; для прочности или трещин проверка прошла.
HELP|status.FAIL|passed=True|Численное решение есть, но инженерная проверка не проходит: превышена несущая способность, ширина нормальной трещины больше допуска, sigma_c,max больше Rb,mc2 по продольным трещинам или прямое НДС найдено только за пределами физической диаграммы.
HELP|status.BaseFail|passed=True|Постоянная часть выбранного пути уже не проходит физический критерий при λ = 0; либо для фиксированного пути доказана недостижимость нужного критерия. Физический отказ подтвержден; это не просто несходимость решателя. Для трещинообразования причина поясняется отдельно, а при допустимом текущем НДС ширина продолжается с ψ_s = 1 и предупреждением.
HELP|status.NumFail|passed=True|Программа не смогла найти равновесие или предельную точку с текущими численными настройками. Это не доказательство разрушения; нужно проверить диагностику, нагрузку, сетку и параметры расчета.
HELP|status.InputErr|passed=True|Результат не получен из-за ошибки исходных данных или настройки: обязательная пустая ячейка, неизвестный вариант, недопустимая геометрия, материал, единицы или строка сочетания. Ошибка могла быть обнаружена до запуска либо при подготовке конкретной проверки; место и причина указаны в комментарии.
HELP|status.CalcErr|passed=True|Нарушен внутренний контракт расчета или произошла программная ошибка. Это не физический отказ и не обычная несходимость. Сохраните комментарий и txt-отчет для диагностики.
HELP|status.N/A|passed=True|Проверка не запрошена, неприменима либо не выполнена из-за отсутствия обязательного предыдущего результата. В последнем случае причина указана в комментарии, а фактический отказ остается в статусе соответствующего НДС или поиска и в общей сводке. N/A само по себе не означает успешную проверку.
HELP|baseFailIsPhysical|passed=True|lambda=0 requires physical evidence
HELP|notApplicableDependency|passed=True|Blocked dependency is not an OK check
HELP|extensionAllStates|passed=True|Global extension scope
HELP|extensionDoesNotChangePhysicalNodes|passed=True|Physical diagram preserved
HELP|profileBooleanInputContract|passed=True|Explicit invalid value is not No
HELP|subdivisionsInputContract|passed=True|Mesh setting has help
HELP|worstCriterionInputContract|passed=True|Invalid criterion cannot silently select another check
HELP|rectsetCommonSelectors|passed=True|One common selector, separate diameters
HELP|unitChoiceInputContract|passed=True|Explicit invalid units do not become defaults
HELP|autoCADExportAlwaysMillimetres|passed=True|AutoCAD export scale is fixed, not OUTPUT length
HELP|autoCADExportUnitsException|passed=True|Units help distinguishes geometry scale and result labels
HELP|autoCADImportAreaThresholdUnits|passed=True|User threshold is converted; drawing remains mm
HELP|autoCADImportGeometryUnitPowers|passed=True|Drawing geometry has fixed mm/mm2/mm4 dimensions
HELP|autoCADRegionImportContract|passed=True|Region data have fixed units, not automatic drawing scale discovery
HELP|autoCADImportAreaThresholdInputContract|passed=True|Missing/invalid threshold is not replaced with default
HELP|importedSnapshotUnitChanges|passed=True|Import and recalculation use their own recorded OUTPUT units
HELP|inputChangeDoesNotRescaleImportedGeometry|passed=True|Current input values and preserved imported geometry are distinct
HELP|signsDoNotFlipStressOrStrain|passed=True|Material tension/compression and strain plane keep internal signs
HELP|crackSettingsRequiredInput|passed=True|Crack Config invalid/missing values do not become defaults
HELP|crackInactiveUserCoefficientContract|passed=True|Inactive user coefficients remain valid editable inputs
HELP|mandatoryInputErrorNavigation|passed=True|Input diagnostics explain actual cell, missing row and damaged named table repair
HELP|circleActiveRebarInput|passed=True|Circle active cover and row position are required
HELP|inactiveGeometryFormulaErrors|passed=True|Inactive geometry formula error is not a failed active input
HELP|inactiveRebarFaceOffsets|passed=True|Rounded, Hollow and RectSet inactive face contracts are explicit
HELP|openingCoverStillRequired|passed=True|Opening cover retains a geometric consumer when its own row is disabled
HELP|notCrackedWidthIsNotComputedZero|passed=True|Uncomputed crack width is distinguished from a calculated zero
HELP|activeAnnotationInputContract|passed=True|Only active annotation parameters are required
HELP|annotationBlackRgbContract|passed=True|Zero is a real color; invalid RGB is not silently repaired
HELP|annotationVisualLimits|passed=True|Screen clamps are disclosed, not physical geometry
HELP|snapshotAnnotationInputContract|passed=True|Existing damaged snapshot requires repair, not a silent zero
HELP|snapshotGeometryNumbersContract|passed=True|Geometry restoration rejects corrupted numbers without losing source address
HELP|axisFontInputContract|passed=True|Active axis font is required; disabled font is not read
HELP|gradientDisabledStillUsesStateColor|passed=True|No gradient does not mean no material color
HELP|link.$E$5|passed=True|'Справка'!A902
HELP|link.$E$6|passed=True|'Справка'!A911
HELP|link.$E$7|passed=True|'Справка'!A918
HELP|link.$E$8|passed=True|'Справка'!A928
HELP|link.$E$9|passed=True|'Справка'!A939
HELP|link.$E$12|passed=True|'Справка'!A948
HELP|link.$E$13|passed=True|'Справка'!A957
HELP|link.$E$14|passed=True|'Справка'!A964
HELP|link.$E$15|passed=True|'Справка'!A974
HELP|link.$E$16|passed=True|'Справка'!A984
HELP|link.$E$17|passed=True|'Справка'!A993
HELP|link.$E$18|passed=True|'Справка'!A1002
HELP|link.$E$22|passed=True|'Справка'!A1011
HELP|link.$E$23|passed=True|'Справка'!A1020
HELP|link.$E$24|passed=True|'Справка'!A1027
HELP|link.$E$25|passed=True|'Справка'!A1033
HELP|link.$E$26|passed=True|'Справка'!A1042
HELP|link.$E$27|passed=True|'Справка'!A1051
HELP|link.$E$29|passed=True|'Справка'!A1060
HELP|link.$E$30|passed=True|'Справка'!A1066
HELP|link.$E$31|passed=True|'Справка'!A1073
HELP|link.$E$32|passed=True|'Справка'!A1080
HELP|link.$E$33|passed=True|'Справка'!A1087
HELP|link.$E$35|passed=True|'Справка'!A1095
HELP|link.$E$36|passed=True|'Справка'!A1101
HELP|link.$E$40|passed=True|'Справка'!A1108
HELP|link.$E$41|passed=True|'Справка'!A1127
HELP|link.$E$43|passed=True|'Справка'!A1135
HELP|link.$E$45|passed=True|'Справка'!A1145
HELP|link.$E$46|passed=True|'Справка'!A1152
HELP|link.$E$47|passed=True|'Справка'!A1163
HELP|link.$E$48|passed=True|'Справка'!A1170
HELP|link.$E$49|passed=True|'Справка'!A1177
HELP|link.$E$50|passed=True|'Справка'!A1187
HELP|link.$E$54|passed=True|'Справка'!A1197
HELP|link.$E$55|passed=True|'Справка'!A1204
HELP|link.$E$56|passed=True|'Справка'!A1211
HELP|link.$E$57|passed=True|'Справка'!A1219
HELP|link.$E$58|passed=True|'Справка'!A1227
HELP|link.$E$59|passed=True|'Справка'!A1234
HELP|link.$E$60|passed=True|'Справка'!A1242
HELP|link.$E$61|passed=True|'Справка'!A1250
HELP|link.$E$62|passed=True|'Справка'!A1257
HELP|link.$E$63|passed=True|'Справка'!A1266
HELP|link.$E$64|passed=True|'Справка'!A1275
HELP|link.$E$65|passed=True|'Справка'!A1281
HELP|link.$E$67|passed=True|'Справка'!A1291
HELP|link.$E$68|passed=True|'Справка'!A1299
HELP|link.$E$69|passed=True|'Справка'!A1307
HELP|link.$E$71|passed=True|'Справка'!A1315
HELP|link.$E$72|passed=True|'Справка'!A1322
HELP|link.$E$75|passed=True|'Справка'!A1329
HELP|link.$E$76|passed=True|'Справка'!A1339
HELP|link.$E$77|passed=True|'Справка'!A1348
HELP|link.$E$78|passed=True|'Справка'!A1361
HELP|link.$E$79|passed=True|'Справка'!A1371
HELP|link.$E$80|passed=True|'Справка'!A1379
HELP|link.$E$81|passed=True|'Справка'!A1387
HELP|link.$E$82|passed=True|'Справка'!A1395
HELP|link.$E$83|passed=True|'Справка'!A1402
HELP|link.$E$84|passed=True|'Справка'!A1422
HELP|link.$E$85|passed=True|'Справка'!A1431
HELP|link.$E$88|passed=True|'Справка'!A1439
HELP|link.$E$89|passed=True|'Справка'!A1447
HELP|link.$E$90|passed=True|'Справка'!A1453
HELP|link.$E$91|passed=True|'Справка'!A1460
HELP|link.$E$92|passed=True|'Справка'!A1466
HELP|link.$E$93|passed=True|'Справка'!A1474
HELP|link.$E$94|passed=True|'Справка'!A1480
HELP|link.$E$95|passed=True|'Справка'!A1486
HELP|link.$E$96|passed=True|'Справка'!A1492
HELP|link.$E$97|passed=True|'Справка'!A1499
HELP|link.$E$98|passed=True|'Справка'!A1505
HELP|link.$E$99|passed=True|'Справка'!A1511
HELP|link.$E$100|passed=True|'Справка'!A1517
HELP|link.$E$101|passed=True|'Справка'!A1523
HELP|link.$E$102|passed=True|'Справка'!A1527
HELP|link.$E$103|passed=True|'Справка'!A1531
HELP|link.$E$104|passed=True|'Справка'!A1535
HELP|link.$E$105|passed=True|'Справка'!A1539
HELP|link.$E$108|passed=True|'Справка'!A1543
HELP|link.$E$109|passed=True|'Справка'!A1556
HELP|link.$E$110|passed=True|'Справка'!A1563
HELP|link.$E$113|passed=True|'Справка'!A1572
HELP|link.$E$114|passed=True|'Справка'!A1578
HELP|link.$E$115|passed=True|'Справка'!A1586
HELP|link.$E$116|passed=True|'Справка'!A1593
HELP|link.$E$117|passed=True|'Справка'!A1599
HELP|link.$E$118|passed=True|'Справка'!A1606
HELP|link.$E$119|passed=True|'Справка'!A1613
HELP|link.$E$120|passed=True|'Справка'!A1620
HELP|link.$E$121|passed=True|'Справка'!A1628
HELP|link.$E$122|passed=True|'Справка'!A1635
HELP|link.$E$123|passed=True|'Справка'!A1641
HELP|link.$E$124|passed=True|'Справка'!A1647
HELP|link.$E$125|passed=True|'Справка'!A1653
HELP|link.$E$126|passed=True|'Справка'!A1660
HELP|link.$E$127|passed=True|'Справка'!A1666
HELP|link.$E$128|passed=True|'Справка'!A1673
HELP|link.$E$129|passed=True|'Справка'!A1680
HELP|link.$E$130|passed=True|'Справка'!A1687
HELP|link.$M$19|passed=True|'Справка'!A1833
HELP|link.$M$20|passed=True|'Справка'!A1839
HELP|link.$M$21|passed=True|'Справка'!A1845
HELP|link.$M$22|passed=True|'Справка'!A1852
HELP|link.$M$23|passed=True|'Справка'!A1860
HELP|link.$M$27|passed=True|'Справка'!A1772
HELP|link.$M$28|passed=True|'Справка'!A1780
HELP|link.$M$29|passed=True|'Справка'!A1789
HELP|link.$M$30|passed=True|'Справка'!A1799
HELP|link.$M$31|passed=True|'Справка'!A1806
HELP|link.$M$32|passed=True|'Справка'!A1815
HELP|link.$M$33|passed=True|'Справка'!A1824
HELP|link.$M$71|passed=True|'Справка'!A1694
HELP|link.$M$72|passed=True|'Справка'!A1699
HELP|link.$M$73|passed=True|'Справка'!A1704
HELP|link.$M$74|passed=True|'Справка'!A1713
HELP|link.$M$75|passed=True|'Справка'!A1718
HELP|link.$M$76|passed=True|'Справка'!A1723
HELP|link.$M$77|passed=True|'Справка'!A1728
HELP|link.$M$78|passed=True|'Справка'!A1737
HELP|link.$M$79|passed=True|'Справка'!A1745
HELP|link.$M$80|passed=True|'Справка'!A1752
HELP|link.$M$81|passed=True|'Справка'!A1757
HELP|link.$M$82|passed=True|'Справка'!A1762
HELP|link.$M$83|passed=True|'Справка'!A1767
HELP|link.$AI$1|passed=True|'Справка'!A814
HELP|link.$H$2|passed=True|'Справка'!A680
HELP|link.$O$2|passed=True|'Справка'!A709
HELP|link.$H$11|passed=True|'Справка'!A697
HELP|link.$H$17|passed=True|'Справка'!A777
HELP|link.$H$25|passed=True|'Справка'!A768
HELP|link.$H$35|passed=True|'Справка'!A786
HELP|link.$P$36|passed=True|'Справка'!A748
HELP|link.$AI$58|passed=True|'Справка'!A758
HELP|link.$H$69|passed=True|'Справка'!A820
HELP|link.$H$85|passed=True|'Справка'!A831
HELP|link.$H$97|passed=True|'Справка'!A870
HELP|link.$H$127|passed=True|'Справка'!A840
HELP|link.$H$152|passed=True|'Справка'!A852
HELP|directHelpLinksPresent|passed=True|count=140
ACTUAL_HELP: rows=2007; links=140; shapes=118
TOTAL_AUDIT03_HELP: failed=0
HELP|printAreasPreserved|passed=True|count=1
