SOURCE: C:\Users\avidzba\Desktop\Ø‡Æ£‡†¨¨Î\Ç_êÄÅéíÖ!\RC_Section_NDM\docs\regression\Audit03\RC_Section_NDM_general_plot_negative_v207c.xlsm
SOURCE_SHA256: 8179F8867B17B9DF7704B5411343FBA29B384E36E4D00D845CD2A279E4AC80ED
FIXTURE: C:\Users\avidzba\AppData\Local\Temp\RC_NDM_ModeSuite_a555abbe1bcb49d4bc2cbb3190d55929\RC_Section_NDM.xlsm
GLOBAL_MODE: General.DiagramExtension=No; explicit-On tests retain their setup
FAIL: audit03.generalPlot.p0.Plot.ContourEnabled.bad8.oldChartPreserved
FAIL: audit03.generalPlot.p0.Plot.ContourEnabled.bad8.oldChartPreserved
FAIL: audit03.generalPlot.p0.Plot.ContourEnabled.bad8.oldChartPreserved
FAIL: audit03.generalPlot.p0.Plot.ContourEnabled.bad10.oldChartPreserved
FAIL: audit03.generalPlot.p0.Plot.NeutralLineEnabled.bad8.oldChartPreserved
FAIL: audit03.generalPlot.p0.Plot.NeutralLineEnabled.bad8.oldChartPreserved
FAIL: audit03.generalPlot.p0.Plot.NeutralLineEnabled.bad8.oldChartPreserved
FAIL: audit03.generalPlot.p0.Plot.NeutralLineEnabled.bad10.oldChartPreserved
FAIL: audit03.generalPlot.p0.Plot.LoadApplicationPointEnabled.bad8.oldChartPreserved
FAIL: audit03.generalPlot.p0.Plot.LoadApplicationPointEnabled.bad8.oldChartPreserved
FAIL: audit03.generalPlot.p0.Plot.LoadApplicationPointEnabled.bad8.oldChartPreserved
FAIL: audit03.generalPlot.p0.Plot.LoadApplicationPointEnabled.bad10.oldChartPreserved
FAIL: audit03.generalPlot.p0.Plot.ResultLabelsEnabled.bad8.oldChartPreserved
FAIL: audit03.generalPlot.p0.Plot.ResultLabelsEnabled.bad8.oldChartPreserved
FAIL: audit03.generalPlot.p0.Plot.ResultLabelsEnabled.bad8.oldChartPreserved
FAIL: audit03.generalPlot.p0.Plot.ResultLabelsEnabled.bad10.oldChartPreserved
FAIL: audit03.generalPlot.p0.Plot.LegendEnabled.bad8.oldChartPreserved
FAIL: audit03.generalPlot.p0.Plot.LegendEnabled.bad8.oldChartPreserved
FAIL: audit03.generalPlot.p0.Plot.LegendEnabled.bad8.oldChartPreserved
FAIL: audit03.generalPlot.p0.Plot.LegendEnabled.bad10.oldChartPreserved
FAIL: audit03.generalPlot.p0.Plot.PrincipalAxesMode.bad8.rejected
FAIL: audit03.generalPlot.p0.Plot.PrincipalAxesMode.bad8.key
FAIL: audit03.generalPlot.p0.Plot.PrincipalAxesMode.bad8.address
FAIL: audit03.generalPlot.p0.Plot.PrincipalAxesMode.bad8.action
FAIL: audit03.generalPlot.p0.Plot.PrincipalAxesMode.bad8.oldChartPreserved
FAIL: audit03.generalPlot.p0.Plot.PrincipalAxesMode.bad8.rejected
FAIL: audit03.generalPlot.p0.Plot.PrincipalAxesMode.bad8.key
FAIL: audit03.generalPlot.p0.Plot.PrincipalAxesMode.bad8.address
FAIL: audit03.generalPlot.p0.Plot.PrincipalAxesMode.bad8.action
FAIL: audit03.generalPlot.p0.Plot.PrincipalAxesMode.bad8.oldChartPreserved
FAIL: audit03.generalPlot.p0.Plot.PrincipalAxesMode.bad8.address
FAIL: audit03.generalPlot.p0.Plot.PrincipalAxesMode.bad8.action
FAIL: audit03.generalPlot.p0.Plot.PrincipalAxesMode.bad8.oldChartPreserved
FAIL: audit03.generalPlot.p0.Plot.PrincipalAxesMode.bad10.oldChartPreserved
FAIL: audit03.generalPlot.p0.Plot.ResultLabelSpacing.bad8.rejected
FAIL: audit03.generalPlot.p0.Plot.ResultLabelSpacing.bad8.key
FAIL: audit03.generalPlot.p0.Plot.ResultLabelSpacing.bad8.address
FAIL: audit03.generalPlot.p0.Plot.ResultLabelSpacing.bad8.action
FAIL: audit03.generalPlot.p0.Plot.ResultLabelSpacing.bad8.oldChartPreserved
FAIL: audit03.generalPlot.p0.Plot.ResultLabelSpacing.bad8.rejected
FAIL: audit03.generalPlot.p0.Plot.ResultLabelSpacing.bad8.key
FAIL: audit03.generalPlot.p0.Plot.ResultLabelSpacing.bad8.address
FAIL: audit03.generalPlot.p0.Plot.ResultLabelSpacing.bad8.action
FAIL: audit03.generalPlot.p0.Plot.ResultLabelSpacing.bad8.oldChartPreserved
FAIL: audit03.generalPlot.p0.Plot.ResultLabelSpacing.bad8.oldChartPreserved
FAIL: audit03.generalPlot.p0.Plot.ResultLabelSpacing.bad10.oldChartPreserved
FAIL: audit03.generalPlot.spacing.sign.p0.0
FAIL: audit03.generalPlot.spacing.sign.p0.-1
FAIL: audit03.generalPlot.spacing.smallPositive.p0
FAIL: audit03.generalPlot.spacing.label.p0
FAIL: audit03.generalPlot.missing.p0.Plot.ContourEnabled
FAIL: audit03.generalPlot.missing.p0.Plot.NeutralLineEnabled
FAIL: audit03.generalPlot.missing.p0.Plot.LoadApplicationPointEnabled
FAIL: audit03.generalPlot.missing.p0.Plot.ResultLabelsEnabled
FAIL: audit03.generalPlot.missing.p0.Plot.LegendEnabled
FAIL: audit03.generalPlot.missing.p0.Plot.PrincipalAxesMode
FAIL: audit03.generalPlot.missing.p0.Plot.ResultLabelSpacing
FAIL: audit03.generalPlot.p1.Plot.ContourEnabled.bad8.oldChartPreserved
FAIL: audit03.generalPlot.p1.Plot.ContourEnabled.bad8.oldChartPreserved
FAIL: audit03.generalPlot.p1.Plot.ContourEnabled.bad8.oldChartPreserved
FAIL: audit03.generalPlot.p1.Plot.ContourEnabled.bad10.oldChartPreserved
FAIL: audit03.generalPlot.p1.Plot.NeutralLineEnabled.bad8.oldChartPreserved
FAIL: audit03.generalPlot.p1.Plot.NeutralLineEnabled.bad8.oldChartPreserved
FAIL: audit03.generalPlot.p1.Plot.NeutralLineEnabled.bad8.oldChartPreserved
FAIL: audit03.generalPlot.p1.Plot.NeutralLineEnabled.bad10.oldChartPreserved
FAIL: audit03.generalPlot.p1.Plot.LoadApplicationPointEnabled.bad8.oldChartPreserved
FAIL: audit03.generalPlot.p1.Plot.LoadApplicationPointEnabled.bad8.oldChartPreserved
FAIL: audit03.generalPlot.p1.Plot.LoadApplicationPointEnabled.bad8.oldChartPreserved
FAIL: audit03.generalPlot.p1.Plot.LoadApplicationPointEnabled.bad10.oldChartPreserved
FAIL: audit03.generalPlot.p1.Plot.ResultLabelsEnabled.bad8.oldChartPreserved
FAIL: audit03.generalPlot.p1.Plot.ResultLabelsEnabled.bad8.oldChartPreserved
FAIL: audit03.generalPlot.p1.Plot.ResultLabelsEnabled.bad8.oldChartPreserved
FAIL: audit03.generalPlot.p1.Plot.ResultLabelsEnabled.bad10.oldChartPreserved
FAIL: audit03.generalPlot.p1.Plot.LegendEnabled.bad8.oldChartPreserved
FAIL: audit03.generalPlot.p1.Plot.LegendEnabled.bad8.oldChartPreserved
FAIL: audit03.generalPlot.p1.Plot.LegendEnabled.bad8.oldChartPreserved
FAIL: audit03.generalPlot.p1.Plot.LegendEnabled.bad10.oldChartPreserved
FAIL: audit03.generalPlot.p1.Plot.PrincipalAxesMode.bad8.rejected
FAIL: audit03.generalPlot.p1.Plot.PrincipalAxesMode.bad8.key
FAIL: audit03.generalPlot.p1.Plot.PrincipalAxesMode.bad8.address
FAIL: audit03.generalPlot.p1.Plot.PrincipalAxesMode.bad8.action
FAIL: audit03.generalPlot.p1.Plot.PrincipalAxesMode.bad8.oldChartPreserved
FAIL: audit03.generalPlot.p1.Plot.PrincipalAxesMode.bad8.rejected
FAIL: audit03.generalPlot.p1.Plot.PrincipalAxesMode.bad8.key
FAIL: audit03.generalPlot.p1.Plot.PrincipalAxesMode.bad8.address
FAIL: audit03.generalPlot.p1.Plot.PrincipalAxesMode.bad8.action
FAIL: audit03.generalPlot.p1.Plot.PrincipalAxesMode.bad8.oldChartPreserved
FAIL: audit03.generalPlot.p1.Plot.PrincipalAxesMode.bad8.address
FAIL: audit03.generalPlot.p1.Plot.PrincipalAxesMode.bad8.action
FAIL: audit03.generalPlot.p1.Plot.PrincipalAxesMode.bad8.oldChartPreserved
FAIL: audit03.generalPlot.p1.Plot.PrincipalAxesMode.bad10.oldChartPreserved
FAIL: audit03.generalPlot.p1.Plot.ResultLabelSpacing.bad8.rejected
FAIL: audit03.generalPlot.p1.Plot.ResultLabelSpacing.bad8.key
FAIL: audit03.generalPlot.p1.Plot.ResultLabelSpacing.bad8.address
FAIL: audit03.generalPlot.p1.Plot.ResultLabelSpacing.bad8.action
FAIL: audit03.generalPlot.p1.Plot.ResultLabelSpacing.bad8.oldChartPreserved
FAIL: audit03.generalPlot.p1.Plot.ResultLabelSpacing.bad8.rejected
FAIL: audit03.generalPlot.p1.Plot.ResultLabelSpacing.bad8.key
FAIL: audit03.generalPlot.p1.Plot.ResultLabelSpacing.bad8.address
FAIL: audit03.generalPlot.p1.Plot.ResultLabelSpacing.bad8.action
FAIL: audit03.generalPlot.p1.Plot.ResultLabelSpacing.bad8.oldChartPreserved
FAIL: audit03.generalPlot.p1.Plot.ResultLabelSpacing.bad8.oldChartPreserved
FAIL: audit03.generalPlot.p1.Plot.ResultLabelSpacing.bad10.oldChartPreserved
FAIL: audit03.generalPlot.spacing.sign.p1.0
FAIL: audit03.generalPlot.spacing.sign.p1.-1
FAIL: audit03.generalPlot.spacing.smallPositive.p1
FAIL: audit03.generalPlot.spacing.label.p1
FAIL: audit03.generalPlot.missing.p1.Plot.ContourEnabled
FAIL: audit03.generalPlot.missing.p1.Plot.NeutralLineEnabled
FAIL: audit03.generalPlot.missing.p1.Plot.LoadApplicationPointEnabled
FAIL: audit03.generalPlot.missing.p1.Plot.ResultLabelsEnabled
FAIL: audit03.generalPlot.missing.p1.Plot.LegendEnabled
FAIL: audit03.generalPlot.missing.p1.Plot.PrincipalAxesMode
FAIL: audit03.generalPlot.missing.p1.Plot.ResultLabelSpacing
FAIL: audit03.generalPlot.grouped.colorCount
FAIL: audit03.generalPlot.grouped.color1
FAIL: audit03.generalPlot.grouped.color3
FAIL: audit03.generalPlot.grouped.color5
FAIL: audit03.generalPlot.grouped.color7
FAIL: audit03.generalPlot.grouped.color9
FAIL: audit03.generalPlot.grouped.color11
FAIL: audit03.generalPlot.grouped.color13
FAIL: audit03.generalPlot.grouped.color15
TOTAL_AUDIT03_GENERAL_PLOT: passed=1000; failed=123
MODE_AFTER_SUITE: No
SOURCE_UNCHANGED: True
