SOURCE: C:\Users\avidzba\Desktop\Ø‡Æ£‡†¨¨Î\Ç_êÄÅéíÖ!\RC_Section_NDM\docs\regression\Audit03\RC_Section_NDM_geometry_snapshot_negative_v202.xlsm
SOURCE_SHA256: F198E8817BDBABD6ECAFD5E60D4B2EA54CB57EFAFB5FF1B2B41719C86A187F2F
FIXTURE: C:\Users\avidzba\AppData\Local\Temp\RC_NDM_ModeSuite_7223cdcc59c545269c515658f4b0df56\RC_Section_NDM.xlsm
GLOBAL_MODE: General.DiagramExtension=No; explicit-On tests retain their setup
FAIL: audit03.geometrySnapshot.invalid.X, mm.0.field
FAIL: audit03.geometrySnapshot.invalid.X, mm.0.address
FAIL: audit03.geometrySnapshot.invalid.X, mm.0.action
FAIL: audit03.geometrySnapshot.invalid.X, mm.0.plot.field
FAIL: audit03.geometrySnapshot.invalid.X, mm.0.plot.address
FAIL: audit03.geometrySnapshot.invalid.X, mm.0.plot.action
FAIL: audit03.geometrySnapshot.invalid.X, mm.1.field
FAIL: audit03.geometrySnapshot.invalid.X, mm.1.address
FAIL: audit03.geometrySnapshot.invalid.X, mm.1.action
FAIL: audit03.geometrySnapshot.invalid.X, mm.1.plot.field
FAIL: audit03.geometrySnapshot.invalid.X, mm.1.plot.address
FAIL: audit03.geometrySnapshot.invalid.X, mm.1.plot.action
FAIL: audit03.geometrySnapshot.invalid.X, mm.2.rejected
FAIL: audit03.geometrySnapshot.invalid.X, mm.2.field
FAIL: audit03.geometrySnapshot.invalid.X, mm.2.address
FAIL: audit03.geometrySnapshot.invalid.X, mm.2.action
FAIL: audit03.geometrySnapshot.invalid.X, mm.2.plot.rejected
FAIL: audit03.geometrySnapshot.invalid.X, mm.2.plot.field
FAIL: audit03.geometrySnapshot.invalid.X, mm.2.plot.address
FAIL: audit03.geometrySnapshot.invalid.X, mm.2.plot.action
FAIL: audit03.geometrySnapshot.invalid.X, mm.3.rejected
FAIL: audit03.geometrySnapshot.invalid.X, mm.3.field
FAIL: audit03.geometrySnapshot.invalid.X, mm.3.address
FAIL: audit03.geometrySnapshot.invalid.X, mm.3.action
FAIL: audit03.geometrySnapshot.invalid.X, mm.3.plot.rejected
FAIL: audit03.geometrySnapshot.invalid.X, mm.3.plot.field
FAIL: audit03.geometrySnapshot.invalid.X, mm.3.plot.address
FAIL: audit03.geometrySnapshot.invalid.X, mm.3.plot.action
FAIL: audit03.geometrySnapshot.invalid.Y, mm.0.address
FAIL: audit03.geometrySnapshot.invalid.Y, mm.0.action
FAIL: audit03.geometrySnapshot.invalid.Y, mm.0.plot.address
FAIL: audit03.geometrySnapshot.invalid.Y, mm.0.plot.action
FAIL: audit03.geometrySnapshot.invalid.Y, mm.1.address
FAIL: audit03.geometrySnapshot.invalid.Y, mm.1.action
FAIL: audit03.geometrySnapshot.invalid.Y, mm.1.plot.address
FAIL: audit03.geometrySnapshot.invalid.Y, mm.1.plot.action
FAIL: audit03.geometrySnapshot.invalid.Y, mm.2.rejected
FAIL: audit03.geometrySnapshot.invalid.Y, mm.2.field
FAIL: audit03.geometrySnapshot.invalid.Y, mm.2.address
FAIL: audit03.geometrySnapshot.invalid.Y, mm.2.action
FAIL: audit03.geometrySnapshot.invalid.Y, mm.2.plot.rejected
FAIL: audit03.geometrySnapshot.invalid.Y, mm.2.plot.field
FAIL: audit03.geometrySnapshot.invalid.Y, mm.2.plot.address
FAIL: audit03.geometrySnapshot.invalid.Y, mm.2.plot.action
FAIL: audit03.geometrySnapshot.invalid.Y, mm.3.rejected
FAIL: audit03.geometrySnapshot.invalid.Y, mm.3.field
FAIL: audit03.geometrySnapshot.invalid.Y, mm.3.address
FAIL: audit03.geometrySnapshot.invalid.Y, mm.3.action
FAIL: audit03.geometrySnapshot.invalid.Y, mm.3.plot.rejected
FAIL: audit03.geometrySnapshot.invalid.Y, mm.3.plot.field
FAIL: audit03.geometrySnapshot.invalid.Y, mm.3.plot.address
FAIL: audit03.geometrySnapshot.invalid.Y, mm.3.plot.action
FAIL: audit03.geometrySnapshot.invalid.Area, mm2.0.field
FAIL: audit03.geometrySnapshot.invalid.Area, mm2.0.address
FAIL: audit03.geometrySnapshot.invalid.Area, mm2.0.action
FAIL: audit03.geometrySnapshot.invalid.Area, mm2.0.plot.field
FAIL: audit03.geometrySnapshot.invalid.Area, mm2.0.plot.address
FAIL: audit03.geometrySnapshot.invalid.Area, mm2.0.plot.action
FAIL: audit03.geometrySnapshot.invalid.Area, mm2.1.field
FAIL: audit03.geometrySnapshot.invalid.Area, mm2.1.address
FAIL: audit03.geometrySnapshot.invalid.Area, mm2.1.action
FAIL: audit03.geometrySnapshot.invalid.Area, mm2.1.plot.field
FAIL: audit03.geometrySnapshot.invalid.Area, mm2.1.plot.address
FAIL: audit03.geometrySnapshot.invalid.Area, mm2.1.plot.action
FAIL: audit03.geometrySnapshot.invalid.Area, mm2.2.rejected
FAIL: audit03.geometrySnapshot.invalid.Area, mm2.2.field
FAIL: audit03.geometrySnapshot.invalid.Area, mm2.2.address
FAIL: audit03.geometrySnapshot.invalid.Area, mm2.2.action
FAIL: audit03.geometrySnapshot.invalid.Area, mm2.2.plot.rejected
FAIL: audit03.geometrySnapshot.invalid.Area, mm2.2.plot.field
FAIL: audit03.geometrySnapshot.invalid.Area, mm2.2.plot.address
FAIL: audit03.geometrySnapshot.invalid.Area, mm2.2.plot.action
FAIL: audit03.geometrySnapshot.invalid.Area, mm2.3.field
FAIL: audit03.geometrySnapshot.invalid.Area, mm2.3.address
FAIL: audit03.geometrySnapshot.invalid.Area, mm2.3.action
FAIL: audit03.geometrySnapshot.invalid.Area, mm2.3.plot.rejected
FAIL: audit03.geometrySnapshot.invalid.Area, mm2.3.plot.field
FAIL: audit03.geometrySnapshot.invalid.Area, mm2.3.plot.address
FAIL: audit03.geometrySnapshot.invalid.Area, mm2.3.plot.action
FAIL: audit03.geometrySnapshot.invalid.Width, mm.0.plot.rejected
FAIL: audit03.geometrySnapshot.invalid.Width, mm.0.plot.field
FAIL: audit03.geometrySnapshot.invalid.Width, mm.0.plot.address
FAIL: audit03.geometrySnapshot.invalid.Width, mm.0.plot.action
FAIL: audit03.geometrySnapshot.invalid.Width, mm.1.plot.rejected
FAIL: audit03.geometrySnapshot.invalid.Width, mm.1.plot.field
FAIL: audit03.geometrySnapshot.invalid.Width, mm.1.plot.address
FAIL: audit03.geometrySnapshot.invalid.Width, mm.1.plot.action
FAIL: audit03.geometrySnapshot.invalid.Width, mm.2.plot.rejected
FAIL: audit03.geometrySnapshot.invalid.Width, mm.2.plot.field
FAIL: audit03.geometrySnapshot.invalid.Width, mm.2.plot.address
FAIL: audit03.geometrySnapshot.invalid.Width, mm.2.plot.action
FAIL: audit03.geometrySnapshot.invalid.Width, mm.3.plot.rejected
FAIL: audit03.geometrySnapshot.invalid.Width, mm.3.plot.field
FAIL: audit03.geometrySnapshot.invalid.Width, mm.3.plot.address
FAIL: audit03.geometrySnapshot.invalid.Width, mm.3.plot.action
FAIL: audit03.geometrySnapshot.invalid.Height, mm.0.plot.rejected
FAIL: audit03.geometrySnapshot.invalid.Height, mm.0.plot.field
FAIL: audit03.geometrySnapshot.invalid.Height, mm.0.plot.address
FAIL: audit03.geometrySnapshot.invalid.Height, mm.0.plot.action
FAIL: audit03.geometrySnapshot.invalid.Height, mm.1.plot.rejected
FAIL: audit03.geometrySnapshot.invalid.Height, mm.1.plot.field
FAIL: audit03.geometrySnapshot.invalid.Height, mm.1.plot.address
FAIL: audit03.geometrySnapshot.invalid.Height, mm.1.plot.action
FAIL: audit03.geometrySnapshot.invalid.Height, mm.2.plot.rejected
FAIL: audit03.geometrySnapshot.invalid.Height, mm.2.plot.field
FAIL: audit03.geometrySnapshot.invalid.Height, mm.2.plot.address
FAIL: audit03.geometrySnapshot.invalid.Height, mm.2.plot.action
FAIL: audit03.geometrySnapshot.invalid.Height, mm.3.plot.rejected
FAIL: audit03.geometrySnapshot.invalid.Height, mm.3.plot.field
FAIL: audit03.geometrySnapshot.invalid.Height, mm.3.plot.address
FAIL: audit03.geometrySnapshot.invalid.Height, mm.3.plot.action
FAIL: audit03.geometrySnapshot.invalid.Diameter, mm.0.field
FAIL: audit03.geometrySnapshot.invalid.Diameter, mm.0.address
FAIL: audit03.geometrySnapshot.invalid.Diameter, mm.0.action
FAIL: audit03.geometrySnapshot.invalid.Diameter, mm.0.plot.rejected
FAIL: audit03.geometrySnapshot.invalid.Diameter, mm.0.plot.field
FAIL: audit03.geometrySnapshot.invalid.Diameter, mm.0.plot.address
FAIL: audit03.geometrySnapshot.invalid.Diameter, mm.0.plot.action
FAIL: audit03.geometrySnapshot.invalid.Diameter, mm.1.field
FAIL: audit03.geometrySnapshot.invalid.Diameter, mm.1.address
FAIL: audit03.geometrySnapshot.invalid.Diameter, mm.1.action
FAIL: audit03.geometrySnapshot.invalid.Diameter, mm.1.plot.rejected
FAIL: audit03.geometrySnapshot.invalid.Diameter, mm.1.plot.field
FAIL: audit03.geometrySnapshot.invalid.Diameter, mm.1.plot.address
FAIL: audit03.geometrySnapshot.invalid.Diameter, mm.1.plot.action
FAIL: audit03.geometrySnapshot.invalid.Diameter, mm.2.rejected
FAIL: audit03.geometrySnapshot.invalid.Diameter, mm.2.field
FAIL: audit03.geometrySnapshot.invalid.Diameter, mm.2.address
FAIL: audit03.geometrySnapshot.invalid.Diameter, mm.2.action
FAIL: audit03.geometrySnapshot.invalid.Diameter, mm.2.plot.rejected
FAIL: audit03.geometrySnapshot.invalid.Diameter, mm.2.plot.field
FAIL: audit03.geometrySnapshot.invalid.Diameter, mm.2.plot.address
FAIL: audit03.geometrySnapshot.invalid.Diameter, mm.2.plot.action
FAIL: audit03.geometrySnapshot.invalid.Diameter, mm.3.field
FAIL: audit03.geometrySnapshot.invalid.Diameter, mm.3.address
FAIL: audit03.geometrySnapshot.invalid.Diameter, mm.3.action
FAIL: audit03.geometrySnapshot.invalid.Diameter, mm.3.plot.rejected
FAIL: audit03.geometrySnapshot.invalid.Diameter, mm.3.plot.field
FAIL: audit03.geometrySnapshot.invalid.Diameter, mm.3.plot.address
FAIL: audit03.geometrySnapshot.invalid.Diameter, mm.3.plot.action
FAIL: audit03.geometrySnapshot.invalid.Rotation, rad.0.plot.rejected
FAIL: audit03.geometrySnapshot.invalid.Rotation, rad.0.plot.field
FAIL: audit03.geometrySnapshot.invalid.Rotation, rad.0.plot.address
FAIL: audit03.geometrySnapshot.invalid.Rotation, rad.0.plot.action
FAIL: audit03.geometrySnapshot.invalid.Rotation, rad.1.plot.rejected
FAIL: audit03.geometrySnapshot.invalid.Rotation, rad.1.plot.field
FAIL: audit03.geometrySnapshot.invalid.Rotation, rad.1.plot.address
FAIL: audit03.geometrySnapshot.invalid.Rotation, rad.1.plot.action
FAIL: audit03.geometrySnapshot.invalid.Rotation, rad.2.plot.rejected
FAIL: audit03.geometrySnapshot.invalid.Rotation, rad.2.plot.field
FAIL: audit03.geometrySnapshot.invalid.Rotation, rad.2.plot.address
FAIL: audit03.geometrySnapshot.invalid.Rotation, rad.2.plot.action
FAIL: audit03.geometrySnapshot.invalid.Rotation, rad.3.plot.rejected
FAIL: audit03.geometrySnapshot.invalid.Rotation, rad.3.plot.field
FAIL: audit03.geometrySnapshot.invalid.Rotation, rad.3.plot.address
FAIL: audit03.geometrySnapshot.invalid.Rotation, rad.3.plot.action
FAIL: audit03.geometrySnapshot.lastColumn.model
FAIL: audit03.geometrySnapshot.lastColumn.plot
TOTAL_AUDIT03_GEOMETRY_SNAPSHOT: passed=811; failed=158
MODE_AFTER_SUITE: No
SOURCE_UNCHANGED: True
