SOURCE: C:\Users\avidzba\Desktop\Ø‡Æ£‡†¨¨Î\Ç_êÄÅéíÖ!\RC_Section_NDM\docs\regression\Audit03\RC_Section_NDM_numeric_input_negative_v43.xlsm
SOURCE_SHA256: 595BEC689D7A408FAF78A6A1B904595E6BF2F2DEE68532E64819E811366CA4BD
FIXTURE: C:\Users\avidzba\AppData\Local\Temp\RC_NDM_ModeSuite_4bbc01ca5cf54caca3dd3c1bdfcc67b3\RC_Section_NDM.xlsm
GLOBAL_MODE: General.DiagramExtension=No; explicit-On tests retain their setup
FAIL: audit03.numeric.Solver.Solver.MaxIterations.error
FAIL: audit03.numeric.Solver.Solver.MaxIterations.reason
FAIL: audit03.numeric.Solver.Solver.MaxIterations.error
FAIL: audit03.numeric.Solver.Solver.MaxIterations.reason
FAIL: audit03.numeric.Solver.Solver.MaxIterations.error
FAIL: audit03.numeric.Solver.Solver.ToleranceN.error
FAIL: audit03.numeric.Solver.Solver.ToleranceN.reason
FAIL: audit03.numeric.Solver.Solver.ToleranceN.error
FAIL: audit03.numeric.Solver.Solver.ToleranceN.reason
FAIL: audit03.numeric.Solver.Solver.ToleranceN.error
FAIL: audit03.numeric.Capacity.Capacity.MaxRetries.error
FAIL: audit03.numeric.Capacity.Capacity.MaxRetries.reason
FAIL: audit03.numeric.Capacity.Capacity.MaxRetries.error
FAIL: audit03.numeric.Capacity.Capacity.MaxRetries.reason
FAIL: audit03.numeric.Capacity.Capacity.MaxRetries.error
FAIL: audit03.numeric.Capacity.Capacity.MaxLambda.error
FAIL: audit03.numeric.Capacity.Capacity.MaxLambda.reason
FAIL: audit03.numeric.Capacity.Capacity.MaxLambda.error
FAIL: audit03.numeric.Capacity.Capacity.MaxLambda.reason
FAIL: audit03.numeric.Capacity.Capacity.MaxLambda.error
FAIL: audit03.numeric.Capacity.Solver.ToleranceN.error
FAIL: audit03.numeric.Capacity.Solver.ToleranceN.reason
FAIL: audit03.numeric.Capacity.Solver.ToleranceN.error
FAIL: audit03.numeric.Capacity.Solver.ToleranceN.reason
FAIL: audit03.numeric.Capacity.Solver.ToleranceN.error
FAIL: audit03.numeric.Formation.Solver.MaxIterations.error
FAIL: audit03.numeric.Formation.Solver.MaxIterations.reason
FAIL: audit03.numeric.Formation.Solver.MaxIterations.error
FAIL: audit03.numeric.Formation.Solver.MaxIterations.reason
FAIL: audit03.numeric.Formation.Solver.MaxIterations.error
FAIL: audit03.numeric.Formation.Solver.ToleranceN.error
FAIL: audit03.numeric.Formation.Solver.ToleranceN.reason
FAIL: audit03.numeric.Formation.Solver.ToleranceN.error
FAIL: audit03.numeric.Formation.Solver.ToleranceN.reason
FAIL: audit03.numeric.Formation.Solver.ToleranceN.error
FAIL: audit03.numeric.Batch.Solver.MaxIterations.error
FAIL: audit03.numeric.Batch.Solver.MaxIterations.reason
FAIL: audit03.numeric.Batch.Solver.MaxIterations.error
FAIL: audit03.numeric.Batch.Solver.MaxIterations.reason
FAIL: audit03.numeric.Batch.Solver.MaxIterations.error
FAIL: audit03.numeric.Batch.Solver.MaxIterations.reason
FAIL: audit03.numeric.Batch.Solver.MaxIterations.error
FAIL: audit03.numeric.Batch.Capacity.MaxRetries.error
FAIL: audit03.numeric.Batch.Capacity.MaxRetries.reason
FAIL: audit03.numeric.Batch.Capacity.MaxRetries.error
FAIL: audit03.numeric.Batch.Capacity.MaxRetries.reason
FAIL: audit03.numeric.Batch.Capacity.MaxRetries.error
FAIL: audit03.numeric.Batch.Capacity.MaxRetries.reason
FAIL: audit03.numeric.Batch.Capacity.MaxRetries.error
FAIL: audit03.numeric.Batch.Capacity.MaxLambda.error
FAIL: audit03.numeric.Batch.Capacity.MaxLambda.reason
FAIL: audit03.numeric.Batch.Capacity.MaxLambda.error
FAIL: audit03.numeric.Batch.Capacity.MaxLambda.reason
FAIL: audit03.numeric.Batch.Capacity.MaxLambda.error
FAIL: audit03.numeric.Batch.Capacity.MaxLambda.reason
FAIL: audit03.numeric.Batch.Capacity.MaxLambda.error
FAIL: audit03.numeric.Batch.Solver.ToleranceN.error
FAIL: audit03.numeric.Batch.Solver.ToleranceN.reason
FAIL: audit03.numeric.Batch.Solver.ToleranceN.error
FAIL: audit03.numeric.Batch.Solver.ToleranceN.reason
FAIL: audit03.numeric.Batch.Solver.ToleranceN.error
FAIL: audit03.numeric.Batch.Solver.ToleranceN.reason
FAIL: audit03.numeric.Batch.Solver.ToleranceN.error
TOTAL_AUDIT03_NUMERIC_SETTINGS_INPUT: passed=49; failed=63
MODE_AFTER_SUITE: No
SOURCE_UNCHANGED: True
