SOURCE: C:\Users\avidzba\Desktop\Ø‡Æ£‡†¨¨Î\Ç_êÄÅéíÖ!\RC_Section_NDM\docs\regression\Audit03\RC_Section_NDM_profile_input_negative.xlsm
SOURCE_SHA256: FF5540B37D6FA87D192288B7FD1ACABB62024D3C3C2F63391493273A0922DD89
FIXTURE: C:\Users\avidzba\AppData\Local\Temp\RC_NDM_ModeSuite_6b7c007bd5c24271af284d22040a430c\RC_Section_NDM.xlsm
GLOBAL_MODE: General.DiagramExtension=No; explicit-On tests retain their setup
FAIL: audit03.profile.invalid.Calculation.Strength.DirectState.1
FAIL: audit03.profile.reason.Calculation.Strength.DirectState.1
FAIL: audit03.profile.invalid.Calculation.Strength.DirectState.2
FAIL: audit03.profile.reason.Calculation.Strength.DirectState.2
FAIL: audit03.profile.invalid.Calculation.Strength.DirectState.3
FAIL: audit03.profile.reason.Calculation.Strength.DirectState.3
FAIL: audit03.profile.invalid.Calculation.Strength.DirectState.4
FAIL: audit03.profile.reason.Calculation.Strength.DirectState.4
FAIL: audit03.profile.missing.Calculation.Strength.DirectState
FAIL: audit03.profile.missingReason.Calculation.Strength.DirectState
FAIL: audit03.profile.invalid.Calculation.Strength.Capacity.1
FAIL: audit03.profile.reason.Calculation.Strength.Capacity.1
FAIL: audit03.profile.invalid.Calculation.Strength.Capacity.2
FAIL: audit03.profile.reason.Calculation.Strength.Capacity.2
FAIL: audit03.profile.invalid.Calculation.Strength.Capacity.3
FAIL: audit03.profile.reason.Calculation.Strength.Capacity.3
FAIL: audit03.profile.invalid.Calculation.Strength.Capacity.4
FAIL: audit03.profile.reason.Calculation.Strength.Capacity.4
FAIL: audit03.profile.missing.Calculation.Strength.Capacity
FAIL: audit03.profile.missingReason.Calculation.Strength.Capacity
FAIL: audit03.profile.invalid.Calculation.Crack.Width.1
FAIL: audit03.profile.reason.Calculation.Crack.Width.1
FAIL: audit03.profile.invalid.Calculation.Crack.Width.2
FAIL: audit03.profile.reason.Calculation.Crack.Width.2
FAIL: audit03.profile.invalid.Calculation.Crack.Width.3
FAIL: audit03.profile.reason.Calculation.Crack.Width.3
FAIL: audit03.profile.invalid.Calculation.Crack.Width.4
FAIL: audit03.profile.reason.Calculation.Crack.Width.4
FAIL: audit03.profile.missing.Calculation.Crack.Width
FAIL: audit03.profile.missingReason.Calculation.Crack.Width
FAIL: audit03.profile.invalid.Calculation.Stability.Enabled.1
FAIL: audit03.profile.reason.Calculation.Stability.Enabled.1
FAIL: audit03.profile.invalid.Calculation.Stability.Enabled.2
FAIL: audit03.profile.reason.Calculation.Stability.Enabled.2
FAIL: audit03.profile.invalid.Calculation.Stability.Enabled.3
FAIL: audit03.profile.reason.Calculation.Stability.Enabled.3
FAIL: audit03.profile.invalid.Calculation.Stability.Enabled.4
FAIL: audit03.profile.reason.Calculation.Stability.Enabled.4
FAIL: audit03.profile.missing.Calculation.Stability.Enabled
FAIL: audit03.profile.missingReason.Calculation.Stability.Enabled
TOTAL_AUDIT03_PROFILE_INPUT: passed=32; failed=40
MODE_AFTER_SUITE: No
SOURCE_UNCHANGED: True
