SOURCE: C:\Users\avidzba\Desktop\Ø‡Æ£‡†¨¨Î\Ç_êÄÅéíÖ!\RC_Section_NDM\docs\regression\Audit03\RC_Section_NDM_linear_negative_v227.xlsm
SOURCE_SHA256: A039C71298A8165DA20384B942C422A267D044AA28F292E5F54FAACF02DD26D0
FIXTURE: C:\Users\avidzba\AppData\Local\Temp\RC_NDM_ModeSuite_c7c7207bd30f49879463e8a7bffaba31\RC_Section_NDM.xlsm
GLOBAL_MODE: General.DiagramExtension=No; explicit-On tests retain their setup
FAIL: audit03.linear.diagonal.1E+110.-1.noRuntimeError
FAIL: audit03.linear.diagonal.1E+110.-1.solved
FAIL: audit03.linear.permuted.1E+110.-1.noRuntimeError
FAIL: audit03.linear.permuted.1E+110.-1.solved
FAIL: audit03.linear.diagonal.1E+110.1.noRuntimeError
FAIL: audit03.linear.diagonal.1E+110.1.solved
FAIL: audit03.linear.permuted.1E+110.1.noRuntimeError
FAIL: audit03.linear.permuted.1E+110.1.solved
FAIL: audit03.linear.diagonal.1E+200.-1.noRuntimeError
FAIL: audit03.linear.diagonal.1E+200.-1.solved
FAIL: audit03.linear.permuted.1E+200.-1.noRuntimeError
FAIL: audit03.linear.permuted.1E+200.-1.solved
FAIL: audit03.linear.diagonal.1E+200.1.noRuntimeError
FAIL: audit03.linear.diagonal.1E+200.1.solved
FAIL: audit03.linear.permuted.1E+200.1.noRuntimeError
FAIL: audit03.linear.permuted.1E+200.1.solved
FAIL: audit03.linear.diagonal.1E+307.-1.noRuntimeError
FAIL: audit03.linear.diagonal.1E+307.-1.solved
FAIL: audit03.linear.permuted.1E+307.-1.noRuntimeError
FAIL: audit03.linear.permuted.1E+307.-1.solved
FAIL: audit03.linear.diagonal.1E+307.1.noRuntimeError
FAIL: audit03.linear.diagonal.1E+307.1.solved
FAIL: audit03.linear.permuted.1E+307.1.noRuntimeError
FAIL: audit03.linear.permuted.1E+307.1.solved
FAIL: audit03.linear.diagonal.1E+308.-1.noRuntimeError
FAIL: audit03.linear.diagonal.1E+308.-1.solved
FAIL: audit03.linear.permuted.1E+308.-1.noRuntimeError
FAIL: audit03.linear.permuted.1E+308.-1.solved
FAIL: audit03.linear.diagonal.1E+308.1.noRuntimeError
FAIL: audit03.linear.diagonal.1E+308.1.solved
FAIL: audit03.linear.permuted.1E+308.1.noRuntimeError
FAIL: audit03.linear.permuted.1E+308.1.solved
FAIL: audit03.linear.rhsNorm.-1.noRuntimeError
FAIL: audit03.linear.rhsNorm.-1.solved
FAIL: audit03.linear.rhsNorm.1.noRuntimeError
FAIL: audit03.linear.rhsNorm.1.solved
FAIL: audit03.linear.unrepresentable.noRuntimeError
FAIL: audit03.linear.unrepresentable.reason
FAIL: audit03.linear.elimination.noRuntimeError
FAIL: audit03.linear.elimination.reason
TOTAL_AUDIT03_EXTREME_LINEAR: passed=10; failed=40
MODE_AFTER_SUITE: No
SOURCE_UNCHANGED: True
