SOURCE: C:\Users\avidzba\Desktop\программы\В_РАБОТЕ!\RC_Section_NDM\docs\regression\Audit03\RC_Section_NDM_multi_area_negative_v241.xlsm
SOURCE_SHA256: CD50F021CD8FE51B81CF4DE1CDD1926E8B69B4F2E4BAB016A729E76DB21C9327
FIXTURE: C:\Users\avidzba\AppData\Local\Temp\RC_NDM_ModeSuite_e69d3d0838e64c28ab7d17ad2ba4fbe4\RC_Section_NDM.xlsm
GLOBAL_MODE: General.DiagramExtension=No; explicit-On tests retain their setup
===== modTestConfiguration.RunAudit03MultiAreaInputTests =====
SUITE_STARTED: modTestConfiguration.RunAudit03MultiAreaInputTests; 2026-10-04T15:17:06
EXCEL_AFTER_SUITE: pid=12824; workingSet=140804096; privateBytes=107212800; cpu=2.578125
EXCEL_AFTER_SUITE: pid=23476; workingSet=216371200; privateBytes=167772160; cpu=17005.984375
MULTI_AREA_SETUP: copy rngUnitSettings
MULTI_AREA_SETUP: copy rngSignConventionSettings
MULTI_AREA_SETUP: copy rngConcreteMaterialParameters
MULTI_AREA_SETUP: copy rngSteelMaterialParameters
MULTI_AREA_SETUP: copy rngSystemSettings
MULTI_AREA_SETUP: copy rngPlotAnnotationSettings
MULTI_AREA_SETUP: union rngUnitSettings|$A$5:$D$11|$DA$1200:$DD$1201
MULTI_AREA_SETUP: resolve =InputConfig!$A$5:$D$11,InputConfig!$DA$1200:$DD$1201
FAIL: audit03.multiArea.runtime.1004.Application-defined or object-defined error
TOTAL_AUDIT03_MULTI_AREA_INPUT: passed=0; failed=1

COM_WORKBOOK_AFTER_SUITE: path=C:\Users\avidzba\AppData\Local\Temp\RC_NDM_ModeSuite_e69d3d0838e64c28ab7d17ad2ba4fbe4\RC_Section_NDM.xlsm; readOnly=True; sameProxy=True
MODE_AFTER_SUITE: No
SUITE_FINISHED: modTestConfiguration.RunAudit03MultiAreaInputTests; 2026-10-04T15:17:07
SOURCE_UNCHANGED: True
WATCHDOG_COMPLETED: exit=1; source unchanged=True
