SOURCE: C:\Users\avidzba\Desktop\Ø‡Æ£‡†¨¨Î\Ç_êÄÅéíÖ!\RC_Section_NDM\docs\regression\Audit03\RC_Section_NDM_multi_area_negative_v246.xlsm
SOURCE_SHA256: 02FE6D174C030658E6B0491FAB008C4DEB19AE65981566FBDFEC84943A335782
FIXTURE: C:\Users\avidzba\AppData\Local\Temp\RC_NDM_ModeSuite_3fb844509ca44c9b94af4033d23cd29e\RC_Section_NDM.xlsm
GLOBAL_MODE: General.DiagramExtension=No; explicit-On tests retain their setup
FAIL: audit03.multiArea.p0.rngUnitSettings.range.typed
FAIL: audit03.multiArea.p0.rngUnitSettings.range.address
FAIL: audit03.multiArea.p0.rngUnitSettings.range.reason
FAIL: audit03.multiArea.p0.rngUnitSettings.range.action
FAIL: audit03.multiArea.p1.rngUnitSettings.range.typed
FAIL: audit03.multiArea.p1.rngUnitSettings.range.address
FAIL: audit03.multiArea.p1.rngUnitSettings.range.reason
FAIL: audit03.multiArea.p1.rngUnitSettings.range.action
FAIL: audit03.multiArea.p0.rngSignConventionSettings.range.typed
FAIL: audit03.multiArea.p0.rngSignConventionSettings.range.address
FAIL: audit03.multiArea.p0.rngSignConventionSettings.range.reason
FAIL: audit03.multiArea.p0.rngSignConventionSettings.range.action
FAIL: audit03.multiArea.p1.rngSignConventionSettings.range.typed
FAIL: audit03.multiArea.p1.rngSignConventionSettings.range.address
FAIL: audit03.multiArea.p1.rngSignConventionSettings.range.reason
FAIL: audit03.multiArea.p1.rngSignConventionSettings.range.action
FAIL: audit03.multiArea.p0.rngConcreteMaterialParameters.named.typed
FAIL: audit03.multiArea.p0.rngConcreteMaterialParameters.named.name
FAIL: audit03.multiArea.p0.rngConcreteMaterialParameters.named.reason
FAIL: audit03.multiArea.p0.rngConcreteMaterialParameters.named.action
FAIL: audit03.multiArea.p0.rngConcreteMaterialParameters.range.typed
FAIL: audit03.multiArea.p0.rngConcreteMaterialParameters.range.address
FAIL: audit03.multiArea.p0.rngConcreteMaterialParameters.range.reason
FAIL: audit03.multiArea.p0.rngConcreteMaterialParameters.range.action
FAIL: audit03.multiArea.p1.rngConcreteMaterialParameters.named.typed
FAIL: audit03.multiArea.p1.rngConcreteMaterialParameters.named.name
FAIL: audit03.multiArea.p1.rngConcreteMaterialParameters.named.reason
FAIL: audit03.multiArea.p1.rngConcreteMaterialParameters.named.action
FAIL: audit03.multiArea.p1.rngConcreteMaterialParameters.range.typed
FAIL: audit03.multiArea.p1.rngConcreteMaterialParameters.range.address
FAIL: audit03.multiArea.p1.rngConcreteMaterialParameters.range.reason
FAIL: audit03.multiArea.p1.rngConcreteMaterialParameters.range.action
FAIL: audit03.multiArea.p0.rngSteelMaterialParameters.named.typed
FAIL: audit03.multiArea.p0.rngSteelMaterialParameters.named.name
FAIL: audit03.multiArea.p0.rngSteelMaterialParameters.named.reason
FAIL: audit03.multiArea.p0.rngSteelMaterialParameters.named.action
FAIL: audit03.multiArea.p0.rngSteelMaterialParameters.range.typed
FAIL: audit03.multiArea.p0.rngSteelMaterialParameters.range.address
FAIL: audit03.multiArea.p0.rngSteelMaterialParameters.range.reason
FAIL: audit03.multiArea.p0.rngSteelMaterialParameters.range.action
FAIL: audit03.multiArea.p1.rngSteelMaterialParameters.named.typed
FAIL: audit03.multiArea.p1.rngSteelMaterialParameters.named.name
FAIL: audit03.multiArea.p1.rngSteelMaterialParameters.named.reason
FAIL: audit03.multiArea.p1.rngSteelMaterialParameters.named.action
FAIL: audit03.multiArea.p1.rngSteelMaterialParameters.range.typed
FAIL: audit03.multiArea.p1.rngSteelMaterialParameters.range.address
FAIL: audit03.multiArea.p1.rngSteelMaterialParameters.range.reason
FAIL: audit03.multiArea.p1.rngSteelMaterialParameters.range.action
FAIL: audit03.multiArea.p0.rngSystemSettings.range.typed
FAIL: audit03.multiArea.p0.rngSystemSettings.range.address
FAIL: audit03.multiArea.p0.rngSystemSettings.range.reason
FAIL: audit03.multiArea.p0.rngSystemSettings.range.action
FAIL: audit03.multiArea.p1.rngSystemSettings.range.typed
FAIL: audit03.multiArea.p1.rngSystemSettings.range.address
FAIL: audit03.multiArea.p1.rngSystemSettings.range.reason
FAIL: audit03.multiArea.p1.rngSystemSettings.range.action
FAIL: audit03.multiArea.p0.rngPlotAnnotationSettings.range.typed
FAIL: audit03.multiArea.p0.rngPlotAnnotationSettings.range.address
FAIL: audit03.multiArea.p0.rngPlotAnnotationSettings.range.reason
FAIL: audit03.multiArea.p0.rngPlotAnnotationSettings.range.action
FAIL: audit03.multiArea.p1.rngPlotAnnotationSettings.range.typed
FAIL: audit03.multiArea.p1.rngPlotAnnotationSettings.range.address
FAIL: audit03.multiArea.p1.rngPlotAnnotationSettings.range.reason
FAIL: audit03.multiArea.p1.rngPlotAnnotationSettings.range.action
TOTAL_AUDIT03_MULTI_AREA_INPUT: passed=93; failed=64
MODE_AFTER_SUITE: No
SOURCE_UNCHANGED: True
