SOURCE: C:\Users\avidzba\Desktop\Ø‡Æ£‡†¨¨Î\Ç_êÄÅéíÖ!\RC_Section_NDM\docs\regression\Audit03\RC_Section_NDM_multiplier_typed_negative_v180.xlsm
SOURCE_SHA256: FAA17EDD0338274FC14142025A2072D7F8FF7197D6D022FF27F0037830A8A36B
FIXTURE: C:\Users\avidzba\AppData\Local\Temp\RC_NDM_ModeSuite_6edebfdd6da945a5bd056209d3ee258b\RC_Section_NDM.xlsm
GLOBAL_MODE: General.DiagramExtension=No; explicit-On tests retain their setup
FAIL: audit03.multiplierTyped.2.Bisection.1.noUnhandled
FAIL: audit03.multiplierTyped.2.Bisection.1.resultExists
FAIL: audit03.multiplierTyped.2.Bisection.2.status
FAIL: audit03.multiplierTyped.2.Bisection.2.code
FAIL: audit03.multiplierTyped.2.Bisection.2.display
FAIL: audit03.multiplierTyped.2.Bisection.2.typedCause
FAIL: audit03.multiplierTyped.2.Bisection.2.comment
FAIL: audit03.multiplierTyped.2.Bisection.2.noTerminalFallback
FAIL: audit03.multiplierTyped.2.Bisection.3.typedCause
FAIL: audit03.multiplierTyped.2.Bisection.3.comment
FAIL: audit03.multiplierTyped.2.Bisection.4.calculated
FAIL: audit03.multiplierTyped.2.Bisection.4.noTerminalFallback
FAIL: audit03.multiplierTyped.2.Bisection.5.calculated
FAIL: audit03.multiplierTyped.2.Bisection.5.noTerminalFallback
FAIL: audit03.multiplierTyped.2.Bisection.6.noTerminalFallback
FAIL: audit03.multiplierTyped.2.Bisection.7.calculated
FAIL: audit03.multiplierTyped.2.Bisection.7.noTerminalFallback
FAIL: audit03.multiplierTyped.2.Bisection.8.noUnhandled
FAIL: audit03.multiplierTyped.2.Bisection.8.resultExists
FAIL: audit03.multiplierTyped.2.Bisection.9.calculated
FAIL: audit03.multiplierTyped.2.Bisection.9.noTerminalFallback
FAIL: audit03.multiplierTyped.2.Bisection.10.noUnhandled
FAIL: audit03.multiplierTyped.2.Bisection.10.resultExists
FAIL: audit03.multiplierTyped.2.Bisection.11.calculated
FAIL: audit03.multiplierTyped.2.Bisection.11.noTerminalFallback
FAIL: audit03.multiplierTyped.2.Bisection.12.calculated
FAIL: audit03.multiplierTyped.2.Bisection.12.noTerminalFallback
FAIL: audit03.multiplierTyped.2.Bisection.13.noUnhandled
FAIL: audit03.multiplierTyped.2.Bisection.13.resultExists
FAIL: audit03.multiplierTyped.2.Bisection.14.noUnhandled
FAIL: audit03.multiplierTyped.2.Bisection.14.resultExists
FAIL: audit03.multiplierTyped.2.Bisection.15.noUnhandled
FAIL: audit03.multiplierTyped.2.Bisection.15.resultExists
FAIL: audit03.multiplierTyped.2.Bisection.16.noUnhandled
FAIL: audit03.multiplierTyped.2.Bisection.16.resultExists
FAIL: audit03.multiplierTyped.2.Brent.1.noUnhandled
FAIL: audit03.multiplierTyped.2.Brent.1.resultExists
FAIL: audit03.multiplierTyped.2.Brent.2.status
FAIL: audit03.multiplierTyped.2.Brent.2.code
FAIL: audit03.multiplierTyped.2.Brent.2.display
FAIL: audit03.multiplierTyped.2.Brent.2.typedCause
FAIL: audit03.multiplierTyped.2.Brent.2.comment
FAIL: audit03.multiplierTyped.2.Brent.2.noTerminalFallback
FAIL: audit03.multiplierTyped.2.Brent.3.typedCause
FAIL: audit03.multiplierTyped.2.Brent.3.comment
FAIL: audit03.multiplierTyped.2.Brent.4.calculated
FAIL: audit03.multiplierTyped.2.Brent.4.noTerminalFallback
FAIL: audit03.multiplierTyped.2.Brent.5.calculated
FAIL: audit03.multiplierTyped.2.Brent.5.noTerminalFallback
FAIL: audit03.multiplierTyped.2.Brent.6.noTerminalFallback
FAIL: audit03.multiplierTyped.2.Brent.7.calculated
FAIL: audit03.multiplierTyped.2.Brent.7.noTerminalFallback
FAIL: audit03.multiplierTyped.2.Brent.8.noUnhandled
FAIL: audit03.multiplierTyped.2.Brent.8.resultExists
FAIL: audit03.multiplierTyped.2.Brent.9.calculated
FAIL: audit03.multiplierTyped.2.Brent.9.noTerminalFallback
FAIL: audit03.multiplierTyped.2.Brent.10.noUnhandled
FAIL: audit03.multiplierTyped.2.Brent.10.resultExists
FAIL: audit03.multiplierTyped.2.Brent.11.calculated
FAIL: audit03.multiplierTyped.2.Brent.11.noTerminalFallback
FAIL: audit03.multiplierTyped.2.Brent.12.calculated
FAIL: audit03.multiplierTyped.2.Brent.12.noTerminalFallback
FAIL: audit03.multiplierTyped.2.Brent.13.noUnhandled
FAIL: audit03.multiplierTyped.2.Brent.13.resultExists
FAIL: audit03.multiplierTyped.2.Brent.14.noUnhandled
FAIL: audit03.multiplierTyped.2.Brent.14.resultExists
FAIL: audit03.multiplierTyped.2.Brent.15.noUnhandled
FAIL: audit03.multiplierTyped.2.Brent.15.resultExists
FAIL: audit03.multiplierTyped.2.Brent.16.noUnhandled
FAIL: audit03.multiplierTyped.2.Brent.16.resultExists
FAIL: audit03.multiplierTyped.2.Secant.1.noUnhandled
FAIL: audit03.multiplierTyped.2.Secant.1.resultExists
FAIL: audit03.multiplierTyped.2.Secant.2.status
FAIL: audit03.multiplierTyped.2.Secant.2.code
FAIL: audit03.multiplierTyped.2.Secant.2.display
FAIL: audit03.multiplierTyped.2.Secant.2.typedCause
FAIL: audit03.multiplierTyped.2.Secant.2.comment
FAIL: audit03.multiplierTyped.2.Secant.2.noTerminalFallback
FAIL: audit03.multiplierTyped.2.Secant.3.typedCause
FAIL: audit03.multiplierTyped.2.Secant.3.comment
FAIL: audit03.multiplierTyped.2.Secant.4.calculated
FAIL: audit03.multiplierTyped.2.Secant.4.noTerminalFallback
FAIL: audit03.multiplierTyped.2.Secant.5.calculated
FAIL: audit03.multiplierTyped.2.Secant.5.noTerminalFallback
FAIL: audit03.multiplierTyped.2.Secant.6.noTerminalFallback
FAIL: audit03.multiplierTyped.2.Secant.7.calculated
FAIL: audit03.multiplierTyped.2.Secant.7.noTerminalFallback
FAIL: audit03.multiplierTyped.2.Secant.8.noUnhandled
FAIL: audit03.multiplierTyped.2.Secant.8.resultExists
FAIL: audit03.multiplierTyped.2.Secant.9.calculated
FAIL: audit03.multiplierTyped.2.Secant.9.noTerminalFallback
FAIL: audit03.multiplierTyped.2.Secant.10.noUnhandled
FAIL: audit03.multiplierTyped.2.Secant.10.resultExists
FAIL: audit03.multiplierTyped.2.Secant.11.calculated
FAIL: audit03.multiplierTyped.2.Secant.11.noTerminalFallback
FAIL: audit03.multiplierTyped.2.Secant.12.calculated
FAIL: audit03.multiplierTyped.2.Secant.12.noTerminalFallback
FAIL: audit03.multiplierTyped.2.Secant.13.noUnhandled
FAIL: audit03.multiplierTyped.2.Secant.13.resultExists
FAIL: audit03.multiplierTyped.2.Secant.14.noUnhandled
FAIL: audit03.multiplierTyped.2.Secant.14.resultExists
FAIL: audit03.multiplierTyped.2.Secant.15.noUnhandled
FAIL: audit03.multiplierTyped.2.Secant.15.resultExists
FAIL: audit03.multiplierTyped.2.Secant.16.noUnhandled
FAIL: audit03.multiplierTyped.2.Secant.16.resultExists
FAIL: audit03.multiplierTyped.3.Bisection.1.noUnhandled
FAIL: audit03.multiplierTyped.3.Bisection.1.resultExists
FAIL: audit03.multiplierTyped.3.Bisection.2.status
FAIL: audit03.multiplierTyped.3.Bisection.2.code
FAIL: audit03.multiplierTyped.3.Bisection.2.display
FAIL: audit03.multiplierTyped.3.Bisection.2.typedCause
FAIL: audit03.multiplierTyped.3.Bisection.2.comment
FAIL: audit03.multiplierTyped.3.Bisection.2.noTerminalFallback
FAIL: audit03.multiplierTyped.3.Bisection.3.typedCause
FAIL: audit03.multiplierTyped.3.Bisection.3.comment
FAIL: audit03.multiplierTyped.3.Bisection.4.calculated
FAIL: audit03.multiplierTyped.3.Bisection.4.noTerminalFallback
FAIL: audit03.multiplierTyped.3.Bisection.5.calculated
FAIL: audit03.multiplierTyped.3.Bisection.5.noTerminalFallback
FAIL: audit03.multiplierTyped.3.Bisection.6.noTerminalFallback
FAIL: audit03.multiplierTyped.3.Bisection.7.calculated
FAIL: audit03.multiplierTyped.3.Bisection.7.noTerminalFallback
FAIL: audit03.multiplierTyped.3.Bisection.8.noUnhandled
FAIL: audit03.multiplierTyped.3.Bisection.8.resultExists
FAIL: audit03.multiplierTyped.3.Bisection.9.calculated
FAIL: audit03.multiplierTyped.3.Bisection.9.noTerminalFallback
FAIL: audit03.multiplierTyped.3.Bisection.10.noUnhandled
FAIL: audit03.multiplierTyped.3.Bisection.10.resultExists
FAIL: audit03.multiplierTyped.3.Bisection.11.calculated
FAIL: audit03.multiplierTyped.3.Bisection.11.noTerminalFallback
FAIL: audit03.multiplierTyped.3.Bisection.12.calculated
FAIL: audit03.multiplierTyped.3.Bisection.12.noTerminalFallback
FAIL: audit03.multiplierTyped.3.Bisection.13.noUnhandled
FAIL: audit03.multiplierTyped.3.Bisection.13.resultExists
FAIL: audit03.multiplierTyped.3.Bisection.14.noUnhandled
FAIL: audit03.multiplierTyped.3.Bisection.14.resultExists
FAIL: audit03.multiplierTyped.3.Bisection.15.noUnhandled
FAIL: audit03.multiplierTyped.3.Bisection.15.resultExists
FAIL: audit03.multiplierTyped.3.Bisection.16.noUnhandled
FAIL: audit03.multiplierTyped.3.Bisection.16.resultExists
FAIL: audit03.multiplierTyped.3.Brent.1.noUnhandled
FAIL: audit03.multiplierTyped.3.Brent.1.resultExists
FAIL: audit03.multiplierTyped.3.Brent.2.status
FAIL: audit03.multiplierTyped.3.Brent.2.code
FAIL: audit03.multiplierTyped.3.Brent.2.display
FAIL: audit03.multiplierTyped.3.Brent.2.typedCause
FAIL: audit03.multiplierTyped.3.Brent.2.comment
FAIL: audit03.multiplierTyped.3.Brent.2.noTerminalFallback
FAIL: audit03.multiplierTyped.3.Brent.3.typedCause
FAIL: audit03.multiplierTyped.3.Brent.3.comment
FAIL: audit03.multiplierTyped.3.Brent.4.calculated
FAIL: audit03.multiplierTyped.3.Brent.4.noTerminalFallback
FAIL: audit03.multiplierTyped.3.Brent.5.calculated
FAIL: audit03.multiplierTyped.3.Brent.5.noTerminalFallback
FAIL: audit03.multiplierTyped.3.Brent.6.noTerminalFallback
FAIL: audit03.multiplierTyped.3.Brent.7.calculated
FAIL: audit03.multiplierTyped.3.Brent.7.noTerminalFallback
FAIL: audit03.multiplierTyped.3.Brent.8.noUnhandled
FAIL: audit03.multiplierTyped.3.Brent.8.resultExists
FAIL: audit03.multiplierTyped.3.Brent.9.calculated
FAIL: audit03.multiplierTyped.3.Brent.9.noTerminalFallback
FAIL: audit03.multiplierTyped.3.Brent.10.noUnhandled
FAIL: audit03.multiplierTyped.3.Brent.10.resultExists
FAIL: audit03.multiplierTyped.3.Brent.11.calculated
FAIL: audit03.multiplierTyped.3.Brent.11.noTerminalFallback
FAIL: audit03.multiplierTyped.3.Brent.12.calculated
FAIL: audit03.multiplierTyped.3.Brent.12.noTerminalFallback
FAIL: audit03.multiplierTyped.3.Brent.13.noUnhandled
FAIL: audit03.multiplierTyped.3.Brent.13.resultExists
FAIL: audit03.multiplierTyped.3.Brent.14.noUnhandled
FAIL: audit03.multiplierTyped.3.Brent.14.resultExists
FAIL: audit03.multiplierTyped.3.Brent.15.noUnhandled
FAIL: audit03.multiplierTyped.3.Brent.15.resultExists
FAIL: audit03.multiplierTyped.3.Brent.16.noUnhandled
FAIL: audit03.multiplierTyped.3.Brent.16.resultExists
FAIL: audit03.multiplierTyped.3.Secant.1.noUnhandled
FAIL: audit03.multiplierTyped.3.Secant.1.resultExists
FAIL: audit03.multiplierTyped.3.Secant.2.status
FAIL: audit03.multiplierTyped.3.Secant.2.code
FAIL: audit03.multiplierTyped.3.Secant.2.display
FAIL: audit03.multiplierTyped.3.Secant.2.typedCause
FAIL: audit03.multiplierTyped.3.Secant.2.comment
FAIL: audit03.multiplierTyped.3.Secant.2.noTerminalFallback
FAIL: audit03.multiplierTyped.3.Secant.3.typedCause
FAIL: audit03.multiplierTyped.3.Secant.3.comment
FAIL: audit03.multiplierTyped.3.Secant.4.calculated
FAIL: audit03.multiplierTyped.3.Secant.4.noTerminalFallback
FAIL: audit03.multiplierTyped.3.Secant.5.calculated
FAIL: audit03.multiplierTyped.3.Secant.5.noTerminalFallback
FAIL: audit03.multiplierTyped.3.Secant.6.noTerminalFallback
FAIL: audit03.multiplierTyped.3.Secant.7.calculated
FAIL: audit03.multiplierTyped.3.Secant.7.noTerminalFallback
FAIL: audit03.multiplierTyped.3.Secant.8.noUnhandled
FAIL: audit03.multiplierTyped.3.Secant.8.resultExists
FAIL: audit03.multiplierTyped.3.Secant.9.calculated
FAIL: audit03.multiplierTyped.3.Secant.9.noTerminalFallback
FAIL: audit03.multiplierTyped.3.Secant.10.noUnhandled
FAIL: audit03.multiplierTyped.3.Secant.10.resultExists
FAIL: audit03.multiplierTyped.3.Secant.11.calculated
FAIL: audit03.multiplierTyped.3.Secant.11.noTerminalFallback
FAIL: audit03.multiplierTyped.3.Secant.12.calculated
FAIL: audit03.multiplierTyped.3.Secant.12.noTerminalFallback
FAIL: audit03.multiplierTyped.3.Secant.13.noUnhandled
FAIL: audit03.multiplierTyped.3.Secant.13.resultExists
FAIL: audit03.multiplierTyped.3.Secant.14.noUnhandled
FAIL: audit03.multiplierTyped.3.Secant.14.resultExists
FAIL: audit03.multiplierTyped.3.Secant.15.noUnhandled
FAIL: audit03.multiplierTyped.3.Secant.15.resultExists
FAIL: audit03.multiplierTyped.3.Secant.16.noUnhandled
FAIL: audit03.multiplierTyped.3.Secant.16.resultExists
TOTAL_AUDIT03_MULTIPLIER_TYPED: passed=822; failed=210
MODE_AFTER_SUITE: No
SOURCE_UNCHANGED: True
