SOURCE: C:\Users\avidzba\Desktop\Ø‡Æ£‡†¨¨Î\Ç_êÄÅéíÖ!\RC_Section_NDM\docs\regression\Audit03\RC_Section_NDM_search_reason_negative_v311.xlsm
SOURCE_SHA256: 1500C23353698C92F3ACE1AA5D95AED005506F9A111BFAB4D145429AD8C41645
FIXTURE: C:\Users\avidzba\AppData\Local\Temp\RC_NDM_ModeSuite_3d0cb87daeb64dfbb142c1f5d9bcfac3\RC_Section_NDM.xlsm
GLOBAL_MODE: General.DiagramExtension=No; explicit-On tests retain their setup
FAIL: audit03.multiplierTyped.2.Bisection.1.exactCallbackReason
FAIL: audit03.multiplierTyped.2.Bisection.2.exactCallbackReason
FAIL: audit03.multiplierTyped.2.Bisection.3.exactCallbackReason
FAIL: audit03.multiplierTyped.2.Bisection.13.exactCallbackReason
FAIL: audit03.multiplierTyped.2.Bisection.14.exactCallbackReason
FAIL: audit03.multiplierTyped.2.Bisection.16.exactCallbackReason
FAIL: audit03.multiplierTyped.2.Brent.1.exactCallbackReason
FAIL: audit03.multiplierTyped.2.Brent.2.exactCallbackReason
FAIL: audit03.multiplierTyped.2.Brent.3.exactCallbackReason
FAIL: audit03.multiplierTyped.2.Brent.13.exactCallbackReason
FAIL: audit03.multiplierTyped.2.Brent.14.exactCallbackReason
FAIL: audit03.multiplierTyped.2.Brent.16.exactCallbackReason
FAIL: audit03.multiplierTyped.2.Secant.1.exactCallbackReason
FAIL: audit03.multiplierTyped.2.Secant.2.exactCallbackReason
FAIL: audit03.multiplierTyped.2.Secant.3.exactCallbackReason
FAIL: audit03.multiplierTyped.2.Secant.13.exactCallbackReason
FAIL: audit03.multiplierTyped.2.Secant.14.exactCallbackReason
FAIL: audit03.multiplierTyped.2.Secant.16.exactCallbackReason
FAIL: audit03.multiplierTyped.3.Bisection.1.exactCallbackReason
FAIL: audit03.multiplierTyped.3.Bisection.2.exactCallbackReason
FAIL: audit03.multiplierTyped.3.Bisection.3.exactCallbackReason
FAIL: audit03.multiplierTyped.3.Bisection.13.exactCallbackReason
FAIL: audit03.multiplierTyped.3.Bisection.14.exactCallbackReason
FAIL: audit03.multiplierTyped.3.Bisection.16.exactCallbackReason
FAIL: audit03.multiplierTyped.3.Brent.1.exactCallbackReason
FAIL: audit03.multiplierTyped.3.Brent.2.exactCallbackReason
FAIL: audit03.multiplierTyped.3.Brent.3.exactCallbackReason
FAIL: audit03.multiplierTyped.3.Brent.13.exactCallbackReason
FAIL: audit03.multiplierTyped.3.Brent.14.exactCallbackReason
FAIL: audit03.multiplierTyped.3.Brent.16.exactCallbackReason
FAIL: audit03.multiplierTyped.3.Secant.1.exactCallbackReason
FAIL: audit03.multiplierTyped.3.Secant.2.exactCallbackReason
FAIL: audit03.multiplierTyped.3.Secant.3.exactCallbackReason
FAIL: audit03.multiplierTyped.3.Secant.13.exactCallbackReason
FAIL: audit03.multiplierTyped.3.Secant.14.exactCallbackReason
FAIL: audit03.multiplierTyped.3.Secant.16.exactCallbackReason
TOTAL_AUDIT03_MULTIPLIER_TYPED: passed=1362; failed=36
MODE_AFTER_SUITE: No
SOURCE_UNCHANGED: True
