SOURCE: C:\Users\avidzba\Desktop\программы\В_РАБОТЕ!\RC_Section_NDM\docs\regression\Audit03\RC_Section_NDM_multi_area_negative_v244.xlsm
SOURCE_SHA256: D79961562BB72AA4C721EB0634DD254885D157C782D396F8618CF070CAFF3519
FIXTURE: C:\Users\avidzba\AppData\Local\Temp\RC_NDM_ModeSuite_1e4af79cbad04f7293694965d16eaac9\RC_Section_NDM.xlsm
GLOBAL_MODE: General.DiagramExtension=No; explicit-On tests retain their setup
===== modTestConfiguration.RunAudit03MultiAreaInputTests =====
SUITE_STARTED: modTestConfiguration.RunAudit03MultiAreaInputTests; 2026-10-04T15:21:58
EXCEL_AFTER_SUITE: pid=14064; workingSet=139046912; privateBytes=116219904; cpu=2.59375
EXCEL_AFTER_SUITE: pid=23476; workingSet=216379392; privateBytes=167780352; cpu=17006.46875
MULTI_AREA_SETUP: copy rngUnitSettings
MULTI_AREA_SETUP: copy rngSignConventionSettings
MULTI_AREA_SETUP: copy rngConcreteMaterialParameters
MULTI_AREA_SETUP: copy rngSteelMaterialParameters
MULTI_AREA_SETUP: copy rngSystemSettings
MULTI_AREA_SETUP: copy rngPlotAnnotationSettings
MULTI_AREA_SETUP: union rngUnitSettings|$A$5:$D$11|$DA$1200:$DD$1201
FAIL: audit03.multiArea.runtime.1004.В формуле, которую вы ввели, обнаружена ошибка. 

•Убедитесь, что формула содержит все необходимые круглые скобки и аргументы.
• Проверьте правильность ссылки на другой лист или книгу. 
• Не используйте вне формул знак равенства (=) или минус (-) в начале текста. 
TOTAL_AUDIT03_MULTI_AREA_INPUT: passed=0; failed=1

COM_WORKBOOK_AFTER_SUITE: path=C:\Users\avidzba\AppData\Local\Temp\RC_NDM_ModeSuite_1e4af79cbad04f7293694965d16eaac9\RC_Section_NDM.xlsm; readOnly=True; sameProxy=True
MODE_AFTER_SUITE: No
SUITE_FINISHED: modTestConfiguration.RunAudit03MultiAreaInputTests; 2026-10-04T15:21:59
SOURCE_UNCHANGED: True
WATCHDOG_COMPLETED: exit=1; source unchanged=True
