HELP|inputsPreserved|passed=True|fields=760; before=8E8BF64A24A8D24A79523AD2E8273CA6C13631DD65F4B722A181B0BB2138D427; after=8E8BF64A24A8D24A79523AD2E8273CA6C13631DD65F4B722A181B0BB2138D427
HELP|statusDictionaryPresent|passed=True|row=674
HELP|status.OK|passed=True|Расчет этой проверки выполнен успешно. Для прямого НДС равновесие найдено внутри физической диаграммы материала; для прочности или трещин проверка прошла.
HELP|status.FAIL|passed=True|Численное решение есть, но инженерная проверка не проходит: превышена несущая способность, ширина нормальной трещины больше допуска, sigma_c,max больше Rb,mc2 по продольным трещинам или прямое НДС найдено только за пределами физической диаграммы.
HELP|status.BaseFail|passed=True|Постоянная часть выбранного пути уже не проходит физический критерий при λ = 0; либо для фиксированного пути доказана недостижимость нужного критерия. Физический отказ подтвержден; это не просто несходимость решателя. Для трещинообразования причина поясняется отдельно, а при допустимом текущем НДС ширина продолжается с ψ_s = 1 и предупреждением.
HELP|status.NumFail|passed=True|Программа не смогла найти равновесие или предельную точку с текущими численными настройками. Это не доказательство разрушения; нужно проверить диагностику, нагрузку, сетку и параметры расчета.
HELP|status.InputErr|passed=True|Результат не получен из-за ошибки исходных данных или настройки: обязательная пустая ячейка, неизвестный вариант, недопустимая геометрия, материал, единицы или строка сочетания. Ошибка могла быть обнаружена до запуска либо при подготовке конкретной проверки; место и причина указаны в комментарии.
HELP|status.CalcErr|passed=True|Нарушен внутренний контракт расчета или произошла программная ошибка. Это не физический отказ и не обычная несходимость. Сохраните комментарий и txt-отчет для диагностики.
HELP|status.N/A|passed=True|Проверка не запрошена, неприменима либо не выполнена из-за отсутствия обязательного предыдущего результата. В последнем случае причина указана в комментарии, а фактический отказ остается в статусе соответствующего НДС или поиска и в общей сводке. N/A само по себе не означает успешную проверку.
HELP|baseFailIsPhysical|passed=True|lambda=0 requires physical evidence
HELP|notApplicableDependency|passed=True|Blocked dependency is not an OK check
HELP|extensionAllStates|passed=True|Global extension scope
HELP|extensionDoesNotChangePhysicalNodes|passed=True|Physical diagram preserved
HELP|profileBooleanInputContract|passed=True|Explicit invalid value is not No
HELP|subdivisionsInputContract|passed=True|Mesh setting has help
HELP|worstCriterionInputContract|passed=True|Invalid criterion cannot silently select another check
HELP|rectsetCommonSelectors|passed=True|One common selector, separate diameters
HELP|unitChoiceInputContract|passed=True|Explicit invalid units do not become defaults
HELP|autoCADExportAlwaysMillimetres|passed=True|AutoCAD export scale is fixed, not OUTPUT length
HELP|autoCADExportUnitsException|passed=True|Units help distinguishes geometry scale and result labels
HELP|autoCADImportAreaThresholdUnits|passed=True|User threshold is converted; drawing remains mm
HELP|autoCADImportGeometryUnitPowers|passed=True|Drawing geometry has fixed mm/mm2/mm4 dimensions
HELP|autoCADRegionImportContract|passed=True|Region data have fixed units, not automatic drawing scale discovery
HELP|autoCADImportAreaThresholdInputContract|passed=True|Missing/invalid threshold is not replaced with default
HELP|importedSnapshotUnitChanges|passed=True|Import and recalculation use their own recorded OUTPUT units
HELP|inputChangeDoesNotRescaleImportedGeometry|passed=True|Current input values and preserved imported geometry are distinct
HELP|signsDoNotFlipStressOrStrain|passed=True|Material tension/compression and strain plane keep internal signs
HELP|crackSettingsRequiredInput|passed=True|Crack Config invalid/missing values do not become defaults
HELP|crackInactiveUserCoefficientContract|passed=True|Inactive user coefficients remain valid editable inputs
HELP|mandatoryInputErrorNavigation|passed=True|Input diagnostics explain actual cell, missing row and damaged named table repair
HELP|circleActiveRebarInput|passed=True|Circle active cover and row position are required
HELP|inactiveGeometryFormulaErrors|passed=True|Inactive geometry formula error is not a failed active input
HELP|inactiveRebarFaceOffsets|passed=True|Rounded, Hollow and RectSet inactive face contracts are explicit
HELP|openingCoverStillRequired|passed=True|Opening cover retains a geometric consumer when its own row is disabled
HELP|notCrackedWidthIsNotComputedZero|passed=True|Uncomputed crack width is distinguished from a calculated zero
HELP|activeAnnotationInputContract|passed=True|Only active annotation parameters are required
HELP|annotationBlackRgbContract|passed=True|Zero is a real color; invalid RGB is not silently repaired
HELP|annotationVisualLimits|passed=True|Screen clamps are disclosed, not physical geometry
HELP|snapshotAnnotationInputContract|passed=True|Existing damaged snapshot requires repair, not a silent zero
HELP|snapshotGeometryNumbersContract|passed=True|Geometry restoration rejects corrupted numbers without losing source address
HELP|axisFontInputContract|passed=True|Active axis font is required; disabled font is not read
HELP|gradientDisabledStillUsesStateColor|passed=True|No gradient does not mean no material color
HELP|link.$E$5|passed=True|'Справка'!A906
HELP|link.$E$6|passed=True|'Справка'!A915
HELP|link.$E$7|passed=True|'Справка'!A922
HELP|link.$E$8|passed=True|'Справка'!A932
HELP|link.$E$9|passed=True|'Справка'!A943
HELP|link.$E$12|passed=True|'Справка'!A952
HELP|link.$E$13|passed=True|'Справка'!A961
HELP|link.$E$14|passed=True|'Справка'!A968
HELP|link.$E$15|passed=True|'Справка'!A978
HELP|link.$E$16|passed=True|'Справка'!A988
HELP|link.$E$17|passed=True|'Справка'!A997
HELP|link.$E$18|passed=True|'Справка'!A1006
HELP|link.$E$22|passed=True|'Справка'!A1015
HELP|link.$E$23|passed=True|'Справка'!A1024
HELP|link.$E$24|passed=True|'Справка'!A1031
HELP|link.$E$25|passed=True|'Справка'!A1037
HELP|link.$E$26|passed=True|'Справка'!A1046
HELP|link.$E$27|passed=True|'Справка'!A1055
HELP|link.$E$29|passed=True|'Справка'!A1064
HELP|link.$E$30|passed=True|'Справка'!A1070
HELP|link.$E$31|passed=True|'Справка'!A1077
HELP|link.$E$32|passed=True|'Справка'!A1084
HELP|link.$E$33|passed=True|'Справка'!A1091
HELP|link.$E$35|passed=True|'Справка'!A1099
HELP|link.$E$36|passed=True|'Справка'!A1105
HELP|link.$E$40|passed=True|'Справка'!A1112
HELP|link.$E$41|passed=True|'Справка'!A1131
HELP|link.$E$43|passed=True|'Справка'!A1139
HELP|link.$E$45|passed=True|'Справка'!A1149
HELP|link.$E$46|passed=True|'Справка'!A1156
HELP|link.$E$47|passed=True|'Справка'!A1167
HELP|link.$E$48|passed=True|'Справка'!A1174
HELP|link.$E$49|passed=True|'Справка'!A1181
HELP|link.$E$50|passed=True|'Справка'!A1191
HELP|link.$E$54|passed=True|'Справка'!A1201
HELP|link.$E$55|passed=True|'Справка'!A1208
HELP|link.$E$56|passed=True|'Справка'!A1215
HELP|link.$E$57|passed=True|'Справка'!A1223
HELP|link.$E$58|passed=True|'Справка'!A1231
HELP|link.$E$59|passed=True|'Справка'!A1238
HELP|link.$E$60|passed=True|'Справка'!A1246
HELP|link.$E$61|passed=True|'Справка'!A1254
HELP|link.$E$62|passed=True|'Справка'!A1261
HELP|link.$E$63|passed=True|'Справка'!A1270
HELP|link.$E$64|passed=True|'Справка'!A1279
HELP|link.$E$65|passed=True|'Справка'!A1285
HELP|link.$E$67|passed=True|'Справка'!A1295
HELP|link.$E$68|passed=True|'Справка'!A1303
HELP|link.$E$69|passed=True|'Справка'!A1311
HELP|link.$E$71|passed=True|'Справка'!A1319
HELP|link.$E$72|passed=True|'Справка'!A1326
HELP|link.$E$75|passed=True|'Справка'!A1333
HELP|link.$E$76|passed=True|'Справка'!A1343
HELP|link.$E$77|passed=True|'Справка'!A1352
HELP|link.$E$78|passed=True|'Справка'!A1365
HELP|link.$E$79|passed=True|'Справка'!A1375
HELP|link.$E$80|passed=True|'Справка'!A1383
HELP|link.$E$81|passed=True|'Справка'!A1391
HELP|link.$E$82|passed=True|'Справка'!A1399
HELP|link.$E$83|passed=True|'Справка'!A1406
HELP|link.$E$84|passed=True|'Справка'!A1426
HELP|link.$E$85|passed=True|'Справка'!A1435
HELP|link.$E$88|passed=True|'Справка'!A1443
HELP|link.$E$89|passed=True|'Справка'!A1451
HELP|link.$E$90|passed=True|'Справка'!A1457
HELP|link.$E$91|passed=True|'Справка'!A1464
HELP|link.$E$92|passed=True|'Справка'!A1470
HELP|link.$E$93|passed=True|'Справка'!A1478
HELP|link.$E$94|passed=True|'Справка'!A1484
HELP|link.$E$95|passed=True|'Справка'!A1490
HELP|link.$E$96|passed=True|'Справка'!A1496
HELP|link.$E$97|passed=True|'Справка'!A1503
HELP|link.$E$98|passed=True|'Справка'!A1509
HELP|link.$E$99|passed=True|'Справка'!A1515
HELP|link.$E$100|passed=True|'Справка'!A1521
HELP|link.$E$101|passed=True|'Справка'!A1527
HELP|link.$E$102|passed=True|'Справка'!A1531
HELP|link.$E$103|passed=True|'Справка'!A1535
HELP|link.$E$104|passed=True|'Справка'!A1539
HELP|link.$E$105|passed=True|'Справка'!A1543
HELP|link.$E$108|passed=True|'Справка'!A1547
HELP|link.$E$109|passed=True|'Справка'!A1560
HELP|link.$E$110|passed=True|'Справка'!A1567
HELP|link.$E$113|passed=True|'Справка'!A1576
HELP|link.$E$114|passed=True|'Справка'!A1582
HELP|link.$E$115|passed=True|'Справка'!A1590
HELP|link.$E$116|passed=True|'Справка'!A1597
HELP|link.$E$117|passed=True|'Справка'!A1603
HELP|link.$E$118|passed=True|'Справка'!A1610
HELP|link.$E$119|passed=True|'Справка'!A1617
HELP|link.$E$120|passed=True|'Справка'!A1624
HELP|link.$E$121|passed=True|'Справка'!A1632
HELP|link.$E$122|passed=True|'Справка'!A1639
HELP|link.$E$123|passed=True|'Справка'!A1645
HELP|link.$E$124|passed=True|'Справка'!A1651
HELP|link.$E$125|passed=True|'Справка'!A1657
HELP|link.$E$126|passed=True|'Справка'!A1664
HELP|link.$E$127|passed=True|'Справка'!A1670
HELP|link.$E$128|passed=True|'Справка'!A1677
HELP|link.$E$129|passed=True|'Справка'!A1684
HELP|link.$E$130|passed=True|'Справка'!A1691
HELP|link.$M$19|passed=True|'Справка'!A1837
HELP|link.$M$20|passed=True|'Справка'!A1843
HELP|link.$M$21|passed=True|'Справка'!A1849
HELP|link.$M$22|passed=True|'Справка'!A1856
HELP|link.$M$23|passed=True|'Справка'!A1864
HELP|link.$M$27|passed=True|'Справка'!A1776
HELP|link.$M$28|passed=True|'Справка'!A1784
HELP|link.$M$29|passed=True|'Справка'!A1793
HELP|link.$M$30|passed=True|'Справка'!A1803
HELP|link.$M$31|passed=True|'Справка'!A1810
HELP|link.$M$32|passed=True|'Справка'!A1819
HELP|link.$M$33|passed=True|'Справка'!A1828
HELP|link.$M$71|passed=True|'Справка'!A1698
HELP|link.$M$72|passed=True|'Справка'!A1703
HELP|link.$M$73|passed=True|'Справка'!A1708
HELP|link.$M$74|passed=True|'Справка'!A1717
HELP|link.$M$75|passed=True|'Справка'!A1722
HELP|link.$M$76|passed=True|'Справка'!A1727
HELP|link.$M$77|passed=True|'Справка'!A1732
HELP|link.$M$78|passed=True|'Справка'!A1741
HELP|link.$M$79|passed=True|'Справка'!A1749
HELP|link.$M$80|passed=True|'Справка'!A1756
HELP|link.$M$81|passed=True|'Справка'!A1761
HELP|link.$M$82|passed=True|'Справка'!A1766
HELP|link.$M$83|passed=True|'Справка'!A1771
HELP|link.$AI$1|passed=True|'Справка'!A818
HELP|link.$H$2|passed=True|'Справка'!A684
HELP|link.$O$2|passed=True|'Справка'!A713
HELP|link.$H$11|passed=True|'Справка'!A701
HELP|link.$H$17|passed=True|'Справка'!A781
HELP|link.$H$25|passed=True|'Справка'!A772
HELP|link.$H$35|passed=True|'Справка'!A790
HELP|link.$P$36|passed=True|'Справка'!A752
HELP|link.$AI$58|passed=True|'Справка'!A762
HELP|link.$H$69|passed=True|'Справка'!A824
HELP|link.$H$85|passed=True|'Справка'!A835
HELP|link.$H$97|passed=True|'Справка'!A874
HELP|link.$H$127|passed=True|'Справка'!A844
HELP|link.$H$152|passed=True|'Справка'!A856
HELP|directHelpLinksPresent|passed=True|count=140
ACTUAL_HELP: rows=2011; links=140; shapes=118
HELP|inputsSaveReopen|passed=True|before=8E8BF64A24A8D24A79523AD2E8273CA6C13631DD65F4B722A181B0BB2138D427; reopened=8E8BF64A24A8D24A79523AD2E8273CA6C13631DD65F4B722A181B0BB2138D427
HELP|statusDictionaryPresent|passed=True|row=674
HELP|status.OK|passed=True|Расчет этой проверки выполнен успешно. Для прямого НДС равновесие найдено внутри физической диаграммы материала; для прочности или трещин проверка прошла.
HELP|status.FAIL|passed=True|Численное решение есть, но инженерная проверка не проходит: превышена несущая способность, ширина нормальной трещины больше допуска, sigma_c,max больше Rb,mc2 по продольным трещинам или прямое НДС найдено только за пределами физической диаграммы.
HELP|status.BaseFail|passed=True|Постоянная часть выбранного пути уже не проходит физический критерий при λ = 0; либо для фиксированного пути доказана недостижимость нужного критерия. Физический отказ подтвержден; это не просто несходимость решателя. Для трещинообразования причина поясняется отдельно, а при допустимом текущем НДС ширина продолжается с ψ_s = 1 и предупреждением.
HELP|status.NumFail|passed=True|Программа не смогла найти равновесие или предельную точку с текущими численными настройками. Это не доказательство разрушения; нужно проверить диагностику, нагрузку, сетку и параметры расчета.
HELP|status.InputErr|passed=True|Результат не получен из-за ошибки исходных данных или настройки: обязательная пустая ячейка, неизвестный вариант, недопустимая геометрия, материал, единицы или строка сочетания. Ошибка могла быть обнаружена до запуска либо при подготовке конкретной проверки; место и причина указаны в комментарии.
HELP|status.CalcErr|passed=True|Нарушен внутренний контракт расчета или произошла программная ошибка. Это не физический отказ и не обычная несходимость. Сохраните комментарий и txt-отчет для диагностики.
HELP|status.N/A|passed=True|Проверка не запрошена, неприменима либо не выполнена из-за отсутствия обязательного предыдущего результата. В последнем случае причина указана в комментарии, а фактический отказ остается в статусе соответствующего НДС или поиска и в общей сводке. N/A само по себе не означает успешную проверку.
HELP|baseFailIsPhysical|passed=True|lambda=0 requires physical evidence
HELP|notApplicableDependency|passed=True|Blocked dependency is not an OK check
HELP|extensionAllStates|passed=True|Global extension scope
HELP|extensionDoesNotChangePhysicalNodes|passed=True|Physical diagram preserved
HELP|profileBooleanInputContract|passed=True|Explicit invalid value is not No
HELP|subdivisionsInputContract|passed=True|Mesh setting has help
HELP|worstCriterionInputContract|passed=True|Invalid criterion cannot silently select another check
HELP|rectsetCommonSelectors|passed=True|One common selector, separate diameters
HELP|unitChoiceInputContract|passed=True|Explicit invalid units do not become defaults
HELP|autoCADExportAlwaysMillimetres|passed=True|AutoCAD export scale is fixed, not OUTPUT length
HELP|autoCADExportUnitsException|passed=True|Units help distinguishes geometry scale and result labels
HELP|autoCADImportAreaThresholdUnits|passed=True|User threshold is converted; drawing remains mm
HELP|autoCADImportGeometryUnitPowers|passed=True|Drawing geometry has fixed mm/mm2/mm4 dimensions
HELP|autoCADRegionImportContract|passed=True|Region data have fixed units, not automatic drawing scale discovery
HELP|autoCADImportAreaThresholdInputContract|passed=True|Missing/invalid threshold is not replaced with default
HELP|importedSnapshotUnitChanges|passed=True|Import and recalculation use their own recorded OUTPUT units
HELP|inputChangeDoesNotRescaleImportedGeometry|passed=True|Current input values and preserved imported geometry are distinct
HELP|signsDoNotFlipStressOrStrain|passed=True|Material tension/compression and strain plane keep internal signs
HELP|crackSettingsRequiredInput|passed=True|Crack Config invalid/missing values do not become defaults
HELP|crackInactiveUserCoefficientContract|passed=True|Inactive user coefficients remain valid editable inputs
HELP|mandatoryInputErrorNavigation|passed=True|Input diagnostics explain actual cell, missing row and damaged named table repair
HELP|circleActiveRebarInput|passed=True|Circle active cover and row position are required
HELP|inactiveGeometryFormulaErrors|passed=True|Inactive geometry formula error is not a failed active input
HELP|inactiveRebarFaceOffsets|passed=True|Rounded, Hollow and RectSet inactive face contracts are explicit
HELP|openingCoverStillRequired|passed=True|Opening cover retains a geometric consumer when its own row is disabled
HELP|notCrackedWidthIsNotComputedZero|passed=True|Uncomputed crack width is distinguished from a calculated zero
HELP|activeAnnotationInputContract|passed=True|Only active annotation parameters are required
HELP|annotationBlackRgbContract|passed=True|Zero is a real color; invalid RGB is not silently repaired
HELP|annotationVisualLimits|passed=True|Screen clamps are disclosed, not physical geometry
HELP|snapshotAnnotationInputContract|passed=True|Existing damaged snapshot requires repair, not a silent zero
HELP|snapshotGeometryNumbersContract|passed=True|Geometry restoration rejects corrupted numbers without losing source address
HELP|axisFontInputContract|passed=True|Active axis font is required; disabled font is not read
HELP|gradientDisabledStillUsesStateColor|passed=True|No gradient does not mean no material color
HELP|link.$E$5|passed=True|'Справка'!A906
HELP|link.$E$6|passed=True|'Справка'!A915
HELP|link.$E$7|passed=True|'Справка'!A922
HELP|link.$E$8|passed=True|'Справка'!A932
HELP|link.$E$9|passed=True|'Справка'!A943
HELP|link.$E$12|passed=True|'Справка'!A952
HELP|link.$E$13|passed=True|'Справка'!A961
HELP|link.$E$14|passed=True|'Справка'!A968
HELP|link.$E$15|passed=True|'Справка'!A978
HELP|link.$E$16|passed=True|'Справка'!A988
HELP|link.$E$17|passed=True|'Справка'!A997
HELP|link.$E$18|passed=True|'Справка'!A1006
HELP|link.$E$22|passed=True|'Справка'!A1015
HELP|link.$E$23|passed=True|'Справка'!A1024
HELP|link.$E$24|passed=True|'Справка'!A1031
HELP|link.$E$25|passed=True|'Справка'!A1037
HELP|link.$E$26|passed=True|'Справка'!A1046
HELP|link.$E$27|passed=True|'Справка'!A1055
HELP|link.$E$29|passed=True|'Справка'!A1064
HELP|link.$E$30|passed=True|'Справка'!A1070
HELP|link.$E$31|passed=True|'Справка'!A1077
HELP|link.$E$32|passed=True|'Справка'!A1084
HELP|link.$E$33|passed=True|'Справка'!A1091
HELP|link.$E$35|passed=True|'Справка'!A1099
HELP|link.$E$36|passed=True|'Справка'!A1105
HELP|link.$E$40|passed=True|'Справка'!A1112
HELP|link.$E$41|passed=True|'Справка'!A1131
HELP|link.$E$43|passed=True|'Справка'!A1139
HELP|link.$E$45|passed=True|'Справка'!A1149
HELP|link.$E$46|passed=True|'Справка'!A1156
HELP|link.$E$47|passed=True|'Справка'!A1167
HELP|link.$E$48|passed=True|'Справка'!A1174
HELP|link.$E$49|passed=True|'Справка'!A1181
HELP|link.$E$50|passed=True|'Справка'!A1191
HELP|link.$E$54|passed=True|'Справка'!A1201
HELP|link.$E$55|passed=True|'Справка'!A1208
HELP|link.$E$56|passed=True|'Справка'!A1215
HELP|link.$E$57|passed=True|'Справка'!A1223
HELP|link.$E$58|passed=True|'Справка'!A1231
HELP|link.$E$59|passed=True|'Справка'!A1238
HELP|link.$E$60|passed=True|'Справка'!A1246
HELP|link.$E$61|passed=True|'Справка'!A1254
HELP|link.$E$62|passed=True|'Справка'!A1261
HELP|link.$E$63|passed=True|'Справка'!A1270
HELP|link.$E$64|passed=True|'Справка'!A1279
HELP|link.$E$65|passed=True|'Справка'!A1285
HELP|link.$E$67|passed=True|'Справка'!A1295
HELP|link.$E$68|passed=True|'Справка'!A1303
HELP|link.$E$69|passed=True|'Справка'!A1311
HELP|link.$E$71|passed=True|'Справка'!A1319
HELP|link.$E$72|passed=True|'Справка'!A1326
HELP|link.$E$75|passed=True|'Справка'!A1333
HELP|link.$E$76|passed=True|'Справка'!A1343
HELP|link.$E$77|passed=True|'Справка'!A1352
HELP|link.$E$78|passed=True|'Справка'!A1365
HELP|link.$E$79|passed=True|'Справка'!A1375
HELP|link.$E$80|passed=True|'Справка'!A1383
HELP|link.$E$81|passed=True|'Справка'!A1391
HELP|link.$E$82|passed=True|'Справка'!A1399
HELP|link.$E$83|passed=True|'Справка'!A1406
HELP|link.$E$84|passed=True|'Справка'!A1426
HELP|link.$E$85|passed=True|'Справка'!A1435
HELP|link.$E$88|passed=True|'Справка'!A1443
HELP|link.$E$89|passed=True|'Справка'!A1451
HELP|link.$E$90|passed=True|'Справка'!A1457
HELP|link.$E$91|passed=True|'Справка'!A1464
HELP|link.$E$92|passed=True|'Справка'!A1470
HELP|link.$E$93|passed=True|'Справка'!A1478
HELP|link.$E$94|passed=True|'Справка'!A1484
HELP|link.$E$95|passed=True|'Справка'!A1490
HELP|link.$E$96|passed=True|'Справка'!A1496
HELP|link.$E$97|passed=True|'Справка'!A1503
HELP|link.$E$98|passed=True|'Справка'!A1509
HELP|link.$E$99|passed=True|'Справка'!A1515
HELP|link.$E$100|passed=True|'Справка'!A1521
HELP|link.$E$101|passed=True|'Справка'!A1527
HELP|link.$E$102|passed=True|'Справка'!A1531
HELP|link.$E$103|passed=True|'Справка'!A1535
HELP|link.$E$104|passed=True|'Справка'!A1539
HELP|link.$E$105|passed=True|'Справка'!A1543
HELP|link.$E$108|passed=True|'Справка'!A1547
HELP|link.$E$109|passed=True|'Справка'!A1560
HELP|link.$E$110|passed=True|'Справка'!A1567
HELP|link.$E$113|passed=True|'Справка'!A1576
HELP|link.$E$114|passed=True|'Справка'!A1582
HELP|link.$E$115|passed=True|'Справка'!A1590
HELP|link.$E$116|passed=True|'Справка'!A1597
HELP|link.$E$117|passed=True|'Справка'!A1603
HELP|link.$E$118|passed=True|'Справка'!A1610
HELP|link.$E$119|passed=True|'Справка'!A1617
HELP|link.$E$120|passed=True|'Справка'!A1624
HELP|link.$E$121|passed=True|'Справка'!A1632
HELP|link.$E$122|passed=True|'Справка'!A1639
HELP|link.$E$123|passed=True|'Справка'!A1645
HELP|link.$E$124|passed=True|'Справка'!A1651
HELP|link.$E$125|passed=True|'Справка'!A1657
HELP|link.$E$126|passed=True|'Справка'!A1664
HELP|link.$E$127|passed=True|'Справка'!A1670
HELP|link.$E$128|passed=True|'Справка'!A1677
HELP|link.$E$129|passed=True|'Справка'!A1684
HELP|link.$E$130|passed=True|'Справка'!A1691
HELP|link.$M$19|passed=True|'Справка'!A1837
HELP|link.$M$20|passed=True|'Справка'!A1843
HELP|link.$M$21|passed=True|'Справка'!A1849
HELP|link.$M$22|passed=True|'Справка'!A1856
HELP|link.$M$23|passed=True|'Справка'!A1864
HELP|link.$M$27|passed=True|'Справка'!A1776
HELP|link.$M$28|passed=True|'Справка'!A1784
HELP|link.$M$29|passed=True|'Справка'!A1793
HELP|link.$M$30|passed=True|'Справка'!A1803
HELP|link.$M$31|passed=True|'Справка'!A1810
HELP|link.$M$32|passed=True|'Справка'!A1819
HELP|link.$M$33|passed=True|'Справка'!A1828
HELP|link.$M$71|passed=True|'Справка'!A1698
HELP|link.$M$72|passed=True|'Справка'!A1703
HELP|link.$M$73|passed=True|'Справка'!A1708
HELP|link.$M$74|passed=True|'Справка'!A1717
HELP|link.$M$75|passed=True|'Справка'!A1722
HELP|link.$M$76|passed=True|'Справка'!A1727
HELP|link.$M$77|passed=True|'Справка'!A1732
HELP|link.$M$78|passed=True|'Справка'!A1741
HELP|link.$M$79|passed=True|'Справка'!A1749
HELP|link.$M$80|passed=True|'Справка'!A1756
HELP|link.$M$81|passed=True|'Справка'!A1761
HELP|link.$M$82|passed=True|'Справка'!A1766
HELP|link.$M$83|passed=True|'Справка'!A1771
HELP|link.$AI$1|passed=True|'Справка'!A818
HELP|link.$H$2|passed=True|'Справка'!A684
HELP|link.$O$2|passed=True|'Справка'!A713
HELP|link.$H$11|passed=True|'Справка'!A701
HELP|link.$H$17|passed=True|'Справка'!A781
HELP|link.$H$25|passed=True|'Справка'!A772
HELP|link.$H$35|passed=True|'Справка'!A790
HELP|link.$P$36|passed=True|'Справка'!A752
HELP|link.$AI$58|passed=True|'Справка'!A762
HELP|link.$H$69|passed=True|'Справка'!A824
HELP|link.$H$85|passed=True|'Справка'!A835
HELP|link.$H$97|passed=True|'Справка'!A874
HELP|link.$H$127|passed=True|'Справка'!A844
HELP|link.$H$152|passed=True|'Справка'!A856
HELP|directHelpLinksPresent|passed=True|count=140
ACTUAL_HELP: rows=2011; links=140; shapes=118
TOTAL_AUDIT03_HELP: failed=0
HELP|printAreasPreserved|passed=True|count=1
