SOURCE: C:\Users\avidzba\Desktop\Ø‡Æ£‡†¨¨Î\Ç_êÄÅéíÖ!\RC_Section_NDM\docs\regression\Audit03\RC_Section_NDM_formation_guard_v312.xlsm
SOURCE_SHA256: EA92ABC1B48C3B639B63FC9A45AEDE2D61A26E4E2594EB190A904ED6CBA568D7
FIXTURE: C:\Users\avidzba\AppData\Local\Temp\RC_NDM_ModeSuite_1f44973f5322465eb916a0ce590f3565\RC_Section_NDM.xlsm
GLOBAL_MODE: General.DiagramExtension=No; explicit-On tests retain their setup
FAIL: audit03.multiplierTyped.2.Bisection.1.exactCallbackReason
FAIL: audit03.multiplierTyped.2.Bisection.2.exactCallbackReason
FAIL: audit03.multiplierTyped.2.Bisection.3.exactCallbackReason
FAIL: audit03.multiplierTyped.2.Bisection.13.exactCallbackReason
FAIL: audit03.multiplierTyped.2.Bisection.14.exactCallbackReason
FAIL: audit03.multiplierTyped.2.Bisection.16.exactCallbackReason
FAIL: audit03.multiplierTyped.2.Brent.1.exactCallbackReason
FAIL: audit03.multiplierTyped.2.Brent.2.exactCallbackReason
FAIL: audit03.multiplierTyped.2.Brent.3.exactCallbackReason
FAIL: audit03.multiplierTyped.2.Brent.13.exactCallbackReason
FAIL: audit03.multiplierTyped.2.Brent.14.exactCallbackReason
FAIL: audit03.multiplierTyped.2.Brent.16.exactCallbackReason
FAIL: audit03.multiplierTyped.2.Secant.1.exactCallbackReason
FAIL: audit03.multiplierTyped.2.Secant.2.exactCallbackReason
FAIL: audit03.multiplierTyped.2.Secant.3.exactCallbackReason
FAIL: audit03.multiplierTyped.2.Secant.13.exactCallbackReason
FAIL: audit03.multiplierTyped.2.Secant.14.exactCallbackReason
FAIL: audit03.multiplierTyped.2.Secant.16.exactCallbackReason
FAIL: audit03.multiplierTyped.3.Bisection.1.exactCallbackReason
FAIL: audit03.multiplierTyped.3.Bisection.2.exactCallbackReason
FAIL: audit03.multiplierTyped.3.Bisection.3.exactCallbackReason
FAIL: audit03.multiplierTyped.3.Bisection.13.exactCallbackReason
FAIL: audit03.multiplierTyped.3.Bisection.14.exactCallbackReason
FAIL: audit03.multiplierTyped.3.Bisection.16.exactCallbackReason
FAIL: audit03.multiplierTyped.3.Brent.1.exactCallbackReason
FAIL: audit03.multiplierTyped.3.Brent.2.exactCallbackReason
FAIL: audit03.multiplierTyped.3.Brent.3.exactCallbackReason
FAIL: audit03.multiplierTyped.3.Brent.13.exactCallbackReason
FAIL: audit03.multiplierTyped.3.Brent.14.exactCallbackReason
FAIL: audit03.multiplierTyped.3.Brent.16.exactCallbackReason
FAIL: audit03.multiplierTyped.3.Secant.1.exactCallbackReason
FAIL: audit03.multiplierTyped.3.Secant.2.exactCallbackReason
FAIL: audit03.multiplierTyped.3.Secant.3.exactCallbackReason
FAIL: audit03.multiplierTyped.3.Secant.13.exactCallbackReason
FAIL: audit03.multiplierTyped.3.Secant.14.exactCallbackReason
FAIL: audit03.multiplierTyped.3.Secant.16.exactCallbackReason
TOTAL_AUDIT03_MULTIPLIER_TYPED: passed=1362; failed=36
MODE_AFTER_SUITE: No
SOURCE_UNCHANGED: True
