SOURCE: C:\Users\avidzba\Desktop\Ø‡Æ£‡†¨¨Î\Ç_êÄÅéíÖ!\RC_Section_NDM\docs\regression\Audit03\RC_Section_NDM_f06_fixed.xlsm
SOURCE_SHA256: 31084D30A1BA4E2CFB070B309144338DF22CC2095B68BCD00309A67A656A1498
FIXTURE: C:\Users\avidzba\AppData\Local\Temp\RC_NDM_ModeSuite_fcf58b4a21d64a78b26505917a41d658\RC_Section_NDM.xlsm
GLOBAL_MODE: General.DiagramExtension=No; explicit-On tests retain their setup
TOTAL: passed=524; failed=0
MODE_AFTER_SUITE: No
TOTAL_MATERIAL: passed=1359; failed=0; elapsedSec=0.078125
MODE_AFTER_SUITE: No
TOTAL_SECTION_SOLVER: passed=583; failed=0; elapsedSec=0.611328125
MODE_AFTER_SUITE: No
TOTAL_CAPACITY: passed=1676; failed=0; elapsedSec=41.798828125
MODE_AFTER_SUITE: No
TOTAL_CRACK: passed=479; failed=0; elapsedSec=5.0146484375
MODE_AFTER_SUITE: No
TOTAL_BATCH: passed=3067; failed=0; elapsedSec=59.5732421875
MODE_AFTER_SUITE: No
TOTAL_WORKBOOK_UI: passed=641; failed=0; elapsedSec=39.029296875
MODE_AFTER_SUITE: Yes
TOTAL_REGRESSION_BASELINE: passed=39; failed=0; elapsedSec=0.470703125
MODE_AFTER_SUITE: No
SOURCE_UNCHANGED: True
