SOURCE: C:\Users\avidzba\Desktop\Ø‡Æ£‡†¨¨Î\Ç_êÄÅéíÖ!\RC_Section_NDM\docs\regression\Audit03\RC_Section_NDM_presentation_snapshot_negative_v195.xlsm
SOURCE_SHA256: D6A9259E1E60FC7088F16EC5BACAD2FB340AF0943659A3CE423E2A014F1578E7
FIXTURE: C:\Users\avidzba\AppData\Local\Temp\RC_NDM_ModeSuite_416f85cd6e064982b11d590184bddcd2\RC_Section_NDM.xlsm
GLOBAL_MODE: General.DiagramExtension=No; explicit-On tests retain their setup
FAIL: presentationConfig.2.Color.0,0,0.text
FAIL: presentationConfig.2.Color.0,0,0.extension
FAIL: presentationConfig.2.Color.0,0,0.reset
FAIL: presentationConfig.2.Color.255,0,0.reset
FAIL: presentationConfig.2.Color.0,255,0.reset
FAIL: presentationConfig.2.Color.0,0,255.reset
FAIL: presentationConfig.3.Color.0,0,0.text
FAIL: presentationConfig.3.Color.0,0,0.extension
FAIL: presentationConfig.3.Color.0,0,0.reset
FAIL: presentationConfig.3.Color.255,0,0.reset
FAIL: presentationConfig.3.Color.0,255,0.reset
FAIL: presentationConfig.3.Color.0,0,255.reset
FAIL: presentationConfig.Plot.RebarLabels.Enabled.invalid0.rejected
FAIL: presentationConfig.Plot.RebarLabels.Enabled.missing
FAIL: presentationConfig.Plot.RebarLabels.Placement.invalid0.rejected
FAIL: presentationConfig.Plot.RebarLabels.Placement.invalid1.rejected
FAIL: presentationConfig.Plot.RebarLabels.Placement.invalid2.inactive
FAIL: presentationConfig.Plot.RebarLabels.Placement.missing
FAIL: presentationConfig.Plot.RebarLabels.Offset.invalid0.rejected
FAIL: presentationConfig.Plot.RebarLabels.Offset.invalid1.inactive
FAIL: presentationConfig.Plot.RebarLabels.Offset.invalid2.inactive
FAIL: presentationConfig.Plot.RebarLabels.Offset.invalid3.rejected
FAIL: presentationConfig.Plot.RebarLabels.Offset.missing
FAIL: presentationConfig.Plot.RebarLabels.LineEnabled.invalid0.rejected
FAIL: presentationConfig.Plot.RebarLabels.LineEnabled.invalid1.inactive
FAIL: presentationConfig.Plot.RebarLabels.LineEnabled.invalid2.inactive
FAIL: presentationConfig.Plot.RebarLabels.LineEnabled.missing
FAIL: presentationConfig.Plot.RebarLabels.LineWeight.invalid0.rejected
FAIL: presentationConfig.Plot.RebarLabels.LineWeight.invalid1.inactive
FAIL: presentationConfig.Plot.RebarLabels.LineWeight.invalid2.inactive
FAIL: presentationConfig.Plot.RebarLabels.LineWeight.invalid3.rejected
FAIL: presentationConfig.Plot.RebarLabels.LineWeight.invalid4.rejected
FAIL: presentationConfig.Plot.RebarLabels.LineWeight.missing
FAIL: presentationConfig.Plot.RebarLabels.TextUnits.invalid0.rejected
FAIL: presentationConfig.Plot.RebarLabels.TextUnits.invalid1.rejected
FAIL: presentationConfig.Plot.RebarLabels.TextUnits.invalid2.inactive
FAIL: presentationConfig.Plot.RebarLabels.TextUnits.missing
FAIL: presentationConfig.Plot.RebarLabels.TextHeight.invalid0.rejected
FAIL: presentationConfig.Plot.RebarLabels.TextHeight.invalid1.inactive
FAIL: presentationConfig.Plot.RebarLabels.TextHeight.invalid2.inactive
FAIL: presentationConfig.Plot.RebarLabels.TextHeight.invalid3.rejected
FAIL: presentationConfig.Plot.RebarLabels.TextHeight.invalid4.rejected
FAIL: presentationConfig.Plot.RebarLabels.TextHeight.missing
FAIL: presentationConfig.Plot.RebarLabels.TextGap.invalid0.rejected
FAIL: presentationConfig.Plot.RebarLabels.TextGap.invalid1.inactive
FAIL: presentationConfig.Plot.RebarLabels.TextGap.invalid2.inactive
FAIL: presentationConfig.Plot.RebarLabels.TextGap.invalid3.rejected
FAIL: presentationConfig.Plot.RebarLabels.TextGap.missing
FAIL: presentationConfig.Plot.RebarLabels.Color.invalid0.rejected
FAIL: presentationConfig.Plot.RebarLabels.Color.invalid1.rejected
FAIL: presentationConfig.Plot.RebarLabels.Color.invalid2.inactive
FAIL: presentationConfig.Plot.RebarLabels.Color.invalid3.rejected
FAIL: presentationConfig.Plot.RebarLabels.Color.invalid4.rejected
FAIL: presentationConfig.Plot.RebarLabels.Color.invalid5.rejected
FAIL: presentationConfig.Plot.RebarLabels.Color.missing
FAIL: presentationConfig.Plot.Dimensions.Enabled.invalid0.rejected
FAIL: presentationConfig.Plot.Dimensions.Enabled.missing
FAIL: presentationConfig.Plot.Dimensions.Placement.invalid0.rejected
FAIL: presentationConfig.Plot.Dimensions.Placement.invalid1.rejected
FAIL: presentationConfig.Plot.Dimensions.Placement.invalid2.inactive
FAIL: presentationConfig.Plot.Dimensions.Placement.missing
FAIL: presentationConfig.Plot.Dimensions.Offset.invalid0.rejected
FAIL: presentationConfig.Plot.Dimensions.Offset.invalid1.inactive
FAIL: presentationConfig.Plot.Dimensions.Offset.invalid2.inactive
FAIL: presentationConfig.Plot.Dimensions.Offset.invalid3.rejected
FAIL: presentationConfig.Plot.Dimensions.Offset.missing
FAIL: presentationConfig.Plot.Dimensions.LineWeight.invalid0.rejected
FAIL: presentationConfig.Plot.Dimensions.LineWeight.invalid1.inactive
FAIL: presentationConfig.Plot.Dimensions.LineWeight.invalid2.inactive
FAIL: presentationConfig.Plot.Dimensions.LineWeight.invalid3.rejected
FAIL: presentationConfig.Plot.Dimensions.LineWeight.invalid4.rejected
FAIL: presentationConfig.Plot.Dimensions.LineWeight.missing
FAIL: presentationConfig.Plot.Dimensions.ExtensionLineWeight.invalid0.rejected
FAIL: presentationConfig.Plot.Dimensions.ExtensionLineWeight.invalid1.inactive
FAIL: presentationConfig.Plot.Dimensions.ExtensionLineWeight.invalid2.inactive
FAIL: presentationConfig.Plot.Dimensions.ExtensionLineWeight.invalid3.rejected
FAIL: presentationConfig.Plot.Dimensions.ExtensionLineWeight.invalid4.rejected
FAIL: presentationConfig.Plot.Dimensions.ExtensionLineWeight.missing
FAIL: presentationConfig.Plot.Dimensions.TextUnits.invalid0.rejected
FAIL: presentationConfig.Plot.Dimensions.TextUnits.invalid1.rejected
FAIL: presentationConfig.Plot.Dimensions.TextUnits.invalid2.inactive
FAIL: presentationConfig.Plot.Dimensions.TextUnits.missing
FAIL: presentationConfig.Plot.Dimensions.TextHeight.invalid0.rejected
FAIL: presentationConfig.Plot.Dimensions.TextHeight.invalid1.inactive
FAIL: presentationConfig.Plot.Dimensions.TextHeight.invalid2.inactive
FAIL: presentationConfig.Plot.Dimensions.TextHeight.invalid3.rejected
FAIL: presentationConfig.Plot.Dimensions.TextHeight.invalid4.rejected
FAIL: presentationConfig.Plot.Dimensions.TextHeight.missing
FAIL: presentationConfig.Plot.Dimensions.TextGap.invalid0.rejected
FAIL: presentationConfig.Plot.Dimensions.TextGap.invalid1.inactive
FAIL: presentationConfig.Plot.Dimensions.TextGap.invalid2.inactive
FAIL: presentationConfig.Plot.Dimensions.TextGap.invalid3.rejected
FAIL: presentationConfig.Plot.Dimensions.TextGap.missing
FAIL: presentationConfig.Plot.Dimensions.ArrowType.invalid0.rejected
FAIL: presentationConfig.Plot.Dimensions.ArrowType.invalid1.rejected
FAIL: presentationConfig.Plot.Dimensions.ArrowType.invalid2.inactive
FAIL: presentationConfig.Plot.Dimensions.ArrowType.missing
FAIL: presentationConfig.Plot.Dimensions.ArrowSize.invalid0.rejected
FAIL: presentationConfig.Plot.Dimensions.ArrowSize.invalid1.rejected
FAIL: presentationConfig.Plot.Dimensions.ArrowSize.invalid2.inactive
FAIL: presentationConfig.Plot.Dimensions.ArrowSize.missing
FAIL: presentationConfig.Plot.Dimensions.Color.invalid0.rejected
FAIL: presentationConfig.Plot.Dimensions.Color.invalid1.rejected
FAIL: presentationConfig.Plot.Dimensions.Color.invalid2.inactive
FAIL: presentationConfig.Plot.Dimensions.Color.invalid3.rejected
FAIL: presentationConfig.Plot.Dimensions.Color.invalid4.rejected
FAIL: presentationConfig.Plot.Dimensions.Color.invalid5.rejected
FAIL: presentationConfig.Plot.Dimensions.Color.missing
FAIL: presentationConfig.Plot.Dimensions.ExtensionLineColor.invalid0.rejected
FAIL: presentationConfig.Plot.Dimensions.ExtensionLineColor.invalid1.rejected
FAIL: presentationConfig.Plot.Dimensions.ExtensionLineColor.invalid2.inactive
FAIL: presentationConfig.Plot.Dimensions.ExtensionLineColor.invalid3.rejected
FAIL: presentationConfig.Plot.Dimensions.ExtensionLineColor.invalid4.rejected
FAIL: presentationConfig.Plot.Dimensions.ExtensionLineColor.invalid5.rejected
FAIL: presentationConfig.Plot.Dimensions.ExtensionLineColor.missing
FAIL: presentationConfig.Chart.black.line1
FAIL: presentationConfig.Chart.black.line2
FAIL: presentationConfig.Chart.black.line3
FAIL: presentationConfig.Chart.black.line4
FAIL: presentationConfig.snapshot.geometryHeader.rejected
FAIL: presentationConfig.snapshot.runtime; -2147217001; Ç snapshot ≠•‚ StartX
FAIL: presentationConfig.relocated.rejected
TOTAL_AUDIT03_PRESENTATION_CONFIG: passed=284; failed=122; cases=98
MODE_AFTER_SUITE: No
SOURCE_UNCHANGED: True
