SOURCE: C:\Users\avidzba\Desktop\Ø‡Æ£‡†¨¨Î\Ç_êÄÅéíÖ!\RC_Section_NDM\docs\regression\Audit03\RC_Section_NDM_presentation_snapshot_negative_v195b.xlsm
SOURCE_SHA256: DF01938E1AAEE3AF670F7143150B9A2BC3FD3FDF8BA90B76EBB3CF861E849A2E
FIXTURE: C:\Users\avidzba\AppData\Local\Temp\RC_NDM_ModeSuite_c89a1d2c688f468984686bf4e4a39071\RC_Section_NDM.xlsm
GLOBAL_MODE: General.DiagramExtension=No; explicit-On tests retain their setup
FAIL: presentationConfig.2.Color.0,0,0.text
FAIL: presentationConfig.2.Color.0,0,0.extension
FAIL: presentationConfig.2.Color.0,0,0.reset
FAIL: presentationConfig.2.Color.255,0,0.reset
FAIL: presentationConfig.2.Color.0,255,0.reset
FAIL: presentationConfig.2.Color.0,0,255.reset
FAIL: presentationConfig.3.Color.0,0,0.text
FAIL: presentationConfig.3.Color.0,0,0.extension
FAIL: presentationConfig.3.Color.0,0,0.reset
FAIL: presentationConfig.3.Color.255,0,0.reset
FAIL: presentationConfig.3.Color.0,255,0.reset
FAIL: presentationConfig.3.Color.0,0,255.reset
FAIL: presentationConfig.Plot.RebarLabels.Enabled.invalid0.rejected
FAIL: presentationConfig.Plot.RebarLabels.Enabled.missing
FAIL: presentationConfig.Plot.RebarLabels.Placement.invalid0.rejected
FAIL: presentationConfig.Plot.RebarLabels.Placement.invalid1.rejected
FAIL: presentationConfig.Plot.RebarLabels.Placement.invalid2.inactive
FAIL: presentationConfig.Plot.RebarLabels.Placement.missing
FAIL: presentationConfig.Plot.RebarLabels.Offset.invalid0.rejected
FAIL: presentationConfig.Plot.RebarLabels.Offset.invalid1.inactive
FAIL: presentationConfig.Plot.RebarLabels.Offset.invalid2.inactive
FAIL: presentationConfig.Plot.RebarLabels.Offset.invalid3.rejected
FAIL: presentationConfig.Plot.RebarLabels.Offset.missing
FAIL: presentationConfig.Plot.RebarLabels.LineEnabled.invalid0.rejected
FAIL: presentationConfig.Plot.RebarLabels.LineEnabled.invalid1.inactive
FAIL: presentationConfig.Plot.RebarLabels.LineEnabled.invalid2.inactive
FAIL: presentationConfig.Plot.RebarLabels.LineEnabled.missing
FAIL: presentationConfig.Plot.RebarLabels.LineWeight.invalid0.rejected
FAIL: presentationConfig.Plot.RebarLabels.LineWeight.invalid1.inactive
FAIL: presentationConfig.Plot.RebarLabels.LineWeight.invalid2.inactive
FAIL: presentationConfig.Plot.RebarLabels.LineWeight.invalid3.rejected
FAIL: presentationConfig.Plot.RebarLabels.LineWeight.invalid4.rejected
FAIL: presentationConfig.Plot.RebarLabels.LineWeight.missing
FAIL: presentationConfig.Plot.RebarLabels.TextUnits.invalid0.rejected
FAIL: presentationConfig.Plot.RebarLabels.TextUnits.invalid1.rejected
FAIL: presentationConfig.Plot.RebarLabels.TextUnits.invalid2.inactive
FAIL: presentationConfig.Plot.RebarLabels.TextUnits.missing
FAIL: presentationConfig.Plot.RebarLabels.TextHeight.invalid0.rejected
FAIL: presentationConfig.Plot.RebarLabels.TextHeight.invalid1.inactive
FAIL: presentationConfig.Plot.RebarLabels.TextHeight.invalid2.inactive
FAIL: presentationConfig.Plot.RebarLabels.TextHeight.invalid3.rejected
FAIL: presentationConfig.Plot.RebarLabels.TextHeight.invalid4.rejected
FAIL: presentationConfig.Plot.RebarLabels.TextHeight.missing
FAIL: presentationConfig.Plot.RebarLabels.TextGap.invalid0.rejected
FAIL: presentationConfig.Plot.RebarLabels.TextGap.invalid1.inactive
FAIL: presentationConfig.Plot.RebarLabels.TextGap.invalid2.inactive
FAIL: presentationConfig.Plot.RebarLabels.TextGap.invalid3.rejected
FAIL: presentationConfig.Plot.RebarLabels.TextGap.missing
FAIL: presentationConfig.Plot.RebarLabels.Color.invalid0.rejected
FAIL: presentationConfig.Plot.RebarLabels.Color.invalid1.rejected
FAIL: presentationConfig.Plot.RebarLabels.Color.invalid2.inactive
FAIL: presentationConfig.Plot.RebarLabels.Color.invalid3.rejected
FAIL: presentationConfig.Plot.RebarLabels.Color.invalid4.rejected
FAIL: presentationConfig.Plot.RebarLabels.Color.invalid5.rejected
FAIL: presentationConfig.Plot.RebarLabels.Color.missing
FAIL: presentationConfig.Plot.Dimensions.Enabled.invalid0.rejected
FAIL: presentationConfig.Plot.Dimensions.Enabled.missing
FAIL: presentationConfig.Plot.Dimensions.Placement.invalid0.rejected
FAIL: presentationConfig.Plot.Dimensions.Placement.invalid1.rejected
FAIL: presentationConfig.Plot.Dimensions.Placement.invalid2.inactive
FAIL: presentationConfig.Plot.Dimensions.Placement.missing
FAIL: presentationConfig.Plot.Dimensions.Offset.invalid0.rejected
FAIL: presentationConfig.Plot.Dimensions.Offset.invalid1.inactive
FAIL: presentationConfig.Plot.Dimensions.Offset.invalid2.inactive
FAIL: presentationConfig.Plot.Dimensions.Offset.invalid3.rejected
FAIL: presentationConfig.Plot.Dimensions.Offset.missing
FAIL: presentationConfig.Plot.Dimensions.LineWeight.invalid0.rejected
FAIL: presentationConfig.Plot.Dimensions.LineWeight.invalid1.inactive
FAIL: presentationConfig.Plot.Dimensions.LineWeight.invalid2.inactive
FAIL: presentationConfig.Plot.Dimensions.LineWeight.invalid3.rejected
FAIL: presentationConfig.Plot.Dimensions.LineWeight.invalid4.rejected
FAIL: presentationConfig.Plot.Dimensions.LineWeight.missing
FAIL: presentationConfig.Plot.Dimensions.ExtensionLineWeight.invalid0.rejected
FAIL: presentationConfig.Plot.Dimensions.ExtensionLineWeight.invalid1.inactive
FAIL: presentationConfig.Plot.Dimensions.ExtensionLineWeight.invalid2.inactive
FAIL: presentationConfig.Plot.Dimensions.ExtensionLineWeight.invalid3.rejected
FAIL: presentationConfig.Plot.Dimensions.ExtensionLineWeight.invalid4.rejected
FAIL: presentationConfig.Plot.Dimensions.ExtensionLineWeight.missing
FAIL: presentationConfig.Plot.Dimensions.TextUnits.invalid0.rejected
FAIL: presentationConfig.Plot.Dimensions.TextUnits.invalid1.rejected
FAIL: presentationConfig.Plot.Dimensions.TextUnits.invalid2.inactive
FAIL: presentationConfig.Plot.Dimensions.TextUnits.missing
FAIL: presentationConfig.Plot.Dimensions.TextHeight.invalid0.rejected
FAIL: presentationConfig.Plot.Dimensions.TextHeight.invalid1.inactive
FAIL: presentationConfig.Plot.Dimensions.TextHeight.invalid2.inactive
FAIL: presentationConfig.Plot.Dimensions.TextHeight.invalid3.rejected
FAIL: presentationConfig.Plot.Dimensions.TextHeight.invalid4.rejected
FAIL: presentationConfig.Plot.Dimensions.TextHeight.missing
FAIL: presentationConfig.Plot.Dimensions.TextGap.invalid0.rejected
FAIL: presentationConfig.Plot.Dimensions.TextGap.invalid1.inactive
FAIL: presentationConfig.Plot.Dimensions.TextGap.invalid2.inactive
FAIL: presentationConfig.Plot.Dimensions.TextGap.invalid3.rejected
FAIL: presentationConfig.Plot.Dimensions.TextGap.missing
FAIL: presentationConfig.Plot.Dimensions.ArrowType.invalid0.rejected
FAIL: presentationConfig.Plot.Dimensions.ArrowType.invalid1.rejected
FAIL: presentationConfig.Plot.Dimensions.ArrowType.invalid2.inactive
FAIL: presentationConfig.Plot.Dimensions.ArrowType.missing
FAIL: presentationConfig.Plot.Dimensions.ArrowSize.invalid0.rejected
FAIL: presentationConfig.Plot.Dimensions.ArrowSize.invalid1.rejected
FAIL: presentationConfig.Plot.Dimensions.ArrowSize.invalid2.inactive
FAIL: presentationConfig.Plot.Dimensions.ArrowSize.missing
FAIL: presentationConfig.Plot.Dimensions.Color.invalid0.rejected
FAIL: presentationConfig.Plot.Dimensions.Color.invalid1.rejected
FAIL: presentationConfig.Plot.Dimensions.Color.invalid2.inactive
FAIL: presentationConfig.Plot.Dimensions.Color.invalid3.rejected
FAIL: presentationConfig.Plot.Dimensions.Color.invalid4.rejected
FAIL: presentationConfig.Plot.Dimensions.Color.invalid5.rejected
FAIL: presentationConfig.Plot.Dimensions.Color.missing
FAIL: presentationConfig.Plot.Dimensions.ExtensionLineColor.invalid0.rejected
FAIL: presentationConfig.Plot.Dimensions.ExtensionLineColor.invalid1.rejected
FAIL: presentationConfig.Plot.Dimensions.ExtensionLineColor.invalid2.inactive
FAIL: presentationConfig.Plot.Dimensions.ExtensionLineColor.invalid3.rejected
FAIL: presentationConfig.Plot.Dimensions.ExtensionLineColor.invalid4.rejected
FAIL: presentationConfig.Plot.Dimensions.ExtensionLineColor.invalid5.rejected
FAIL: presentationConfig.Plot.Dimensions.ExtensionLineColor.missing
FAIL: presentationConfig.Chart.black.line1
FAIL: presentationConfig.Chart.black.line2
FAIL: presentationConfig.Chart.black.line3
FAIL: presentationConfig.Chart.black.line4
FAIL: presentationConfig.snapshot.geometryHeader.controlled
FAIL: presentationConfig.snapshot.geometryHeader.reason
FAIL: presentationConfig.snapshot.annotation.StartX.rejected
FAIL: presentationConfig.snapshot.annotation.StartY.rejected
FAIL: presentationConfig.snapshot.annotation.EndX.rejected
FAIL: presentationConfig.snapshot.annotation.EndY.rejected
FAIL: presentationConfig.snapshot.annotation.OutsideNormalX.rejected
FAIL: presentationConfig.snapshot.annotation.OutsideNormalY.rejected
FAIL: presentationConfig.snapshot.annotation.Text.rejected
FAIL: presentationConfig.snapshot.annotationHeader.rejected
FAIL: presentationConfig.relocated.rejected
TOTAL_AUDIT03_PRESENTATION_CONFIG: passed=293; failed=130; cases=105
MODE_AFTER_SUITE: No
SOURCE_UNCHANGED: True
