SOURCE: C:\Users\avidzba\Desktop\Ø‡Æ£‡†¨¨Î\Ç_êÄÅéíÖ!\RC_Section_NDM\docs\regression\Audit03\RC_Section_NDM_rebar_fields_negative_v186.xlsm
SOURCE_SHA256: C94721E3BD0598F86BFC8B53BDDE677DEEB90F97C189BA40BCF1B65A544E6912
FIXTURE: C:\Users\avidzba\AppData\Local\Temp\RC_NDM_ModeSuite_ac8612d44a0542448692690d342e1880\RC_Section_NDM.xlsm
GLOBAL_MODE: General.DiagramExtension=No; explicit-On tests retain their setup
FAIL: rebarFields.RectSet.H1.as_1.as.invalid1.reject
FAIL: rebarFields.RectSet.H1.as_1.as.invalid1.address
FAIL: rebarFields.RectSet.H1.as_1.as.invalid1.repair
FAIL: rebarFields.RectSet.H1.as_1.as.invalid2.address
FAIL: rebarFields.RectSet.H1.as_1.as.invalid2.repair
FAIL: rebarFields.RectSet.H1.as_1.d.invalid1.address
FAIL: rebarFields.RectSet.H1.as_1.d.invalid1.repair
FAIL: rebarFields.RectSet.H1.as_1.n.invalid1.address
FAIL: rebarFields.RectSet.H1.as_1.n.invalid1.repair
FAIL: rebarFields.RectSet.H1.as_1.start.invalid1.reject
FAIL: rebarFields.RectSet.H1.as_1.start.invalid1.address
FAIL: rebarFields.RectSet.H1.as_1.start.invalid1.repair
FAIL: rebarFields.RectSet.H1.as_1.start.invalid2.address
FAIL: rebarFields.RectSet.H1.as_1.start.invalid2.repair
FAIL: rebarFields.RectSet.H1.as_1.end.invalid1.reject
FAIL: rebarFields.RectSet.H1.as_1.end.invalid1.address
FAIL: rebarFields.RectSet.H1.as_1.end.invalid1.repair
FAIL: rebarFields.RectSet.H1.as_1.end.invalid2.address
FAIL: rebarFields.RectSet.H1.as_1.end.invalid2.repair
FAIL: rebarFields.RectSet.H1.as_1.d2.invalid1.address
FAIL: rebarFields.RectSet.H1.as_1.d2.invalid1.repair
FAIL: rebarFields.RectSet.H1.as_1.loc2.invalid1.reject
FAIL: rebarFields.RectSet.H1.as_1.loc2.invalid1.address
FAIL: rebarFields.RectSet.H1.as_1.loc2.invalid1.repair
FAIL: rebarFields.RectSet.H1.as_1.loc2.invalid2.address
FAIL: rebarFields.RectSet.H1.as_1.loc2.invalid2.repair
FAIL: rebarFields.RectSet.H1.as_1.bind2.invalid1.reject
FAIL: rebarFields.RectSet.H1.as_1.bind2.invalid1.address
FAIL: rebarFields.RectSet.H1.as_1.bind2.invalid1.repair
FAIL: rebarFields.RectSet.H1.as_1.bind2.invalid2.address
FAIL: rebarFields.RectSet.H1.as_1.bind2.invalid2.repair
FAIL: rebarFields.RectSet.H1.as_1.d3.invalid1.address
FAIL: rebarFields.RectSet.H1.as_1.d3.invalid1.repair
FAIL: rebarFields.RectSet.H1.as_1.loc3.invalid1.reject
FAIL: rebarFields.RectSet.H1.as_1.loc3.invalid1.address
FAIL: rebarFields.RectSet.H1.as_1.loc3.invalid1.repair
FAIL: rebarFields.RectSet.H1.as_1.loc3.invalid2.address
FAIL: rebarFields.RectSet.H1.as_1.loc3.invalid2.repair
FAIL: rebarFields.RectSet.H1.as_1.bind3.invalid1.reject
FAIL: rebarFields.RectSet.H1.as_1.bind3.invalid1.address
FAIL: rebarFields.RectSet.H1.as_1.bind3.invalid1.repair
FAIL: rebarFields.RectSet.H1.as_1.bind3.invalid2.address
FAIL: rebarFields.RectSet.H1.as_1.bind3.invalid2.repair
FAIL: rebarFields.RectSet.H1.as_2.as.invalid1.reject
FAIL: rebarFields.RectSet.H1.as_2.as.invalid1.address
FAIL: rebarFields.RectSet.H1.as_2.as.invalid1.repair
FAIL: rebarFields.RectSet.H1.as_2.as.invalid2.address
FAIL: rebarFields.RectSet.H1.as_2.as.invalid2.repair
FAIL: rebarFields.RectSet.H1.as_2.d.invalid1.address
FAIL: rebarFields.RectSet.H1.as_2.d.invalid1.repair
FAIL: rebarFields.RectSet.H1.as_2.n.invalid1.address
FAIL: rebarFields.RectSet.H1.as_2.n.invalid1.repair
FAIL: rebarFields.RectSet.H1.as_2.start.invalid1.reject
FAIL: rebarFields.RectSet.H1.as_2.start.invalid1.address
FAIL: rebarFields.RectSet.H1.as_2.start.invalid1.repair
FAIL: rebarFields.RectSet.H1.as_2.start.invalid2.address
FAIL: rebarFields.RectSet.H1.as_2.start.invalid2.repair
FAIL: rebarFields.RectSet.H1.as_2.end.invalid1.reject
FAIL: rebarFields.RectSet.H1.as_2.end.invalid1.address
FAIL: rebarFields.RectSet.H1.as_2.end.invalid1.repair
FAIL: rebarFields.RectSet.H1.as_2.end.invalid2.address
FAIL: rebarFields.RectSet.H1.as_2.end.invalid2.repair
FAIL: rebarFields.RectSet.H1.as_2.d2.invalid1.address
FAIL: rebarFields.RectSet.H1.as_2.d2.invalid1.repair
FAIL: rebarFields.RectSet.H1.as_2.loc2.invalid1.reject
FAIL: rebarFields.RectSet.H1.as_2.loc2.invalid1.address
FAIL: rebarFields.RectSet.H1.as_2.loc2.invalid1.repair
FAIL: rebarFields.RectSet.H1.as_2.loc2.invalid2.address
FAIL: rebarFields.RectSet.H1.as_2.loc2.invalid2.repair
FAIL: rebarFields.RectSet.H1.as_2.bind2.invalid1.reject
FAIL: rebarFields.RectSet.H1.as_2.bind2.invalid1.address
FAIL: rebarFields.RectSet.H1.as_2.bind2.invalid1.repair
FAIL: rebarFields.RectSet.H1.as_2.bind2.invalid2.address
FAIL: rebarFields.RectSet.H1.as_2.bind2.invalid2.repair
FAIL: rebarFields.RectSet.H1.as_2.d3.invalid1.address
FAIL: rebarFields.RectSet.H1.as_2.d3.invalid1.repair
FAIL: rebarFields.RectSet.H1.as_2.loc3.invalid1.reject
FAIL: rebarFields.RectSet.H1.as_2.loc3.invalid1.address
FAIL: rebarFields.RectSet.H1.as_2.loc3.invalid1.repair
FAIL: rebarFields.RectSet.H1.as_2.loc3.invalid2.address
FAIL: rebarFields.RectSet.H1.as_2.loc3.invalid2.repair
FAIL: rebarFields.RectSet.H1.as_2.bind3.invalid1.reject
FAIL: rebarFields.RectSet.H1.as_2.bind3.invalid1.address
FAIL: rebarFields.RectSet.H1.as_2.bind3.invalid1.repair
FAIL: rebarFields.RectSet.H1.as_2.bind3.invalid2.address
FAIL: rebarFields.RectSet.H1.as_2.bind3.invalid2.repair
FAIL: rebarFields.RectSet.B1.as_1.as.invalid1.reject
FAIL: rebarFields.RectSet.B1.as_1.as.invalid1.address
FAIL: rebarFields.RectSet.B1.as_1.as.invalid1.repair
FAIL: rebarFields.RectSet.B1.as_1.as.invalid2.address
FAIL: rebarFields.RectSet.B1.as_1.as.invalid2.repair
FAIL: rebarFields.RectSet.B1.as_1.d.invalid1.address
FAIL: rebarFields.RectSet.B1.as_1.d.invalid1.repair
FAIL: rebarFields.RectSet.B1.as_1.n.invalid1.address
FAIL: rebarFields.RectSet.B1.as_1.n.invalid1.repair
FAIL: rebarFields.RectSet.B1.as_1.start.invalid1.reject
FAIL: rebarFields.RectSet.B1.as_1.start.invalid1.address
FAIL: rebarFields.RectSet.B1.as_1.start.invalid1.repair
FAIL: rebarFields.RectSet.B1.as_1.start.invalid2.address
FAIL: rebarFields.RectSet.B1.as_1.start.invalid2.repair
FAIL: rebarFields.RectSet.B1.as_1.end.invalid1.reject
FAIL: rebarFields.RectSet.B1.as_1.end.invalid1.address
FAIL: rebarFields.RectSet.B1.as_1.end.invalid1.repair
FAIL: rebarFields.RectSet.B1.as_1.end.invalid2.address
FAIL: rebarFields.RectSet.B1.as_1.end.invalid2.repair
FAIL: rebarFields.RectSet.B1.as_1.d2.invalid1.address
FAIL: rebarFields.RectSet.B1.as_1.d2.invalid1.repair
FAIL: rebarFields.RectSet.B1.as_1.loc2.invalid1.reject
FAIL: rebarFields.RectSet.B1.as_1.loc2.invalid1.address
FAIL: rebarFields.RectSet.B1.as_1.loc2.invalid1.repair
FAIL: rebarFields.RectSet.B1.as_1.loc2.invalid2.address
FAIL: rebarFields.RectSet.B1.as_1.loc2.invalid2.repair
FAIL: rebarFields.RectSet.B1.as_1.bind2.invalid1.reject
FAIL: rebarFields.RectSet.B1.as_1.bind2.invalid1.address
FAIL: rebarFields.RectSet.B1.as_1.bind2.invalid1.repair
FAIL: rebarFields.RectSet.B1.as_1.bind2.invalid2.address
FAIL: rebarFields.RectSet.B1.as_1.bind2.invalid2.repair
FAIL: rebarFields.RectSet.B1.as_1.d3.invalid1.address
FAIL: rebarFields.RectSet.B1.as_1.d3.invalid1.repair
FAIL: rebarFields.RectSet.B1.as_1.loc3.invalid1.reject
FAIL: rebarFields.RectSet.B1.as_1.loc3.invalid1.address
FAIL: rebarFields.RectSet.B1.as_1.loc3.invalid1.repair
FAIL: rebarFields.RectSet.B1.as_1.loc3.invalid2.address
FAIL: rebarFields.RectSet.B1.as_1.loc3.invalid2.repair
FAIL: rebarFields.RectSet.B1.as_1.bind3.invalid1.reject
FAIL: rebarFields.RectSet.B1.as_1.bind3.invalid1.address
FAIL: rebarFields.RectSet.B1.as_1.bind3.invalid1.repair
FAIL: rebarFields.RectSet.B1.as_1.bind3.invalid2.address
FAIL: rebarFields.RectSet.B1.as_1.bind3.invalid2.repair
FAIL: rebarFields.RectSet.B1.as_2.as.invalid1.reject
FAIL: rebarFields.RectSet.B1.as_2.as.invalid1.address
FAIL: rebarFields.RectSet.B1.as_2.as.invalid1.repair
FAIL: rebarFields.RectSet.B1.as_2.as.invalid2.address
FAIL: rebarFields.RectSet.B1.as_2.as.invalid2.repair
FAIL: rebarFields.RectSet.B1.as_2.d.invalid1.address
FAIL: rebarFields.RectSet.B1.as_2.d.invalid1.repair
FAIL: rebarFields.RectSet.B1.as_2.n.invalid1.address
FAIL: rebarFields.RectSet.B1.as_2.n.invalid1.repair
FAIL: rebarFields.RectSet.B1.as_2.start.invalid1.reject
FAIL: rebarFields.RectSet.B1.as_2.start.invalid1.address
FAIL: rebarFields.RectSet.B1.as_2.start.invalid1.repair
FAIL: rebarFields.RectSet.B1.as_2.start.invalid2.address
FAIL: rebarFields.RectSet.B1.as_2.start.invalid2.repair
FAIL: rebarFields.RectSet.B1.as_2.end.invalid1.reject
FAIL: rebarFields.RectSet.B1.as_2.end.invalid1.address
FAIL: rebarFields.RectSet.B1.as_2.end.invalid1.repair
FAIL: rebarFields.RectSet.B1.as_2.end.invalid2.address
FAIL: rebarFields.RectSet.B1.as_2.end.invalid2.repair
FAIL: rebarFields.RectSet.B1.as_2.d2.invalid1.address
FAIL: rebarFields.RectSet.B1.as_2.d2.invalid1.repair
FAIL: rebarFields.RectSet.B1.as_2.loc2.invalid1.reject
FAIL: rebarFields.RectSet.B1.as_2.loc2.invalid1.address
FAIL: rebarFields.RectSet.B1.as_2.loc2.invalid1.repair
FAIL: rebarFields.RectSet.B1.as_2.loc2.invalid2.address
FAIL: rebarFields.RectSet.B1.as_2.loc2.invalid2.repair
FAIL: rebarFields.RectSet.B1.as_2.bind2.invalid1.reject
FAIL: rebarFields.RectSet.B1.as_2.bind2.invalid1.address
FAIL: rebarFields.RectSet.B1.as_2.bind2.invalid1.repair
FAIL: rebarFields.RectSet.B1.as_2.bind2.invalid2.address
FAIL: rebarFields.RectSet.B1.as_2.bind2.invalid2.repair
FAIL: rebarFields.RectSet.B1.as_2.d3.invalid1.address
FAIL: rebarFields.RectSet.B1.as_2.d3.invalid1.repair
FAIL: rebarFields.RectSet.B1.as_2.loc3.invalid1.reject
FAIL: rebarFields.RectSet.B1.as_2.loc3.invalid1.address
FAIL: rebarFields.RectSet.B1.as_2.loc3.invalid1.repair
FAIL: rebarFields.RectSet.B1.as_2.loc3.invalid2.address
FAIL: rebarFields.RectSet.B1.as_2.loc3.invalid2.repair
FAIL: rebarFields.RectSet.B1.as_2.bind3.invalid1.reject
FAIL: rebarFields.RectSet.B1.as_2.bind3.invalid1.address
FAIL: rebarFields.RectSet.B1.as_2.bind3.invalid1.repair
FAIL: rebarFields.RectSet.B1.as_2.bind3.invalid2.address
FAIL: rebarFields.RectSet.B1.as_2.bind3.invalid2.repair
FAIL: rebarFields.RectSet.H2.as_1.as.invalid1.reject
FAIL: rebarFields.RectSet.H2.as_1.as.invalid1.address
FAIL: rebarFields.RectSet.H2.as_1.as.invalid1.repair
FAIL: rebarFields.RectSet.H2.as_1.as.invalid2.address
FAIL: rebarFields.RectSet.H2.as_1.as.invalid2.repair
FAIL: rebarFields.RectSet.H2.as_1.d.invalid1.address
FAIL: rebarFields.RectSet.H2.as_1.d.invalid1.repair
FAIL: rebarFields.RectSet.H2.as_1.n.invalid1.address
FAIL: rebarFields.RectSet.H2.as_1.n.invalid1.repair
FAIL: rebarFields.RectSet.H2.as_1.start.invalid1.reject
FAIL: rebarFields.RectSet.H2.as_1.start.invalid1.address
FAIL: rebarFields.RectSet.H2.as_1.start.invalid1.repair
FAIL: rebarFields.RectSet.H2.as_1.start.invalid2.address
FAIL: rebarFields.RectSet.H2.as_1.start.invalid2.repair
FAIL: rebarFields.RectSet.H2.as_1.end.invalid1.reject
FAIL: rebarFields.RectSet.H2.as_1.end.invalid1.address
FAIL: rebarFields.RectSet.H2.as_1.end.invalid1.repair
FAIL: rebarFields.RectSet.H2.as_1.end.invalid2.address
FAIL: rebarFields.RectSet.H2.as_1.end.invalid2.repair
FAIL: rebarFields.RectSet.H2.as_1.d2.invalid1.address
FAIL: rebarFields.RectSet.H2.as_1.d2.invalid1.repair
FAIL: rebarFields.RectSet.H2.as_1.loc2.invalid1.reject
FAIL: rebarFields.RectSet.H2.as_1.loc2.invalid1.address
FAIL: rebarFields.RectSet.H2.as_1.loc2.invalid1.repair
FAIL: rebarFields.RectSet.H2.as_1.loc2.invalid2.address
FAIL: rebarFields.RectSet.H2.as_1.loc2.invalid2.repair
FAIL: rebarFields.RectSet.H2.as_1.bind2.invalid1.reject
FAIL: rebarFields.RectSet.H2.as_1.bind2.invalid1.address
FAIL: rebarFields.RectSet.H2.as_1.bind2.invalid1.repair
FAIL: rebarFields.RectSet.H2.as_1.bind2.invalid2.address
FAIL: rebarFields.RectSet.H2.as_1.bind2.invalid2.repair
FAIL: rebarFields.RectSet.H2.as_1.d3.invalid1.address
FAIL: rebarFields.RectSet.H2.as_1.d3.invalid1.repair
FAIL: rebarFields.RectSet.H2.as_1.loc3.invalid1.reject
FAIL: rebarFields.RectSet.H2.as_1.loc3.invalid1.address
FAIL: rebarFields.RectSet.H2.as_1.loc3.invalid1.repair
FAIL: rebarFields.RectSet.H2.as_1.loc3.invalid2.address
FAIL: rebarFields.RectSet.H2.as_1.loc3.invalid2.repair
FAIL: rebarFields.RectSet.H2.as_1.bind3.invalid1.reject
FAIL: rebarFields.RectSet.H2.as_1.bind3.invalid1.address
FAIL: rebarFields.RectSet.H2.as_1.bind3.invalid1.repair
FAIL: rebarFields.RectSet.H2.as_1.bind3.invalid2.address
FAIL: rebarFields.RectSet.H2.as_1.bind3.invalid2.repair
FAIL: rebarFields.RectSet.H2.as_2.as.invalid1.reject
FAIL: rebarFields.RectSet.H2.as_2.as.invalid1.address
FAIL: rebarFields.RectSet.H2.as_2.as.invalid1.repair
FAIL: rebarFields.RectSet.H2.as_2.as.invalid2.address
FAIL: rebarFields.RectSet.H2.as_2.as.invalid2.repair
FAIL: rebarFields.RectSet.H2.as_2.d.invalid1.address
FAIL: rebarFields.RectSet.H2.as_2.d.invalid1.repair
FAIL: rebarFields.RectSet.H2.as_2.n.invalid1.address
FAIL: rebarFields.RectSet.H2.as_2.n.invalid1.repair
FAIL: rebarFields.RectSet.H2.as_2.start.invalid1.reject
FAIL: rebarFields.RectSet.H2.as_2.start.invalid1.address
FAIL: rebarFields.RectSet.H2.as_2.start.invalid1.repair
FAIL: rebarFields.RectSet.H2.as_2.start.invalid2.address
FAIL: rebarFields.RectSet.H2.as_2.start.invalid2.repair
FAIL: rebarFields.RectSet.H2.as_2.end.invalid1.reject
FAIL: rebarFields.RectSet.H2.as_2.end.invalid1.address
FAIL: rebarFields.RectSet.H2.as_2.end.invalid1.repair
FAIL: rebarFields.RectSet.H2.as_2.end.invalid2.address
FAIL: rebarFields.RectSet.H2.as_2.end.invalid2.repair
FAIL: rebarFields.RectSet.H2.as_2.d2.invalid1.address
FAIL: rebarFields.RectSet.H2.as_2.d2.invalid1.repair
FAIL: rebarFields.RectSet.H2.as_2.loc2.invalid1.reject
FAIL: rebarFields.RectSet.H2.as_2.loc2.invalid1.address
FAIL: rebarFields.RectSet.H2.as_2.loc2.invalid1.repair
FAIL: rebarFields.RectSet.H2.as_2.loc2.invalid2.address
FAIL: rebarFields.RectSet.H2.as_2.loc2.invalid2.repair
FAIL: rebarFields.RectSet.H2.as_2.bind2.invalid1.reject
FAIL: rebarFields.RectSet.H2.as_2.bind2.invalid1.address
FAIL: rebarFields.RectSet.H2.as_2.bind2.invalid1.repair
FAIL: rebarFields.RectSet.H2.as_2.bind2.invalid2.address
FAIL: rebarFields.RectSet.H2.as_2.bind2.invalid2.repair
FAIL: rebarFields.RectSet.H2.as_2.d3.invalid1.address
FAIL: rebarFields.RectSet.H2.as_2.d3.invalid1.repair
FAIL: rebarFields.RectSet.H2.as_2.loc3.invalid1.reject
FAIL: rebarFields.RectSet.H2.as_2.loc3.invalid1.address
FAIL: rebarFields.RectSet.H2.as_2.loc3.invalid1.repair
FAIL: rebarFields.RectSet.H2.as_2.loc3.invalid2.address
FAIL: rebarFields.RectSet.H2.as_2.loc3.invalid2.repair
FAIL: rebarFields.RectSet.H2.as_2.bind3.invalid1.reject
FAIL: rebarFields.RectSet.H2.as_2.bind3.invalid1.address
FAIL: rebarFields.RectSet.H2.as_2.bind3.invalid1.repair
FAIL: rebarFields.RectSet.H2.as_2.bind3.invalid2.address
FAIL: rebarFields.RectSet.H2.as_2.bind3.invalid2.repair
FAIL: rebarFields.RectSet.B2.as_1.as.invalid1.reject
FAIL: rebarFields.RectSet.B2.as_1.as.invalid1.address
FAIL: rebarFields.RectSet.B2.as_1.as.invalid1.repair
FAIL: rebarFields.RectSet.B2.as_1.as.invalid2.address
FAIL: rebarFields.RectSet.B2.as_1.as.invalid2.repair
FAIL: rebarFields.RectSet.B2.as_1.d.invalid1.address
FAIL: rebarFields.RectSet.B2.as_1.d.invalid1.repair
FAIL: rebarFields.RectSet.B2.as_1.n.invalid1.address
FAIL: rebarFields.RectSet.B2.as_1.n.invalid1.repair
FAIL: rebarFields.RectSet.B2.as_1.start.invalid1.reject
FAIL: rebarFields.RectSet.B2.as_1.start.invalid1.address
FAIL: rebarFields.RectSet.B2.as_1.start.invalid1.repair
FAIL: rebarFields.RectSet.B2.as_1.start.invalid2.address
FAIL: rebarFields.RectSet.B2.as_1.start.invalid2.repair
FAIL: rebarFields.RectSet.B2.as_1.end.invalid1.reject
FAIL: rebarFields.RectSet.B2.as_1.end.invalid1.address
FAIL: rebarFields.RectSet.B2.as_1.end.invalid1.repair
FAIL: rebarFields.RectSet.B2.as_1.end.invalid2.address
FAIL: rebarFields.RectSet.B2.as_1.end.invalid2.repair
FAIL: rebarFields.RectSet.B2.as_1.d2.invalid1.address
FAIL: rebarFields.RectSet.B2.as_1.d2.invalid1.repair
FAIL: rebarFields.RectSet.B2.as_1.loc2.invalid1.reject
FAIL: rebarFields.RectSet.B2.as_1.loc2.invalid1.address
FAIL: rebarFields.RectSet.B2.as_1.loc2.invalid1.repair
FAIL: rebarFields.RectSet.B2.as_1.loc2.invalid2.address
FAIL: rebarFields.RectSet.B2.as_1.loc2.invalid2.repair
FAIL: rebarFields.RectSet.B2.as_1.bind2.invalid1.reject
FAIL: rebarFields.RectSet.B2.as_1.bind2.invalid1.address
FAIL: rebarFields.RectSet.B2.as_1.bind2.invalid1.repair
FAIL: rebarFields.RectSet.B2.as_1.bind2.invalid2.address
FAIL: rebarFields.RectSet.B2.as_1.bind2.invalid2.repair
FAIL: rebarFields.RectSet.B2.as_1.d3.invalid1.address
FAIL: rebarFields.RectSet.B2.as_1.d3.invalid1.repair
FAIL: rebarFields.RectSet.B2.as_1.loc3.invalid1.reject
FAIL: rebarFields.RectSet.B2.as_1.loc3.invalid1.address
FAIL: rebarFields.RectSet.B2.as_1.loc3.invalid1.repair
FAIL: rebarFields.RectSet.B2.as_1.loc3.invalid2.address
FAIL: rebarFields.RectSet.B2.as_1.loc3.invalid2.repair
FAIL: rebarFields.RectSet.B2.as_1.bind3.invalid1.reject
FAIL: rebarFields.RectSet.B2.as_1.bind3.invalid1.address
FAIL: rebarFields.RectSet.B2.as_1.bind3.invalid1.repair
FAIL: rebarFields.RectSet.B2.as_1.bind3.invalid2.address
FAIL: rebarFields.RectSet.B2.as_1.bind3.invalid2.repair
FAIL: rebarFields.RectSet.B2.as_2.as.invalid1.reject
FAIL: rebarFields.RectSet.B2.as_2.as.invalid1.address
FAIL: rebarFields.RectSet.B2.as_2.as.invalid1.repair
FAIL: rebarFields.RectSet.B2.as_2.as.invalid2.address
FAIL: rebarFields.RectSet.B2.as_2.as.invalid2.repair
FAIL: rebarFields.RectSet.B2.as_2.d.invalid1.address
FAIL: rebarFields.RectSet.B2.as_2.d.invalid1.repair
FAIL: rebarFields.RectSet.B2.as_2.n.invalid1.address
FAIL: rebarFields.RectSet.B2.as_2.n.invalid1.repair
FAIL: rebarFields.RectSet.B2.as_2.start.invalid1.reject
FAIL: rebarFields.RectSet.B2.as_2.start.invalid1.address
FAIL: rebarFields.RectSet.B2.as_2.start.invalid1.repair
FAIL: rebarFields.RectSet.B2.as_2.start.invalid2.address
FAIL: rebarFields.RectSet.B2.as_2.start.invalid2.repair
FAIL: rebarFields.RectSet.B2.as_2.end.invalid1.reject
FAIL: rebarFields.RectSet.B2.as_2.end.invalid1.address
FAIL: rebarFields.RectSet.B2.as_2.end.invalid1.repair
FAIL: rebarFields.RectSet.B2.as_2.end.invalid2.address
FAIL: rebarFields.RectSet.B2.as_2.end.invalid2.repair
FAIL: rebarFields.RectSet.B2.as_2.d2.invalid1.address
FAIL: rebarFields.RectSet.B2.as_2.d2.invalid1.repair
FAIL: rebarFields.RectSet.B2.as_2.loc2.invalid1.reject
FAIL: rebarFields.RectSet.B2.as_2.loc2.invalid1.address
FAIL: rebarFields.RectSet.B2.as_2.loc2.invalid1.repair
FAIL: rebarFields.RectSet.B2.as_2.loc2.invalid2.address
FAIL: rebarFields.RectSet.B2.as_2.loc2.invalid2.repair
FAIL: rebarFields.RectSet.B2.as_2.bind2.invalid1.reject
FAIL: rebarFields.RectSet.B2.as_2.bind2.invalid1.address
FAIL: rebarFields.RectSet.B2.as_2.bind2.invalid1.repair
FAIL: rebarFields.RectSet.B2.as_2.bind2.invalid2.address
FAIL: rebarFields.RectSet.B2.as_2.bind2.invalid2.repair
FAIL: rebarFields.RectSet.B2.as_2.d3.invalid1.address
FAIL: rebarFields.RectSet.B2.as_2.d3.invalid1.repair
FAIL: rebarFields.RectSet.B2.as_2.loc3.invalid1.reject
FAIL: rebarFields.RectSet.B2.as_2.loc3.invalid1.address
FAIL: rebarFields.RectSet.B2.as_2.loc3.invalid1.repair
FAIL: rebarFields.RectSet.B2.as_2.loc3.invalid2.address
FAIL: rebarFields.RectSet.B2.as_2.loc3.invalid2.repair
FAIL: rebarFields.RectSet.B2.as_2.bind3.invalid1.reject
FAIL: rebarFields.RectSet.B2.as_2.bind3.invalid1.address
FAIL: rebarFields.RectSet.B2.as_2.bind3.invalid1.repair
FAIL: rebarFields.RectSet.B2.as_2.bind3.invalid2.address
FAIL: rebarFields.RectSet.B2.as_2.bind3.invalid2.repair
FAIL: rebarFields.RoundedRectangle.H.Left.as.invalid1.reject
FAIL: rebarFields.RoundedRectangle.H.Left.as.invalid1.address
FAIL: rebarFields.RoundedRectangle.H.Left.as.invalid1.repair
FAIL: rebarFields.RoundedRectangle.H.Left.as.invalid2.address
FAIL: rebarFields.RoundedRectangle.H.Left.as.invalid2.repair
FAIL: rebarFields.RoundedRectangle.H.Left.d.invalid1.address
FAIL: rebarFields.RoundedRectangle.H.Left.d.invalid1.repair
FAIL: rebarFields.RoundedRectangle.H.Left.n.invalid1.address
FAIL: rebarFields.RoundedRectangle.H.Left.n.invalid1.repair
FAIL: rebarFields.RoundedRectangle.H.Left.d2.invalid1.address
FAIL: rebarFields.RoundedRectangle.H.Left.d2.invalid1.repair
FAIL: rebarFields.RoundedRectangle.H.Left.loc2.invalid1.reject
FAIL: rebarFields.RoundedRectangle.H.Left.loc2.invalid1.address
FAIL: rebarFields.RoundedRectangle.H.Left.loc2.invalid1.repair
FAIL: rebarFields.RoundedRectangle.H.Left.loc2.invalid2.address
FAIL: rebarFields.RoundedRectangle.H.Left.loc2.invalid2.repair
FAIL: rebarFields.RoundedRectangle.H.Left.bind2.invalid1.reject
FAIL: rebarFields.RoundedRectangle.H.Left.bind2.invalid1.address
FAIL: rebarFields.RoundedRectangle.H.Left.bind2.invalid1.repair
FAIL: rebarFields.RoundedRectangle.H.Left.bind2.invalid2.address
FAIL: rebarFields.RoundedRectangle.H.Left.bind2.invalid2.repair
FAIL: rebarFields.RoundedRectangle.H.Left.d3.invalid1.address
FAIL: rebarFields.RoundedRectangle.H.Left.d3.invalid1.repair
FAIL: rebarFields.RoundedRectangle.H.Left.loc3.invalid1.reject
FAIL: rebarFields.RoundedRectangle.H.Left.loc3.invalid1.address
FAIL: rebarFields.RoundedRectangle.H.Left.loc3.invalid1.repair
FAIL: rebarFields.RoundedRectangle.H.Left.loc3.invalid2.address
FAIL: rebarFields.RoundedRectangle.H.Left.loc3.invalid2.repair
FAIL: rebarFields.RoundedRectangle.H.Left.bind3.invalid1.reject
FAIL: rebarFields.RoundedRectangle.H.Left.bind3.invalid1.address
FAIL: rebarFields.RoundedRectangle.H.Left.bind3.invalid1.repair
FAIL: rebarFields.RoundedRectangle.H.Left.bind3.invalid2.address
FAIL: rebarFields.RoundedRectangle.H.Left.bind3.invalid2.repair
FAIL: rebarFields.RoundedRectangle.H.Right.as.invalid1.reject
FAIL: rebarFields.RoundedRectangle.H.Right.as.invalid1.address
FAIL: rebarFields.RoundedRectangle.H.Right.as.invalid1.repair
FAIL: rebarFields.RoundedRectangle.H.Right.as.invalid2.address
FAIL: rebarFields.RoundedRectangle.H.Right.as.invalid2.repair
FAIL: rebarFields.RoundedRectangle.H.Right.d.invalid1.address
FAIL: rebarFields.RoundedRectangle.H.Right.d.invalid1.repair
FAIL: rebarFields.RoundedRectangle.H.Right.n.invalid1.address
FAIL: rebarFields.RoundedRectangle.H.Right.n.invalid1.repair
FAIL: rebarFields.RoundedRectangle.H.Right.d2.invalid1.address
FAIL: rebarFields.RoundedRectangle.H.Right.d2.invalid1.repair
FAIL: rebarFields.RoundedRectangle.H.Right.loc2.invalid1.reject
FAIL: rebarFields.RoundedRectangle.H.Right.loc2.invalid1.address
FAIL: rebarFields.RoundedRectangle.H.Right.loc2.invalid1.repair
FAIL: rebarFields.RoundedRectangle.H.Right.loc2.invalid2.address
FAIL: rebarFields.RoundedRectangle.H.Right.loc2.invalid2.repair
FAIL: rebarFields.RoundedRectangle.H.Right.bind2.invalid1.reject
FAIL: rebarFields.RoundedRectangle.H.Right.bind2.invalid1.address
FAIL: rebarFields.RoundedRectangle.H.Right.bind2.invalid1.repair
FAIL: rebarFields.RoundedRectangle.H.Right.bind2.invalid2.address
FAIL: rebarFields.RoundedRectangle.H.Right.bind2.invalid2.repair
FAIL: rebarFields.RoundedRectangle.H.Right.d3.invalid1.address
FAIL: rebarFields.RoundedRectangle.H.Right.d3.invalid1.repair
FAIL: rebarFields.RoundedRectangle.H.Right.loc3.invalid1.reject
FAIL: rebarFields.RoundedRectangle.H.Right.loc3.invalid1.address
FAIL: rebarFields.RoundedRectangle.H.Right.loc3.invalid1.repair
FAIL: rebarFields.RoundedRectangle.H.Right.loc3.invalid2.address
FAIL: rebarFields.RoundedRectangle.H.Right.loc3.invalid2.repair
FAIL: rebarFields.RoundedRectangle.H.Right.bind3.invalid1.reject
FAIL: rebarFields.RoundedRectangle.H.Right.bind3.invalid1.address
FAIL: rebarFields.RoundedRectangle.H.Right.bind3.invalid1.repair
FAIL: rebarFields.RoundedRectangle.H.Right.bind3.invalid2.address
FAIL: rebarFields.RoundedRectangle.H.Right.bind3.invalid2.repair
FAIL: rebarFields.RoundedRectangle.B.Top.as.invalid1.reject
FAIL: rebarFields.RoundedRectangle.B.Top.as.invalid1.address
FAIL: rebarFields.RoundedRectangle.B.Top.as.invalid1.repair
FAIL: rebarFields.RoundedRectangle.B.Top.as.invalid2.address
FAIL: rebarFields.RoundedRectangle.B.Top.as.invalid2.repair
FAIL: rebarFields.RoundedRectangle.B.Top.d.invalid1.address
FAIL: rebarFields.RoundedRectangle.B.Top.d.invalid1.repair
FAIL: rebarFields.RoundedRectangle.B.Top.n.invalid1.address
FAIL: rebarFields.RoundedRectangle.B.Top.n.invalid1.repair
FAIL: rebarFields.RoundedRectangle.B.Top.d2.invalid1.address
FAIL: rebarFields.RoundedRectangle.B.Top.d2.invalid1.repair
FAIL: rebarFields.RoundedRectangle.B.Top.loc2.invalid1.reject
FAIL: rebarFields.RoundedRectangle.B.Top.loc2.invalid1.address
FAIL: rebarFields.RoundedRectangle.B.Top.loc2.invalid1.repair
FAIL: rebarFields.RoundedRectangle.B.Top.loc2.invalid2.address
FAIL: rebarFields.RoundedRectangle.B.Top.loc2.invalid2.repair
FAIL: rebarFields.RoundedRectangle.B.Top.bind2.invalid1.reject
FAIL: rebarFields.RoundedRectangle.B.Top.bind2.invalid1.address
FAIL: rebarFields.RoundedRectangle.B.Top.bind2.invalid1.repair
FAIL: rebarFields.RoundedRectangle.B.Top.bind2.invalid2.address
FAIL: rebarFields.RoundedRectangle.B.Top.bind2.invalid2.repair
FAIL: rebarFields.RoundedRectangle.B.Top.d3.invalid1.address
FAIL: rebarFields.RoundedRectangle.B.Top.d3.invalid1.repair
FAIL: rebarFields.RoundedRectangle.B.Top.loc3.invalid1.reject
FAIL: rebarFields.RoundedRectangle.B.Top.loc3.invalid1.address
FAIL: rebarFields.RoundedRectangle.B.Top.loc3.invalid1.repair
FAIL: rebarFields.RoundedRectangle.B.Top.loc3.invalid2.address
FAIL: rebarFields.RoundedRectangle.B.Top.loc3.invalid2.repair
FAIL: rebarFields.RoundedRectangle.B.Top.bind3.invalid1.reject
FAIL: rebarFields.RoundedRectangle.B.Top.bind3.invalid1.address
FAIL: rebarFields.RoundedRectangle.B.Top.bind3.invalid1.repair
FAIL: rebarFields.RoundedRectangle.B.Top.bind3.invalid2.address
FAIL: rebarFields.RoundedRectangle.B.Top.bind3.invalid2.repair
FAIL: rebarFields.RoundedRectangle.B.Bottom.as.invalid1.reject
FAIL: rebarFields.RoundedRectangle.B.Bottom.as.invalid1.address
FAIL: rebarFields.RoundedRectangle.B.Bottom.as.invalid1.repair
FAIL: rebarFields.RoundedRectangle.B.Bottom.as.invalid2.address
FAIL: rebarFields.RoundedRectangle.B.Bottom.as.invalid2.repair
FAIL: rebarFields.RoundedRectangle.B.Bottom.d.invalid1.address
FAIL: rebarFields.RoundedRectangle.B.Bottom.d.invalid1.repair
FAIL: rebarFields.RoundedRectangle.B.Bottom.n.invalid1.address
FAIL: rebarFields.RoundedRectangle.B.Bottom.n.invalid1.repair
FAIL: rebarFields.RoundedRectangle.B.Bottom.d2.invalid1.address
FAIL: rebarFields.RoundedRectangle.B.Bottom.d2.invalid1.repair
FAIL: rebarFields.RoundedRectangle.B.Bottom.loc2.invalid1.reject
FAIL: rebarFields.RoundedRectangle.B.Bottom.loc2.invalid1.address
FAIL: rebarFields.RoundedRectangle.B.Bottom.loc2.invalid1.repair
FAIL: rebarFields.RoundedRectangle.B.Bottom.loc2.invalid2.address
FAIL: rebarFields.RoundedRectangle.B.Bottom.loc2.invalid2.repair
FAIL: rebarFields.RoundedRectangle.B.Bottom.bind2.invalid1.reject
FAIL: rebarFields.RoundedRectangle.B.Bottom.bind2.invalid1.address
FAIL: rebarFields.RoundedRectangle.B.Bottom.bind2.invalid1.repair
FAIL: rebarFields.RoundedRectangle.B.Bottom.bind2.invalid2.address
FAIL: rebarFields.RoundedRectangle.B.Bottom.bind2.invalid2.repair
FAIL: rebarFields.RoundedRectangle.B.Bottom.d3.invalid1.address
FAIL: rebarFields.RoundedRectangle.B.Bottom.d3.invalid1.repair
FAIL: rebarFields.RoundedRectangle.B.Bottom.loc3.invalid1.reject
FAIL: rebarFields.RoundedRectangle.B.Bottom.loc3.invalid1.address
FAIL: rebarFields.RoundedRectangle.B.Bottom.loc3.invalid1.repair
FAIL: rebarFields.RoundedRectangle.B.Bottom.loc3.invalid2.address
FAIL: rebarFields.RoundedRectangle.B.Bottom.loc3.invalid2.repair
FAIL: rebarFields.RoundedRectangle.B.Bottom.bind3.invalid1.reject
FAIL: rebarFields.RoundedRectangle.B.Bottom.bind3.invalid1.address
FAIL: rebarFields.RoundedRectangle.B.Bottom.bind3.invalid1.repair
FAIL: rebarFields.RoundedRectangle.B.Bottom.bind3.invalid2.address
FAIL: rebarFields.RoundedRectangle.B.Bottom.bind3.invalid2.repair
FAIL: rebarFields.HollowRectangle.H.Left.as.invalid1.reject
FAIL: rebarFields.HollowRectangle.H.Left.as.invalid1.address
FAIL: rebarFields.HollowRectangle.H.Left.as.invalid1.repair
FAIL: rebarFields.HollowRectangle.H.Left.as.invalid2.address
FAIL: rebarFields.HollowRectangle.H.Left.as.invalid2.repair
FAIL: rebarFields.HollowRectangle.H.Left.d.invalid1.address
FAIL: rebarFields.HollowRectangle.H.Left.d.invalid1.repair
FAIL: rebarFields.HollowRectangle.H.Left.d2.invalid1.address
FAIL: rebarFields.HollowRectangle.H.Left.d2.invalid1.repair
FAIL: rebarFields.HollowRectangle.H.Left.loc2.invalid1.reject
FAIL: rebarFields.HollowRectangle.H.Left.loc2.invalid1.address
FAIL: rebarFields.HollowRectangle.H.Left.loc2.invalid1.repair
FAIL: rebarFields.HollowRectangle.H.Left.loc2.invalid2.address
FAIL: rebarFields.HollowRectangle.H.Left.loc2.invalid2.repair
FAIL: rebarFields.HollowRectangle.H.Left.bind2.invalid1.reject
FAIL: rebarFields.HollowRectangle.H.Left.bind2.invalid1.address
FAIL: rebarFields.HollowRectangle.H.Left.bind2.invalid1.repair
FAIL: rebarFields.HollowRectangle.H.Left.bind2.invalid2.address
FAIL: rebarFields.HollowRectangle.H.Left.bind2.invalid2.repair
FAIL: rebarFields.HollowRectangle.H.Left.d3.invalid1.address
FAIL: rebarFields.HollowRectangle.H.Left.d3.invalid1.repair
FAIL: rebarFields.HollowRectangle.H.Left.loc3.invalid1.reject
FAIL: rebarFields.HollowRectangle.H.Left.loc3.invalid1.address
FAIL: rebarFields.HollowRectangle.H.Left.loc3.invalid1.repair
FAIL: rebarFields.HollowRectangle.H.Left.loc3.invalid2.address
FAIL: rebarFields.HollowRectangle.H.Left.loc3.invalid2.repair
FAIL: rebarFields.HollowRectangle.H.Left.bind3.invalid1.reject
FAIL: rebarFields.HollowRectangle.H.Left.bind3.invalid1.address
FAIL: rebarFields.HollowRectangle.H.Left.bind3.invalid1.repair
FAIL: rebarFields.HollowRectangle.H.Left.bind3.invalid2.address
FAIL: rebarFields.HollowRectangle.H.Left.bind3.invalid2.repair
FAIL: rebarFields.HollowRectangle.H.Right.as.invalid1.reject
FAIL: rebarFields.HollowRectangle.H.Right.as.invalid1.address
FAIL: rebarFields.HollowRectangle.H.Right.as.invalid1.repair
FAIL: rebarFields.HollowRectangle.H.Right.as.invalid2.address
FAIL: rebarFields.HollowRectangle.H.Right.as.invalid2.repair
FAIL: rebarFields.HollowRectangle.H.Right.d.invalid1.address
FAIL: rebarFields.HollowRectangle.H.Right.d.invalid1.repair
FAIL: rebarFields.HollowRectangle.H.Right.d2.invalid1.address
FAIL: rebarFields.HollowRectangle.H.Right.d2.invalid1.repair
FAIL: rebarFields.HollowRectangle.H.Right.loc2.invalid1.reject
FAIL: rebarFields.HollowRectangle.H.Right.loc2.invalid1.address
FAIL: rebarFields.HollowRectangle.H.Right.loc2.invalid1.repair
FAIL: rebarFields.HollowRectangle.H.Right.loc2.invalid2.address
FAIL: rebarFields.HollowRectangle.H.Right.loc2.invalid2.repair
FAIL: rebarFields.HollowRectangle.H.Right.bind2.invalid1.reject
FAIL: rebarFields.HollowRectangle.H.Right.bind2.invalid1.address
FAIL: rebarFields.HollowRectangle.H.Right.bind2.invalid1.repair
FAIL: rebarFields.HollowRectangle.H.Right.bind2.invalid2.address
FAIL: rebarFields.HollowRectangle.H.Right.bind2.invalid2.repair
FAIL: rebarFields.HollowRectangle.H.Right.d3.invalid1.address
FAIL: rebarFields.HollowRectangle.H.Right.d3.invalid1.repair
FAIL: rebarFields.HollowRectangle.H.Right.loc3.invalid1.reject
FAIL: rebarFields.HollowRectangle.H.Right.loc3.invalid1.address
FAIL: rebarFields.HollowRectangle.H.Right.loc3.invalid1.repair
FAIL: rebarFields.HollowRectangle.H.Right.loc3.invalid2.address
FAIL: rebarFields.HollowRectangle.H.Right.loc3.invalid2.repair
FAIL: rebarFields.HollowRectangle.H.Right.bind3.invalid1.reject
FAIL: rebarFields.HollowRectangle.H.Right.bind3.invalid1.address
FAIL: rebarFields.HollowRectangle.H.Right.bind3.invalid1.repair
FAIL: rebarFields.HollowRectangle.H.Right.bind3.invalid2.address
FAIL: rebarFields.HollowRectangle.H.Right.bind3.invalid2.repair
FAIL: rebarFields.HollowRectangle.B.Top.as.invalid1.reject
FAIL: rebarFields.HollowRectangle.B.Top.as.invalid1.address
FAIL: rebarFields.HollowRectangle.B.Top.as.invalid1.repair
FAIL: rebarFields.HollowRectangle.B.Top.as.invalid2.address
FAIL: rebarFields.HollowRectangle.B.Top.as.invalid2.repair
FAIL: rebarFields.HollowRectangle.B.Top.d.invalid1.address
FAIL: rebarFields.HollowRectangle.B.Top.d.invalid1.repair
FAIL: rebarFields.HollowRectangle.B.Top.d2.invalid1.address
FAIL: rebarFields.HollowRectangle.B.Top.d2.invalid1.repair
FAIL: rebarFields.HollowRectangle.B.Top.loc2.invalid1.reject
FAIL: rebarFields.HollowRectangle.B.Top.loc2.invalid1.address
FAIL: rebarFields.HollowRectangle.B.Top.loc2.invalid1.repair
FAIL: rebarFields.HollowRectangle.B.Top.loc2.invalid2.address
FAIL: rebarFields.HollowRectangle.B.Top.loc2.invalid2.repair
FAIL: rebarFields.HollowRectangle.B.Top.bind2.invalid1.reject
FAIL: rebarFields.HollowRectangle.B.Top.bind2.invalid1.address
FAIL: rebarFields.HollowRectangle.B.Top.bind2.invalid1.repair
FAIL: rebarFields.HollowRectangle.B.Top.bind2.invalid2.address
FAIL: rebarFields.HollowRectangle.B.Top.bind2.invalid2.repair
FAIL: rebarFields.HollowRectangle.B.Top.d3.invalid1.address
FAIL: rebarFields.HollowRectangle.B.Top.d3.invalid1.repair
FAIL: rebarFields.HollowRectangle.B.Top.loc3.invalid1.reject
FAIL: rebarFields.HollowRectangle.B.Top.loc3.invalid1.address
FAIL: rebarFields.HollowRectangle.B.Top.loc3.invalid1.repair
FAIL: rebarFields.HollowRectangle.B.Top.loc3.invalid2.address
FAIL: rebarFields.HollowRectangle.B.Top.loc3.invalid2.repair
FAIL: rebarFields.HollowRectangle.B.Top.bind3.invalid1.reject
FAIL: rebarFields.HollowRectangle.B.Top.bind3.invalid1.address
FAIL: rebarFields.HollowRectangle.B.Top.bind3.invalid1.repair
FAIL: rebarFields.HollowRectangle.B.Top.bind3.invalid2.address
FAIL: rebarFields.HollowRectangle.B.Top.bind3.invalid2.repair
FAIL: rebarFields.HollowRectangle.B.Bottom.as.invalid1.reject
FAIL: rebarFields.HollowRectangle.B.Bottom.as.invalid1.address
FAIL: rebarFields.HollowRectangle.B.Bottom.as.invalid1.repair
FAIL: rebarFields.HollowRectangle.B.Bottom.as.invalid2.address
FAIL: rebarFields.HollowRectangle.B.Bottom.as.invalid2.repair
FAIL: rebarFields.HollowRectangle.B.Bottom.d.invalid1.address
FAIL: rebarFields.HollowRectangle.B.Bottom.d.invalid1.repair
FAIL: rebarFields.HollowRectangle.B.Bottom.d2.invalid1.address
FAIL: rebarFields.HollowRectangle.B.Bottom.d2.invalid1.repair
FAIL: rebarFields.HollowRectangle.B.Bottom.loc2.invalid1.reject
FAIL: rebarFields.HollowRectangle.B.Bottom.loc2.invalid1.address
FAIL: rebarFields.HollowRectangle.B.Bottom.loc2.invalid1.repair
FAIL: rebarFields.HollowRectangle.B.Bottom.loc2.invalid2.address
FAIL: rebarFields.HollowRectangle.B.Bottom.loc2.invalid2.repair
FAIL: rebarFields.HollowRectangle.B.Bottom.bind2.invalid1.reject
FAIL: rebarFields.HollowRectangle.B.Bottom.bind2.invalid1.address
FAIL: rebarFields.HollowRectangle.B.Bottom.bind2.invalid1.repair
FAIL: rebarFields.HollowRectangle.B.Bottom.bind2.invalid2.address
FAIL: rebarFields.HollowRectangle.B.Bottom.bind2.invalid2.repair
FAIL: rebarFields.HollowRectangle.B.Bottom.d3.invalid1.address
FAIL: rebarFields.HollowRectangle.B.Bottom.d3.invalid1.repair
FAIL: rebarFields.HollowRectangle.B.Bottom.loc3.invalid1.reject
FAIL: rebarFields.HollowRectangle.B.Bottom.loc3.invalid1.address
FAIL: rebarFields.HollowRectangle.B.Bottom.loc3.invalid1.repair
FAIL: rebarFields.HollowRectangle.B.Bottom.loc3.invalid2.address
FAIL: rebarFields.HollowRectangle.B.Bottom.loc3.invalid2.repair
FAIL: rebarFields.HollowRectangle.B.Bottom.bind3.invalid1.reject
FAIL: rebarFields.HollowRectangle.B.Bottom.bind3.invalid1.address
FAIL: rebarFields.HollowRectangle.B.Bottom.bind3.invalid1.repair
FAIL: rebarFields.HollowRectangle.B.Bottom.bind3.invalid2.address
FAIL: rebarFields.HollowRectangle.B.Bottom.bind3.invalid2.repair
FAIL: rebarFields.HollowRectangle.Opening.H.Left.as.invalid1.reject
FAIL: rebarFields.HollowRectangle.Opening.H.Left.as.invalid1.address
FAIL: rebarFields.HollowRectangle.Opening.H.Left.as.invalid1.repair
FAIL: rebarFields.HollowRectangle.Opening.H.Left.as.invalid2.address
FAIL: rebarFields.HollowRectangle.Opening.H.Left.as.invalid2.repair
FAIL: rebarFields.HollowRectangle.Opening.H.Left.d.invalid1.address
FAIL: rebarFields.HollowRectangle.Opening.H.Left.d.invalid1.repair
FAIL: rebarFields.HollowRectangle.Opening.H.Left.d2.invalid1.address
FAIL: rebarFields.HollowRectangle.Opening.H.Left.d2.invalid1.repair
FAIL: rebarFields.HollowRectangle.Opening.H.Left.loc2.invalid1.reject
FAIL: rebarFields.HollowRectangle.Opening.H.Left.loc2.invalid1.address
FAIL: rebarFields.HollowRectangle.Opening.H.Left.loc2.invalid1.repair
FAIL: rebarFields.HollowRectangle.Opening.H.Left.loc2.invalid2.address
FAIL: rebarFields.HollowRectangle.Opening.H.Left.loc2.invalid2.repair
FAIL: rebarFields.HollowRectangle.Opening.H.Left.bind2.invalid1.reject
FAIL: rebarFields.HollowRectangle.Opening.H.Left.bind2.invalid1.address
FAIL: rebarFields.HollowRectangle.Opening.H.Left.bind2.invalid1.repair
FAIL: rebarFields.HollowRectangle.Opening.H.Left.bind2.invalid2.address
FAIL: rebarFields.HollowRectangle.Opening.H.Left.bind2.invalid2.repair
FAIL: rebarFields.HollowRectangle.Opening.H.Left.d3.invalid1.address
FAIL: rebarFields.HollowRectangle.Opening.H.Left.d3.invalid1.repair
FAIL: rebarFields.HollowRectangle.Opening.H.Left.loc3.invalid1.reject
FAIL: rebarFields.HollowRectangle.Opening.H.Left.loc3.invalid1.address
FAIL: rebarFields.HollowRectangle.Opening.H.Left.loc3.invalid1.repair
FAIL: rebarFields.HollowRectangle.Opening.H.Left.loc3.invalid2.address
FAIL: rebarFields.HollowRectangle.Opening.H.Left.loc3.invalid2.repair
FAIL: rebarFields.HollowRectangle.Opening.H.Left.bind3.invalid1.reject
FAIL: rebarFields.HollowRectangle.Opening.H.Left.bind3.invalid1.address
FAIL: rebarFields.HollowRectangle.Opening.H.Left.bind3.invalid1.repair
FAIL: rebarFields.HollowRectangle.Opening.H.Left.bind3.invalid2.address
FAIL: rebarFields.HollowRectangle.Opening.H.Left.bind3.invalid2.repair
FAIL: rebarFields.HollowRectangle.Opening.H.Right.as.invalid1.reject
FAIL: rebarFields.HollowRectangle.Opening.H.Right.as.invalid1.address
FAIL: rebarFields.HollowRectangle.Opening.H.Right.as.invalid1.repair
FAIL: rebarFields.HollowRectangle.Opening.H.Right.as.invalid2.address
FAIL: rebarFields.HollowRectangle.Opening.H.Right.as.invalid2.repair
FAIL: rebarFields.HollowRectangle.Opening.H.Right.d.invalid1.address
FAIL: rebarFields.HollowRectangle.Opening.H.Right.d.invalid1.repair
FAIL: rebarFields.HollowRectangle.Opening.H.Right.d2.invalid1.address
FAIL: rebarFields.HollowRectangle.Opening.H.Right.d2.invalid1.repair
FAIL: rebarFields.HollowRectangle.Opening.H.Right.loc2.invalid1.reject
FAIL: rebarFields.HollowRectangle.Opening.H.Right.loc2.invalid1.address
FAIL: rebarFields.HollowRectangle.Opening.H.Right.loc2.invalid1.repair
FAIL: rebarFields.HollowRectangle.Opening.H.Right.loc2.invalid2.address
FAIL: rebarFields.HollowRectangle.Opening.H.Right.loc2.invalid2.repair
FAIL: rebarFields.HollowRectangle.Opening.H.Right.bind2.invalid1.reject
FAIL: rebarFields.HollowRectangle.Opening.H.Right.bind2.invalid1.address
FAIL: rebarFields.HollowRectangle.Opening.H.Right.bind2.invalid1.repair
FAIL: rebarFields.HollowRectangle.Opening.H.Right.bind2.invalid2.address
FAIL: rebarFields.HollowRectangle.Opening.H.Right.bind2.invalid2.repair
FAIL: rebarFields.HollowRectangle.Opening.H.Right.d3.invalid1.address
FAIL: rebarFields.HollowRectangle.Opening.H.Right.d3.invalid1.repair
FAIL: rebarFields.HollowRectangle.Opening.H.Right.loc3.invalid1.reject
FAIL: rebarFields.HollowRectangle.Opening.H.Right.loc3.invalid1.address
FAIL: rebarFields.HollowRectangle.Opening.H.Right.loc3.invalid1.repair
FAIL: rebarFields.HollowRectangle.Opening.H.Right.loc3.invalid2.address
FAIL: rebarFields.HollowRectangle.Opening.H.Right.loc3.invalid2.repair
FAIL: rebarFields.HollowRectangle.Opening.H.Right.bind3.invalid1.reject
FAIL: rebarFields.HollowRectangle.Opening.H.Right.bind3.invalid1.address
FAIL: rebarFields.HollowRectangle.Opening.H.Right.bind3.invalid1.repair
FAIL: rebarFields.HollowRectangle.Opening.H.Right.bind3.invalid2.address
FAIL: rebarFields.HollowRectangle.Opening.H.Right.bind3.invalid2.repair
FAIL: rebarFields.HollowRectangle.Opening.B.Top.as.invalid1.reject
FAIL: rebarFields.HollowRectangle.Opening.B.Top.as.invalid1.address
FAIL: rebarFields.HollowRectangle.Opening.B.Top.as.invalid1.repair
FAIL: rebarFields.HollowRectangle.Opening.B.Top.as.invalid2.address
FAIL: rebarFields.HollowRectangle.Opening.B.Top.as.invalid2.repair
FAIL: rebarFields.HollowRectangle.Opening.B.Top.d.invalid1.address
FAIL: rebarFields.HollowRectangle.Opening.B.Top.d.invalid1.repair
FAIL: rebarFields.HollowRectangle.Opening.B.Top.d2.invalid1.address
FAIL: rebarFields.HollowRectangle.Opening.B.Top.d2.invalid1.repair
FAIL: rebarFields.HollowRectangle.Opening.B.Top.loc2.invalid1.reject
FAIL: rebarFields.HollowRectangle.Opening.B.Top.loc2.invalid1.address
FAIL: rebarFields.HollowRectangle.Opening.B.Top.loc2.invalid1.repair
FAIL: rebarFields.HollowRectangle.Opening.B.Top.loc2.invalid2.address
FAIL: rebarFields.HollowRectangle.Opening.B.Top.loc2.invalid2.repair
FAIL: rebarFields.HollowRectangle.Opening.B.Top.bind2.invalid1.reject
FAIL: rebarFields.HollowRectangle.Opening.B.Top.bind2.invalid1.address
FAIL: rebarFields.HollowRectangle.Opening.B.Top.bind2.invalid1.repair
FAIL: rebarFields.HollowRectangle.Opening.B.Top.bind2.invalid2.address
FAIL: rebarFields.HollowRectangle.Opening.B.Top.bind2.invalid2.repair
FAIL: rebarFields.HollowRectangle.Opening.B.Top.d3.invalid1.address
FAIL: rebarFields.HollowRectangle.Opening.B.Top.d3.invalid1.repair
FAIL: rebarFields.HollowRectangle.Opening.B.Top.loc3.invalid1.reject
FAIL: rebarFields.HollowRectangle.Opening.B.Top.loc3.invalid1.address
FAIL: rebarFields.HollowRectangle.Opening.B.Top.loc3.invalid1.repair
FAIL: rebarFields.HollowRectangle.Opening.B.Top.loc3.invalid2.address
FAIL: rebarFields.HollowRectangle.Opening.B.Top.loc3.invalid2.repair
FAIL: rebarFields.HollowRectangle.Opening.B.Top.bind3.invalid1.reject
FAIL: rebarFields.HollowRectangle.Opening.B.Top.bind3.invalid1.address
FAIL: rebarFields.HollowRectangle.Opening.B.Top.bind3.invalid1.repair
FAIL: rebarFields.HollowRectangle.Opening.B.Top.bind3.invalid2.address
FAIL: rebarFields.HollowRectangle.Opening.B.Top.bind3.invalid2.repair
FAIL: rebarFields.HollowRectangle.Opening.B.Bottom.as.invalid1.reject
FAIL: rebarFields.HollowRectangle.Opening.B.Bottom.as.invalid1.address
FAIL: rebarFields.HollowRectangle.Opening.B.Bottom.as.invalid1.repair
FAIL: rebarFields.HollowRectangle.Opening.B.Bottom.as.invalid2.address
FAIL: rebarFields.HollowRectangle.Opening.B.Bottom.as.invalid2.repair
FAIL: rebarFields.HollowRectangle.Opening.B.Bottom.d.invalid1.address
FAIL: rebarFields.HollowRectangle.Opening.B.Bottom.d.invalid1.repair
FAIL: rebarFields.HollowRectangle.Opening.B.Bottom.d2.normal1
FAIL: rebarFields.HollowRectangle.Opening.B.Bottom.d2.invalid1.address
FAIL: rebarFields.HollowRectangle.Opening.B.Bottom.d2.invalid1.repair
FAIL: rebarFields.HollowRectangle.Opening.B.Bottom.loc2.invalid1.reject
FAIL: rebarFields.HollowRectangle.Opening.B.Bottom.loc2.invalid1.address
FAIL: rebarFields.HollowRectangle.Opening.B.Bottom.loc2.invalid1.repair
FAIL: rebarFields.HollowRectangle.Opening.B.Bottom.loc2.invalid2.address
FAIL: rebarFields.HollowRectangle.Opening.B.Bottom.loc2.invalid2.repair
FAIL: rebarFields.HollowRectangle.Opening.B.Bottom.bind2.normal1
FAIL: rebarFields.HollowRectangle.Opening.B.Bottom.bind2.invalid1.reject
FAIL: rebarFields.HollowRectangle.Opening.B.Bottom.bind2.invalid1.address
FAIL: rebarFields.HollowRectangle.Opening.B.Bottom.bind2.invalid1.repair
FAIL: rebarFields.HollowRectangle.Opening.B.Bottom.bind2.invalid2.address
FAIL: rebarFields.HollowRectangle.Opening.B.Bottom.bind2.invalid2.repair
FAIL: rebarFields.HollowRectangle.Opening.B.Bottom.d3.normal1
FAIL: rebarFields.HollowRectangle.Opening.B.Bottom.d3.invalid1.address
FAIL: rebarFields.HollowRectangle.Opening.B.Bottom.d3.invalid1.repair
FAIL: rebarFields.HollowRectangle.Opening.B.Bottom.loc3.invalid1.reject
FAIL: rebarFields.HollowRectangle.Opening.B.Bottom.loc3.invalid1.address
FAIL: rebarFields.HollowRectangle.Opening.B.Bottom.loc3.invalid1.repair
FAIL: rebarFields.HollowRectangle.Opening.B.Bottom.loc3.invalid2.address
FAIL: rebarFields.HollowRectangle.Opening.B.Bottom.loc3.invalid2.repair
FAIL: rebarFields.HollowRectangle.Opening.B.Bottom.bind3.normal1
FAIL: rebarFields.HollowRectangle.Opening.B.Bottom.bind3.invalid1.reject
FAIL: rebarFields.HollowRectangle.Opening.B.Bottom.bind3.invalid1.address
FAIL: rebarFields.HollowRectangle.Opening.B.Bottom.bind3.invalid1.repair
FAIL: rebarFields.HollowRectangle.Opening.B.Bottom.bind3.invalid2.address
FAIL: rebarFields.HollowRectangle.Opening.B.Bottom.bind3.invalid2.repair
FAIL: rebarFields.inactive.diameterOff.H1.as_1.d2.2.noInterference
FAIL: rebarFields.inactive.diameterOff.H1.as_1.d2.3.noInterference
FAIL: rebarFields.inactive.countOff.H1.as_1.d2.2.noInterference
FAIL: rebarFields.inactive.countOff.H1.as_1.d2.3.noInterference
FAIL: rebarFields.inactive.extraRowsOff.H1.as_1.loc2.3.noInterference
FAIL: rebarFields.inactive.diameterOff.H1.as_1.loc2.3.noInterference
FAIL: rebarFields.inactive.countOff.H1.as_1.loc2.3.noInterference
FAIL: rebarFields.inactive.extraRowsOff.H1.as_1.bind2.3.noInterference
FAIL: rebarFields.inactive.diameterOff.H1.as_1.bind2.3.noInterference
FAIL: rebarFields.inactive.countOff.H1.as_1.bind2.3.noInterference
FAIL: rebarFields.inactive.diameterOff.H1.as_1.d3.2.noInterference
FAIL: rebarFields.inactive.diameterOff.H1.as_1.d3.3.noInterference
FAIL: rebarFields.inactive.countOff.H1.as_1.d3.2.noInterference
FAIL: rebarFields.inactive.countOff.H1.as_1.d3.3.noInterference
FAIL: rebarFields.inactive.extraRowsOff.H1.as_1.loc3.3.noInterference
FAIL: rebarFields.inactive.diameterOff.H1.as_1.loc3.3.noInterference
FAIL: rebarFields.inactive.countOff.H1.as_1.loc3.3.noInterference
FAIL: rebarFields.inactive.extraRowsOff.H1.as_1.bind3.3.noInterference
FAIL: rebarFields.inactive.diameterOff.H1.as_1.bind3.3.noInterference
FAIL: rebarFields.inactive.countOff.H1.as_1.bind3.3.noInterference
FAIL: rebarFields.inactive.diameterOff.H1.as_2.d2.2.noInterference
FAIL: rebarFields.inactive.diameterOff.H1.as_2.d2.3.noInterference
FAIL: rebarFields.inactive.countOff.H1.as_2.d2.2.noInterference
FAIL: rebarFields.inactive.countOff.H1.as_2.d2.3.noInterference
FAIL: rebarFields.inactive.extraRowsOff.H1.as_2.loc2.3.noInterference
FAIL: rebarFields.inactive.diameterOff.H1.as_2.loc2.3.noInterference
FAIL: rebarFields.inactive.countOff.H1.as_2.loc2.3.noInterference
FAIL: rebarFields.inactive.extraRowsOff.H1.as_2.bind2.3.noInterference
FAIL: rebarFields.inactive.diameterOff.H1.as_2.bind2.3.noInterference
FAIL: rebarFields.inactive.countOff.H1.as_2.bind2.3.noInterference
FAIL: rebarFields.inactive.diameterOff.H1.as_2.d3.2.noInterference
FAIL: rebarFields.inactive.diameterOff.H1.as_2.d3.3.noInterference
FAIL: rebarFields.inactive.countOff.H1.as_2.d3.2.noInterference
FAIL: rebarFields.inactive.countOff.H1.as_2.d3.3.noInterference
FAIL: rebarFields.inactive.extraRowsOff.H1.as_2.loc3.3.noInterference
FAIL: rebarFields.inactive.diameterOff.H1.as_2.loc3.3.noInterference
FAIL: rebarFields.inactive.countOff.H1.as_2.loc3.3.noInterference
FAIL: rebarFields.inactive.extraRowsOff.H1.as_2.bind3.3.noInterference
FAIL: rebarFields.inactive.diameterOff.H1.as_2.bind3.3.noInterference
FAIL: rebarFields.inactive.countOff.H1.as_2.bind3.3.noInterference
FAIL: rebarFields.inactive.diameterOff.B1.as_1.d2.2.noInterference
FAIL: rebarFields.inactive.diameterOff.B1.as_1.d2.3.noInterference
FAIL: rebarFields.inactive.countOff.B1.as_1.d2.2.noInterference
FAIL: rebarFields.inactive.countOff.B1.as_1.d2.3.noInterference
FAIL: rebarFields.inactive.extraRowsOff.B1.as_1.loc2.3.noInterference
FAIL: rebarFields.inactive.diameterOff.B1.as_1.loc2.3.noInterference
FAIL: rebarFields.inactive.countOff.B1.as_1.loc2.3.noInterference
FAIL: rebarFields.inactive.extraRowsOff.B1.as_1.bind2.3.noInterference
FAIL: rebarFields.inactive.diameterOff.B1.as_1.bind2.3.noInterference
FAIL: rebarFields.inactive.countOff.B1.as_1.bind2.3.noInterference
FAIL: rebarFields.inactive.diameterOff.B1.as_1.d3.2.noInterference
FAIL: rebarFields.inactive.diameterOff.B1.as_1.d3.3.noInterference
FAIL: rebarFields.inactive.countOff.B1.as_1.d3.2.noInterference
FAIL: rebarFields.inactive.countOff.B1.as_1.d3.3.noInterference
FAIL: rebarFields.inactive.extraRowsOff.B1.as_1.loc3.3.noInterference
FAIL: rebarFields.inactive.diameterOff.B1.as_1.loc3.3.noInterference
FAIL: rebarFields.inactive.countOff.B1.as_1.loc3.3.noInterference
FAIL: rebarFields.inactive.extraRowsOff.B1.as_1.bind3.3.noInterference
FAIL: rebarFields.inactive.diameterOff.B1.as_1.bind3.3.noInterference
FAIL: rebarFields.inactive.countOff.B1.as_1.bind3.3.noInterference
FAIL: rebarFields.inactive.diameterOff.B1.as_2.d2.2.noInterference
FAIL: rebarFields.inactive.diameterOff.B1.as_2.d2.3.noInterference
FAIL: rebarFields.inactive.countOff.B1.as_2.d2.2.noInterference
FAIL: rebarFields.inactive.countOff.B1.as_2.d2.3.noInterference
FAIL: rebarFields.inactive.extraRowsOff.B1.as_2.loc2.3.noInterference
FAIL: rebarFields.inactive.diameterOff.B1.as_2.loc2.3.noInterference
FAIL: rebarFields.inactive.countOff.B1.as_2.loc2.3.noInterference
FAIL: rebarFields.inactive.extraRowsOff.B1.as_2.bind2.3.noInterference
FAIL: rebarFields.inactive.diameterOff.B1.as_2.bind2.3.noInterference
FAIL: rebarFields.inactive.countOff.B1.as_2.bind2.3.noInterference
FAIL: rebarFields.inactive.diameterOff.B1.as_2.d3.2.noInterference
FAIL: rebarFields.inactive.diameterOff.B1.as_2.d3.3.noInterference
FAIL: rebarFields.inactive.countOff.B1.as_2.d3.2.noInterference
FAIL: rebarFields.inactive.countOff.B1.as_2.d3.3.noInterference
FAIL: rebarFields.inactive.extraRowsOff.B1.as_2.loc3.3.noInterference
FAIL: rebarFields.inactive.diameterOff.B1.as_2.loc3.3.noInterference
FAIL: rebarFields.inactive.countOff.B1.as_2.loc3.3.noInterference
FAIL: rebarFields.inactive.extraRowsOff.B1.as_2.bind3.3.noInterference
FAIL: rebarFields.inactive.diameterOff.B1.as_2.bind3.3.noInterference
FAIL: rebarFields.inactive.countOff.B1.as_2.bind3.3.noInterference
FAIL: rebarFields.inactive.lowerRectangleOff.H2.as_1.as.2.noInterference
FAIL: rebarFields.inactive.lowerRectangleOff.H2.as_1.as.3.noInterference
FAIL: rebarFields.inactive.lowerRectangleOff.H2.as_1.d.2.noInterference
FAIL: rebarFields.inactive.lowerRectangleOff.H2.as_1.d.3.noInterference
FAIL: rebarFields.inactive.lowerRectangleOff.H2.as_1.n.2.noInterference
FAIL: rebarFields.inactive.lowerRectangleOff.H2.as_1.n.3.noInterference
FAIL: rebarFields.inactive.lowerRectangleOff.H2.as_1.start.2.noInterference
FAIL: rebarFields.inactive.lowerRectangleOff.H2.as_1.start.3.noInterference
FAIL: rebarFields.inactive.lowerRectangleOff.H2.as_1.end.2.noInterference
FAIL: rebarFields.inactive.lowerRectangleOff.H2.as_1.end.3.noInterference
FAIL: rebarFields.inactive.diameterOff.H2.as_1.d2.2.noInterference
FAIL: rebarFields.inactive.diameterOff.H2.as_1.d2.3.noInterference
FAIL: rebarFields.inactive.countOff.H2.as_1.d2.2.noInterference
FAIL: rebarFields.inactive.countOff.H2.as_1.d2.3.noInterference
FAIL: rebarFields.inactive.lowerRectangleOff.H2.as_1.d2.2.noInterference
FAIL: rebarFields.inactive.lowerRectangleOff.H2.as_1.d2.3.noInterference
FAIL: rebarFields.inactive.extraRowsOff.H2.as_1.loc2.3.noInterference
FAIL: rebarFields.inactive.diameterOff.H2.as_1.loc2.3.noInterference
FAIL: rebarFields.inactive.countOff.H2.as_1.loc2.3.noInterference
FAIL: rebarFields.inactive.lowerRectangleOff.H2.as_1.loc2.3.noInterference
FAIL: rebarFields.inactive.extraRowsOff.H2.as_1.bind2.3.noInterference
FAIL: rebarFields.inactive.diameterOff.H2.as_1.bind2.3.noInterference
FAIL: rebarFields.inactive.countOff.H2.as_1.bind2.3.noInterference
FAIL: rebarFields.inactive.lowerRectangleOff.H2.as_1.bind2.3.noInterference
FAIL: rebarFields.inactive.diameterOff.H2.as_1.d3.2.noInterference
FAIL: rebarFields.inactive.diameterOff.H2.as_1.d3.3.noInterference
FAIL: rebarFields.inactive.countOff.H2.as_1.d3.2.noInterference
FAIL: rebarFields.inactive.countOff.H2.as_1.d3.3.noInterference
FAIL: rebarFields.inactive.lowerRectangleOff.H2.as_1.d3.2.noInterference
FAIL: rebarFields.inactive.lowerRectangleOff.H2.as_1.d3.3.noInterference
FAIL: rebarFields.inactive.extraRowsOff.H2.as_1.loc3.3.noInterference
FAIL: rebarFields.inactive.diameterOff.H2.as_1.loc3.3.noInterference
FAIL: rebarFields.inactive.countOff.H2.as_1.loc3.3.noInterference
FAIL: rebarFields.inactive.lowerRectangleOff.H2.as_1.loc3.3.noInterference
FAIL: rebarFields.inactive.extraRowsOff.H2.as_1.bind3.3.noInterference
FAIL: rebarFields.inactive.diameterOff.H2.as_1.bind3.3.noInterference
FAIL: rebarFields.inactive.countOff.H2.as_1.bind3.3.noInterference
FAIL: rebarFields.inactive.lowerRectangleOff.H2.as_1.bind3.3.noInterference
FAIL: rebarFields.inactive.lowerRectangleOff.H2.as_2.as.2.noInterference
FAIL: rebarFields.inactive.lowerRectangleOff.H2.as_2.as.3.noInterference
FAIL: rebarFields.inactive.lowerRectangleOff.H2.as_2.d.2.noInterference
FAIL: rebarFields.inactive.lowerRectangleOff.H2.as_2.d.3.noInterference
FAIL: rebarFields.inactive.lowerRectangleOff.H2.as_2.n.2.noInterference
FAIL: rebarFields.inactive.lowerRectangleOff.H2.as_2.n.3.noInterference
FAIL: rebarFields.inactive.lowerRectangleOff.H2.as_2.start.2.noInterference
FAIL: rebarFields.inactive.lowerRectangleOff.H2.as_2.start.3.noInterference
FAIL: rebarFields.inactive.lowerRectangleOff.H2.as_2.end.2.noInterference
FAIL: rebarFields.inactive.lowerRectangleOff.H2.as_2.end.3.noInterference
FAIL: rebarFields.inactive.diameterOff.H2.as_2.d2.2.noInterference
FAIL: rebarFields.inactive.diameterOff.H2.as_2.d2.3.noInterference
FAIL: rebarFields.inactive.countOff.H2.as_2.d2.2.noInterference
FAIL: rebarFields.inactive.countOff.H2.as_2.d2.3.noInterference
FAIL: rebarFields.inactive.lowerRectangleOff.H2.as_2.d2.2.noInterference
FAIL: rebarFields.inactive.lowerRectangleOff.H2.as_2.d2.3.noInterference
FAIL: rebarFields.inactive.extraRowsOff.H2.as_2.loc2.3.noInterference
FAIL: rebarFields.inactive.diameterOff.H2.as_2.loc2.3.noInterference
FAIL: rebarFields.inactive.countOff.H2.as_2.loc2.3.noInterference
FAIL: rebarFields.inactive.lowerRectangleOff.H2.as_2.loc2.3.noInterference
FAIL: rebarFields.inactive.extraRowsOff.H2.as_2.bind2.3.noInterference
FAIL: rebarFields.inactive.diameterOff.H2.as_2.bind2.3.noInterference
FAIL: rebarFields.inactive.countOff.H2.as_2.bind2.3.noInterference
FAIL: rebarFields.inactive.lowerRectangleOff.H2.as_2.bind2.3.noInterference
FAIL: rebarFields.inactive.diameterOff.H2.as_2.d3.2.noInterference
FAIL: rebarFields.inactive.diameterOff.H2.as_2.d3.3.noInterference
FAIL: rebarFields.inactive.countOff.H2.as_2.d3.2.noInterference
FAIL: rebarFields.inactive.countOff.H2.as_2.d3.3.noInterference
FAIL: rebarFields.inactive.lowerRectangleOff.H2.as_2.d3.2.noInterference
FAIL: rebarFields.inactive.lowerRectangleOff.H2.as_2.d3.3.noInterference
FAIL: rebarFields.inactive.extraRowsOff.H2.as_2.loc3.3.noInterference
FAIL: rebarFields.inactive.diameterOff.H2.as_2.loc3.3.noInterference
FAIL: rebarFields.inactive.countOff.H2.as_2.loc3.3.noInterference
FAIL: rebarFields.inactive.lowerRectangleOff.H2.as_2.loc3.3.noInterference
FAIL: rebarFields.inactive.extraRowsOff.H2.as_2.bind3.3.noInterference
FAIL: rebarFields.inactive.diameterOff.H2.as_2.bind3.3.noInterference
FAIL: rebarFields.inactive.countOff.H2.as_2.bind3.3.noInterference
FAIL: rebarFields.inactive.lowerRectangleOff.H2.as_2.bind3.3.noInterference
FAIL: rebarFields.inactive.lowerRectangleOff.B2.as_1.as.2.noInterference
FAIL: rebarFields.inactive.lowerRectangleOff.B2.as_1.as.3.noInterference
FAIL: rebarFields.inactive.lowerRectangleOff.B2.as_1.d.2.noInterference
FAIL: rebarFields.inactive.lowerRectangleOff.B2.as_1.d.3.noInterference
FAIL: rebarFields.inactive.lowerRectangleOff.B2.as_1.n.2.noInterference
FAIL: rebarFields.inactive.lowerRectangleOff.B2.as_1.n.3.noInterference
FAIL: rebarFields.inactive.lowerRectangleOff.B2.as_1.start.2.noInterference
FAIL: rebarFields.inactive.lowerRectangleOff.B2.as_1.start.3.noInterference
FAIL: rebarFields.inactive.lowerRectangleOff.B2.as_1.end.2.noInterference
FAIL: rebarFields.inactive.lowerRectangleOff.B2.as_1.end.3.noInterference
FAIL: rebarFields.inactive.diameterOff.B2.as_1.d2.2.noInterference
FAIL: rebarFields.inactive.diameterOff.B2.as_1.d2.3.noInterference
FAIL: rebarFields.inactive.countOff.B2.as_1.d2.2.noInterference
FAIL: rebarFields.inactive.countOff.B2.as_1.d2.3.noInterference
FAIL: rebarFields.inactive.lowerRectangleOff.B2.as_1.d2.2.noInterference
FAIL: rebarFields.inactive.lowerRectangleOff.B2.as_1.d2.3.noInterference
FAIL: rebarFields.inactive.extraRowsOff.B2.as_1.loc2.3.noInterference
FAIL: rebarFields.inactive.diameterOff.B2.as_1.loc2.3.noInterference
FAIL: rebarFields.inactive.countOff.B2.as_1.loc2.3.noInterference
FAIL: rebarFields.inactive.lowerRectangleOff.B2.as_1.loc2.3.noInterference
FAIL: rebarFields.inactive.extraRowsOff.B2.as_1.bind2.3.noInterference
FAIL: rebarFields.inactive.diameterOff.B2.as_1.bind2.3.noInterference
FAIL: rebarFields.inactive.countOff.B2.as_1.bind2.3.noInterference
FAIL: rebarFields.inactive.lowerRectangleOff.B2.as_1.bind2.3.noInterference
FAIL: rebarFields.inactive.diameterOff.B2.as_1.d3.2.noInterference
FAIL: rebarFields.inactive.diameterOff.B2.as_1.d3.3.noInterference
FAIL: rebarFields.inactive.countOff.B2.as_1.d3.2.noInterference
FAIL: rebarFields.inactive.countOff.B2.as_1.d3.3.noInterference
FAIL: rebarFields.inactive.lowerRectangleOff.B2.as_1.d3.2.noInterference
FAIL: rebarFields.inactive.lowerRectangleOff.B2.as_1.d3.3.noInterference
FAIL: rebarFields.inactive.extraRowsOff.B2.as_1.loc3.3.noInterference
FAIL: rebarFields.inactive.diameterOff.B2.as_1.loc3.3.noInterference
FAIL: rebarFields.inactive.countOff.B2.as_1.loc3.3.noInterference
FAIL: rebarFields.inactive.lowerRectangleOff.B2.as_1.loc3.3.noInterference
FAIL: rebarFields.inactive.extraRowsOff.B2.as_1.bind3.3.noInterference
FAIL: rebarFields.inactive.diameterOff.B2.as_1.bind3.3.noInterference
FAIL: rebarFields.inactive.countOff.B2.as_1.bind3.3.noInterference
FAIL: rebarFields.inactive.lowerRectangleOff.B2.as_1.bind3.3.noInterference
FAIL: rebarFields.inactive.lowerRectangleOff.B2.as_2.as.2.noInterference
FAIL: rebarFields.inactive.lowerRectangleOff.B2.as_2.as.3.noInterference
FAIL: rebarFields.inactive.lowerRectangleOff.B2.as_2.d.2.noInterference
FAIL: rebarFields.inactive.lowerRectangleOff.B2.as_2.d.3.noInterference
FAIL: rebarFields.inactive.lowerRectangleOff.B2.as_2.n.2.noInterference
FAIL: rebarFields.inactive.lowerRectangleOff.B2.as_2.n.3.noInterference
FAIL: rebarFields.inactive.lowerRectangleOff.B2.as_2.start.2.noInterference
FAIL: rebarFields.inactive.lowerRectangleOff.B2.as_2.start.3.noInterference
FAIL: rebarFields.inactive.lowerRectangleOff.B2.as_2.end.2.noInterference
FAIL: rebarFields.inactive.lowerRectangleOff.B2.as_2.end.3.noInterference
FAIL: rebarFields.inactive.diameterOff.B2.as_2.d2.2.noInterference
FAIL: rebarFields.inactive.diameterOff.B2.as_2.d2.3.noInterference
FAIL: rebarFields.inactive.countOff.B2.as_2.d2.2.noInterference
FAIL: rebarFields.inactive.countOff.B2.as_2.d2.3.noInterference
FAIL: rebarFields.inactive.lowerRectangleOff.B2.as_2.d2.2.noInterference
FAIL: rebarFields.inactive.lowerRectangleOff.B2.as_2.d2.3.noInterference
FAIL: rebarFields.inactive.extraRowsOff.B2.as_2.loc2.3.noInterference
FAIL: rebarFields.inactive.diameterOff.B2.as_2.loc2.3.noInterference
FAIL: rebarFields.inactive.countOff.B2.as_2.loc2.3.noInterference
FAIL: rebarFields.inactive.lowerRectangleOff.B2.as_2.loc2.3.noInterference
FAIL: rebarFields.inactive.extraRowsOff.B2.as_2.bind2.3.noInterference
FAIL: rebarFields.inactive.diameterOff.B2.as_2.bind2.3.noInterference
FAIL: rebarFields.inactive.countOff.B2.as_2.bind2.3.noInterference
FAIL: rebarFields.inactive.lowerRectangleOff.B2.as_2.bind2.3.noInterference
FAIL: rebarFields.inactive.diameterOff.B2.as_2.d3.2.noInterference
FAIL: rebarFields.inactive.diameterOff.B2.as_2.d3.3.noInterference
FAIL: rebarFields.inactive.countOff.B2.as_2.d3.2.noInterference
FAIL: rebarFields.inactive.countOff.B2.as_2.d3.3.noInterference
FAIL: rebarFields.inactive.lowerRectangleOff.B2.as_2.d3.2.noInterference
FAIL: rebarFields.inactive.lowerRectangleOff.B2.as_2.d3.3.noInterference
FAIL: rebarFields.inactive.extraRowsOff.B2.as_2.loc3.3.noInterference
FAIL: rebarFields.inactive.diameterOff.B2.as_2.loc3.3.noInterference
FAIL: rebarFields.inactive.countOff.B2.as_2.loc3.3.noInterference
FAIL: rebarFields.inactive.lowerRectangleOff.B2.as_2.loc3.3.noInterference
FAIL: rebarFields.inactive.extraRowsOff.B2.as_2.bind3.3.noInterference
FAIL: rebarFields.inactive.diameterOff.B2.as_2.bind3.3.noInterference
FAIL: rebarFields.inactive.countOff.B2.as_2.bind3.3.noInterference
FAIL: rebarFields.inactive.lowerRectangleOff.B2.as_2.bind3.3.noInterference
FAIL: rebarFields.inactive.otherShape.RectSet.H1.as_1.as.3.noInterference
FAIL: rebarFields.inactive.otherShape.RectSet.H1.as_1.d.3.noInterference
FAIL: rebarFields.inactive.otherShape.RectSet.H1.as_1.n.3.noInterference
FAIL: rebarFields.inactive.otherShape.RectSet.H1.as_1.start.3.noInterference
FAIL: rebarFields.inactive.otherShape.RectSet.H1.as_1.end.3.noInterference
FAIL: rebarFields.inactive.otherShape.RectSet.H1.as_1.d2.3.noInterference
FAIL: rebarFields.inactive.otherShape.RectSet.H1.as_1.loc2.3.noInterference
FAIL: rebarFields.inactive.otherShape.RectSet.H1.as_1.bind2.3.noInterference
FAIL: rebarFields.inactive.otherShape.RectSet.H1.as_1.d3.3.noInterference
FAIL: rebarFields.inactive.otherShape.RectSet.H1.as_1.loc3.3.noInterference
FAIL: rebarFields.inactive.otherShape.RectSet.H1.as_1.bind3.3.noInterference
FAIL: rebarFields.inactive.otherShape.RectSet.H1.as_2.as.3.noInterference
FAIL: rebarFields.inactive.otherShape.RectSet.H1.as_2.d.3.noInterference
FAIL: rebarFields.inactive.otherShape.RectSet.H1.as_2.n.3.noInterference
FAIL: rebarFields.inactive.otherShape.RectSet.H1.as_2.start.3.noInterference
FAIL: rebarFields.inactive.otherShape.RectSet.H1.as_2.end.3.noInterference
FAIL: rebarFields.inactive.otherShape.RectSet.H1.as_2.d2.3.noInterference
FAIL: rebarFields.inactive.otherShape.RectSet.H1.as_2.loc2.3.noInterference
FAIL: rebarFields.inactive.otherShape.RectSet.H1.as_2.bind2.3.noInterference
FAIL: rebarFields.inactive.otherShape.RectSet.H1.as_2.d3.3.noInterference
FAIL: rebarFields.inactive.otherShape.RectSet.H1.as_2.loc3.3.noInterference
FAIL: rebarFields.inactive.otherShape.RectSet.H1.as_2.bind3.3.noInterference
FAIL: rebarFields.inactive.otherShape.RectSet.B1.as_1.as.3.noInterference
FAIL: rebarFields.inactive.otherShape.RectSet.B1.as_1.d.3.noInterference
FAIL: rebarFields.inactive.otherShape.RectSet.B1.as_1.n.3.noInterference
FAIL: rebarFields.inactive.otherShape.RectSet.B1.as_1.start.3.noInterference
FAIL: rebarFields.inactive.otherShape.RectSet.B1.as_1.end.3.noInterference
FAIL: rebarFields.inactive.otherShape.RectSet.B1.as_1.d2.3.noInterference
FAIL: rebarFields.inactive.otherShape.RectSet.B1.as_1.loc2.3.noInterference
FAIL: rebarFields.inactive.otherShape.RectSet.B1.as_1.bind2.3.noInterference
FAIL: rebarFields.inactive.otherShape.RectSet.B1.as_1.d3.3.noInterference
FAIL: rebarFields.inactive.otherShape.RectSet.B1.as_1.loc3.3.noInterference
FAIL: rebarFields.inactive.otherShape.RectSet.B1.as_1.bind3.3.noInterference
FAIL: rebarFields.inactive.otherShape.RectSet.B1.as_2.as.3.noInterference
FAIL: rebarFields.inactive.otherShape.RectSet.B1.as_2.d.3.noInterference
FAIL: rebarFields.inactive.otherShape.RectSet.B1.as_2.n.3.noInterference
FAIL: rebarFields.inactive.otherShape.RectSet.B1.as_2.start.3.noInterference
FAIL: rebarFields.inactive.otherShape.RectSet.B1.as_2.end.3.noInterference
FAIL: rebarFields.inactive.otherShape.RectSet.B1.as_2.d2.3.noInterference
FAIL: rebarFields.inactive.otherShape.RectSet.B1.as_2.loc2.3.noInterference
FAIL: rebarFields.inactive.otherShape.RectSet.B1.as_2.bind2.3.noInterference
FAIL: rebarFields.inactive.otherShape.RectSet.B1.as_2.d3.3.noInterference
FAIL: rebarFields.inactive.otherShape.RectSet.B1.as_2.loc3.3.noInterference
FAIL: rebarFields.inactive.otherShape.RectSet.B1.as_2.bind3.3.noInterference
FAIL: rebarFields.inactive.otherShape.RectSet.H2.as_1.as.3.noInterference
FAIL: rebarFields.inactive.otherShape.RectSet.H2.as_1.d.3.noInterference
FAIL: rebarFields.inactive.otherShape.RectSet.H2.as_1.n.3.noInterference
FAIL: rebarFields.inactive.otherShape.RectSet.H2.as_1.start.3.noInterference
FAIL: rebarFields.inactive.otherShape.RectSet.H2.as_1.end.3.noInterference
FAIL: rebarFields.inactive.otherShape.RectSet.H2.as_1.d2.3.noInterference
FAIL: rebarFields.inactive.otherShape.RectSet.H2.as_1.loc2.3.noInterference
FAIL: rebarFields.inactive.otherShape.RectSet.H2.as_1.bind2.3.noInterference
FAIL: rebarFields.inactive.otherShape.RectSet.H2.as_1.d3.3.noInterference
FAIL: rebarFields.inactive.otherShape.RectSet.H2.as_1.loc3.3.noInterference
FAIL: rebarFields.inactive.otherShape.RectSet.H2.as_1.bind3.3.noInterference
FAIL: rebarFields.inactive.otherShape.RectSet.H2.as_2.as.3.noInterference
FAIL: rebarFields.inactive.otherShape.RectSet.H2.as_2.d.3.noInterference
FAIL: rebarFields.inactive.otherShape.RectSet.H2.as_2.n.3.noInterference
FAIL: rebarFields.inactive.otherShape.RectSet.H2.as_2.start.3.noInterference
FAIL: rebarFields.inactive.otherShape.RectSet.H2.as_2.end.3.noInterference
FAIL: rebarFields.inactive.otherShape.RectSet.H2.as_2.d2.3.noInterference
FAIL: rebarFields.inactive.otherShape.RectSet.H2.as_2.loc2.3.noInterference
FAIL: rebarFields.inactive.otherShape.RectSet.H2.as_2.bind2.3.noInterference
FAIL: rebarFields.inactive.otherShape.RectSet.H2.as_2.d3.3.noInterference
FAIL: rebarFields.inactive.otherShape.RectSet.H2.as_2.loc3.3.noInterference
FAIL: rebarFields.inactive.otherShape.RectSet.H2.as_2.bind3.3.noInterference
FAIL: rebarFields.inactive.otherShape.RectSet.B2.as_1.as.3.noInterference
FAIL: rebarFields.inactive.otherShape.RectSet.B2.as_1.d.3.noInterference
FAIL: rebarFields.inactive.otherShape.RectSet.B2.as_1.n.3.noInterference
FAIL: rebarFields.inactive.otherShape.RectSet.B2.as_1.start.3.noInterference
FAIL: rebarFields.inactive.otherShape.RectSet.B2.as_1.end.3.noInterference
FAIL: rebarFields.inactive.otherShape.RectSet.B2.as_1.d2.3.noInterference
FAIL: rebarFields.inactive.otherShape.RectSet.B2.as_1.loc2.3.noInterference
FAIL: rebarFields.inactive.otherShape.RectSet.B2.as_1.bind2.3.noInterference
FAIL: rebarFields.inactive.otherShape.RectSet.B2.as_1.d3.3.noInterference
FAIL: rebarFields.inactive.otherShape.RectSet.B2.as_1.loc3.3.noInterference
FAIL: rebarFields.inactive.otherShape.RectSet.B2.as_1.bind3.3.noInterference
FAIL: rebarFields.inactive.otherShape.RectSet.B2.as_2.as.3.noInterference
FAIL: rebarFields.inactive.otherShape.RectSet.B2.as_2.d.3.noInterference
FAIL: rebarFields.inactive.otherShape.RectSet.B2.as_2.n.3.noInterference
FAIL: rebarFields.inactive.otherShape.RectSet.B2.as_2.start.3.noInterference
FAIL: rebarFields.inactive.otherShape.RectSet.B2.as_2.end.3.noInterference
FAIL: rebarFields.inactive.otherShape.RectSet.B2.as_2.d2.3.noInterference
FAIL: rebarFields.inactive.otherShape.RectSet.B2.as_2.loc2.3.noInterference
FAIL: rebarFields.inactive.otherShape.RectSet.B2.as_2.bind2.3.noInterference
FAIL: rebarFields.inactive.otherShape.RectSet.B2.as_2.d3.3.noInterference
FAIL: rebarFields.inactive.otherShape.RectSet.B2.as_2.loc3.3.noInterference
FAIL: rebarFields.inactive.otherShape.RectSet.B2.as_2.bind3.3.noInterference
FAIL: rebarFields.inactive.diameterOff.H.Left.d2.2.noInterference
FAIL: rebarFields.inactive.diameterOff.H.Left.d2.3.noInterference
FAIL: rebarFields.inactive.countOff.H.Left.d2.2.noInterference
FAIL: rebarFields.inactive.countOff.H.Left.d2.3.noInterference
FAIL: rebarFields.inactive.extraRowsOff.H.Left.loc2.3.noInterference
FAIL: rebarFields.inactive.diameterOff.H.Left.loc2.3.noInterference
FAIL: rebarFields.inactive.countOff.H.Left.loc2.3.noInterference
FAIL: rebarFields.inactive.extraRowsOff.H.Left.bind2.3.noInterference
FAIL: rebarFields.inactive.diameterOff.H.Left.bind2.3.noInterference
FAIL: rebarFields.inactive.countOff.H.Left.bind2.3.noInterference
FAIL: rebarFields.inactive.diameterOff.H.Left.d3.2.noInterference
FAIL: rebarFields.inactive.diameterOff.H.Left.d3.3.noInterference
FAIL: rebarFields.inactive.countOff.H.Left.d3.2.noInterference
FAIL: rebarFields.inactive.countOff.H.Left.d3.3.noInterference
FAIL: rebarFields.inactive.extraRowsOff.H.Left.loc3.3.noInterference
FAIL: rebarFields.inactive.diameterOff.H.Left.loc3.3.noInterference
FAIL: rebarFields.inactive.countOff.H.Left.loc3.3.noInterference
FAIL: rebarFields.inactive.extraRowsOff.H.Left.bind3.3.noInterference
FAIL: rebarFields.inactive.diameterOff.H.Left.bind3.3.noInterference
FAIL: rebarFields.inactive.countOff.H.Left.bind3.3.noInterference
FAIL: rebarFields.inactive.diameterOff.H.Right.d2.2.noInterference
FAIL: rebarFields.inactive.diameterOff.H.Right.d2.3.noInterference
FAIL: rebarFields.inactive.countOff.H.Right.d2.2.noInterference
FAIL: rebarFields.inactive.countOff.H.Right.d2.3.noInterference
FAIL: rebarFields.inactive.extraRowsOff.H.Right.loc2.3.noInterference
FAIL: rebarFields.inactive.diameterOff.H.Right.loc2.3.noInterference
FAIL: rebarFields.inactive.countOff.H.Right.loc2.3.noInterference
FAIL: rebarFields.inactive.extraRowsOff.H.Right.bind2.3.noInterference
FAIL: rebarFields.inactive.diameterOff.H.Right.bind2.3.noInterference
FAIL: rebarFields.inactive.countOff.H.Right.bind2.3.noInterference
FAIL: rebarFields.inactive.diameterOff.H.Right.d3.2.noInterference
FAIL: rebarFields.inactive.diameterOff.H.Right.d3.3.noInterference
FAIL: rebarFields.inactive.countOff.H.Right.d3.2.noInterference
FAIL: rebarFields.inactive.countOff.H.Right.d3.3.noInterference
FAIL: rebarFields.inactive.extraRowsOff.H.Right.loc3.3.noInterference
FAIL: rebarFields.inactive.diameterOff.H.Right.loc3.3.noInterference
FAIL: rebarFields.inactive.countOff.H.Right.loc3.3.noInterference
FAIL: rebarFields.inactive.extraRowsOff.H.Right.bind3.3.noInterference
FAIL: rebarFields.inactive.diameterOff.H.Right.bind3.3.noInterference
FAIL: rebarFields.inactive.countOff.H.Right.bind3.3.noInterference
FAIL: rebarFields.inactive.diameterOff.B.Top.d2.2.noInterference
FAIL: rebarFields.inactive.diameterOff.B.Top.d2.3.noInterference
FAIL: rebarFields.inactive.countOff.B.Top.d2.2.noInterference
FAIL: rebarFields.inactive.countOff.B.Top.d2.3.noInterference
FAIL: rebarFields.inactive.extraRowsOff.B.Top.loc2.3.noInterference
FAIL: rebarFields.inactive.diameterOff.B.Top.loc2.3.noInterference
FAIL: rebarFields.inactive.countOff.B.Top.loc2.3.noInterference
FAIL: rebarFields.inactive.extraRowsOff.B.Top.bind2.3.noInterference
FAIL: rebarFields.inactive.diameterOff.B.Top.bind2.3.noInterference
FAIL: rebarFields.inactive.countOff.B.Top.bind2.3.noInterference
FAIL: rebarFields.inactive.diameterOff.B.Top.d3.2.noInterference
FAIL: rebarFields.inactive.diameterOff.B.Top.d3.3.noInterference
FAIL: rebarFields.inactive.countOff.B.Top.d3.2.noInterference
FAIL: rebarFields.inactive.countOff.B.Top.d3.3.noInterference
FAIL: rebarFields.inactive.extraRowsOff.B.Top.loc3.3.noInterference
FAIL: rebarFields.inactive.diameterOff.B.Top.loc3.3.noInterference
FAIL: rebarFields.inactive.countOff.B.Top.loc3.3.noInterference
FAIL: rebarFields.inactive.extraRowsOff.B.Top.bind3.3.noInterference
FAIL: rebarFields.inactive.diameterOff.B.Top.bind3.3.noInterference
FAIL: rebarFields.inactive.countOff.B.Top.bind3.3.noInterference
FAIL: rebarFields.inactive.diameterOff.B.Bottom.d2.2.noInterference
FAIL: rebarFields.inactive.diameterOff.B.Bottom.d2.3.noInterference
FAIL: rebarFields.inactive.countOff.B.Bottom.d2.2.noInterference
FAIL: rebarFields.inactive.countOff.B.Bottom.d2.3.noInterference
FAIL: rebarFields.inactive.extraRowsOff.B.Bottom.loc2.3.noInterference
FAIL: rebarFields.inactive.diameterOff.B.Bottom.loc2.3.noInterference
FAIL: rebarFields.inactive.countOff.B.Bottom.loc2.3.noInterference
FAIL: rebarFields.inactive.extraRowsOff.B.Bottom.bind2.3.noInterference
FAIL: rebarFields.inactive.diameterOff.B.Bottom.bind2.3.noInterference
FAIL: rebarFields.inactive.countOff.B.Bottom.bind2.3.noInterference
FAIL: rebarFields.inactive.diameterOff.B.Bottom.d3.2.noInterference
FAIL: rebarFields.inactive.diameterOff.B.Bottom.d3.3.noInterference
FAIL: rebarFields.inactive.countOff.B.Bottom.d3.2.noInterference
FAIL: rebarFields.inactive.countOff.B.Bottom.d3.3.noInterference
FAIL: rebarFields.inactive.extraRowsOff.B.Bottom.loc3.3.noInterference
FAIL: rebarFields.inactive.diameterOff.B.Bottom.loc3.3.noInterference
FAIL: rebarFields.inactive.countOff.B.Bottom.loc3.3.noInterference
FAIL: rebarFields.inactive.extraRowsOff.B.Bottom.bind3.3.noInterference
FAIL: rebarFields.inactive.diameterOff.B.Bottom.bind3.3.noInterference
FAIL: rebarFields.inactive.countOff.B.Bottom.bind3.3.noInterference
FAIL: rebarFields.inactive.otherShape.RoundedRectangle.H.Left.as.3.noInterference
FAIL: rebarFields.inactive.otherShape.RoundedRectangle.H.Left.d.3.noInterference
FAIL: rebarFields.inactive.otherShape.RoundedRectangle.H.Left.n.3.noInterference
FAIL: rebarFields.inactive.otherShape.RoundedRectangle.H.Left.d2.3.noInterference
FAIL: rebarFields.inactive.otherShape.RoundedRectangle.H.Left.loc2.3.noInterference
FAIL: rebarFields.inactive.otherShape.RoundedRectangle.H.Left.bind2.3.noInterference
FAIL: rebarFields.inactive.otherShape.RoundedRectangle.H.Left.d3.3.noInterference
FAIL: rebarFields.inactive.otherShape.RoundedRectangle.H.Left.loc3.3.noInterference
FAIL: rebarFields.inactive.otherShape.RoundedRectangle.H.Left.bind3.3.noInterference
FAIL: rebarFields.inactive.otherShape.RoundedRectangle.H.Right.as.3.noInterference
FAIL: rebarFields.inactive.otherShape.RoundedRectangle.H.Right.d.3.noInterference
FAIL: rebarFields.inactive.otherShape.RoundedRectangle.H.Right.n.3.noInterference
FAIL: rebarFields.inactive.otherShape.RoundedRectangle.H.Right.d2.3.noInterference
FAIL: rebarFields.inactive.otherShape.RoundedRectangle.H.Right.loc2.3.noInterference
FAIL: rebarFields.inactive.otherShape.RoundedRectangle.H.Right.bind2.3.noInterference
FAIL: rebarFields.inactive.otherShape.RoundedRectangle.H.Right.d3.3.noInterference
FAIL: rebarFields.inactive.otherShape.RoundedRectangle.H.Right.loc3.3.noInterference
FAIL: rebarFields.inactive.otherShape.RoundedRectangle.H.Right.bind3.3.noInterference
FAIL: rebarFields.inactive.otherShape.RoundedRectangle.B.Top.as.3.noInterference
FAIL: rebarFields.inactive.otherShape.RoundedRectangle.B.Top.d.3.noInterference
FAIL: rebarFields.inactive.otherShape.RoundedRectangle.B.Top.n.3.noInterference
FAIL: rebarFields.inactive.otherShape.RoundedRectangle.B.Top.d2.3.noInterference
FAIL: rebarFields.inactive.otherShape.RoundedRectangle.B.Top.loc2.3.noInterference
FAIL: rebarFields.inactive.otherShape.RoundedRectangle.B.Top.bind2.3.noInterference
FAIL: rebarFields.inactive.otherShape.RoundedRectangle.B.Top.d3.3.noInterference
FAIL: rebarFields.inactive.otherShape.RoundedRectangle.B.Top.loc3.3.noInterference
FAIL: rebarFields.inactive.otherShape.RoundedRectangle.B.Top.bind3.3.noInterference
FAIL: rebarFields.inactive.otherShape.RoundedRectangle.B.Bottom.as.3.noInterference
FAIL: rebarFields.inactive.otherShape.RoundedRectangle.B.Bottom.d.3.noInterference
FAIL: rebarFields.inactive.otherShape.RoundedRectangle.B.Bottom.n.3.noInterference
FAIL: rebarFields.inactive.otherShape.RoundedRectangle.B.Bottom.d2.3.noInterference
FAIL: rebarFields.inactive.otherShape.RoundedRectangle.B.Bottom.loc2.3.noInterference
FAIL: rebarFields.inactive.otherShape.RoundedRectangle.B.Bottom.bind2.3.noInterference
FAIL: rebarFields.inactive.otherShape.RoundedRectangle.B.Bottom.d3.3.noInterference
FAIL: rebarFields.inactive.otherShape.RoundedRectangle.B.Bottom.loc3.3.noInterference
FAIL: rebarFields.inactive.otherShape.RoundedRectangle.B.Bottom.bind3.3.noInterference
FAIL: rebarFields.inactive.diameterOff.H.Left.d2.2.noInterference
FAIL: rebarFields.inactive.diameterOff.H.Left.d2.3.noInterference
FAIL: rebarFields.inactive.countOff.H.Left.d2.2.noInterference
FAIL: rebarFields.inactive.countOff.H.Left.d2.3.noInterference
FAIL: rebarFields.inactive.extraRowsOff.H.Left.loc2.3.noInterference
FAIL: rebarFields.inactive.diameterOff.H.Left.loc2.3.noInterference
FAIL: rebarFields.inactive.countOff.H.Left.loc2.2.noInterference
FAIL: rebarFields.inactive.countOff.H.Left.loc2.3.noInterference
FAIL: rebarFields.inactive.extraRowsOff.H.Left.bind2.3.noInterference
FAIL: rebarFields.inactive.diameterOff.H.Left.bind2.3.noInterference
FAIL: rebarFields.inactive.countOff.H.Left.bind2.2.noInterference
FAIL: rebarFields.inactive.countOff.H.Left.bind2.3.noInterference
FAIL: rebarFields.inactive.diameterOff.H.Left.d3.2.noInterference
FAIL: rebarFields.inactive.diameterOff.H.Left.d3.3.noInterference
FAIL: rebarFields.inactive.countOff.H.Left.d3.2.noInterference
FAIL: rebarFields.inactive.countOff.H.Left.d3.3.noInterference
FAIL: rebarFields.inactive.extraRowsOff.H.Left.loc3.3.noInterference
FAIL: rebarFields.inactive.diameterOff.H.Left.loc3.3.noInterference
FAIL: rebarFields.inactive.countOff.H.Left.loc3.2.noInterference
FAIL: rebarFields.inactive.countOff.H.Left.loc3.3.noInterference
FAIL: rebarFields.inactive.extraRowsOff.H.Left.bind3.3.noInterference
FAIL: rebarFields.inactive.diameterOff.H.Left.bind3.3.noInterference
FAIL: rebarFields.inactive.countOff.H.Left.bind3.2.noInterference
FAIL: rebarFields.inactive.countOff.H.Left.bind3.3.noInterference
FAIL: rebarFields.inactive.diameterOff.H.Right.d2.2.noInterference
FAIL: rebarFields.inactive.diameterOff.H.Right.d2.3.noInterference
FAIL: rebarFields.inactive.countOff.H.Right.d2.2.noInterference
FAIL: rebarFields.inactive.countOff.H.Right.d2.3.noInterference
FAIL: rebarFields.inactive.extraRowsOff.H.Right.loc2.3.noInterference
FAIL: rebarFields.inactive.diameterOff.H.Right.loc2.3.noInterference
FAIL: rebarFields.inactive.countOff.H.Right.loc2.2.noInterference
FAIL: rebarFields.inactive.countOff.H.Right.loc2.3.noInterference
FAIL: rebarFields.inactive.extraRowsOff.H.Right.bind2.3.noInterference
FAIL: rebarFields.inactive.diameterOff.H.Right.bind2.3.noInterference
FAIL: rebarFields.inactive.countOff.H.Right.bind2.2.noInterference
FAIL: rebarFields.inactive.countOff.H.Right.bind2.3.noInterference
FAIL: rebarFields.inactive.diameterOff.H.Right.d3.2.noInterference
FAIL: rebarFields.inactive.diameterOff.H.Right.d3.3.noInterference
FAIL: rebarFields.inactive.countOff.H.Right.d3.2.noInterference
FAIL: rebarFields.inactive.countOff.H.Right.d3.3.noInterference
FAIL: rebarFields.inactive.extraRowsOff.H.Right.loc3.3.noInterference
FAIL: rebarFields.inactive.diameterOff.H.Right.loc3.3.noInterference
FAIL: rebarFields.inactive.countOff.H.Right.loc3.2.noInterference
FAIL: rebarFields.inactive.countOff.H.Right.loc3.3.noInterference
FAIL: rebarFields.inactive.extraRowsOff.H.Right.bind3.3.noInterference
FAIL: rebarFields.inactive.diameterOff.H.Right.bind3.3.noInterference
FAIL: rebarFields.inactive.countOff.H.Right.bind3.2.noInterference
FAIL: rebarFields.inactive.countOff.H.Right.bind3.3.noInterference
FAIL: rebarFields.inactive.diameterOff.B.Top.d2.2.noInterference
FAIL: rebarFields.inactive.diameterOff.B.Top.d2.3.noInterference
FAIL: rebarFields.inactive.countOff.B.Top.d2.2.noInterference
FAIL: rebarFields.inactive.countOff.B.Top.d2.3.noInterference
FAIL: rebarFields.inactive.extraRowsOff.B.Top.loc2.3.noInterference
FAIL: rebarFields.inactive.diameterOff.B.Top.loc2.3.noInterference
FAIL: rebarFields.inactive.countOff.B.Top.loc2.2.noInterference
FAIL: rebarFields.inactive.countOff.B.Top.loc2.3.noInterference
FAIL: rebarFields.inactive.extraRowsOff.B.Top.bind2.3.noInterference
FAIL: rebarFields.inactive.diameterOff.B.Top.bind2.3.noInterference
FAIL: rebarFields.inactive.countOff.B.Top.bind2.2.noInterference
FAIL: rebarFields.inactive.countOff.B.Top.bind2.3.noInterference
FAIL: rebarFields.inactive.diameterOff.B.Top.d3.2.noInterference
FAIL: rebarFields.inactive.diameterOff.B.Top.d3.3.noInterference
FAIL: rebarFields.inactive.countOff.B.Top.d3.2.noInterference
FAIL: rebarFields.inactive.countOff.B.Top.d3.3.noInterference
FAIL: rebarFields.inactive.extraRowsOff.B.Top.loc3.3.noInterference
FAIL: rebarFields.inactive.diameterOff.B.Top.loc3.3.noInterference
FAIL: rebarFields.inactive.countOff.B.Top.loc3.2.noInterference
FAIL: rebarFields.inactive.countOff.B.Top.loc3.3.noInterference
FAIL: rebarFields.inactive.extraRowsOff.B.Top.bind3.3.noInterference
FAIL: rebarFields.inactive.diameterOff.B.Top.bind3.3.noInterference
FAIL: rebarFields.inactive.countOff.B.Top.bind3.2.noInterference
FAIL: rebarFields.inactive.countOff.B.Top.bind3.3.noInterference
FAIL: rebarFields.inactive.diameterOff.B.Bottom.d2.2.noInterference
FAIL: rebarFields.inactive.diameterOff.B.Bottom.d2.3.noInterference
FAIL: rebarFields.inactive.countOff.B.Bottom.d2.2.noInterference
FAIL: rebarFields.inactive.countOff.B.Bottom.d2.3.noInterference
FAIL: rebarFields.inactive.extraRowsOff.B.Bottom.loc2.3.noInterference
FAIL: rebarFields.inactive.diameterOff.B.Bottom.loc2.3.noInterference
FAIL: rebarFields.inactive.countOff.B.Bottom.loc2.2.noInterference
FAIL: rebarFields.inactive.countOff.B.Bottom.loc2.3.noInterference
FAIL: rebarFields.inactive.extraRowsOff.B.Bottom.bind2.3.noInterference
FAIL: rebarFields.inactive.diameterOff.B.Bottom.bind2.3.noInterference
FAIL: rebarFields.inactive.countOff.B.Bottom.bind2.2.noInterference
FAIL: rebarFields.inactive.countOff.B.Bottom.bind2.3.noInterference
FAIL: rebarFields.inactive.diameterOff.B.Bottom.d3.2.noInterference
FAIL: rebarFields.inactive.diameterOff.B.Bottom.d3.3.noInterference
FAIL: rebarFields.inactive.countOff.B.Bottom.d3.2.noInterference
FAIL: rebarFields.inactive.countOff.B.Bottom.d3.3.noInterference
FAIL: rebarFields.inactive.extraRowsOff.B.Bottom.loc3.3.noInterference
FAIL: rebarFields.inactive.diameterOff.B.Bottom.loc3.3.noInterference
FAIL: rebarFields.inactive.countOff.B.Bottom.loc3.2.noInterference
FAIL: rebarFields.inactive.countOff.B.Bottom.loc3.3.noInterference
FAIL: rebarFields.inactive.extraRowsOff.B.Bottom.bind3.3.noInterference
FAIL: rebarFields.inactive.diameterOff.B.Bottom.bind3.3.noInterference
FAIL: rebarFields.inactive.countOff.B.Bottom.bind3.2.noInterference
FAIL: rebarFields.inactive.countOff.B.Bottom.bind3.3.noInterference
FAIL: rebarFields.inactive.diameterOff.Opening.H.Left.d2.2.noInterference
FAIL: rebarFields.inactive.diameterOff.Opening.H.Left.d2.3.noInterference
FAIL: rebarFields.inactive.extraRowsOff.Opening.H.Left.loc2.3.noInterference
FAIL: rebarFields.inactive.diameterOff.Opening.H.Left.loc2.3.noInterference
FAIL: rebarFields.inactive.extraRowsOff.Opening.H.Left.bind2.3.noInterference
FAIL: rebarFields.inactive.diameterOff.Opening.H.Left.bind2.3.noInterference
FAIL: rebarFields.inactive.diameterOff.Opening.H.Left.d3.2.noInterference
FAIL: rebarFields.inactive.diameterOff.Opening.H.Left.d3.3.noInterference
FAIL: rebarFields.inactive.extraRowsOff.Opening.H.Left.loc3.3.noInterference
FAIL: rebarFields.inactive.diameterOff.Opening.H.Left.loc3.3.noInterference
FAIL: rebarFields.inactive.extraRowsOff.Opening.H.Left.bind3.3.noInterference
FAIL: rebarFields.inactive.diameterOff.Opening.H.Left.bind3.3.noInterference
FAIL: rebarFields.inactive.diameterOff.Opening.H.Right.d2.2.noInterference
FAIL: rebarFields.inactive.diameterOff.Opening.H.Right.d2.3.noInterference
FAIL: rebarFields.inactive.extraRowsOff.Opening.H.Right.loc2.3.noInterference
FAIL: rebarFields.inactive.diameterOff.Opening.H.Right.loc2.3.noInterference
FAIL: rebarFields.inactive.extraRowsOff.Opening.H.Right.bind2.3.noInterference
FAIL: rebarFields.inactive.diameterOff.Opening.H.Right.bind2.3.noInterference
FAIL: rebarFields.inactive.diameterOff.Opening.H.Right.d3.2.noInterference
FAIL: rebarFields.inactive.diameterOff.Opening.H.Right.d3.3.noInterference
FAIL: rebarFields.inactive.extraRowsOff.Opening.H.Right.loc3.3.noInterference
FAIL: rebarFields.inactive.diameterOff.Opening.H.Right.loc3.3.noInterference
FAIL: rebarFields.inactive.extraRowsOff.Opening.H.Right.bind3.3.noInterference
FAIL: rebarFields.inactive.diameterOff.Opening.H.Right.bind3.3.noInterference
FAIL: rebarFields.inactive.diameterOff.Opening.B.Top.d2.2.noInterference
FAIL: rebarFields.inactive.diameterOff.Opening.B.Top.d2.3.noInterference
FAIL: rebarFields.inactive.extraRowsOff.Opening.B.Top.loc2.3.noInterference
FAIL: rebarFields.inactive.diameterOff.Opening.B.Top.loc2.3.noInterference
FAIL: rebarFields.inactive.extraRowsOff.Opening.B.Top.bind2.3.noInterference
FAIL: rebarFields.inactive.diameterOff.Opening.B.Top.bind2.3.noInterference
FAIL: rebarFields.inactive.diameterOff.Opening.B.Top.d3.2.noInterference
FAIL: rebarFields.inactive.diameterOff.Opening.B.Top.d3.3.noInterference
FAIL: rebarFields.inactive.extraRowsOff.Opening.B.Top.loc3.3.noInterference
FAIL: rebarFields.inactive.diameterOff.Opening.B.Top.loc3.3.noInterference
FAIL: rebarFields.inactive.extraRowsOff.Opening.B.Top.bind3.3.noInterference
FAIL: rebarFields.inactive.diameterOff.Opening.B.Top.bind3.3.noInterference
FAIL: rebarFields.inactive.diameterOff.Opening.B.Bottom.d2.2.noInterference
FAIL: rebarFields.inactive.diameterOff.Opening.B.Bottom.d2.3.noInterference
FAIL: rebarFields.inactive.extraRowsOff.Opening.B.Bottom.loc2.3.noInterference
FAIL: rebarFields.inactive.diameterOff.Opening.B.Bottom.loc2.3.noInterference
FAIL: rebarFields.inactive.extraRowsOff.Opening.B.Bottom.bind2.3.noInterference
FAIL: rebarFields.inactive.diameterOff.Opening.B.Bottom.bind2.3.noInterference
FAIL: rebarFields.inactive.diameterOff.Opening.B.Bottom.d3.2.noInterference
FAIL: rebarFields.inactive.diameterOff.Opening.B.Bottom.d3.3.noInterference
FAIL: rebarFields.inactive.extraRowsOff.Opening.B.Bottom.loc3.3.noInterference
FAIL: rebarFields.inactive.diameterOff.Opening.B.Bottom.loc3.3.noInterference
FAIL: rebarFields.inactive.extraRowsOff.Opening.B.Bottom.bind3.3.noInterference
FAIL: rebarFields.inactive.diameterOff.Opening.B.Bottom.bind3.3.noInterference
FAIL: rebarFields.inactive.otherShape.HollowRectangle.H.Left.as.3.noInterference
FAIL: rebarFields.inactive.otherShape.HollowRectangle.H.Left.d.3.noInterference
FAIL: rebarFields.inactive.otherShape.HollowRectangle.H.Left.n.3.noInterference
FAIL: rebarFields.inactive.otherShape.HollowRectangle.H.Left.d2.3.noInterference
FAIL: rebarFields.inactive.otherShape.HollowRectangle.H.Left.loc2.3.noInterference
FAIL: rebarFields.inactive.otherShape.HollowRectangle.H.Left.bind2.3.noInterference
FAIL: rebarFields.inactive.otherShape.HollowRectangle.H.Left.d3.3.noInterference
FAIL: rebarFields.inactive.otherShape.HollowRectangle.H.Left.loc3.3.noInterference
FAIL: rebarFields.inactive.otherShape.HollowRectangle.H.Left.bind3.3.noInterference
FAIL: rebarFields.inactive.otherShape.HollowRectangle.H.Right.as.3.noInterference
FAIL: rebarFields.inactive.otherShape.HollowRectangle.H.Right.d.3.noInterference
FAIL: rebarFields.inactive.otherShape.HollowRectangle.H.Right.n.3.noInterference
FAIL: rebarFields.inactive.otherShape.HollowRectangle.H.Right.d2.3.noInterference
FAIL: rebarFields.inactive.otherShape.HollowRectangle.H.Right.loc2.3.noInterference
FAIL: rebarFields.inactive.otherShape.HollowRectangle.H.Right.bind2.3.noInterference
FAIL: rebarFields.inactive.otherShape.HollowRectangle.H.Right.d3.3.noInterference
FAIL: rebarFields.inactive.otherShape.HollowRectangle.H.Right.loc3.3.noInterference
FAIL: rebarFields.inactive.otherShape.HollowRectangle.H.Right.bind3.3.noInterference
FAIL: rebarFields.inactive.otherShape.HollowRectangle.B.Top.as.3.noInterference
FAIL: rebarFields.inactive.otherShape.HollowRectangle.B.Top.d.3.noInterference
FAIL: rebarFields.inactive.otherShape.HollowRectangle.B.Top.n.3.noInterference
FAIL: rebarFields.inactive.otherShape.HollowRectangle.B.Top.d2.3.noInterference
FAIL: rebarFields.inactive.otherShape.HollowRectangle.B.Top.loc2.3.noInterference
FAIL: rebarFields.inactive.otherShape.HollowRectangle.B.Top.bind2.3.noInterference
FAIL: rebarFields.inactive.otherShape.HollowRectangle.B.Top.d3.3.noInterference
FAIL: rebarFields.inactive.otherShape.HollowRectangle.B.Top.loc3.3.noInterference
FAIL: rebarFields.inactive.otherShape.HollowRectangle.B.Top.bind3.3.noInterference
FAIL: rebarFields.inactive.otherShape.HollowRectangle.B.Bottom.as.3.noInterference
FAIL: rebarFields.inactive.otherShape.HollowRectangle.B.Bottom.d.3.noInterference
FAIL: rebarFields.inactive.otherShape.HollowRectangle.B.Bottom.n.3.noInterference
FAIL: rebarFields.inactive.otherShape.HollowRectangle.B.Bottom.d2.3.noInterference
FAIL: rebarFields.inactive.otherShape.HollowRectangle.B.Bottom.loc2.3.noInterference
FAIL: rebarFields.inactive.otherShape.HollowRectangle.B.Bottom.bind2.3.noInterference
FAIL: rebarFields.inactive.otherShape.HollowRectangle.B.Bottom.d3.3.noInterference
FAIL: rebarFields.inactive.otherShape.HollowRectangle.B.Bottom.loc3.3.noInterference
FAIL: rebarFields.inactive.otherShape.HollowRectangle.B.Bottom.bind3.3.noInterference
FAIL: rebarFields.inactive.otherShape.HollowRectangle.Opening.H.Left.as.3.noInterference
FAIL: rebarFields.inactive.otherShape.HollowRectangle.Opening.H.Left.d.3.noInterference
FAIL: rebarFields.inactive.otherShape.HollowRectangle.Opening.H.Left.d2.3.noInterference
FAIL: rebarFields.inactive.otherShape.HollowRectangle.Opening.H.Left.loc2.3.noInterference
FAIL: rebarFields.inactive.otherShape.HollowRectangle.Opening.H.Left.bind2.3.noInterference
FAIL: rebarFields.inactive.otherShape.HollowRectangle.Opening.H.Left.d3.3.noInterference
FAIL: rebarFields.inactive.otherShape.HollowRectangle.Opening.H.Left.loc3.3.noInterference
FAIL: rebarFields.inactive.otherShape.HollowRectangle.Opening.H.Left.bind3.3.noInterference
FAIL: rebarFields.inactive.otherShape.HollowRectangle.Opening.H.Right.as.3.noInterference
FAIL: rebarFields.inactive.otherShape.HollowRectangle.Opening.H.Right.d.3.noInterference
FAIL: rebarFields.inactive.otherShape.HollowRectangle.Opening.H.Right.d2.3.noInterference
FAIL: rebarFields.inactive.otherShape.HollowRectangle.Opening.H.Right.loc2.3.noInterference
FAIL: rebarFields.inactive.otherShape.HollowRectangle.Opening.H.Right.bind2.3.noInterference
FAIL: rebarFields.inactive.otherShape.HollowRectangle.Opening.H.Right.d3.3.noInterference
FAIL: rebarFields.inactive.otherShape.HollowRectangle.Opening.H.Right.loc3.3.noInterference
FAIL: rebarFields.inactive.otherShape.HollowRectangle.Opening.H.Right.bind3.3.noInterference
FAIL: rebarFields.inactive.otherShape.HollowRectangle.Opening.B.Top.as.3.noInterference
FAIL: rebarFields.inactive.otherShape.HollowRectangle.Opening.B.Top.d.3.noInterference
FAIL: rebarFields.inactive.otherShape.HollowRectangle.Opening.B.Top.d2.3.noInterference
FAIL: rebarFields.inactive.otherShape.HollowRectangle.Opening.B.Top.loc2.3.noInterference
FAIL: rebarFields.inactive.otherShape.HollowRectangle.Opening.B.Top.bind2.3.noInterference
FAIL: rebarFields.inactive.otherShape.HollowRectangle.Opening.B.Top.d3.3.noInterference
FAIL: rebarFields.inactive.otherShape.HollowRectangle.Opening.B.Top.loc3.3.noInterference
FAIL: rebarFields.inactive.otherShape.HollowRectangle.Opening.B.Top.bind3.3.noInterference
FAIL: rebarFields.inactive.otherShape.HollowRectangle.Opening.B.Bottom.as.3.noInterference
FAIL: rebarFields.inactive.otherShape.HollowRectangle.Opening.B.Bottom.d.3.noInterference
FAIL: rebarFields.inactive.otherShape.HollowRectangle.Opening.B.Bottom.d2.3.noInterference
FAIL: rebarFields.inactive.otherShape.HollowRectangle.Opening.B.Bottom.loc2.3.noInterference
FAIL: rebarFields.inactive.otherShape.HollowRectangle.Opening.B.Bottom.bind2.3.noInterference
FAIL: rebarFields.inactive.otherShape.HollowRectangle.Opening.B.Bottom.d3.3.noInterference
FAIL: rebarFields.inactive.otherShape.HollowRectangle.Opening.B.Bottom.loc3.3.noInterference
FAIL: rebarFields.inactive.otherShape.HollowRectangle.Opening.B.Bottom.bind3.3.noInterference
TOTAL_REBAR_FIELD_CONFIG: passed=7546; failed=1376; cases=2552
MODE_AFTER_SUITE: No
SOURCE_UNCHANGED: True
