SOURCE: C:\Users\avidzba\Desktop\Ø‡Æ£‡†¨¨Î\Ç_êÄÅéíÖ!\RC_Section_NDM\docs\regression\Audit03\RC_Section_NDM_rebar_all_clean_v192.xlsm
SOURCE_SHA256: 7BA6D4D06C868BA9EE54B0CDCAFC46D1AD19064F17A94A0BEA2B98521DF1C865
FIXTURE: C:\Users\avidzba\AppData\Local\Temp\RC_NDM_ModeSuite_93d9e18122bb46d297cc6870d371c1ca\RC_Section_NDM.xlsm
GLOBAL_MODE: General.DiagramExtension=No; explicit-On tests retain their setup
TOTAL: passed=536; failed=0
MODE_AFTER_SUITE: No
TOTAL_MATERIAL: passed=2856; failed=0; elapsedSec=4.5986328125
MODE_AFTER_SUITE: No
TOTAL_SECTION_SOLVER: passed=895; failed=0; elapsedSec=1.6103515625
MODE_AFTER_SUITE: No
TOTAL_CAPACITY: passed=3074; failed=0; elapsedSec=42.50390625
MODE_AFTER_SUITE: No
TOTAL_CRACK: passed=1532; failed=0; elapsedSec=1.9599609375
MODE_AFTER_SUITE: No
TOTAL_AUDIT03_SEARCH_CONFIG: passed=1853; failed=0
TOTAL_AUDIT03_UNIVERSAL_PATH: passed=849; failed=0
TOTAL_BATCH: passed=12971; failed=0; elapsedSec=170.083984375
MODE_AFTER_SUITE: No
TOTAL_CIRCLE_CONFIG: passed=53; failed=0
TOTAL_CIRCLE_REBAR_INPUT: passed=524; failed=0; cases=160
TOTAL_SHAPE_CONFIG: passed=213; failed=0
TOTAL_REBAR_COUNTER: passed=29; failed=0
TOTAL_REQUIRED_GEOMETRY: passed=1010; failed=0
TOTAL_REBAR_FIELD_CONFIG: passed=10146; failed=0; cases=2744
TOTAL_AUDIT03_LOAD_TABLE: passed=11021; failed=0; cases=910
TOTAL_AUDIT03_PROFILE_FAILURE_SCOPE: passed=3572; failed=0; cases=64
TOTAL_AUDIT03_WRITER_DIAGNOSTIC: passed=186; failed=0
TOTAL_AUDIT03_WRITER_DIAGNOSTIC: passed=186; failed=0
TOTAL_AUDIT03_WRITER_DIAGNOSTIC: passed=186; failed=0
TOTAL_AUDIT03_WRITER_DIAGNOSTIC: passed=186; failed=0
TOTAL_AUDIT03_WRITER_DIAGNOSTIC: passed=186; failed=0
TOTAL_AUDIT03_WRITER_DIAGNOSTIC: passed=186; failed=0
TOTAL_AUDIT03_RESULT_COLUMN_WIDTHS: passed=1116; failed=0
TOTAL_AUDIT03_PROFILE_CONFIG: passed=3260; failed=0; cases=276
TOTAL_AUDIT03_RELOCATED_INPUT: passed=674; failed=0; cases=98
TOTAL_AUDIT03_DURATION_CONFIG: passed=10504; failed=0; cases=613
TOTAL_WORKBOOK_UI: passed=49026; failed=0; elapsedSec=1847.607421875
MODE_AFTER_SUITE: Yes
TOTAL_REGRESSION_BASELINE: passed=39; failed=0; elapsedSec=0.4921875
MODE_AFTER_SUITE: No
SOURCE_UNCHANGED: True
