SOURCE: C:\Users\avidzba\Desktop\Ø‡Æ£‡†¨¨Î\Ç_êÄÅéíÖ!\RC_Section_NDM\docs\regression\Audit03\RC_Section_NDM_search_mutation_cap_strategy_v103.xlsm
SOURCE_SHA256: C64DDB1B011DE0A38E63AC58AA47CBD80367F3BF8FEB7BE6C677CD6AEF7BADA5
FIXTURE: C:\Users\avidzba\AppData\Local\Temp\RC_NDM_ModeSuite_a30bbc9b16c24cdb95cb2c7523d5a12f\RC_Section_NDM.xlsm
GLOBAL_MODE: General.DiagramExtension=No; explicit-On tests retain their setup
FAIL: searchConfig.capacity.UltimateStrain.Bisection.requested
FAIL: searchConfig.capacity.UltimateStrain.Brent.requested
FAIL: searchConfig.capacity.UltimateStrain.Secant.requested
FAIL: searchConfig.capacity.LoadMultiplier.Bisection.requested
FAIL: searchConfig.capacity.LoadMultiplier.Bisection.actual
FAIL: searchConfig.capacity.LoadMultiplier.Brent.requested
FAIL: searchConfig.capacity.LoadMultiplier.Brent.actual
FAIL: searchConfig.capacity.LoadMultiplier.Secant.requested
FAIL: searchConfig.capacity.LoadMultiplier.Secant.actual
FAIL: searchConfig.invalid.Capacity.SolutionStrategy..inputErr
FAIL: searchConfig.invalid.Capacity.SolutionStrategy..noSolve
FAIL: searchConfig.invalid.Capacity.SolutionStrategy..key
FAIL: searchConfig.invalid.Capacity.SolutionStrategy..location
FAIL: searchConfig.invalid.Capacity.SolutionStrategy..cell
FAIL: searchConfig.invalid.Capacity.SolutionStrategy..action
FAIL: searchConfig.invalid.Capacity.SolutionStrategy.TODO.inputErr
FAIL: searchConfig.invalid.Capacity.SolutionStrategy.TODO.noSolve
FAIL: searchConfig.invalid.Capacity.SolutionStrategy.TODO.key
FAIL: searchConfig.invalid.Capacity.SolutionStrategy.TODO.location
FAIL: searchConfig.invalid.Capacity.SolutionStrategy.TODO.cell
FAIL: searchConfig.invalid.Capacity.SolutionStrategy.TODO.action
FAIL: searchConfig.invalid.Capacity.SolutionStrategy.Unknown.inputErr
FAIL: searchConfig.invalid.Capacity.SolutionStrategy.Unknown.noSolve
FAIL: searchConfig.invalid.Capacity.SolutionStrategy.Unknown.key
FAIL: searchConfig.invalid.Capacity.SolutionStrategy.Unknown.location
FAIL: searchConfig.invalid.Capacity.SolutionStrategy.Unknown.cell
FAIL: searchConfig.invalid.Capacity.SolutionStrategy.Unknown.action
FAIL: searchConfig.invalid.Capacity.SolutionStrategy.missing.inputErr
FAIL: searchConfig.invalid.Capacity.SolutionStrategy.missing.noSolve
FAIL: searchConfig.invalid.Capacity.SolutionStrategy.missing.key
FAIL: searchConfig.invalid.Capacity.SolutionStrategy.missing.location
FAIL: searchConfig.invalid.Capacity.SolutionStrategy.missing.section
FAIL: searchConfig.invalid.Capacity.SolutionStrategy.missing.action
TOTAL_AUDIT03_SEARCH_CONFIG: passed=1740; failed=33
MODE_AFTER_SUITE: No
SOURCE_UNCHANGED: True
