SOURCE: C:\Users\avidzba\Desktop\Ø‡Æ£‡†¨¨Î\Ç_êÄÅéíÖ!\RC_Section_NDM\docs\regression\Audit03\RC_Section_NDM_search_mutation_formation_strategy_v103.xlsm
SOURCE_SHA256: 44120513540C571CB5521539ACFB383DADB5F92EF18AA1CE46C07C2000232B7E
FIXTURE: C:\Users\avidzba\AppData\Local\Temp\RC_NDM_ModeSuite_95739e62f2bc4c7aa92c7c87cbe0adcf\RC_Section_NDM.xlsm
GLOBAL_MODE: General.DiagramExtension=No; explicit-On tests retain their setup
FAIL: searchConfig.formation.Auto.Auto.requested
FAIL: searchConfig.formation.Auto.UltimateStrain.requested
FAIL: searchConfig.formation.Auto.UltimateStrain.actual
FAIL: searchConfig.formation.Mxy.Auto.requested
FAIL: searchConfig.formation.Mxy.UltimateStrain.requested
FAIL: searchConfig.formation.Mxy.UltimateStrain.actual
FAIL: searchConfig.formation.N.Auto.requested
FAIL: searchConfig.formation.N.UltimateStrain.requested
FAIL: searchConfig.formation.N.UltimateStrain.actual
FAIL: searchConfig.formation.NMxy.Auto.requested
FAIL: searchConfig.formation.NMxy.UltimateStrain.requested
FAIL: searchConfig.formation.NMxy.UltimateStrain.actual
FAIL: searchConfig.invalid.SLS.Crack.InitiationSolutionStrategy..inputErr
FAIL: searchConfig.invalid.SLS.Crack.InitiationSolutionStrategy..noSolve
FAIL: searchConfig.invalid.SLS.Crack.InitiationSolutionStrategy..key
FAIL: searchConfig.invalid.SLS.Crack.InitiationSolutionStrategy..location
FAIL: searchConfig.invalid.SLS.Crack.InitiationSolutionStrategy..cell
FAIL: searchConfig.invalid.SLS.Crack.InitiationSolutionStrategy..action
FAIL: searchConfig.invalid.SLS.Crack.InitiationSolutionStrategy.TODO.inputErr
FAIL: searchConfig.invalid.SLS.Crack.InitiationSolutionStrategy.TODO.noSolve
FAIL: searchConfig.invalid.SLS.Crack.InitiationSolutionStrategy.TODO.key
FAIL: searchConfig.invalid.SLS.Crack.InitiationSolutionStrategy.TODO.location
FAIL: searchConfig.invalid.SLS.Crack.InitiationSolutionStrategy.TODO.cell
FAIL: searchConfig.invalid.SLS.Crack.InitiationSolutionStrategy.TODO.action
FAIL: searchConfig.invalid.SLS.Crack.InitiationSolutionStrategy.Unknown.inputErr
FAIL: searchConfig.invalid.SLS.Crack.InitiationSolutionStrategy.Unknown.noSolve
FAIL: searchConfig.invalid.SLS.Crack.InitiationSolutionStrategy.Unknown.key
FAIL: searchConfig.invalid.SLS.Crack.InitiationSolutionStrategy.Unknown.location
FAIL: searchConfig.invalid.SLS.Crack.InitiationSolutionStrategy.Unknown.cell
FAIL: searchConfig.invalid.SLS.Crack.InitiationSolutionStrategy.Unknown.action
FAIL: searchConfig.invalid.SLS.Crack.InitiationSolutionStrategy.missing.inputErr
FAIL: searchConfig.invalid.SLS.Crack.InitiationSolutionStrategy.missing.noSolve
FAIL: searchConfig.invalid.SLS.Crack.InitiationSolutionStrategy.missing.key
FAIL: searchConfig.invalid.SLS.Crack.InitiationSolutionStrategy.missing.location
FAIL: searchConfig.invalid.SLS.Crack.InitiationSolutionStrategy.missing.section
FAIL: searchConfig.invalid.SLS.Crack.InitiationSolutionStrategy.missing.action
TOTAL_AUDIT03_SEARCH_CONFIG: passed=1776; failed=36
MODE_AFTER_SUITE: No
SOURCE_UNCHANGED: True
