SOURCE: C:\Users\avidzba\Desktop\Ø‡Æ£‡†¨¨Î\Ç_êÄÅéíÖ!\RC_Section_NDM\docs\regression\Audit03\RC_Section_NDM_search_state_typed_v185.xlsm
SOURCE_SHA256: 2E3B3E75ACA83EB8BB11770E22F2E83CD43E46CDB62827A87A40ABA1B1E15B58
FIXTURE: C:\Users\avidzba\AppData\Local\Temp\RC_NDM_ModeSuite_2dd5c6389167469fbe399f06e5246e20\RC_Section_NDM.xlsm
GLOBAL_MODE: General.DiagramExtension=No; explicit-On tests retain their setup
TOTAL: passed=536; failed=0
MODE_AFTER_SUITE: No
TOTAL_MATERIAL: passed=2856; failed=0; elapsedSec=7.779052734375
MODE_AFTER_SUITE: No
TOTAL_SECTION_SOLVER: passed=895; failed=0; elapsedSec=1.6240234375
MODE_AFTER_SUITE: No
TOTAL_CAPACITY: passed=3074; failed=0; elapsedSec=41.08203125
MODE_AFTER_SUITE: No
TOTAL_CRACK: passed=1532; failed=0; elapsedSec=2.107177734375
MODE_AFTER_SUITE: No
TOTAL_AUDIT03_SEARCH_CONFIG: passed=1853; failed=0
TOTAL_AUDIT03_UNIVERSAL_PATH: passed=849; failed=0
TOTAL_BATCH: passed=12971; failed=0; elapsedSec=177.6650390625
MODE_AFTER_SUITE: No
TOTAL_CIRCLE_CONFIG: passed=53; failed=0
TOTAL_SHAPE_CONFIG: passed=213; failed=0
TOTAL_REBAR_COUNTER: passed=29; failed=0
TOTAL_REQUIRED_GEOMETRY: passed=1010; failed=0
TOTAL_AUDIT03_LOAD_TABLE: passed=11021; failed=0; cases=910
TOTAL_AUDIT03_PROFILE_FAILURE_SCOPE: passed=3572; failed=0; cases=64
TOTAL_AUDIT03_WRITER_DIAGNOSTIC: passed=186; failed=0
TOTAL_AUDIT03_WRITER_DIAGNOSTIC: passed=186; failed=0
TOTAL_AUDIT03_WRITER_DIAGNOSTIC: passed=186; failed=0
TOTAL_AUDIT03_WRITER_DIAGNOSTIC: passed=186; failed=0
TOTAL_AUDIT03_WRITER_DIAGNOSTIC: passed=186; failed=0
TOTAL_AUDIT03_WRITER_DIAGNOSTIC: passed=186; failed=0
TOTAL_AUDIT03_RESULT_COLUMN_WIDTHS: passed=1116; failed=0
TOTAL_AUDIT03_PROFILE_CONFIG: passed=3260; failed=0; cases=276
TOTAL_AUDIT03_RELOCATED_INPUT: passed=674; failed=0; cases=98
TOTAL_AUDIT03_DURATION_CONFIG: passed=10504; failed=0; cases=613
TOTAL_WORKBOOK_UI: passed=38356; failed=0; elapsedSec=1678.6279296875
MODE_AFTER_SUITE: Yes
TOTAL_REGRESSION_BASELINE: passed=39; failed=0; elapsedSec=0.4833984375
MODE_AFTER_SUITE: No
SOURCE_UNCHANGED: True
