SOURCE: C:\Users\avidzba\Desktop\Ø‡Æ£‡†¨¨Î\Ç_êÄÅéíÖ!\RC_Section_NDM\docs\regression\Audit03\RC_Section_NDM_search_config_v103.xlsm
SOURCE_SHA256: E42DD9EDEFBEA6BC6A35D1E5E240CDA20DB61A3C063CCC880EC4DE4009A361C5
FIXTURE: C:\Users\avidzba\AppData\Local\Temp\RC_NDM_ModeSuite_00a87aa805bd46c9a8961d8ca3774de5\RC_Section_NDM.xlsm
GLOBAL_MODE: General.DiagramExtension=No; explicit-On tests retain their setup
TOTAL: passed=524; failed=0
MODE_AFTER_SUITE: No
TOTAL_MATERIAL: passed=2856; failed=0; elapsedSec=2.9921875
MODE_AFTER_SUITE: No
TOTAL_SECTION_SOLVER: passed=895; failed=0; elapsedSec=1.9921875
MODE_AFTER_SUITE: No
TOTAL_CAPACITY: passed=1676; failed=0; elapsedSec=42.9140625
MODE_AFTER_SUITE: No
TOTAL_CRACK: passed=484; failed=0; elapsedSec=1.6328125
MODE_AFTER_SUITE: No
TOTAL_AUDIT03_SEARCH_CONFIG: passed=1812; failed=0
TOTAL_BATCH: passed=8136; failed=0; elapsedSec=166.4921875
MODE_AFTER_SUITE: No
TOTAL_WORKBOOK_UI: passed=6924; failed=0; elapsedSec=183.1328125
MODE_AFTER_SUITE: Yes
TOTAL_REGRESSION_BASELINE: passed=39; failed=0; elapsedSec=0.4765625
MODE_AFTER_SUITE: No
SOURCE_UNCHANGED: True
