SOURCE: C:\Users\avidzba\Desktop\Ø‡Æ£‡†¨¨Î\Ç_êÄÅéíÖ!\RC_Section_NDM\docs\regression\Audit03\RC_Section_NDM_settings_table_negative_v231.xlsm
SOURCE_SHA256: 9E217A78941DC9714A1EE9772467BCA2178B38D94A2200591303BB369FFECD26
FIXTURE: C:\Users\avidzba\AppData\Local\Temp\RC_NDM_ModeSuite_496f8ada064a4e3b9924e15529f591c2\RC_Section_NDM.xlsm
GLOBAL_MODE: General.DiagramExtension=No; explicit-On tests retain their setup
FAIL: audit03.settingsTable.p0.rngUnitSettings.header1.bad8.typed
FAIL: audit03.settingsTable.p0.rngUnitSettings.header1.bad8.address
FAIL: audit03.settingsTable.p0.rngUnitSettings.header1.bad8.typed
FAIL: audit03.settingsTable.p0.rngUnitSettings.header1.bad8.address
FAIL: audit03.settingsTable.p0.rngUnitSettings.header1.bad8.typed
FAIL: audit03.settingsTable.p0.rngUnitSettings.header1.bad8.address
FAIL: audit03.settingsTable.p0.rngUnitSettings.header1.bad10.typed
FAIL: audit03.settingsTable.p0.rngUnitSettings.header1.bad10.address
FAIL: audit03.settingsTable.p0.rngUnitSettings.header2.bad8.typed
FAIL: audit03.settingsTable.p0.rngUnitSettings.header2.bad8.address
FAIL: audit03.settingsTable.p0.rngUnitSettings.header2.bad8.typed
FAIL: audit03.settingsTable.p0.rngUnitSettings.header2.bad8.address
FAIL: audit03.settingsTable.p0.rngUnitSettings.header2.bad8.typed
FAIL: audit03.settingsTable.p0.rngUnitSettings.header2.bad8.address
FAIL: audit03.settingsTable.p0.rngUnitSettings.header2.bad10.typed
FAIL: audit03.settingsTable.p0.rngUnitSettings.header2.bad10.address
FAIL: audit03.settingsTable.p0.rngUnitSettings.header3.bad8.typed
FAIL: audit03.settingsTable.p0.rngUnitSettings.header3.bad8.address
FAIL: audit03.settingsTable.p0.rngUnitSettings.header3.bad8.typed
FAIL: audit03.settingsTable.p0.rngUnitSettings.header3.bad8.address
FAIL: audit03.settingsTable.p0.rngUnitSettings.header3.bad8.typed
FAIL: audit03.settingsTable.p0.rngUnitSettings.header3.bad8.address
FAIL: audit03.settingsTable.p0.rngUnitSettings.header3.bad10.typed
FAIL: audit03.settingsTable.p0.rngUnitSettings.header3.bad10.address
FAIL: audit03.settingsTable.p0.rngUnitSettings.header4.bad8.typed
FAIL: audit03.settingsTable.p0.rngUnitSettings.header4.bad8.address
FAIL: audit03.settingsTable.p0.rngUnitSettings.header4.bad8.typed
FAIL: audit03.settingsTable.p0.rngUnitSettings.header4.bad8.address
FAIL: audit03.settingsTable.p0.rngUnitSettings.header4.bad8.typed
FAIL: audit03.settingsTable.p0.rngUnitSettings.header4.bad8.address
FAIL: audit03.settingsTable.p0.rngUnitSettings.header4.bad10.typed
FAIL: audit03.settingsTable.p0.rngUnitSettings.header4.bad10.address
FAIL: audit03.settingsTable.p0.rngUnitSettings.key.typed
FAIL: audit03.settingsTable.p0.rngUnitSettings.key.address
FAIL: audit03.settingsTable.p0.rngUnitSettings.key.action
FAIL: audit03.settingsTable.p0.rngUnitSettings.truncated.typed
FAIL: audit03.settingsTable.p0.rngUnitSettings.truncated.address
FAIL: audit03.settingsTable.p1.rngUnitSettings.header1.bad8.typed
FAIL: audit03.settingsTable.p1.rngUnitSettings.header1.bad8.address
FAIL: audit03.settingsTable.p1.rngUnitSettings.header1.bad8.typed
FAIL: audit03.settingsTable.p1.rngUnitSettings.header1.bad8.address
FAIL: audit03.settingsTable.p1.rngUnitSettings.header1.bad8.typed
FAIL: audit03.settingsTable.p1.rngUnitSettings.header1.bad8.address
FAIL: audit03.settingsTable.p1.rngUnitSettings.header1.bad10.typed
FAIL: audit03.settingsTable.p1.rngUnitSettings.header1.bad10.address
FAIL: audit03.settingsTable.p1.rngUnitSettings.header2.bad8.typed
FAIL: audit03.settingsTable.p1.rngUnitSettings.header2.bad8.address
FAIL: audit03.settingsTable.p1.rngUnitSettings.header2.bad8.typed
FAIL: audit03.settingsTable.p1.rngUnitSettings.header2.bad8.address
FAIL: audit03.settingsTable.p1.rngUnitSettings.header2.bad8.typed
FAIL: audit03.settingsTable.p1.rngUnitSettings.header2.bad8.address
FAIL: audit03.settingsTable.p1.rngUnitSettings.header2.bad10.typed
FAIL: audit03.settingsTable.p1.rngUnitSettings.header2.bad10.address
FAIL: audit03.settingsTable.p1.rngUnitSettings.header3.bad8.typed
FAIL: audit03.settingsTable.p1.rngUnitSettings.header3.bad8.address
FAIL: audit03.settingsTable.p1.rngUnitSettings.header3.bad8.typed
FAIL: audit03.settingsTable.p1.rngUnitSettings.header3.bad8.address
FAIL: audit03.settingsTable.p1.rngUnitSettings.header3.bad8.typed
FAIL: audit03.settingsTable.p1.rngUnitSettings.header3.bad8.address
FAIL: audit03.settingsTable.p1.rngUnitSettings.header3.bad10.typed
FAIL: audit03.settingsTable.p1.rngUnitSettings.header3.bad10.address
FAIL: audit03.settingsTable.p1.rngUnitSettings.header4.bad8.typed
FAIL: audit03.settingsTable.p1.rngUnitSettings.header4.bad8.address
FAIL: audit03.settingsTable.p1.rngUnitSettings.header4.bad8.typed
FAIL: audit03.settingsTable.p1.rngUnitSettings.header4.bad8.address
FAIL: audit03.settingsTable.p1.rngUnitSettings.header4.bad8.typed
FAIL: audit03.settingsTable.p1.rngUnitSettings.header4.bad8.address
FAIL: audit03.settingsTable.p1.rngUnitSettings.header4.bad10.typed
FAIL: audit03.settingsTable.p1.rngUnitSettings.header4.bad10.address
FAIL: audit03.settingsTable.p1.rngUnitSettings.key.typed
FAIL: audit03.settingsTable.p1.rngUnitSettings.key.address
FAIL: audit03.settingsTable.p1.rngUnitSettings.key.action
FAIL: audit03.settingsTable.p1.rngUnitSettings.truncated.typed
FAIL: audit03.settingsTable.p1.rngUnitSettings.truncated.address
FAIL: audit03.settingsTable.p0.rngSignConventionSettings.header1.bad8.typed
FAIL: audit03.settingsTable.p0.rngSignConventionSettings.header1.bad8.address
FAIL: audit03.settingsTable.p0.rngSignConventionSettings.header1.bad8.typed
FAIL: audit03.settingsTable.p0.rngSignConventionSettings.header1.bad8.address
FAIL: audit03.settingsTable.p0.rngSignConventionSettings.header1.bad8.typed
FAIL: audit03.settingsTable.p0.rngSignConventionSettings.header1.bad8.address
FAIL: audit03.settingsTable.p0.rngSignConventionSettings.header1.bad10.typed
FAIL: audit03.settingsTable.p0.rngSignConventionSettings.header1.bad10.address
FAIL: audit03.settingsTable.p0.rngSignConventionSettings.header2.bad8.typed
FAIL: audit03.settingsTable.p0.rngSignConventionSettings.header2.bad8.address
FAIL: audit03.settingsTable.p0.rngSignConventionSettings.header2.bad8.typed
FAIL: audit03.settingsTable.p0.rngSignConventionSettings.header2.bad8.address
FAIL: audit03.settingsTable.p0.rngSignConventionSettings.header2.bad8.typed
FAIL: audit03.settingsTable.p0.rngSignConventionSettings.header2.bad8.address
FAIL: audit03.settingsTable.p0.rngSignConventionSettings.header2.bad10.typed
FAIL: audit03.settingsTable.p0.rngSignConventionSettings.header2.bad10.address
FAIL: audit03.settingsTable.p0.rngSignConventionSettings.header3.bad8.typed
FAIL: audit03.settingsTable.p0.rngSignConventionSettings.header3.bad8.address
FAIL: audit03.settingsTable.p0.rngSignConventionSettings.header3.bad8.typed
FAIL: audit03.settingsTable.p0.rngSignConventionSettings.header3.bad8.address
FAIL: audit03.settingsTable.p0.rngSignConventionSettings.header3.bad8.typed
FAIL: audit03.settingsTable.p0.rngSignConventionSettings.header3.bad8.address
FAIL: audit03.settingsTable.p0.rngSignConventionSettings.header3.bad10.typed
FAIL: audit03.settingsTable.p0.rngSignConventionSettings.header3.bad10.address
FAIL: audit03.settingsTable.p0.rngSignConventionSettings.key.typed
FAIL: audit03.settingsTable.p0.rngSignConventionSettings.key.address
FAIL: audit03.settingsTable.p0.rngSignConventionSettings.key.action
FAIL: audit03.settingsTable.p0.rngSignConventionSettings.truncated.address
FAIL: audit03.settingsTable.p0.rngSignConventionSettings.truncated.action
FAIL: audit03.settingsTable.p1.rngSignConventionSettings.header1.bad8.typed
FAIL: audit03.settingsTable.p1.rngSignConventionSettings.header1.bad8.address
FAIL: audit03.settingsTable.p1.rngSignConventionSettings.header1.bad8.typed
FAIL: audit03.settingsTable.p1.rngSignConventionSettings.header1.bad8.address
FAIL: audit03.settingsTable.p1.rngSignConventionSettings.header1.bad8.typed
FAIL: audit03.settingsTable.p1.rngSignConventionSettings.header1.bad8.address
FAIL: audit03.settingsTable.p1.rngSignConventionSettings.header1.bad10.typed
FAIL: audit03.settingsTable.p1.rngSignConventionSettings.header1.bad10.address
FAIL: audit03.settingsTable.p1.rngSignConventionSettings.header2.bad8.typed
FAIL: audit03.settingsTable.p1.rngSignConventionSettings.header2.bad8.address
FAIL: audit03.settingsTable.p1.rngSignConventionSettings.header2.bad8.typed
FAIL: audit03.settingsTable.p1.rngSignConventionSettings.header2.bad8.address
FAIL: audit03.settingsTable.p1.rngSignConventionSettings.header2.bad8.typed
FAIL: audit03.settingsTable.p1.rngSignConventionSettings.header2.bad8.address
FAIL: audit03.settingsTable.p1.rngSignConventionSettings.header2.bad10.typed
FAIL: audit03.settingsTable.p1.rngSignConventionSettings.header2.bad10.address
FAIL: audit03.settingsTable.p1.rngSignConventionSettings.header3.bad8.typed
FAIL: audit03.settingsTable.p1.rngSignConventionSettings.header3.bad8.address
FAIL: audit03.settingsTable.p1.rngSignConventionSettings.header3.bad8.typed
FAIL: audit03.settingsTable.p1.rngSignConventionSettings.header3.bad8.address
FAIL: audit03.settingsTable.p1.rngSignConventionSettings.header3.bad8.typed
FAIL: audit03.settingsTable.p1.rngSignConventionSettings.header3.bad8.address
FAIL: audit03.settingsTable.p1.rngSignConventionSettings.header3.bad10.typed
FAIL: audit03.settingsTable.p1.rngSignConventionSettings.header3.bad10.address
FAIL: audit03.settingsTable.p1.rngSignConventionSettings.key.typed
FAIL: audit03.settingsTable.p1.rngSignConventionSettings.key.address
FAIL: audit03.settingsTable.p1.rngSignConventionSettings.key.action
FAIL: audit03.settingsTable.p1.rngSignConventionSettings.truncated.address
FAIL: audit03.settingsTable.p1.rngSignConventionSettings.truncated.action
FAIL: audit03.settingsTable.p0.rngConcreteMaterialParameters.header1.bad8.typed
FAIL: audit03.settingsTable.p0.rngConcreteMaterialParameters.header1.bad8.address
FAIL: audit03.settingsTable.p0.rngConcreteMaterialParameters.header1.bad8.typed
FAIL: audit03.settingsTable.p0.rngConcreteMaterialParameters.header1.bad8.address
FAIL: audit03.settingsTable.p0.rngConcreteMaterialParameters.header1.bad8.typed
FAIL: audit03.settingsTable.p0.rngConcreteMaterialParameters.header1.bad8.address
FAIL: audit03.settingsTable.p0.rngConcreteMaterialParameters.header1.bad10.typed
FAIL: audit03.settingsTable.p0.rngConcreteMaterialParameters.header1.bad10.address
FAIL: audit03.settingsTable.p0.rngConcreteMaterialParameters.header2.bad8.typed
FAIL: audit03.settingsTable.p0.rngConcreteMaterialParameters.header2.bad8.address
FAIL: audit03.settingsTable.p0.rngConcreteMaterialParameters.header2.bad8.typed
FAIL: audit03.settingsTable.p0.rngConcreteMaterialParameters.header2.bad8.address
FAIL: audit03.settingsTable.p0.rngConcreteMaterialParameters.header2.bad8.typed
FAIL: audit03.settingsTable.p0.rngConcreteMaterialParameters.header2.bad8.address
FAIL: audit03.settingsTable.p0.rngConcreteMaterialParameters.header2.bad10.typed
FAIL: audit03.settingsTable.p0.rngConcreteMaterialParameters.header2.bad10.address
FAIL: audit03.settingsTable.p0.rngConcreteMaterialParameters.header3.bad8.typed
FAIL: audit03.settingsTable.p0.rngConcreteMaterialParameters.header3.bad8.address
FAIL: audit03.settingsTable.p0.rngConcreteMaterialParameters.header3.bad8.typed
FAIL: audit03.settingsTable.p0.rngConcreteMaterialParameters.header3.bad8.address
FAIL: audit03.settingsTable.p0.rngConcreteMaterialParameters.header3.bad8.typed
FAIL: audit03.settingsTable.p0.rngConcreteMaterialParameters.header3.bad8.address
FAIL: audit03.settingsTable.p0.rngConcreteMaterialParameters.header3.bad10.typed
FAIL: audit03.settingsTable.p0.rngConcreteMaterialParameters.header3.bad10.address
FAIL: audit03.settingsTable.p0.rngConcreteMaterialParameters.comment.emptySource
FAIL: audit03.settingsTable.p0.rngConcreteMaterialParameters.truncated.typed
FAIL: audit03.settingsTable.p0.rngConcreteMaterialParameters.truncated.address
FAIL: audit03.settingsTable.p1.rngConcreteMaterialParameters.header1.bad8.typed
FAIL: audit03.settingsTable.p1.rngConcreteMaterialParameters.header1.bad8.address
FAIL: audit03.settingsTable.p1.rngConcreteMaterialParameters.header1.bad8.typed
FAIL: audit03.settingsTable.p1.rngConcreteMaterialParameters.header1.bad8.address
FAIL: audit03.settingsTable.p1.rngConcreteMaterialParameters.header1.bad8.typed
FAIL: audit03.settingsTable.p1.rngConcreteMaterialParameters.header1.bad8.address
FAIL: audit03.settingsTable.p1.rngConcreteMaterialParameters.header1.bad10.typed
FAIL: audit03.settingsTable.p1.rngConcreteMaterialParameters.header1.bad10.address
FAIL: audit03.settingsTable.p1.rngConcreteMaterialParameters.header2.bad8.typed
FAIL: audit03.settingsTable.p1.rngConcreteMaterialParameters.header2.bad8.address
FAIL: audit03.settingsTable.p1.rngConcreteMaterialParameters.header2.bad8.typed
FAIL: audit03.settingsTable.p1.rngConcreteMaterialParameters.header2.bad8.address
FAIL: audit03.settingsTable.p1.rngConcreteMaterialParameters.header2.bad8.typed
FAIL: audit03.settingsTable.p1.rngConcreteMaterialParameters.header2.bad8.address
FAIL: audit03.settingsTable.p1.rngConcreteMaterialParameters.header2.bad10.typed
FAIL: audit03.settingsTable.p1.rngConcreteMaterialParameters.header2.bad10.address
FAIL: audit03.settingsTable.p1.rngConcreteMaterialParameters.header3.bad8.typed
FAIL: audit03.settingsTable.p1.rngConcreteMaterialParameters.header3.bad8.address
FAIL: audit03.settingsTable.p1.rngConcreteMaterialParameters.header3.bad8.typed
FAIL: audit03.settingsTable.p1.rngConcreteMaterialParameters.header3.bad8.address
FAIL: audit03.settingsTable.p1.rngConcreteMaterialParameters.header3.bad8.typed
FAIL: audit03.settingsTable.p1.rngConcreteMaterialParameters.header3.bad8.address
FAIL: audit03.settingsTable.p1.rngConcreteMaterialParameters.header3.bad10.typed
FAIL: audit03.settingsTable.p1.rngConcreteMaterialParameters.header3.bad10.address
FAIL: audit03.settingsTable.p1.rngConcreteMaterialParameters.comment.emptySource
FAIL: audit03.settingsTable.p1.rngConcreteMaterialParameters.truncated.typed
FAIL: audit03.settingsTable.p1.rngConcreteMaterialParameters.truncated.address
FAIL: audit03.settingsTable.p0.rngSteelMaterialParameters.header1.bad8.typed
FAIL: audit03.settingsTable.p0.rngSteelMaterialParameters.header1.bad8.address
FAIL: audit03.settingsTable.p0.rngSteelMaterialParameters.header1.bad8.typed
FAIL: audit03.settingsTable.p0.rngSteelMaterialParameters.header1.bad8.address
FAIL: audit03.settingsTable.p0.rngSteelMaterialParameters.header1.bad8.typed
FAIL: audit03.settingsTable.p0.rngSteelMaterialParameters.header1.bad8.address
FAIL: audit03.settingsTable.p0.rngSteelMaterialParameters.header1.bad10.typed
FAIL: audit03.settingsTable.p0.rngSteelMaterialParameters.header1.bad10.address
FAIL: audit03.settingsTable.p0.rngSteelMaterialParameters.header2.bad8.typed
FAIL: audit03.settingsTable.p0.rngSteelMaterialParameters.header2.bad8.address
FAIL: audit03.settingsTable.p0.rngSteelMaterialParameters.header2.bad8.typed
FAIL: audit03.settingsTable.p0.rngSteelMaterialParameters.header2.bad8.address
FAIL: audit03.settingsTable.p0.rngSteelMaterialParameters.header2.bad8.typed
FAIL: audit03.settingsTable.p0.rngSteelMaterialParameters.header2.bad8.address
FAIL: audit03.settingsTable.p0.rngSteelMaterialParameters.header2.bad10.typed
FAIL: audit03.settingsTable.p0.rngSteelMaterialParameters.header2.bad10.address
FAIL: audit03.settingsTable.p0.rngSteelMaterialParameters.header3.bad8.typed
FAIL: audit03.settingsTable.p0.rngSteelMaterialParameters.header3.bad8.address
FAIL: audit03.settingsTable.p0.rngSteelMaterialParameters.header3.bad8.typed
FAIL: audit03.settingsTable.p0.rngSteelMaterialParameters.header3.bad8.address
FAIL: audit03.settingsTable.p0.rngSteelMaterialParameters.header3.bad8.typed
FAIL: audit03.settingsTable.p0.rngSteelMaterialParameters.header3.bad8.address
FAIL: audit03.settingsTable.p0.rngSteelMaterialParameters.header3.bad10.typed
FAIL: audit03.settingsTable.p0.rngSteelMaterialParameters.header3.bad10.address
FAIL: audit03.settingsTable.p0.rngSteelMaterialParameters.comment.emptySource
FAIL: audit03.settingsTable.p0.rngSteelMaterialParameters.truncated.typed
FAIL: audit03.settingsTable.p0.rngSteelMaterialParameters.truncated.address
FAIL: audit03.settingsTable.p1.rngSteelMaterialParameters.header1.bad8.typed
FAIL: audit03.settingsTable.p1.rngSteelMaterialParameters.header1.bad8.address
FAIL: audit03.settingsTable.p1.rngSteelMaterialParameters.header1.bad8.typed
FAIL: audit03.settingsTable.p1.rngSteelMaterialParameters.header1.bad8.address
FAIL: audit03.settingsTable.p1.rngSteelMaterialParameters.header1.bad8.typed
FAIL: audit03.settingsTable.p1.rngSteelMaterialParameters.header1.bad8.address
FAIL: audit03.settingsTable.p1.rngSteelMaterialParameters.header1.bad10.typed
FAIL: audit03.settingsTable.p1.rngSteelMaterialParameters.header1.bad10.address
FAIL: audit03.settingsTable.p1.rngSteelMaterialParameters.header2.bad8.typed
FAIL: audit03.settingsTable.p1.rngSteelMaterialParameters.header2.bad8.address
FAIL: audit03.settingsTable.p1.rngSteelMaterialParameters.header2.bad8.typed
FAIL: audit03.settingsTable.p1.rngSteelMaterialParameters.header2.bad8.address
FAIL: audit03.settingsTable.p1.rngSteelMaterialParameters.header2.bad8.typed
FAIL: audit03.settingsTable.p1.rngSteelMaterialParameters.header2.bad8.address
FAIL: audit03.settingsTable.p1.rngSteelMaterialParameters.header2.bad10.typed
FAIL: audit03.settingsTable.p1.rngSteelMaterialParameters.header2.bad10.address
FAIL: audit03.settingsTable.p1.rngSteelMaterialParameters.header3.bad8.typed
FAIL: audit03.settingsTable.p1.rngSteelMaterialParameters.header3.bad8.address
FAIL: audit03.settingsTable.p1.rngSteelMaterialParameters.header3.bad8.typed
FAIL: audit03.settingsTable.p1.rngSteelMaterialParameters.header3.bad8.address
FAIL: audit03.settingsTable.p1.rngSteelMaterialParameters.header3.bad8.typed
FAIL: audit03.settingsTable.p1.rngSteelMaterialParameters.header3.bad8.address
FAIL: audit03.settingsTable.p1.rngSteelMaterialParameters.header3.bad10.typed
FAIL: audit03.settingsTable.p1.rngSteelMaterialParameters.header3.bad10.address
FAIL: audit03.settingsTable.p1.rngSteelMaterialParameters.comment.emptySource
FAIL: audit03.settingsTable.p1.rngSteelMaterialParameters.truncated.typed
FAIL: audit03.settingsTable.p1.rngSteelMaterialParameters.truncated.address
FAIL: audit03.settingsTable.p0.rngPlotAnnotationSettings.comment.emptySource
FAIL: audit03.settingsTable.p1.rngPlotAnnotationSettings.comment.emptySource
TOTAL_AUDIT03_SETTINGS_TABLE_GUARDS: passed=339; failed=242
MODE_AFTER_SUITE: No
SOURCE_UNCHANGED: True
