SOURCE: C:\Users\avidzba\Desktop\программы\В_РАБОТЕ!\RC_Section_NDM\docs\regression\Audit03\RC_Section_NDM_settings_table_positive_v232.xlsm
SOURCE_SHA256: 046FF7F49D75E638408B9D11025184EACF9A204465BC23688FA8293F639B5545
FIXTURE: C:\Users\avidzba\AppData\Local\Temp\RC_NDM_ModeSuite_9bd7c3fe527e4fd7b320c233e7f46aa9\RC_Section_NDM.xlsm
GLOBAL_MODE: General.DiagramExtension=No; explicit-On tests retain their setup
===== RunAudit03SettingsTableGuardTests =====
SUITE_STARTED: RunAudit03SettingsTableGuardTests; 2026-10-04T14:04:38
EXCEL_AFTER_SUITE: pid=13332; workingSet=145920000; privateBytes=111689728; cpu=5.203125
EXCEL_AFTER_SUITE: pid=23476; workingSet=214437888; privateBytes=165986304; cpu=13828.109375
OK: audit03.settingsTable.p0.rngUnitSettings.header1.bad8.rejected
OK: audit03.settingsTable.p0.rngUnitSettings.header1.bad8.address
OK: audit03.settingsTable.p0.rngUnitSettings.header1.bad8.action
SETTINGS_TABLE_ERROR: audit03.settingsTable.p0.rngUnitSettings.header1|code=-2147217188|Таблица "Единицы измерения" (лист Config, ячейка A5): в заголовке колонки должно быть "Quantity", сейчас "". Восстановите заголовок и расположение колонок по исправному шаблону книги.
OK: audit03.settingsTable.p0.rngUnitSettings.header1.bad8.rejected
OK: audit03.settingsTable.p0.rngUnitSettings.header1.bad8.address
OK: audit03.settingsTable.p0.rngUnitSettings.header1.bad8.action
SETTINGS_TABLE_ERROR: audit03.settingsTable.p0.rngUnitSettings.header1|code=-2147217188|Таблица "Единицы измерения" (лист Config, ячейка A5): в заголовке колонки должно быть "Quantity", сейчас "TODO". Восстановите заголовок и расположение колонок по исправному шаблону книги.
OK: audit03.settingsTable.p0.rngUnitSettings.header1.bad8.rejected
OK: audit03.settingsTable.p0.rngUnitSettings.header1.bad8.address
OK: audit03.settingsTable.p0.rngUnitSettings.header1.bad8.action
SETTINGS_TABLE_ERROR: audit03.settingsTable.p0.rngUnitSettings.header1|code=-2147217188|Таблица "Единицы измерения" (лист Config, ячейка A5): в заголовке колонки должно быть "Quantity", сейчас "UNKNOWN_HEADER". Восстановите заголовок и расположение колонок по исправному шаблону книги.
OK: audit03.settingsTable.p0.rngUnitSettings.header1.bad10.rejected
OK: audit03.settingsTable.p0.rngUnitSettings.header1.bad10.address
OK: audit03.settingsTable.p0.rngUnitSettings.header1.bad10.action
SETTINGS_TABLE_ERROR: audit03.settingsTable.p0.rngUnitSettings.header1|code=-2147217195|Настройка Единицы измерения (лист Config, ячейка A5) содержит ошибку Excel в колонке "заголовок таблицы". Исправьте формулу или введите допустимое значение вместо ошибки Excel.
OK: audit03.settingsTable.p0.rngUnitSettings.header2.bad8.rejected
OK: audit03.settingsTable.p0.rngUnitSettings.header2.bad8.address
OK: audit03.settingsTable.p0.rngUnitSettings.header2.bad8.action
SETTINGS_TABLE_ERROR: audit03.settingsTable.p0.rngUnitSettings.header2|code=-2147217188|Таблица "Единицы измерения" (лист Config, ячейка B5): в заголовке колонки должно быть "INPUT", сейчас "". Восстановите заголовок и расположение колонок по исправному шаблону книги.
OK: audit03.settingsTable.p0.rngUnitSettings.header2.bad8.rejected
OK: audit03.settingsTable.p0.rngUnitSettings.header2.bad8.address
OK: audit03.settingsTable.p0.rngUnitSettings.header2.bad8.action
SETTINGS_TABLE_ERROR: audit03.settingsTable.p0.rngUnitSettings.header2|code=-2147217188|Таблица "Единицы измерения" (лист Config, ячейка B5): в заголовке колонки должно быть "INPUT", сейчас "TODO". Восстановите заголовок и расположение колонок по исправному шаблону книги.
OK: audit03.settingsTable.p0.rngUnitSettings.header2.bad8.rejected
OK: audit03.settingsTable.p0.rngUnitSettings.header2.bad8.address
OK: audit03.settingsTable.p0.rngUnitSettings.header2.bad8.action
SETTINGS_TABLE_ERROR: audit03.settingsTable.p0.rngUnitSettings.header2|code=-2147217188|Таблица "Единицы измерения" (лист Config, ячейка B5): в заголовке колонки должно быть "INPUT", сейчас "UNKNOWN_HEADER". Восстановите заголовок и расположение колонок по исправному шаблону книги.
OK: audit03.settingsTable.p0.rngUnitSettings.header2.bad10.rejected
OK: audit03.settingsTable.p0.rngUnitSettings.header2.bad10.address
OK: audit03.settingsTable.p0.rngUnitSettings.header2.bad10.action
SETTINGS_TABLE_ERROR: audit03.settingsTable.p0.rngUnitSettings.header2|code=-2147217195|Настройка Единицы измерения (лист Config, ячейка B5) содержит ошибку Excel в колонке "заголовок таблицы". Исправьте формулу или введите допустимое значение вместо ошибки Excel.
OK: audit03.settingsTable.p0.rngUnitSettings.header3.bad8.rejected
OK: audit03.settingsTable.p0.rngUnitSettings.header3.bad8.address
OK: audit03.settingsTable.p0.rngUnitSettings.header3.bad8.action
SETTINGS_TABLE_ERROR: audit03.settingsTable.p0.rngUnitSettings.header3|code=-2147217188|Таблица "Единицы измерения" (лист Config, ячейка C5): в заголовке колонки должно быть "INTERNAL", сейчас "". Восстановите заголовок и расположение колонок по исправному шаблону книги.
OK: audit03.settingsTable.p0.rngUnitSettings.header3.bad8.rejected
OK: audit03.settingsTable.p0.rngUnitSettings.header3.bad8.address
OK: audit03.settingsTable.p0.rngUnitSettings.header3.bad8.action
SETTINGS_TABLE_ERROR: audit03.settingsTable.p0.rngUnitSettings.header3|code=-2147217188|Таблица "Единицы измерения" (лист Config, ячейка C5): в заголовке колонки должно быть "INTERNAL", сейчас "TODO". Восстановите заголовок и расположение колонок по исправному шаблону книги.
OK: audit03.settingsTable.p0.rngUnitSettings.header3.bad8.rejected
OK: audit03.settingsTable.p0.rngUnitSettings.header3.bad8.address
OK: audit03.settingsTable.p0.rngUnitSettings.header3.bad8.action
SETTINGS_TABLE_ERROR: audit03.settingsTable.p0.rngUnitSettings.header3|code=-2147217188|Таблица "Единицы измерения" (лист Config, ячейка C5): в заголовке колонки должно быть "INTERNAL", сейчас "UNKNOWN_HEADER". Восстановите заголовок и расположение колонок по исправному шаблону книги.
OK: audit03.settingsTable.p0.rngUnitSettings.header3.bad10.rejected
OK: audit03.settingsTable.p0.rngUnitSettings.header3.bad10.address
OK: audit03.settingsTable.p0.rngUnitSettings.header3.bad10.action
SETTINGS_TABLE_ERROR: audit03.settingsTable.p0.rngUnitSettings.header3|code=-2147217195|Настройка Единицы измерения (лист Config, ячейка C5) содержит ошибку Excel в колонке "заголовок таблицы". Исправьте формулу или введите допустимое значение вместо ошибки Excel.
OK: audit03.settingsTable.p0.rngUnitSettings.header4.bad8.rejected
OK: audit03.settingsTable.p0.rngUnitSettings.header4.bad8.address
OK: audit03.settingsTable.p0.rngUnitSettings.header4.bad8.action
SETTINGS_TABLE_ERROR: audit03.settingsTable.p0.rngUnitSettings.header4|code=-2147217188|Таблица "Единицы измерения" (лист Config, ячейка D5): в заголовке колонки должно быть "OUTPUT", сейчас "". Восстановите заголовок и расположение колонок по исправному шаблону книги.
OK: audit03.settingsTable.p0.rngUnitSettings.header4.bad8.rejected
OK: audit03.settingsTable.p0.rngUnitSettings.header4.bad8.address
OK: audit03.settingsTable.p0.rngUnitSettings.header4.bad8.action
SETTINGS_TABLE_ERROR: audit03.settingsTable.p0.rngUnitSettings.header4|code=-2147217188|Таблица "Единицы измерения" (лист Config, ячейка D5): в заголовке колонки должно быть "OUTPUT", сейчас "TODO". Восстановите заголовок и расположение колонок по исправному шаблону книги.
OK: audit03.settingsTable.p0.rngUnitSettings.header4.bad8.rejected
OK: audit03.settingsTable.p0.rngUnitSettings.header4.bad8.address
OK: audit03.settingsTable.p0.rngUnitSettings.header4.bad8.action
SETTINGS_TABLE_ERROR: audit03.settingsTable.p0.rngUnitSettings.header4|code=-2147217188|Таблица "Единицы измерения" (лист Config, ячейка D5): в заголовке колонки должно быть "OUTPUT", сейчас "UNKNOWN_HEADER". Восстановите заголовок и расположение колонок по исправному шаблону книги.
OK: audit03.settingsTable.p0.rngUnitSettings.header4.bad10.rejected
OK: audit03.settingsTable.p0.rngUnitSettings.header4.bad10.address
OK: audit03.settingsTable.p0.rngUnitSettings.header4.bad10.action
SETTINGS_TABLE_ERROR: audit03.settingsTable.p0.rngUnitSettings.header4|code=-2147217195|Настройка Единицы измерения (лист Config, ячейка D5) содержит ошибку Excel в колонке "заголовок таблицы". Исправьте формулу или введите допустимое значение вместо ошибки Excel.
OK: audit03.settingsTable.p0.rngUnitSettings.key.typed
OK: audit03.settingsTable.p0.rngUnitSettings.key.address
OK: audit03.settingsTable.p0.rngUnitSettings.key.action
SETTINGS_TABLE_ERROR: audit03.settingsTable.p0.rngUnitSettings.key|code=-2147217195|Настройка строка 2 (лист Config, ячейка A6) содержит ошибку Excel в колонке "физическая величина". Исправьте формулу или введите допустимое значение вместо ошибки Excel.
OK: audit03.settingsTable.p0.rngUnitSettings.value.typed
OK: audit03.settingsTable.p0.rngUnitSettings.value.address
SETTINGS_TABLE_ERROR: audit03.settingsTable.p0.rngUnitSettings.value|code=-2147217195|Настройка Units.Length.Input (лист Config, ячейка B6) содержит ошибку Excel в колонке "INPUT". Исправьте формулу или введите допустимое значение вместо ошибки Excel.
OK: audit03.settingsTable.p0.rngUnitSettings.recovery
OK: audit03.settingsTable.p0.rngUnitSettings.recovery.value
OK: audit03.settingsTable.p1.rngUnitSettings.header1.bad8.rejected
OK: audit03.settingsTable.p1.rngUnitSettings.header1.bad8.address
OK: audit03.settingsTable.p1.rngUnitSettings.header1.bad8.action
SETTINGS_TABLE_ERROR: audit03.settingsTable.p1.rngUnitSettings.header1|code=-2147217188|Таблица "Единицы измерения" (лист Config, ячейка CH800): в заголовке колонки должно быть "Quantity", сейчас "". Восстановите заголовок и расположение колонок по исправному шаблону книги.
OK: audit03.settingsTable.p1.rngUnitSettings.header1.bad8.rejected
OK: audit03.settingsTable.p1.rngUnitSettings.header1.bad8.address
OK: audit03.settingsTable.p1.rngUnitSettings.header1.bad8.action
SETTINGS_TABLE_ERROR: audit03.settingsTable.p1.rngUnitSettings.header1|code=-2147217188|Таблица "Единицы измерения" (лист Config, ячейка CH800): в заголовке колонки должно быть "Quantity", сейчас "TODO". Восстановите заголовок и расположение колонок по исправному шаблону книги.
OK: audit03.settingsTable.p1.rngUnitSettings.header1.bad8.rejected
OK: audit03.settingsTable.p1.rngUnitSettings.header1.bad8.address
OK: audit03.settingsTable.p1.rngUnitSettings.header1.bad8.action
SETTINGS_TABLE_ERROR: audit03.settingsTable.p1.rngUnitSettings.header1|code=-2147217188|Таблица "Единицы измерения" (лист Config, ячейка CH800): в заголовке колонки должно быть "Quantity", сейчас "UNKNOWN_HEADER". Восстановите заголовок и расположение колонок по исправному шаблону книги.
OK: audit03.settingsTable.p1.rngUnitSettings.header1.bad10.rejected
OK: audit03.settingsTable.p1.rngUnitSettings.header1.bad10.address
OK: audit03.settingsTable.p1.rngUnitSettings.header1.bad10.action
SETTINGS_TABLE_ERROR: audit03.settingsTable.p1.rngUnitSettings.header1|code=-2147217195|Настройка Единицы измерения (лист Config, ячейка CH800) содержит ошибку Excel в колонке "заголовок таблицы". Исправьте формулу или введите допустимое значение вместо ошибки Excel.
OK: audit03.settingsTable.p1.rngUnitSettings.header2.bad8.rejected
OK: audit03.settingsTable.p1.rngUnitSettings.header2.bad8.address
OK: audit03.settingsTable.p1.rngUnitSettings.header2.bad8.action
SETTINGS_TABLE_ERROR: audit03.settingsTable.p1.rngUnitSettings.header2|code=-2147217188|Таблица "Единицы измерения" (лист Config, ячейка CI800): в заголовке колонки должно быть "INPUT", сейчас "". Восстановите заголовок и расположение колонок по исправному шаблону книги.
OK: audit03.settingsTable.p1.rngUnitSettings.header2.bad8.rejected
OK: audit03.settingsTable.p1.rngUnitSettings.header2.bad8.address
OK: audit03.settingsTable.p1.rngUnitSettings.header2.bad8.action
SETTINGS_TABLE_ERROR: audit03.settingsTable.p1.rngUnitSettings.header2|code=-2147217188|Таблица "Единицы измерения" (лист Config, ячейка CI800): в заголовке колонки должно быть "INPUT", сейчас "TODO". Восстановите заголовок и расположение колонок по исправному шаблону книги.
OK: audit03.settingsTable.p1.rngUnitSettings.header2.bad8.rejected
OK: audit03.settingsTable.p1.rngUnitSettings.header2.bad8.address
OK: audit03.settingsTable.p1.rngUnitSettings.header2.bad8.action
SETTINGS_TABLE_ERROR: audit03.settingsTable.p1.rngUnitSettings.header2|code=-2147217188|Таблица "Единицы измерения" (лист Config, ячейка CI800): в заголовке колонки должно быть "INPUT", сейчас "UNKNOWN_HEADER". Восстановите заголовок и расположение колонок по исправному шаблону книги.
OK: audit03.settingsTable.p1.rngUnitSettings.header2.bad10.rejected
OK: audit03.settingsTable.p1.rngUnitSettings.header2.bad10.address
OK: audit03.settingsTable.p1.rngUnitSettings.header2.bad10.action
SETTINGS_TABLE_ERROR: audit03.settingsTable.p1.rngUnitSettings.header2|code=-2147217195|Настройка Единицы измерения (лист Config, ячейка CI800) содержит ошибку Excel в колонке "заголовок таблицы". Исправьте формулу или введите допустимое значение вместо ошибки Excel.
OK: audit03.settingsTable.p1.rngUnitSettings.header3.bad8.rejected
OK: audit03.settingsTable.p1.rngUnitSettings.header3.bad8.address
OK: audit03.settingsTable.p1.rngUnitSettings.header3.bad8.action
SETTINGS_TABLE_ERROR: audit03.settingsTable.p1.rngUnitSettings.header3|code=-2147217188|Таблица "Единицы измерения" (лист Config, ячейка CJ800): в заголовке колонки должно быть "INTERNAL", сейчас "". Восстановите заголовок и расположение колонок по исправному шаблону книги.
OK: audit03.settingsTable.p1.rngUnitSettings.header3.bad8.rejected
OK: audit03.settingsTable.p1.rngUnitSettings.header3.bad8.address
OK: audit03.settingsTable.p1.rngUnitSettings.header3.bad8.action
SETTINGS_TABLE_ERROR: audit03.settingsTable.p1.rngUnitSettings.header3|code=-2147217188|Таблица "Единицы измерения" (лист Config, ячейка CJ800): в заголовке колонки должно быть "INTERNAL", сейчас "TODO". Восстановите заголовок и расположение колонок по исправному шаблону книги.
OK: audit03.settingsTable.p1.rngUnitSettings.header3.bad8.rejected
OK: audit03.settingsTable.p1.rngUnitSettings.header3.bad8.address
OK: audit03.settingsTable.p1.rngUnitSettings.header3.bad8.action
SETTINGS_TABLE_ERROR: audit03.settingsTable.p1.rngUnitSettings.header3|code=-2147217188|Таблица "Единицы измерения" (лист Config, ячейка CJ800): в заголовке колонки должно быть "INTERNAL", сейчас "UNKNOWN_HEADER". Восстановите заголовок и расположение колонок по исправному шаблону книги.
OK: audit03.settingsTable.p1.rngUnitSettings.header3.bad10.rejected
OK: audit03.settingsTable.p1.rngUnitSettings.header3.bad10.address
OK: audit03.settingsTable.p1.rngUnitSettings.header3.bad10.action
SETTINGS_TABLE_ERROR: audit03.settingsTable.p1.rngUnitSettings.header3|code=-2147217195|Настройка Единицы измерения (лист Config, ячейка CJ800) содержит ошибку Excel в колонке "заголовок таблицы". Исправьте формулу или введите допустимое значение вместо ошибки Excel.
OK: audit03.settingsTable.p1.rngUnitSettings.header4.bad8.rejected
OK: audit03.settingsTable.p1.rngUnitSettings.header4.bad8.address
OK: audit03.settingsTable.p1.rngUnitSettings.header4.bad8.action
SETTINGS_TABLE_ERROR: audit03.settingsTable.p1.rngUnitSettings.header4|code=-2147217188|Таблица "Единицы измерения" (лист Config, ячейка CK800): в заголовке колонки должно быть "OUTPUT", сейчас "". Восстановите заголовок и расположение колонок по исправному шаблону книги.
OK: audit03.settingsTable.p1.rngUnitSettings.header4.bad8.rejected
OK: audit03.settingsTable.p1.rngUnitSettings.header4.bad8.address
OK: audit03.settingsTable.p1.rngUnitSettings.header4.bad8.action
SETTINGS_TABLE_ERROR: audit03.settingsTable.p1.rngUnitSettings.header4|code=-2147217188|Таблица "Единицы измерения" (лист Config, ячейка CK800): в заголовке колонки должно быть "OUTPUT", сейчас "TODO". Восстановите заголовок и расположение колонок по исправному шаблону книги.
OK: audit03.settingsTable.p1.rngUnitSettings.header4.bad8.rejected
OK: audit03.settingsTable.p1.rngUnitSettings.header4.bad8.address
OK: audit03.settingsTable.p1.rngUnitSettings.header4.bad8.action
SETTINGS_TABLE_ERROR: audit03.settingsTable.p1.rngUnitSettings.header4|code=-2147217188|Таблица "Единицы измерения" (лист Config, ячейка CK800): в заголовке колонки должно быть "OUTPUT", сейчас "UNKNOWN_HEADER". Восстановите заголовок и расположение колонок по исправному шаблону книги.
OK: audit03.settingsTable.p1.rngUnitSettings.header4.bad10.rejected
OK: audit03.settingsTable.p1.rngUnitSettings.header4.bad10.address
OK: audit03.settingsTable.p1.rngUnitSettings.header4.bad10.action
SETTINGS_TABLE_ERROR: audit03.settingsTable.p1.rngUnitSettings.header4|code=-2147217195|Настройка Единицы измерения (лист Config, ячейка CK800) содержит ошибку Excel в колонке "заголовок таблицы". Исправьте формулу или введите допустимое значение вместо ошибки Excel.
OK: audit03.settingsTable.p1.rngUnitSettings.key.typed
OK: audit03.settingsTable.p1.rngUnitSettings.key.address
OK: audit03.settingsTable.p1.rngUnitSettings.key.action
SETTINGS_TABLE_ERROR: audit03.settingsTable.p1.rngUnitSettings.key|code=-2147217195|Настройка строка 2 (лист Config, ячейка CH801) содержит ошибку Excel в колонке "физическая величина". Исправьте формулу или введите допустимое значение вместо ошибки Excel.
OK: audit03.settingsTable.p1.rngUnitSettings.value.typed
OK: audit03.settingsTable.p1.rngUnitSettings.value.address
SETTINGS_TABLE_ERROR: audit03.settingsTable.p1.rngUnitSettings.value|code=-2147217195|Настройка Units.Length.Input (лист Config, ячейка CI801) содержит ошибку Excel в колонке "INPUT". Исправьте формулу или введите допустимое значение вместо ошибки Excel.
OK: audit03.settingsTable.p1.rngUnitSettings.recovery
OK: audit03.settingsTable.p1.rngUnitSettings.recovery.value
OK: audit03.settingsTable.p0.rngSignConventionSettings.header1.bad8.rejected
OK: audit03.settingsTable.p0.rngSignConventionSettings.header1.bad8.address
OK: audit03.settingsTable.p0.rngSignConventionSettings.header1.bad8.action
SETTINGS_TABLE_ERROR: audit03.settingsTable.p0.rngSignConventionSettings.header1|code=-2147217188|Таблица "Система знаков" (лист Config, ячейка A20): в заголовке колонки должно быть "Quantity", сейчас "". Восстановите заголовок и расположение колонок по исправному шаблону книги.
OK: audit03.settingsTable.p0.rngSignConventionSettings.header1.bad8.rejected
OK: audit03.settingsTable.p0.rngSignConventionSettings.header1.bad8.address
OK: audit03.settingsTable.p0.rngSignConventionSettings.header1.bad8.action
SETTINGS_TABLE_ERROR: audit03.settingsTable.p0.rngSignConventionSettings.header1|code=-2147217188|Таблица "Система знаков" (лист Config, ячейка A20): в заголовке колонки должно быть "Quantity", сейчас "TODO". Восстановите заголовок и расположение колонок по исправному шаблону книги.
OK: audit03.settingsTable.p0.rngSignConventionSettings.header1.bad8.rejected
OK: audit03.settingsTable.p0.rngSignConventionSettings.header1.bad8.address
OK: audit03.settingsTable.p0.rngSignConventionSettings.header1.bad8.action
SETTINGS_TABLE_ERROR: audit03.settingsTable.p0.rngSignConventionSettings.header1|code=-2147217188|Таблица "Система знаков" (лист Config, ячейка A20): в заголовке колонки должно быть "Quantity", сейчас "UNKNOWN_HEADER". Восстановите заголовок и расположение колонок по исправному шаблону книги.
OK: audit03.settingsTable.p0.rngSignConventionSettings.header1.bad10.rejected
OK: audit03.settingsTable.p0.rngSignConventionSettings.header1.bad10.address
OK: audit03.settingsTable.p0.rngSignConventionSettings.header1.bad10.action
SETTINGS_TABLE_ERROR: audit03.settingsTable.p0.rngSignConventionSettings.header1|code=-2147217195|Настройка Система знаков (лист Config, ячейка A20) содержит ошибку Excel в колонке "заголовок таблицы". Исправьте формулу или введите допустимое значение вместо ошибки Excel.
OK: audit03.settingsTable.p0.rngSignConventionSettings.header2.bad8.rejected
OK: audit03.settingsTable.p0.rngSignConventionSettings.header2.bad8.address
OK: audit03.settingsTable.p0.rngSignConventionSettings.header2.bad8.action
SETTINGS_TABLE_ERROR: audit03.settingsTable.p0.rngSignConventionSettings.header2|code=-2147217188|Таблица "Система знаков" (лист Config, ячейка B20): в заголовке колонки должно быть "USER", сейчас "". Восстановите заголовок и расположение колонок по исправному шаблону книги.
OK: audit03.settingsTable.p0.rngSignConventionSettings.header2.bad8.rejected
OK: audit03.settingsTable.p0.rngSignConventionSettings.header2.bad8.address
OK: audit03.settingsTable.p0.rngSignConventionSettings.header2.bad8.action
SETTINGS_TABLE_ERROR: audit03.settingsTable.p0.rngSignConventionSettings.header2|code=-2147217188|Таблица "Система знаков" (лист Config, ячейка B20): в заголовке колонки должно быть "USER", сейчас "TODO". Восстановите заголовок и расположение колонок по исправному шаблону книги.
OK: audit03.settingsTable.p0.rngSignConventionSettings.header2.bad8.rejected
OK: audit03.settingsTable.p0.rngSignConventionSettings.header2.bad8.address
OK: audit03.settingsTable.p0.rngSignConventionSettings.header2.bad8.action
SETTINGS_TABLE_ERROR: audit03.settingsTable.p0.rngSignConventionSettings.header2|code=-2147217188|Таблица "Система знаков" (лист Config, ячейка B20): в заголовке колонки должно быть "USER", сейчас "UNKNOWN_HEADER". Восстановите заголовок и расположение колонок по исправному шаблону книги.
OK: audit03.settingsTable.p0.rngSignConventionSettings.header2.bad10.rejected
OK: audit03.settingsTable.p0.rngSignConventionSettings.header2.bad10.address
OK: audit03.settingsTable.p0.rngSignConventionSettings.header2.bad10.action
SETTINGS_TABLE_ERROR: audit03.settingsTable.p0.rngSignConventionSettings.header2|code=-2147217195|Настройка Система знаков (лист Config, ячейка B20) содержит ошибку Excel в колонке "заголовок таблицы". Исправьте формулу или введите допустимое значение вместо ошибки Excel.
OK: audit03.settingsTable.p0.rngSignConventionSettings.header3.bad8.rejected
OK: audit03.settingsTable.p0.rngSignConventionSettings.header3.bad8.address
OK: audit03.settingsTable.p0.rngSignConventionSettings.header3.bad8.action
SETTINGS_TABLE_ERROR: audit03.settingsTable.p0.rngSignConventionSettings.header3|code=-2147217188|Таблица "Система знаков" (лист Config, ячейка C20): в заголовке колонки должно быть "INTERNAL", сейчас "". Восстановите заголовок и расположение колонок по исправному шаблону книги.
OK: audit03.settingsTable.p0.rngSignConventionSettings.header3.bad8.rejected
OK: audit03.settingsTable.p0.rngSignConventionSettings.header3.bad8.address
OK: audit03.settingsTable.p0.rngSignConventionSettings.header3.bad8.action
SETTINGS_TABLE_ERROR: audit03.settingsTable.p0.rngSignConventionSettings.header3|code=-2147217188|Таблица "Система знаков" (лист Config, ячейка C20): в заголовке колонки должно быть "INTERNAL", сейчас "TODO". Восстановите заголовок и расположение колонок по исправному шаблону книги.
OK: audit03.settingsTable.p0.rngSignConventionSettings.header3.bad8.rejected
OK: audit03.settingsTable.p0.rngSignConventionSettings.header3.bad8.address
OK: audit03.settingsTable.p0.rngSignConventionSettings.header3.bad8.action
SETTINGS_TABLE_ERROR: audit03.settingsTable.p0.rngSignConventionSettings.header3|code=-2147217188|Таблица "Система знаков" (лист Config, ячейка C20): в заголовке колонки должно быть "INTERNAL", сейчас "UNKNOWN_HEADER". Восстановите заголовок и расположение колонок по исправному шаблону книги.
OK: audit03.settingsTable.p0.rngSignConventionSettings.header3.bad10.rejected
OK: audit03.settingsTable.p0.rngSignConventionSettings.header3.bad10.address
OK: audit03.settingsTable.p0.rngSignConventionSettings.header3.bad10.action
SETTINGS_TABLE_ERROR: audit03.settingsTable.p0.rngSignConventionSettings.header3|code=-2147217195|Настройка Система знаков (лист Config, ячейка C20) содержит ошибку Excel в колонке "заголовок таблицы". Исправьте формулу или введите допустимое значение вместо ошибки Excel.
OK: audit03.settingsTable.p0.rngSignConventionSettings.key.typed
OK: audit03.settingsTable.p0.rngSignConventionSettings.key.address
OK: audit03.settingsTable.p0.rngSignConventionSettings.key.action
SETTINGS_TABLE_ERROR: audit03.settingsTable.p0.rngSignConventionSettings.key|code=-2147217195|Настройка строка 2 (лист Config, ячейка A21) содержит ошибку Excel в колонке "компонента нагрузки". Исправьте формулу или введите допустимое значение вместо ошибки Excel.
OK: audit03.settingsTable.p0.rngSignConventionSettings.value.typed
OK: audit03.settingsTable.p0.rngSignConventionSettings.value.address
SETTINGS_TABLE_ERROR: audit03.settingsTable.p0.rngSignConventionSettings.value|code=-2147217195|Настройка Sign.N.User (лист Config, ячейка B21) содержит ошибку Excel в колонке "USER". Исправьте формулу или введите допустимое значение вместо ошибки Excel.
OK: audit03.settingsTable.p0.rngSignConventionSettings.recovery
OK: audit03.settingsTable.p0.rngSignConventionSettings.recovery.value
OK: audit03.settingsTable.p1.rngSignConventionSettings.header1.bad8.rejected
OK: audit03.settingsTable.p1.rngSignConventionSettings.header1.bad8.address
OK: audit03.settingsTable.p1.rngSignConventionSettings.header1.bad8.action
SETTINGS_TABLE_ERROR: audit03.settingsTable.p1.rngSignConventionSettings.header1|code=-2147217188|Таблица "Система знаков" (лист Config, ячейка CH800): в заголовке колонки должно быть "Quantity", сейчас "". Восстановите заголовок и расположение колонок по исправному шаблону книги.
OK: audit03.settingsTable.p1.rngSignConventionSettings.header1.bad8.rejected
OK: audit03.settingsTable.p1.rngSignConventionSettings.header1.bad8.address
OK: audit03.settingsTable.p1.rngSignConventionSettings.header1.bad8.action
SETTINGS_TABLE_ERROR: audit03.settingsTable.p1.rngSignConventionSettings.header1|code=-2147217188|Таблица "Система знаков" (лист Config, ячейка CH800): в заголовке колонки должно быть "Quantity", сейчас "TODO". Восстановите заголовок и расположение колонок по исправному шаблону книги.
OK: audit03.settingsTable.p1.rngSignConventionSettings.header1.bad8.rejected
OK: audit03.settingsTable.p1.rngSignConventionSettings.header1.bad8.address
OK: audit03.settingsTable.p1.rngSignConventionSettings.header1.bad8.action
SETTINGS_TABLE_ERROR: audit03.settingsTable.p1.rngSignConventionSettings.header1|code=-2147217188|Таблица "Система знаков" (лист Config, ячейка CH800): в заголовке колонки должно быть "Quantity", сейчас "UNKNOWN_HEADER". Восстановите заголовок и расположение колонок по исправному шаблону книги.
OK: audit03.settingsTable.p1.rngSignConventionSettings.header1.bad10.rejected
OK: audit03.settingsTable.p1.rngSignConventionSettings.header1.bad10.address
OK: audit03.settingsTable.p1.rngSignConventionSettings.header1.bad10.action
SETTINGS_TABLE_ERROR: audit03.settingsTable.p1.rngSignConventionSettings.header1|code=-2147217195|Настройка Система знаков (лист Config, ячейка CH800) содержит ошибку Excel в колонке "заголовок таблицы". Исправьте формулу или введите допустимое значение вместо ошибки Excel.
OK: audit03.settingsTable.p1.rngSignConventionSettings.header2.bad8.rejected
OK: audit03.settingsTable.p1.rngSignConventionSettings.header2.bad8.address
OK: audit03.settingsTable.p1.rngSignConventionSettings.header2.bad8.action
SETTINGS_TABLE_ERROR: audit03.settingsTable.p1.rngSignConventionSettings.header2|code=-2147217188|Таблица "Система знаков" (лист Config, ячейка CI800): в заголовке колонки должно быть "USER", сейчас "". Восстановите заголовок и расположение колонок по исправному шаблону книги.
OK: audit03.settingsTable.p1.rngSignConventionSettings.header2.bad8.rejected
OK: audit03.settingsTable.p1.rngSignConventionSettings.header2.bad8.address
OK: audit03.settingsTable.p1.rngSignConventionSettings.header2.bad8.action
SETTINGS_TABLE_ERROR: audit03.settingsTable.p1.rngSignConventionSettings.header2|code=-2147217188|Таблица "Система знаков" (лист Config, ячейка CI800): в заголовке колонки должно быть "USER", сейчас "TODO". Восстановите заголовок и расположение колонок по исправному шаблону книги.
OK: audit03.settingsTable.p1.rngSignConventionSettings.header2.bad8.rejected
OK: audit03.settingsTable.p1.rngSignConventionSettings.header2.bad8.address
OK: audit03.settingsTable.p1.rngSignConventionSettings.header2.bad8.action
SETTINGS_TABLE_ERROR: audit03.settingsTable.p1.rngSignConventionSettings.header2|code=-2147217188|Таблица "Система знаков" (лист Config, ячейка CI800): в заголовке колонки должно быть "USER", сейчас "UNKNOWN_HEADER". Восстановите заголовок и расположение колонок по исправному шаблону книги.
OK: audit03.settingsTable.p1.rngSignConventionSettings.header2.bad10.rejected
OK: audit03.settingsTable.p1.rngSignConventionSettings.header2.bad10.address
OK: audit03.settingsTable.p1.rngSignConventionSettings.header2.bad10.action
SETTINGS_TABLE_ERROR: audit03.settingsTable.p1.rngSignConventionSettings.header2|code=-2147217195|Настройка Система знаков (лист Config, ячейка CI800) содержит ошибку Excel в колонке "заголовок таблицы". Исправьте формулу или введите допустимое значение вместо ошибки Excel.
OK: audit03.settingsTable.p1.rngSignConventionSettings.header3.bad8.rejected
OK: audit03.settingsTable.p1.rngSignConventionSettings.header3.bad8.address
OK: audit03.settingsTable.p1.rngSignConventionSettings.header3.bad8.action
SETTINGS_TABLE_ERROR: audit03.settingsTable.p1.rngSignConventionSettings.header3|code=-2147217188|Таблица "Система знаков" (лист Config, ячейка CJ800): в заголовке колонки должно быть "INTERNAL", сейчас "". Восстановите заголовок и расположение колонок по исправному шаблону книги.
OK: audit03.settingsTable.p1.rngSignConventionSettings.header3.bad8.rejected
OK: audit03.settingsTable.p1.rngSignConventionSettings.header3.bad8.address
OK: audit03.settingsTable.p1.rngSignConventionSettings.header3.bad8.action
SETTINGS_TABLE_ERROR: audit03.settingsTable.p1.rngSignConventionSettings.header3|code=-2147217188|Таблица "Система знаков" (лист Config, ячейка CJ800): в заголовке колонки должно быть "INTERNAL", сейчас "TODO". Восстановите заголовок и расположение колонок по исправному шаблону книги.
OK: audit03.settingsTable.p1.rngSignConventionSettings.header3.bad8.rejected
OK: audit03.settingsTable.p1.rngSignConventionSettings.header3.bad8.address
OK: audit03.settingsTable.p1.rngSignConventionSettings.header3.bad8.action
SETTINGS_TABLE_ERROR: audit03.settingsTable.p1.rngSignConventionSettings.header3|code=-2147217188|Таблица "Система знаков" (лист Config, ячейка CJ800): в заголовке колонки должно быть "INTERNAL", сейчас "UNKNOWN_HEADER". Восстановите заголовок и расположение колонок по исправному шаблону книги.
OK: audit03.settingsTable.p1.rngSignConventionSettings.header3.bad10.rejected
OK: audit03.settingsTable.p1.rngSignConventionSettings.header3.bad10.address
OK: audit03.settingsTable.p1.rngSignConventionSettings.header3.bad10.action
SETTINGS_TABLE_ERROR: audit03.settingsTable.p1.rngSignConventionSettings.header3|code=-2147217195|Настройка Система знаков (лист Config, ячейка CJ800) содержит ошибку Excel в колонке "заголовок таблицы". Исправьте формулу или введите допустимое значение вместо ошибки Excel.
OK: audit03.settingsTable.p1.rngSignConventionSettings.key.typed
OK: audit03.settingsTable.p1.rngSignConventionSettings.key.address
OK: audit03.settingsTable.p1.rngSignConventionSettings.key.action
SETTINGS_TABLE_ERROR: audit03.settingsTable.p1.rngSignConventionSettings.key|code=-2147217195|Настройка строка 2 (лист Config, ячейка CH801) содержит ошибку Excel в колонке "компонента нагрузки". Исправьте формулу или введите допустимое значение вместо ошибки Excel.
OK: audit03.settingsTable.p1.rngSignConventionSettings.value.typed
OK: audit03.settingsTable.p1.rngSignConventionSettings.value.address
SETTINGS_TABLE_ERROR: audit03.settingsTable.p1.rngSignConventionSettings.value|code=-2147217195|Настройка Sign.N.User (лист Config, ячейка CI801) содержит ошибку Excel в колонке "USER". Исправьте формулу или введите допустимое значение вместо ошибки Excel.
OK: audit03.settingsTable.p1.rngSignConventionSettings.recovery
OK: audit03.settingsTable.p1.rngSignConventionSettings.recovery.value
OK: audit03.settingsTable.p0.rngConcreteMaterialParameters.header1.bad8.rejected
OK: audit03.settingsTable.p0.rngConcreteMaterialParameters.header1.bad8.address
OK: audit03.settingsTable.p0.rngConcreteMaterialParameters.header1.bad8.action
SETTINGS_TABLE_ERROR: audit03.settingsTable.p0.rngConcreteMaterialParameters.header1|code=-2147217188|Таблица "Параметры бетона" (лист Config, ячейка A30): в заголовке колонки должно быть "Параметр", сейчас "". Восстановите заголовок и расположение колонок по исправному шаблону книги.
OK: audit03.settingsTable.p0.rngConcreteMaterialParameters.header1.bad8.rejected
OK: audit03.settingsTable.p0.rngConcreteMaterialParameters.header1.bad8.address
OK: audit03.settingsTable.p0.rngConcreteMaterialParameters.header1.bad8.action
SETTINGS_TABLE_ERROR: audit03.settingsTable.p0.rngConcreteMaterialParameters.header1|code=-2147217188|Таблица "Параметры бетона" (лист Config, ячейка A30): в заголовке колонки должно быть "Параметр", сейчас "TODO". Восстановите заголовок и расположение колонок по исправному шаблону книги.
OK: audit03.settingsTable.p0.rngConcreteMaterialParameters.header1.bad8.rejected
OK: audit03.settingsTable.p0.rngConcreteMaterialParameters.header1.bad8.address
OK: audit03.settingsTable.p0.rngConcreteMaterialParameters.header1.bad8.action
SETTINGS_TABLE_ERROR: audit03.settingsTable.p0.rngConcreteMaterialParameters.header1|code=-2147217188|Таблица "Параметры бетона" (лист Config, ячейка A30): в заголовке колонки должно быть "Параметр", сейчас "UNKNOWN_HEADER". Восстановите заголовок и расположение колонок по исправному шаблону книги.
OK: audit03.settingsTable.p0.rngConcreteMaterialParameters.header1.bad10.rejected
OK: audit03.settingsTable.p0.rngConcreteMaterialParameters.header1.bad10.address
OK: audit03.settingsTable.p0.rngConcreteMaterialParameters.header1.bad10.action
SETTINGS_TABLE_ERROR: audit03.settingsTable.p0.rngConcreteMaterialParameters.header1|code=-2147217195|Настройка Параметры бетона (лист Config, ячейка A30) содержит ошибку Excel в колонке "заголовок таблицы". Исправьте формулу или введите допустимое значение вместо ошибки Excel.
OK: audit03.settingsTable.p0.rngConcreteMaterialParameters.header2.bad8.rejected
OK: audit03.settingsTable.p0.rngConcreteMaterialParameters.header2.bad8.address
OK: audit03.settingsTable.p0.rngConcreteMaterialParameters.header2.bad8.action
SETTINGS_TABLE_ERROR: audit03.settingsTable.p0.rngConcreteMaterialParameters.header2|code=-2147217188|Таблица "Параметры бетона" (лист Config, ячейка B30): в заголовке колонки должно быть "Сжатие", сейчас "". Восстановите заголовок и расположение колонок по исправному шаблону книги.
OK: audit03.settingsTable.p0.rngConcreteMaterialParameters.header2.bad8.rejected
OK: audit03.settingsTable.p0.rngConcreteMaterialParameters.header2.bad8.address
OK: audit03.settingsTable.p0.rngConcreteMaterialParameters.header2.bad8.action
SETTINGS_TABLE_ERROR: audit03.settingsTable.p0.rngConcreteMaterialParameters.header2|code=-2147217188|Таблица "Параметры бетона" (лист Config, ячейка B30): в заголовке колонки должно быть "Сжатие", сейчас "TODO". Восстановите заголовок и расположение колонок по исправному шаблону книги.
OK: audit03.settingsTable.p0.rngConcreteMaterialParameters.header2.bad8.rejected
OK: audit03.settingsTable.p0.rngConcreteMaterialParameters.header2.bad8.address
OK: audit03.settingsTable.p0.rngConcreteMaterialParameters.header2.bad8.action
SETTINGS_TABLE_ERROR: audit03.settingsTable.p0.rngConcreteMaterialParameters.header2|code=-2147217188|Таблица "Параметры бетона" (лист Config, ячейка B30): в заголовке колонки должно быть "Сжатие", сейчас "UNKNOWN_HEADER". Восстановите заголовок и расположение колонок по исправному шаблону книги.
OK: audit03.settingsTable.p0.rngConcreteMaterialParameters.header2.bad10.rejected
OK: audit03.settingsTable.p0.rngConcreteMaterialParameters.header2.bad10.address
OK: audit03.settingsTable.p0.rngConcreteMaterialParameters.header2.bad10.action
SETTINGS_TABLE_ERROR: audit03.settingsTable.p0.rngConcreteMaterialParameters.header2|code=-2147217195|Настройка Параметры бетона (лист Config, ячейка B30) содержит ошибку Excel в колонке "заголовок таблицы". Исправьте формулу или введите допустимое значение вместо ошибки Excel.
OK: audit03.settingsTable.p0.rngConcreteMaterialParameters.header3.bad8.rejected
OK: audit03.settingsTable.p0.rngConcreteMaterialParameters.header3.bad8.address
OK: audit03.settingsTable.p0.rngConcreteMaterialParameters.header3.bad8.action
SETTINGS_TABLE_ERROR: audit03.settingsTable.p0.rngConcreteMaterialParameters.header3|code=-2147217188|Таблица "Параметры бетона" (лист Config, ячейка C30): в заголовке колонки должно быть "Растяжение", сейчас "". Восстановите заголовок и расположение колонок по исправному шаблону книги.
OK: audit03.settingsTable.p0.rngConcreteMaterialParameters.header3.bad8.rejected
OK: audit03.settingsTable.p0.rngConcreteMaterialParameters.header3.bad8.address
OK: audit03.settingsTable.p0.rngConcreteMaterialParameters.header3.bad8.action
SETTINGS_TABLE_ERROR: audit03.settingsTable.p0.rngConcreteMaterialParameters.header3|code=-2147217188|Таблица "Параметры бетона" (лист Config, ячейка C30): в заголовке колонки должно быть "Растяжение", сейчас "TODO". Восстановите заголовок и расположение колонок по исправному шаблону книги.
OK: audit03.settingsTable.p0.rngConcreteMaterialParameters.header3.bad8.rejected
OK: audit03.settingsTable.p0.rngConcreteMaterialParameters.header3.bad8.address
OK: audit03.settingsTable.p0.rngConcreteMaterialParameters.header3.bad8.action
SETTINGS_TABLE_ERROR: audit03.settingsTable.p0.rngConcreteMaterialParameters.header3|code=-2147217188|Таблица "Параметры бетона" (лист Config, ячейка C30): в заголовке колонки должно быть "Растяжение", сейчас "UNKNOWN_HEADER". Восстановите заголовок и расположение колонок по исправному шаблону книги.
OK: audit03.settingsTable.p0.rngConcreteMaterialParameters.header3.bad10.rejected
OK: audit03.settingsTable.p0.rngConcreteMaterialParameters.header3.bad10.address
OK: audit03.settingsTable.p0.rngConcreteMaterialParameters.header3.bad10.action
SETTINGS_TABLE_ERROR: audit03.settingsTable.p0.rngConcreteMaterialParameters.header3|code=-2147217195|Настройка Параметры бетона (лист Config, ячейка C30) содержит ошибку Excel в колонке "заголовок таблицы". Исправьте формулу или введите допустимое значение вместо ошибки Excel.
OK: audit03.settingsTable.p0.rngConcreteMaterialParameters.key.typed
OK: audit03.settingsTable.p0.rngConcreteMaterialParameters.key.address
OK: audit03.settingsTable.p0.rngConcreteMaterialParameters.key.action
SETTINGS_TABLE_ERROR: audit03.settingsTable.p0.rngConcreteMaterialParameters.key|code=-2147217195|Настройка строка 2 (лист Config, ячейка A31) содержит ошибку Excel в колонке "параметр бетона". Исправьте формулу или введите допустимое значение вместо ошибки Excel.
OK: audit03.settingsTable.p0.rngConcreteMaterialParameters.value.typed
OK: audit03.settingsTable.p0.rngConcreteMaterialParameters.value.address
SETTINGS_TABLE_ERROR: audit03.settingsTable.p0.rngConcreteMaterialParameters.value|code=-2147217195|Настройка Concrete.R.ULS(I) (лист Config, ячейка B31) содержит ошибку Excel в колонке "Сжатие". Исправьте формулу или введите допустимое значение вместо ошибки Excel.
OK: audit03.settingsTable.p0.rngConcreteMaterialParameters.comment.noncritical
OK: audit03.settingsTable.p0.rngConcreteMaterialParameters.comment.emptySource
OK: audit03.settingsTable.p0.rngConcreteMaterialParameters.comment.valuePreserved
OK: audit03.settingsTable.p0.rngConcreteMaterialParameters.recovery
OK: audit03.settingsTable.p0.rngConcreteMaterialParameters.recovery.value
OK: audit03.settingsTable.p1.rngConcreteMaterialParameters.header1.bad8.rejected
OK: audit03.settingsTable.p1.rngConcreteMaterialParameters.header1.bad8.address
OK: audit03.settingsTable.p1.rngConcreteMaterialParameters.header1.bad8.action
SETTINGS_TABLE_ERROR: audit03.settingsTable.p1.rngConcreteMaterialParameters.header1|code=-2147217188|Таблица "Параметры бетона" (лист Config, ячейка CH800): в заголовке колонки должно быть "Параметр", сейчас "". Восстановите заголовок и расположение колонок по исправному шаблону книги.
OK: audit03.settingsTable.p1.rngConcreteMaterialParameters.header1.bad8.rejected
OK: audit03.settingsTable.p1.rngConcreteMaterialParameters.header1.bad8.address
OK: audit03.settingsTable.p1.rngConcreteMaterialParameters.header1.bad8.action
SETTINGS_TABLE_ERROR: audit03.settingsTable.p1.rngConcreteMaterialParameters.header1|code=-2147217188|Таблица "Параметры бетона" (лист Config, ячейка CH800): в заголовке колонки должно быть "Параметр", сейчас "TODO". Восстановите заголовок и расположение колонок по исправному шаблону книги.
OK: audit03.settingsTable.p1.rngConcreteMaterialParameters.header1.bad8.rejected
OK: audit03.settingsTable.p1.rngConcreteMaterialParameters.header1.bad8.address
OK: audit03.settingsTable.p1.rngConcreteMaterialParameters.header1.bad8.action
SETTINGS_TABLE_ERROR: audit03.settingsTable.p1.rngConcreteMaterialParameters.header1|code=-2147217188|Таблица "Параметры бетона" (лист Config, ячейка CH800): в заголовке колонки должно быть "Параметр", сейчас "UNKNOWN_HEADER". Восстановите заголовок и расположение колонок по исправному шаблону книги.
OK: audit03.settingsTable.p1.rngConcreteMaterialParameters.header1.bad10.rejected
OK: audit03.settingsTable.p1.rngConcreteMaterialParameters.header1.bad10.address
OK: audit03.settingsTable.p1.rngConcreteMaterialParameters.header1.bad10.action
SETTINGS_TABLE_ERROR: audit03.settingsTable.p1.rngConcreteMaterialParameters.header1|code=-2147217195|Настройка Параметры бетона (лист Config, ячейка CH800) содержит ошибку Excel в колонке "заголовок таблицы". Исправьте формулу или введите допустимое значение вместо ошибки Excel.
OK: audit03.settingsTable.p1.rngConcreteMaterialParameters.header2.bad8.rejected
OK: audit03.settingsTable.p1.rngConcreteMaterialParameters.header2.bad8.address
OK: audit03.settingsTable.p1.rngConcreteMaterialParameters.header2.bad8.action
SETTINGS_TABLE_ERROR: audit03.settingsTable.p1.rngConcreteMaterialParameters.header2|code=-2147217188|Таблица "Параметры бетона" (лист Config, ячейка CI800): в заголовке колонки должно быть "Сжатие", сейчас "". Восстановите заголовок и расположение колонок по исправному шаблону книги.
OK: audit03.settingsTable.p1.rngConcreteMaterialParameters.header2.bad8.rejected
OK: audit03.settingsTable.p1.rngConcreteMaterialParameters.header2.bad8.address
OK: audit03.settingsTable.p1.rngConcreteMaterialParameters.header2.bad8.action
SETTINGS_TABLE_ERROR: audit03.settingsTable.p1.rngConcreteMaterialParameters.header2|code=-2147217188|Таблица "Параметры бетона" (лист Config, ячейка CI800): в заголовке колонки должно быть "Сжатие", сейчас "TODO". Восстановите заголовок и расположение колонок по исправному шаблону книги.
OK: audit03.settingsTable.p1.rngConcreteMaterialParameters.header2.bad8.rejected
OK: audit03.settingsTable.p1.rngConcreteMaterialParameters.header2.bad8.address
OK: audit03.settingsTable.p1.rngConcreteMaterialParameters.header2.bad8.action
SETTINGS_TABLE_ERROR: audit03.settingsTable.p1.rngConcreteMaterialParameters.header2|code=-2147217188|Таблица "Параметры бетона" (лист Config, ячейка CI800): в заголовке колонки должно быть "Сжатие", сейчас "UNKNOWN_HEADER". Восстановите заголовок и расположение колонок по исправному шаблону книги.
OK: audit03.settingsTable.p1.rngConcreteMaterialParameters.header2.bad10.rejected
OK: audit03.settingsTable.p1.rngConcreteMaterialParameters.header2.bad10.address
OK: audit03.settingsTable.p1.rngConcreteMaterialParameters.header2.bad10.action
SETTINGS_TABLE_ERROR: audit03.settingsTable.p1.rngConcreteMaterialParameters.header2|code=-2147217195|Настройка Параметры бетона (лист Config, ячейка CI800) содержит ошибку Excel в колонке "заголовок таблицы". Исправьте формулу или введите допустимое значение вместо ошибки Excel.
OK: audit03.settingsTable.p1.rngConcreteMaterialParameters.header3.bad8.rejected
OK: audit03.settingsTable.p1.rngConcreteMaterialParameters.header3.bad8.address
OK: audit03.settingsTable.p1.rngConcreteMaterialParameters.header3.bad8.action
SETTINGS_TABLE_ERROR: audit03.settingsTable.p1.rngConcreteMaterialParameters.header3|code=-2147217188|Таблица "Параметры бетона" (лист Config, ячейка CJ800): в заголовке колонки должно быть "Растяжение", сейчас "". Восстановите заголовок и расположение колонок по исправному шаблону книги.
OK: audit03.settingsTable.p1.rngConcreteMaterialParameters.header3.bad8.rejected
OK: audit03.settingsTable.p1.rngConcreteMaterialParameters.header3.bad8.address
OK: audit03.settingsTable.p1.rngConcreteMaterialParameters.header3.bad8.action
SETTINGS_TABLE_ERROR: audit03.settingsTable.p1.rngConcreteMaterialParameters.header3|code=-2147217188|Таблица "Параметры бетона" (лист Config, ячейка CJ800): в заголовке колонки должно быть "Растяжение", сейчас "TODO". Восстановите заголовок и расположение колонок по исправному шаблону книги.
OK: audit03.settingsTable.p1.rngConcreteMaterialParameters.header3.bad8.rejected
OK: audit03.settingsTable.p1.rngConcreteMaterialParameters.header3.bad8.address
OK: audit03.settingsTable.p1.rngConcreteMaterialParameters.header3.bad8.action
SETTINGS_TABLE_ERROR: audit03.settingsTable.p1.rngConcreteMaterialParameters.header3|code=-2147217188|Таблица "Параметры бетона" (лист Config, ячейка CJ800): в заголовке колонки должно быть "Растяжение", сейчас "UNKNOWN_HEADER". Восстановите заголовок и расположение колонок по исправному шаблону книги.
OK: audit03.settingsTable.p1.rngConcreteMaterialParameters.header3.bad10.rejected
OK: audit03.settingsTable.p1.rngConcreteMaterialParameters.header3.bad10.address
OK: audit03.settingsTable.p1.rngConcreteMaterialParameters.header3.bad10.action
SETTINGS_TABLE_ERROR: audit03.settingsTable.p1.rngConcreteMaterialParameters.header3|code=-2147217195|Настройка Параметры бетона (лист Config, ячейка CJ800) содержит ошибку Excel в колонке "заголовок таблицы". Исправьте формулу или введите допустимое значение вместо ошибки Excel.
OK: audit03.settingsTable.p1.rngConcreteMaterialParameters.key.typed
OK: audit03.settingsTable.p1.rngConcreteMaterialParameters.key.address
OK: audit03.settingsTable.p1.rngConcreteMaterialParameters.key.action
SETTINGS_TABLE_ERROR: audit03.settingsTable.p1.rngConcreteMaterialParameters.key|code=-2147217195|Настройка строка 2 (лист Config, ячейка CH801) содержит ошибку Excel в колонке "параметр бетона". Исправьте формулу или введите допустимое значение вместо ошибки Excel.
OK: audit03.settingsTable.p1.rngConcreteMaterialParameters.value.typed
OK: audit03.settingsTable.p1.rngConcreteMaterialParameters.value.address
SETTINGS_TABLE_ERROR: audit03.settingsTable.p1.rngConcreteMaterialParameters.value|code=-2147217195|Настройка Concrete.R.ULS(I) (лист Config, ячейка CI801) содержит ошибку Excel в колонке "Сжатие". Исправьте формулу или введите допустимое значение вместо ошибки Excel.
OK: audit03.settingsTable.p1.rngConcreteMaterialParameters.comment.noncritical
OK: audit03.settingsTable.p1.rngConcreteMaterialParameters.comment.emptySource
OK: audit03.settingsTable.p1.rngConcreteMaterialParameters.comment.valuePreserved
OK: audit03.settingsTable.p1.rngConcreteMaterialParameters.recovery
OK: audit03.settingsTable.p1.rngConcreteMaterialParameters.recovery.value
OK: audit03.settingsTable.p0.rngSteelMaterialParameters.header1.bad8.rejected
OK: audit03.settingsTable.p0.rngSteelMaterialParameters.header1.bad8.address
OK: audit03.settingsTable.p0.rngSteelMaterialParameters.header1.bad8.action
SETTINGS_TABLE_ERROR: audit03.settingsTable.p0.rngSteelMaterialParameters.header1|code=-2147217188|Таблица "Параметры арматуры" (лист Config, ячейка A50): в заголовке колонки должно быть "Параметр", сейчас "". Восстановите заголовок и расположение колонок по исправному шаблону книги.
OK: audit03.settingsTable.p0.rngSteelMaterialParameters.header1.bad8.rejected
OK: audit03.settingsTable.p0.rngSteelMaterialParameters.header1.bad8.address
OK: audit03.settingsTable.p0.rngSteelMaterialParameters.header1.bad8.action
SETTINGS_TABLE_ERROR: audit03.settingsTable.p0.rngSteelMaterialParameters.header1|code=-2147217188|Таблица "Параметры арматуры" (лист Config, ячейка A50): в заголовке колонки должно быть "Параметр", сейчас "TODO". Восстановите заголовок и расположение колонок по исправному шаблону книги.
OK: audit03.settingsTable.p0.rngSteelMaterialParameters.header1.bad8.rejected
OK: audit03.settingsTable.p0.rngSteelMaterialParameters.header1.bad8.address
OK: audit03.settingsTable.p0.rngSteelMaterialParameters.header1.bad8.action
SETTINGS_TABLE_ERROR: audit03.settingsTable.p0.rngSteelMaterialParameters.header1|code=-2147217188|Таблица "Параметры арматуры" (лист Config, ячейка A50): в заголовке колонки должно быть "Параметр", сейчас "UNKNOWN_HEADER". Восстановите заголовок и расположение колонок по исправному шаблону книги.
OK: audit03.settingsTable.p0.rngSteelMaterialParameters.header1.bad10.rejected
OK: audit03.settingsTable.p0.rngSteelMaterialParameters.header1.bad10.address
OK: audit03.settingsTable.p0.rngSteelMaterialParameters.header1.bad10.action
SETTINGS_TABLE_ERROR: audit03.settingsTable.p0.rngSteelMaterialParameters.header1|code=-2147217195|Настройка Параметры арматуры (лист Config, ячейка A50) содержит ошибку Excel в колонке "заголовок таблицы". Исправьте формулу или введите допустимое значение вместо ошибки Excel.
OK: audit03.settingsTable.p0.rngSteelMaterialParameters.header2.bad8.rejected
OK: audit03.settingsTable.p0.rngSteelMaterialParameters.header2.bad8.address
OK: audit03.settingsTable.p0.rngSteelMaterialParameters.header2.bad8.action
SETTINGS_TABLE_ERROR: audit03.settingsTable.p0.rngSteelMaterialParameters.header2|code=-2147217188|Таблица "Параметры арматуры" (лист Config, ячейка B50): в заголовке колонки должно быть "Сжатие", сейчас "". Восстановите заголовок и расположение колонок по исправному шаблону книги.
OK: audit03.settingsTable.p0.rngSteelMaterialParameters.header2.bad8.rejected
OK: audit03.settingsTable.p0.rngSteelMaterialParameters.header2.bad8.address
OK: audit03.settingsTable.p0.rngSteelMaterialParameters.header2.bad8.action
SETTINGS_TABLE_ERROR: audit03.settingsTable.p0.rngSteelMaterialParameters.header2|code=-2147217188|Таблица "Параметры арматуры" (лист Config, ячейка B50): в заголовке колонки должно быть "Сжатие", сейчас "TODO". Восстановите заголовок и расположение колонок по исправному шаблону книги.
OK: audit03.settingsTable.p0.rngSteelMaterialParameters.header2.bad8.rejected
OK: audit03.settingsTable.p0.rngSteelMaterialParameters.header2.bad8.address
OK: audit03.settingsTable.p0.rngSteelMaterialParameters.header2.bad8.action
SETTINGS_TABLE_ERROR: audit03.settingsTable.p0.rngSteelMaterialParameters.header2|code=-2147217188|Таблица "Параметры арматуры" (лист Config, ячейка B50): в заголовке колонки должно быть "Сжатие", сейчас "UNKNOWN_HEADER". Восстановите заголовок и расположение колонок по исправному шаблону книги.
OK: audit03.settingsTable.p0.rngSteelMaterialParameters.header2.bad10.rejected
OK: audit03.settingsTable.p0.rngSteelMaterialParameters.header2.bad10.address
OK: audit03.settingsTable.p0.rngSteelMaterialParameters.header2.bad10.action
SETTINGS_TABLE_ERROR: audit03.settingsTable.p0.rngSteelMaterialParameters.header2|code=-2147217195|Настройка Параметры арматуры (лист Config, ячейка B50) содержит ошибку Excel в колонке "заголовок таблицы". Исправьте формулу или введите допустимое значение вместо ошибки Excel.
OK: audit03.settingsTable.p0.rngSteelMaterialParameters.header3.bad8.rejected
OK: audit03.settingsTable.p0.rngSteelMaterialParameters.header3.bad8.address
OK: audit03.settingsTable.p0.rngSteelMaterialParameters.header3.bad8.action
SETTINGS_TABLE_ERROR: audit03.settingsTable.p0.rngSteelMaterialParameters.header3|code=-2147217188|Таблица "Параметры арматуры" (лист Config, ячейка C50): в заголовке колонки должно быть "Растяжение", сейчас "". Восстановите заголовок и расположение колонок по исправному шаблону книги.
OK: audit03.settingsTable.p0.rngSteelMaterialParameters.header3.bad8.rejected
OK: audit03.settingsTable.p0.rngSteelMaterialParameters.header3.bad8.address
OK: audit03.settingsTable.p0.rngSteelMaterialParameters.header3.bad8.action
SETTINGS_TABLE_ERROR: audit03.settingsTable.p0.rngSteelMaterialParameters.header3|code=-2147217188|Таблица "Параметры арматуры" (лист Config, ячейка C50): в заголовке колонки должно быть "Растяжение", сейчас "TODO". Восстановите заголовок и расположение колонок по исправному шаблону книги.
OK: audit03.settingsTable.p0.rngSteelMaterialParameters.header3.bad8.rejected
OK: audit03.settingsTable.p0.rngSteelMaterialParameters.header3.bad8.address
OK: audit03.settingsTable.p0.rngSteelMaterialParameters.header3.bad8.action
SETTINGS_TABLE_ERROR: audit03.settingsTable.p0.rngSteelMaterialParameters.header3|code=-2147217188|Таблица "Параметры арматуры" (лист Config, ячейка C50): в заголовке колонки должно быть "Растяжение", сейчас "UNKNOWN_HEADER". Восстановите заголовок и расположение колонок по исправному шаблону книги.
OK: audit03.settingsTable.p0.rngSteelMaterialParameters.header3.bad10.rejected
OK: audit03.settingsTable.p0.rngSteelMaterialParameters.header3.bad10.address
OK: audit03.settingsTable.p0.rngSteelMaterialParameters.header3.bad10.action
SETTINGS_TABLE_ERROR: audit03.settingsTable.p0.rngSteelMaterialParameters.header3|code=-2147217195|Настройка Параметры арматуры (лист Config, ячейка C50) содержит ошибку Excel в колонке "заголовок таблицы". Исправьте формулу или введите допустимое значение вместо ошибки Excel.
OK: audit03.settingsTable.p0.rngSteelMaterialParameters.key.typed
OK: audit03.settingsTable.p0.rngSteelMaterialParameters.key.address
OK: audit03.settingsTable.p0.rngSteelMaterialParameters.key.action
SETTINGS_TABLE_ERROR: audit03.settingsTable.p0.rngSteelMaterialParameters.key|code=-2147217195|Настройка строка 2 (лист Config, ячейка A51) содержит ошибку Excel в колонке "параметр арматуры". Исправьте формулу или введите допустимое значение вместо ошибки Excel.
OK: audit03.settingsTable.p0.rngSteelMaterialParameters.value.typed
OK: audit03.settingsTable.p0.rngSteelMaterialParameters.value.address
SETTINGS_TABLE_ERROR: audit03.settingsTable.p0.rngSteelMaterialParameters.value|code=-2147217195|Настройка Steel.R.ULS(I) (лист Config, ячейка B51) содержит ошибку Excel в колонке "Сжатие". Исправьте формулу или введите допустимое значение вместо ошибки Excel.
OK: audit03.settingsTable.p0.rngSteelMaterialParameters.comment.noncritical
OK: audit03.settingsTable.p0.rngSteelMaterialParameters.comment.emptySource
OK: audit03.settingsTable.p0.rngSteelMaterialParameters.comment.valuePreserved
OK: audit03.settingsTable.p0.rngSteelMaterialParameters.recovery
OK: audit03.settingsTable.p0.rngSteelMaterialParameters.recovery.value
OK: audit03.settingsTable.p1.rngSteelMaterialParameters.header1.bad8.rejected
OK: audit03.settingsTable.p1.rngSteelMaterialParameters.header1.bad8.address
OK: audit03.settingsTable.p1.rngSteelMaterialParameters.header1.bad8.action
SETTINGS_TABLE_ERROR: audit03.settingsTable.p1.rngSteelMaterialParameters.header1|code=-2147217188|Таблица "Параметры арматуры" (лист Config, ячейка CH800): в заголовке колонки должно быть "Параметр", сейчас "". Восстановите заголовок и расположение колонок по исправному шаблону книги.
OK: audit03.settingsTable.p1.rngSteelMaterialParameters.header1.bad8.rejected
OK: audit03.settingsTable.p1.rngSteelMaterialParameters.header1.bad8.address
OK: audit03.settingsTable.p1.rngSteelMaterialParameters.header1.bad8.action
SETTINGS_TABLE_ERROR: audit03.settingsTable.p1.rngSteelMaterialParameters.header1|code=-2147217188|Таблица "Параметры арматуры" (лист Config, ячейка CH800): в заголовке колонки должно быть "Параметр", сейчас "TODO". Восстановите заголовок и расположение колонок по исправному шаблону книги.
OK: audit03.settingsTable.p1.rngSteelMaterialParameters.header1.bad8.rejected
OK: audit03.settingsTable.p1.rngSteelMaterialParameters.header1.bad8.address
OK: audit03.settingsTable.p1.rngSteelMaterialParameters.header1.bad8.action
SETTINGS_TABLE_ERROR: audit03.settingsTable.p1.rngSteelMaterialParameters.header1|code=-2147217188|Таблица "Параметры арматуры" (лист Config, ячейка CH800): в заголовке колонки должно быть "Параметр", сейчас "UNKNOWN_HEADER". Восстановите заголовок и расположение колонок по исправному шаблону книги.
OK: audit03.settingsTable.p1.rngSteelMaterialParameters.header1.bad10.rejected
OK: audit03.settingsTable.p1.rngSteelMaterialParameters.header1.bad10.address
OK: audit03.settingsTable.p1.rngSteelMaterialParameters.header1.bad10.action
SETTINGS_TABLE_ERROR: audit03.settingsTable.p1.rngSteelMaterialParameters.header1|code=-2147217195|Настройка Параметры арматуры (лист Config, ячейка CH800) содержит ошибку Excel в колонке "заголовок таблицы". Исправьте формулу или введите допустимое значение вместо ошибки Excel.
OK: audit03.settingsTable.p1.rngSteelMaterialParameters.header2.bad8.rejected
OK: audit03.settingsTable.p1.rngSteelMaterialParameters.header2.bad8.address
OK: audit03.settingsTable.p1.rngSteelMaterialParameters.header2.bad8.action
SETTINGS_TABLE_ERROR: audit03.settingsTable.p1.rngSteelMaterialParameters.header2|code=-2147217188|Таблица "Параметры арматуры" (лист Config, ячейка CI800): в заголовке колонки должно быть "Сжатие", сейчас "". Восстановите заголовок и расположение колонок по исправному шаблону книги.
OK: audit03.settingsTable.p1.rngSteelMaterialParameters.header2.bad8.rejected
OK: audit03.settingsTable.p1.rngSteelMaterialParameters.header2.bad8.address
OK: audit03.settingsTable.p1.rngSteelMaterialParameters.header2.bad8.action
SETTINGS_TABLE_ERROR: audit03.settingsTable.p1.rngSteelMaterialParameters.header2|code=-2147217188|Таблица "Параметры арматуры" (лист Config, ячейка CI800): в заголовке колонки должно быть "Сжатие", сейчас "TODO". Восстановите заголовок и расположение колонок по исправному шаблону книги.
OK: audit03.settingsTable.p1.rngSteelMaterialParameters.header2.bad8.rejected
OK: audit03.settingsTable.p1.rngSteelMaterialParameters.header2.bad8.address
OK: audit03.settingsTable.p1.rngSteelMaterialParameters.header2.bad8.action
SETTINGS_TABLE_ERROR: audit03.settingsTable.p1.rngSteelMaterialParameters.header2|code=-2147217188|Таблица "Параметры арматуры" (лист Config, ячейка CI800): в заголовке колонки должно быть "Сжатие", сейчас "UNKNOWN_HEADER". Восстановите заголовок и расположение колонок по исправному шаблону книги.
OK: audit03.settingsTable.p1.rngSteelMaterialParameters.header2.bad10.rejected
OK: audit03.settingsTable.p1.rngSteelMaterialParameters.header2.bad10.address
OK: audit03.settingsTable.p1.rngSteelMaterialParameters.header2.bad10.action
SETTINGS_TABLE_ERROR: audit03.settingsTable.p1.rngSteelMaterialParameters.header2|code=-2147217195|Настройка Параметры арматуры (лист Config, ячейка CI800) содержит ошибку Excel в колонке "заголовок таблицы". Исправьте формулу или введите допустимое значение вместо ошибки Excel.
OK: audit03.settingsTable.p1.rngSteelMaterialParameters.header3.bad8.rejected
OK: audit03.settingsTable.p1.rngSteelMaterialParameters.header3.bad8.address
OK: audit03.settingsTable.p1.rngSteelMaterialParameters.header3.bad8.action
SETTINGS_TABLE_ERROR: audit03.settingsTable.p1.rngSteelMaterialParameters.header3|code=-2147217188|Таблица "Параметры арматуры" (лист Config, ячейка CJ800): в заголовке колонки должно быть "Растяжение", сейчас "". Восстановите заголовок и расположение колонок по исправному шаблону книги.
OK: audit03.settingsTable.p1.rngSteelMaterialParameters.header3.bad8.rejected
OK: audit03.settingsTable.p1.rngSteelMaterialParameters.header3.bad8.address
OK: audit03.settingsTable.p1.rngSteelMaterialParameters.header3.bad8.action
SETTINGS_TABLE_ERROR: audit03.settingsTable.p1.rngSteelMaterialParameters.header3|code=-2147217188|Таблица "Параметры арматуры" (лист Config, ячейка CJ800): в заголовке колонки должно быть "Растяжение", сейчас "TODO". Восстановите заголовок и расположение колонок по исправному шаблону книги.
OK: audit03.settingsTable.p1.rngSteelMaterialParameters.header3.bad8.rejected
OK: audit03.settingsTable.p1.rngSteelMaterialParameters.header3.bad8.address
OK: audit03.settingsTable.p1.rngSteelMaterialParameters.header3.bad8.action
SETTINGS_TABLE_ERROR: audit03.settingsTable.p1.rngSteelMaterialParameters.header3|code=-2147217188|Таблица "Параметры арматуры" (лист Config, ячейка CJ800): в заголовке колонки должно быть "Растяжение", сейчас "UNKNOWN_HEADER". Восстановите заголовок и расположение колонок по исправному шаблону книги.
OK: audit03.settingsTable.p1.rngSteelMaterialParameters.header3.bad10.rejected
OK: audit03.settingsTable.p1.rngSteelMaterialParameters.header3.bad10.address
OK: audit03.settingsTable.p1.rngSteelMaterialParameters.header3.bad10.action
SETTINGS_TABLE_ERROR: audit03.settingsTable.p1.rngSteelMaterialParameters.header3|code=-2147217195|Настройка Параметры арматуры (лист Config, ячейка CJ800) содержит ошибку Excel в колонке "заголовок таблицы". Исправьте формулу или введите допустимое значение вместо ошибки Excel.
OK: audit03.settingsTable.p1.rngSteelMaterialParameters.key.typed
OK: audit03.settingsTable.p1.rngSteelMaterialParameters.key.address
OK: audit03.settingsTable.p1.rngSteelMaterialParameters.key.action
SETTINGS_TABLE_ERROR: audit03.settingsTable.p1.rngSteelMaterialParameters.key|code=-2147217195|Настройка строка 2 (лист Config, ячейка CH801) содержит ошибку Excel в колонке "параметр арматуры". Исправьте формулу или введите допустимое значение вместо ошибки Excel.
OK: audit03.settingsTable.p1.rngSteelMaterialParameters.value.typed
OK: audit03.settingsTable.p1.rngSteelMaterialParameters.value.address
SETTINGS_TABLE_ERROR: audit03.settingsTable.p1.rngSteelMaterialParameters.value|code=-2147217195|Настройка Steel.R.ULS(I) (лист Config, ячейка CI801) содержит ошибку Excel в колонке "Сжатие". Исправьте формулу или введите допустимое значение вместо ошибки Excel.
OK: audit03.settingsTable.p1.rngSteelMaterialParameters.comment.noncritical
OK: audit03.settingsTable.p1.rngSteelMaterialParameters.comment.emptySource
OK: audit03.settingsTable.p1.rngSteelMaterialParameters.comment.valuePreserved
OK: audit03.settingsTable.p1.rngSteelMaterialParameters.recovery
OK: audit03.settingsTable.p1.rngSteelMaterialParameters.recovery.value
OK: audit03.settingsTable.p0.rngSystemSettings.key.typed
OK: audit03.settingsTable.p0.rngSystemSettings.key.address
OK: audit03.settingsTable.p0.rngSystemSettings.key.action
SETTINGS_TABLE_ERROR: audit03.settingsTable.p0.rngSystemSettings.key|code=-2147217195|Настройка строка 3 (лист Config, ячейка H7) содержит ошибку Excel в колонке "ключ настройки". Исправьте формулу или введите допустимое значение вместо ошибки Excel.
OK: audit03.settingsTable.p0.rngSystemSettings.value.typed
OK: audit03.settingsTable.p0.rngSystemSettings.value.address
SETTINGS_TABLE_ERROR: audit03.settingsTable.p0.rngSystemSettings.value|code=-2147217195|Настройка General.ExecutionReportEnabled (лист Config, ячейка I7) содержит ошибку Excel в колонке "значение". Исправьте формулу или введите допустимое значение вместо ошибки Excel.
OK: audit03.settingsTable.p0.rngSystemSettings.comment.noncritical
OK: audit03.settingsTable.p0.rngSystemSettings.comment.emptySource
OK: audit03.settingsTable.p0.rngSystemSettings.comment.valuePreserved
OK: audit03.settingsTable.p0.rngSystemSettings.recovery
OK: audit03.settingsTable.p0.rngSystemSettings.recovery.value
OK: audit03.settingsTable.p1.rngSystemSettings.key.typed
OK: audit03.settingsTable.p1.rngSystemSettings.key.address
OK: audit03.settingsTable.p1.rngSystemSettings.key.action
SETTINGS_TABLE_ERROR: audit03.settingsTable.p1.rngSystemSettings.key|code=-2147217195|Настройка строка 3 (лист Config, ячейка CH802) содержит ошибку Excel в колонке "ключ настройки". Исправьте формулу или введите допустимое значение вместо ошибки Excel.
OK: audit03.settingsTable.p1.rngSystemSettings.value.typed
OK: audit03.settingsTable.p1.rngSystemSettings.value.address
SETTINGS_TABLE_ERROR: audit03.settingsTable.p1.rngSystemSettings.value|code=-2147217195|Настройка General.ExecutionReportEnabled (лист Config, ячейка CI802) содержит ошибку Excel в колонке "значение". Исправьте формулу или введите допустимое значение вместо ошибки Excel.
OK: audit03.settingsTable.p1.rngSystemSettings.comment.noncritical
OK: audit03.settingsTable.p1.rngSystemSettings.comment.emptySource
OK: audit03.settingsTable.p1.rngSystemSettings.comment.valuePreserved
OK: audit03.settingsTable.p1.rngSystemSettings.recovery
OK: audit03.settingsTable.p1.rngSystemSettings.recovery.value
OK: audit03.settingsTable.p0.rngPlotAnnotationSettings.key.typed
OK: audit03.settingsTable.p0.rngPlotAnnotationSettings.key.address
OK: audit03.settingsTable.p0.rngPlotAnnotationSettings.key.action
SETTINGS_TABLE_ERROR: audit03.settingsTable.p0.rngPlotAnnotationSettings.key|code=-2147217195|Настройка строка 2 (лист Config, ячейка A71) содержит ошибку Excel в колонке "параметр аннотации". Исправьте формулу или введите допустимое значение вместо ошибки Excel.
OK: audit03.settingsTable.p0.rngPlotAnnotationSettings.value.typed
OK: audit03.settingsTable.p0.rngPlotAnnotationSettings.value.address
SETTINGS_TABLE_ERROR: audit03.settingsTable.p0.rngPlotAnnotationSettings.value|code=-2147217195|Настройка Plot.RebarLabels.Enabled (лист Config, ячейка B71) содержит ошибку Excel в колонке "значение". Исправьте формулу или введите допустимое значение вместо ошибки Excel.
OK: audit03.settingsTable.p0.rngPlotAnnotationSettings.comment.noncritical
OK: audit03.settingsTable.p0.rngPlotAnnotationSettings.comment.emptySource
OK: audit03.settingsTable.p0.rngPlotAnnotationSettings.comment.valuePreserved
OK: audit03.settingsTable.p0.rngPlotAnnotationSettings.recovery
OK: audit03.settingsTable.p0.rngPlotAnnotationSettings.recovery.value
OK: audit03.settingsTable.p1.rngPlotAnnotationSettings.key.typed
OK: audit03.settingsTable.p1.rngPlotAnnotationSettings.key.address
OK: audit03.settingsTable.p1.rngPlotAnnotationSettings.key.action
SETTINGS_TABLE_ERROR: audit03.settingsTable.p1.rngPlotAnnotationSettings.key|code=-2147217195|Настройка строка 2 (лист Config, ячейка CH801) содержит ошибку Excel в колонке "параметр аннотации". Исправьте формулу или введите допустимое значение вместо ошибки Excel.
OK: audit03.settingsTable.p1.rngPlotAnnotationSettings.value.typed
OK: audit03.settingsTable.p1.rngPlotAnnotationSettings.value.address
SETTINGS_TABLE_ERROR: audit03.settingsTable.p1.rngPlotAnnotationSettings.value|code=-2147217195|Настройка Plot.RebarLabels.Enabled (лист Config, ячейка CI801) содержит ошибку Excel в колонке "значение". Исправьте формулу или введите допустимое значение вместо ошибки Excel.
OK: audit03.settingsTable.p1.rngPlotAnnotationSettings.comment.noncritical
OK: audit03.settingsTable.p1.rngPlotAnnotationSettings.comment.emptySource
OK: audit03.settingsTable.p1.rngPlotAnnotationSettings.comment.valuePreserved
OK: audit03.settingsTable.p1.rngPlotAnnotationSettings.recovery
OK: audit03.settingsTable.p1.rngPlotAnnotationSettings.recovery.value
OK: audit03.settingsTable.noSolve
SETTINGS_TABLE_CASES: blocks=6; positions=2; variants=136; equilibriumCases=0
TOTAL_AUDIT03_SETTINGS_TABLE_GUARDS: passed=421; failed=0

COM_WORKBOOK_AFTER_SUITE: path=C:\Users\avidzba\AppData\Local\Temp\RC_NDM_ModeSuite_9bd7c3fe527e4fd7b320c233e7f46aa9\RC_Section_NDM.xlsm; readOnly=True; sameProxy=True
MODE_AFTER_SUITE: No
SUITE_FINISHED: RunAudit03SettingsTableGuardTests; 2026-10-04T14:04:41
SOURCE_UNCHANGED: True
WATCHDOG_COMPLETED: exit=0; source unchanged=True
