SOURCE: C:\Users\avidzba\Desktop\Ø‡Æ£‡†¨¨Î\Ç_êÄÅéíÖ!\RC_Section_NDM\docs\regression\Audit03\RC_Section_NDM_settings_table_negative_v231.xlsm
SOURCE_SHA256: CD25C71F6A1F39865E0B239273D9250F9C7304164BFFD0E99FC91BC151A43586
FIXTURE: C:\Users\avidzba\AppData\Local\Temp\RC_NDM_ModeSuite_1f42fc9e93e442ba952ea2385f3cb61c\RC_Section_NDM.xlsm
GLOBAL_MODE: General.DiagramExtension=No; explicit-On tests retain their setup
FAIL: audit03.settingsTable.p0.rngUnitSettings.header1.bad8.address
FAIL: audit03.settingsTable.p0.rngUnitSettings.header1.bad8.address
FAIL: audit03.settingsTable.p0.rngUnitSettings.header1.bad8.address
FAIL: audit03.settingsTable.p0.rngUnitSettings.header1.bad10.address
FAIL: audit03.settingsTable.p0.rngUnitSettings.header2.bad8.address
FAIL: audit03.settingsTable.p0.rngUnitSettings.header2.bad8.address
FAIL: audit03.settingsTable.p0.rngUnitSettings.header2.bad8.address
FAIL: audit03.settingsTable.p0.rngUnitSettings.header2.bad10.address
FAIL: audit03.settingsTable.p0.rngUnitSettings.header3.bad8.address
FAIL: audit03.settingsTable.p0.rngUnitSettings.header3.bad8.address
FAIL: audit03.settingsTable.p0.rngUnitSettings.header3.bad8.address
FAIL: audit03.settingsTable.p0.rngUnitSettings.header3.bad10.address
FAIL: audit03.settingsTable.p0.rngUnitSettings.header4.bad8.address
FAIL: audit03.settingsTable.p0.rngUnitSettings.header4.bad8.address
FAIL: audit03.settingsTable.p0.rngUnitSettings.header4.bad8.address
FAIL: audit03.settingsTable.p0.rngUnitSettings.header4.bad10.address
FAIL: audit03.settingsTable.p0.rngUnitSettings.key.typed
FAIL: audit03.settingsTable.p0.rngUnitSettings.key.address
FAIL: audit03.settingsTable.p0.rngUnitSettings.key.action
FAIL: audit03.settingsTable.p1.rngUnitSettings.header1.bad8.address
FAIL: audit03.settingsTable.p1.rngUnitSettings.header1.bad8.address
FAIL: audit03.settingsTable.p1.rngUnitSettings.header1.bad8.address
FAIL: audit03.settingsTable.p1.rngUnitSettings.header1.bad10.address
FAIL: audit03.settingsTable.p1.rngUnitSettings.header2.bad8.address
FAIL: audit03.settingsTable.p1.rngUnitSettings.header2.bad8.address
FAIL: audit03.settingsTable.p1.rngUnitSettings.header2.bad8.address
FAIL: audit03.settingsTable.p1.rngUnitSettings.header2.bad10.address
FAIL: audit03.settingsTable.p1.rngUnitSettings.header3.bad8.address
FAIL: audit03.settingsTable.p1.rngUnitSettings.header3.bad8.address
FAIL: audit03.settingsTable.p1.rngUnitSettings.header3.bad8.address
FAIL: audit03.settingsTable.p1.rngUnitSettings.header3.bad10.address
FAIL: audit03.settingsTable.p1.rngUnitSettings.header4.bad8.address
FAIL: audit03.settingsTable.p1.rngUnitSettings.header4.bad8.address
FAIL: audit03.settingsTable.p1.rngUnitSettings.header4.bad8.address
FAIL: audit03.settingsTable.p1.rngUnitSettings.header4.bad10.address
FAIL: audit03.settingsTable.p1.rngUnitSettings.key.typed
FAIL: audit03.settingsTable.p1.rngUnitSettings.key.address
FAIL: audit03.settingsTable.p1.rngUnitSettings.key.action
FAIL: audit03.settingsTable.p0.rngSignConventionSettings.header1.bad8.address
FAIL: audit03.settingsTable.p0.rngSignConventionSettings.header1.bad8.address
FAIL: audit03.settingsTable.p0.rngSignConventionSettings.header1.bad8.address
FAIL: audit03.settingsTable.p0.rngSignConventionSettings.header1.bad10.address
FAIL: audit03.settingsTable.p0.rngSignConventionSettings.header2.bad8.address
FAIL: audit03.settingsTable.p0.rngSignConventionSettings.header2.bad8.address
FAIL: audit03.settingsTable.p0.rngSignConventionSettings.header2.bad8.address
FAIL: audit03.settingsTable.p0.rngSignConventionSettings.header2.bad10.address
FAIL: audit03.settingsTable.p0.rngSignConventionSettings.header3.bad8.address
FAIL: audit03.settingsTable.p0.rngSignConventionSettings.header3.bad8.address
FAIL: audit03.settingsTable.p0.rngSignConventionSettings.header3.bad8.address
FAIL: audit03.settingsTable.p0.rngSignConventionSettings.header3.bad10.address
FAIL: audit03.settingsTable.p0.rngSignConventionSettings.key.typed
FAIL: audit03.settingsTable.p0.rngSignConventionSettings.key.address
FAIL: audit03.settingsTable.p0.rngSignConventionSettings.key.action
FAIL: audit03.settingsTable.p1.rngSignConventionSettings.header1.bad8.address
FAIL: audit03.settingsTable.p1.rngSignConventionSettings.header1.bad8.address
FAIL: audit03.settingsTable.p1.rngSignConventionSettings.header1.bad8.address
FAIL: audit03.settingsTable.p1.rngSignConventionSettings.header1.bad10.address
FAIL: audit03.settingsTable.p1.rngSignConventionSettings.header2.bad8.address
FAIL: audit03.settingsTable.p1.rngSignConventionSettings.header2.bad8.address
FAIL: audit03.settingsTable.p1.rngSignConventionSettings.header2.bad8.address
FAIL: audit03.settingsTable.p1.rngSignConventionSettings.header2.bad10.address
FAIL: audit03.settingsTable.p1.rngSignConventionSettings.header3.bad8.address
FAIL: audit03.settingsTable.p1.rngSignConventionSettings.header3.bad8.address
FAIL: audit03.settingsTable.p1.rngSignConventionSettings.header3.bad8.address
FAIL: audit03.settingsTable.p1.rngSignConventionSettings.header3.bad10.address
FAIL: audit03.settingsTable.p1.rngSignConventionSettings.key.typed
FAIL: audit03.settingsTable.p1.rngSignConventionSettings.key.address
FAIL: audit03.settingsTable.p1.rngSignConventionSettings.key.action
FAIL: audit03.settingsTable.p0.rngConcreteMaterialParameters.header1.bad8.address
FAIL: audit03.settingsTable.p0.rngConcreteMaterialParameters.header1.bad8.address
FAIL: audit03.settingsTable.p0.rngConcreteMaterialParameters.header1.bad8.address
FAIL: audit03.settingsTable.p0.rngConcreteMaterialParameters.header1.bad10.address
FAIL: audit03.settingsTable.p0.rngConcreteMaterialParameters.header2.bad8.address
FAIL: audit03.settingsTable.p0.rngConcreteMaterialParameters.header2.bad8.address
FAIL: audit03.settingsTable.p0.rngConcreteMaterialParameters.header2.bad8.address
FAIL: audit03.settingsTable.p0.rngConcreteMaterialParameters.header2.bad10.address
FAIL: audit03.settingsTable.p0.rngConcreteMaterialParameters.header3.bad8.address
FAIL: audit03.settingsTable.p0.rngConcreteMaterialParameters.header3.bad8.address
FAIL: audit03.settingsTable.p0.rngConcreteMaterialParameters.header3.bad8.address
FAIL: audit03.settingsTable.p0.rngConcreteMaterialParameters.header3.bad10.address
FAIL: audit03.settingsTable.p0.rngConcreteMaterialParameters.comment.emptySource
FAIL: audit03.settingsTable.p1.rngConcreteMaterialParameters.header1.bad8.address
FAIL: audit03.settingsTable.p1.rngConcreteMaterialParameters.header1.bad8.address
FAIL: audit03.settingsTable.p1.rngConcreteMaterialParameters.header1.bad8.address
FAIL: audit03.settingsTable.p1.rngConcreteMaterialParameters.header1.bad10.address
FAIL: audit03.settingsTable.p1.rngConcreteMaterialParameters.header2.bad8.address
FAIL: audit03.settingsTable.p1.rngConcreteMaterialParameters.header2.bad8.address
FAIL: audit03.settingsTable.p1.rngConcreteMaterialParameters.header2.bad8.address
FAIL: audit03.settingsTable.p1.rngConcreteMaterialParameters.header2.bad10.address
FAIL: audit03.settingsTable.p1.rngConcreteMaterialParameters.header3.bad8.address
FAIL: audit03.settingsTable.p1.rngConcreteMaterialParameters.header3.bad8.address
FAIL: audit03.settingsTable.p1.rngConcreteMaterialParameters.header3.bad8.address
FAIL: audit03.settingsTable.p1.rngConcreteMaterialParameters.header3.bad10.address
FAIL: audit03.settingsTable.p1.rngConcreteMaterialParameters.comment.emptySource
FAIL: audit03.settingsTable.p0.rngSteelMaterialParameters.header1.bad8.address
FAIL: audit03.settingsTable.p0.rngSteelMaterialParameters.header1.bad8.address
FAIL: audit03.settingsTable.p0.rngSteelMaterialParameters.header1.bad8.address
FAIL: audit03.settingsTable.p0.rngSteelMaterialParameters.header1.bad10.address
FAIL: audit03.settingsTable.p0.rngSteelMaterialParameters.header2.bad8.address
FAIL: audit03.settingsTable.p0.rngSteelMaterialParameters.header2.bad8.address
FAIL: audit03.settingsTable.p0.rngSteelMaterialParameters.header2.bad8.address
FAIL: audit03.settingsTable.p0.rngSteelMaterialParameters.header2.bad10.address
FAIL: audit03.settingsTable.p0.rngSteelMaterialParameters.header3.bad8.address
FAIL: audit03.settingsTable.p0.rngSteelMaterialParameters.header3.bad8.address
FAIL: audit03.settingsTable.p0.rngSteelMaterialParameters.header3.bad8.address
FAIL: audit03.settingsTable.p0.rngSteelMaterialParameters.header3.bad10.address
FAIL: audit03.settingsTable.p0.rngSteelMaterialParameters.comment.emptySource
FAIL: audit03.settingsTable.p1.rngSteelMaterialParameters.header1.bad8.address
FAIL: audit03.settingsTable.p1.rngSteelMaterialParameters.header1.bad8.address
FAIL: audit03.settingsTable.p1.rngSteelMaterialParameters.header1.bad8.address
FAIL: audit03.settingsTable.p1.rngSteelMaterialParameters.header1.bad10.address
FAIL: audit03.settingsTable.p1.rngSteelMaterialParameters.header2.bad8.address
FAIL: audit03.settingsTable.p1.rngSteelMaterialParameters.header2.bad8.address
FAIL: audit03.settingsTable.p1.rngSteelMaterialParameters.header2.bad8.address
FAIL: audit03.settingsTable.p1.rngSteelMaterialParameters.header2.bad10.address
FAIL: audit03.settingsTable.p1.rngSteelMaterialParameters.header3.bad8.address
FAIL: audit03.settingsTable.p1.rngSteelMaterialParameters.header3.bad8.address
FAIL: audit03.settingsTable.p1.rngSteelMaterialParameters.header3.bad8.address
FAIL: audit03.settingsTable.p1.rngSteelMaterialParameters.header3.bad10.address
FAIL: audit03.settingsTable.p1.rngSteelMaterialParameters.comment.emptySource
FAIL: audit03.settingsTable.p0.rngPlotAnnotationSettings.comment.emptySource
FAIL: audit03.settingsTable.p1.rngPlotAnnotationSettings.comment.emptySource
TOTAL_AUDIT03_SETTINGS_TABLE_GUARDS: passed=299; failed=122
MODE_AFTER_SUITE: No
SOURCE_UNCHANGED: True
