SOURCE: C:\Users\avidzba\Desktop\Ø‡Æ£‡†¨¨Î\Ç_êÄÅéíÖ!\RC_Section_NDM\docs\regression\Audit03\RC_Section_NDM_snapshot_metadata_negative_v212.xlsm
SOURCE_SHA256: E9DFCFAEDDAC647473C3FCF9DDB0AB355BBB7A696B6EF7307B647C2F88E1A0F4
FIXTURE: C:\Users\avidzba\AppData\Local\Temp\RC_NDM_ModeSuite_4410d2f2ef6c4350b4b0480c3e9fb609\RC_Section_NDM.xlsm
GLOBAL_MODE: General.DiagramExtension=No; explicit-On tests retain their setup
FAIL: audit03.snapshotMetadata.units.p0.cm.mode0.minX; actual=-10; expected=-100
FAIL: audit03.snapshotMetadata.units.p0.cm.mode0.loadX; actual=2.5; expected=25
FAIL: audit03.snapshotMetadata.units.p0.cm.mode0.curvature; actual=0.002; expected=0.000002
FAIL: audit03.snapshotMetadata.units.p0.cm.mode1.minX; actual=-10; expected=-100
FAIL: audit03.snapshotMetadata.units.p0.cm.mode1.loadX; actual=2.5; expected=25
FAIL: audit03.snapshotMetadata.units.p0.cm.mode2.minX; actual=-10; expected=-100
FAIL: audit03.snapshotMetadata.units.p0.cm.mode2.loadX; actual=2.5; expected=25
FAIL: audit03.snapshotMetadata.units.p0.m.mode0.minX; actual=-0.1; expected=-100
FAIL: audit03.snapshotMetadata.units.p0.m.mode0.loadX; actual=0.025; expected=25
FAIL: audit03.snapshotMetadata.units.p0.m.mode0.curvature; actual=0.002; expected=0.000002
FAIL: audit03.snapshotMetadata.units.p0.m.mode1.minX; actual=-0.1; expected=-100
FAIL: audit03.snapshotMetadata.units.p0.m.mode1.loadX; actual=0.025; expected=25
FAIL: audit03.snapshotMetadata.units.p0.m.mode2.minX; actual=-0.1; expected=-100
FAIL: audit03.snapshotMetadata.units.p0.m.mode2.loadX; actual=0.025; expected=25
FAIL: audit03.snapshotMetadata.invalid.p0.row11.v1.rejected
FAIL: audit03.snapshotMetadata.invalid.p0.row11.v1.field
FAIL: audit03.snapshotMetadata.invalid.p0.row11.v1.address
FAIL: audit03.snapshotMetadata.invalid.p0.row11.v1.action
FAIL: audit03.snapshotMetadata.invalid.p0.row11.v1.empty
FAIL: audit03.snapshotMetadata.invalid.p0.row11.v2.rejected
FAIL: audit03.snapshotMetadata.invalid.p0.row11.v2.field
FAIL: audit03.snapshotMetadata.invalid.p0.row11.v2.address
FAIL: audit03.snapshotMetadata.invalid.p0.row11.v2.action
FAIL: audit03.snapshotMetadata.invalid.p0.row11.v2.empty
FAIL: audit03.snapshotMetadata.invalid.p0.row11.v3.rejected
FAIL: audit03.snapshotMetadata.invalid.p0.row11.v3.field
FAIL: audit03.snapshotMetadata.invalid.p0.row11.v3.address
FAIL: audit03.snapshotMetadata.invalid.p0.row11.v3.action
FAIL: audit03.snapshotMetadata.invalid.p0.row11.v3.empty
FAIL: audit03.snapshotMetadata.invalid.p0.row11.v4.rejected
FAIL: audit03.snapshotMetadata.invalid.p0.row11.v4.field
FAIL: audit03.snapshotMetadata.invalid.p0.row11.v4.address
FAIL: audit03.snapshotMetadata.invalid.p0.row11.v4.action
FAIL: audit03.snapshotMetadata.invalid.p0.row11.v4.empty
FAIL: audit03.snapshotMetadata.invalid.p0.row12.v5.rejected
FAIL: audit03.snapshotMetadata.invalid.p0.row12.v5.field
FAIL: audit03.snapshotMetadata.invalid.p0.row12.v5.address
FAIL: audit03.snapshotMetadata.invalid.p0.row12.v5.action
FAIL: audit03.snapshotMetadata.invalid.p0.row12.v5.empty
FAIL: audit03.snapshotMetadata.invalid.p0.row12.v6.rejected
FAIL: audit03.snapshotMetadata.invalid.p0.row12.v6.field
FAIL: audit03.snapshotMetadata.invalid.p0.row12.v6.address
FAIL: audit03.snapshotMetadata.invalid.p0.row12.v6.action
FAIL: audit03.snapshotMetadata.invalid.p0.row12.v6.empty
FAIL: audit03.snapshotMetadata.invalid.p0.row12.v7.rejected
FAIL: audit03.snapshotMetadata.invalid.p0.row12.v7.field
FAIL: audit03.snapshotMetadata.invalid.p0.row12.v7.address
FAIL: audit03.snapshotMetadata.invalid.p0.row12.v7.action
FAIL: audit03.snapshotMetadata.invalid.p0.row12.v7.empty
FAIL: audit03.snapshotMetadata.invalid.p0.row12.v8.rejected
FAIL: audit03.snapshotMetadata.invalid.p0.row12.v8.field
FAIL: audit03.snapshotMetadata.invalid.p0.row12.v8.address
FAIL: audit03.snapshotMetadata.invalid.p0.row12.v8.action
FAIL: audit03.snapshotMetadata.invalid.p0.row12.v8.empty
FAIL: audit03.snapshotMetadata.invalid.p0.row14.v9.rejected
FAIL: audit03.snapshotMetadata.invalid.p0.row14.v9.field
FAIL: audit03.snapshotMetadata.invalid.p0.row14.v9.address
FAIL: audit03.snapshotMetadata.invalid.p0.row14.v9.action
FAIL: audit03.snapshotMetadata.invalid.p0.row14.v9.empty
FAIL: audit03.snapshotMetadata.invalid.p0.row14.v10.field
FAIL: audit03.snapshotMetadata.invalid.p0.row14.v10.address
FAIL: audit03.snapshotMetadata.invalid.p0.row14.v10.action
FAIL: audit03.snapshotMetadata.invalid.p0.row14.v11.field
FAIL: audit03.snapshotMetadata.invalid.p0.row14.v11.address
FAIL: audit03.snapshotMetadata.invalid.p0.row14.v11.action
FAIL: audit03.snapshotMetadata.invalid.p0.row14.v12.field
FAIL: audit03.snapshotMetadata.invalid.p0.row14.v12.address
FAIL: audit03.snapshotMetadata.invalid.p0.row14.v12.action
FAIL: audit03.snapshotMetadata.invalid.p0.row15.v13.rejected
FAIL: audit03.snapshotMetadata.invalid.p0.row15.v13.field
FAIL: audit03.snapshotMetadata.invalid.p0.row15.v13.address
FAIL: audit03.snapshotMetadata.invalid.p0.row15.v13.action
FAIL: audit03.snapshotMetadata.invalid.p0.row15.v13.empty
FAIL: audit03.snapshotMetadata.invalid.p0.row15.v14.rejected
FAIL: audit03.snapshotMetadata.invalid.p0.row15.v14.field
FAIL: audit03.snapshotMetadata.invalid.p0.row15.v14.address
FAIL: audit03.snapshotMetadata.invalid.p0.row15.v14.action
FAIL: audit03.snapshotMetadata.invalid.p0.row15.v14.empty
FAIL: audit03.snapshotMetadata.invalid.p0.row15.v15.rejected
FAIL: audit03.snapshotMetadata.invalid.p0.row15.v15.field
FAIL: audit03.snapshotMetadata.invalid.p0.row15.v15.address
FAIL: audit03.snapshotMetadata.invalid.p0.row15.v15.action
FAIL: audit03.snapshotMetadata.invalid.p0.row15.v15.empty
FAIL: audit03.snapshotMetadata.invalid.p0.row15.v16.rejected
FAIL: audit03.snapshotMetadata.invalid.p0.row15.v16.field
FAIL: audit03.snapshotMetadata.invalid.p0.row15.v16.address
FAIL: audit03.snapshotMetadata.invalid.p0.row15.v16.action
FAIL: audit03.snapshotMetadata.invalid.p0.row15.v16.empty
FAIL: audit03.snapshotMetadata.invalid.p0.row16.v17.rejected
FAIL: audit03.snapshotMetadata.invalid.p0.row16.v17.field
FAIL: audit03.snapshotMetadata.invalid.p0.row16.v17.address
FAIL: audit03.snapshotMetadata.invalid.p0.row16.v17.action
FAIL: audit03.snapshotMetadata.invalid.p0.row16.v17.empty
FAIL: audit03.snapshotMetadata.invalid.p0.row16.v18.rejected
FAIL: audit03.snapshotMetadata.invalid.p0.row16.v18.field
FAIL: audit03.snapshotMetadata.invalid.p0.row16.v18.address
FAIL: audit03.snapshotMetadata.invalid.p0.row16.v18.action
FAIL: audit03.snapshotMetadata.invalid.p0.row16.v18.empty
FAIL: audit03.snapshotMetadata.invalid.p0.row16.v19.rejected
FAIL: audit03.snapshotMetadata.invalid.p0.row16.v19.field
FAIL: audit03.snapshotMetadata.invalid.p0.row16.v19.address
FAIL: audit03.snapshotMetadata.invalid.p0.row16.v19.action
FAIL: audit03.snapshotMetadata.invalid.p0.row16.v19.empty
FAIL: audit03.snapshotMetadata.invalid.p0.row16.v20.rejected
FAIL: audit03.snapshotMetadata.invalid.p0.row16.v20.field
FAIL: audit03.snapshotMetadata.invalid.p0.row16.v20.address
FAIL: audit03.snapshotMetadata.invalid.p0.row16.v20.action
FAIL: audit03.snapshotMetadata.invalid.p0.row16.v20.empty
FAIL: audit03.snapshotMetadata.invalid.p0.row17.v21.rejected
FAIL: audit03.snapshotMetadata.invalid.p0.row17.v21.field
FAIL: audit03.snapshotMetadata.invalid.p0.row17.v21.address
FAIL: audit03.snapshotMetadata.invalid.p0.row17.v21.action
FAIL: audit03.snapshotMetadata.invalid.p0.row17.v21.empty
FAIL: audit03.snapshotMetadata.invalid.p0.row17.v22.rejected
FAIL: audit03.snapshotMetadata.invalid.p0.row17.v22.field
FAIL: audit03.snapshotMetadata.invalid.p0.row17.v22.address
FAIL: audit03.snapshotMetadata.invalid.p0.row17.v22.action
FAIL: audit03.snapshotMetadata.invalid.p0.row17.v22.empty
FAIL: audit03.snapshotMetadata.invalid.p0.row17.v23.rejected
FAIL: audit03.snapshotMetadata.invalid.p0.row17.v23.field
FAIL: audit03.snapshotMetadata.invalid.p0.row17.v23.address
FAIL: audit03.snapshotMetadata.invalid.p0.row17.v23.action
FAIL: audit03.snapshotMetadata.invalid.p0.row17.v23.empty
FAIL: audit03.snapshotMetadata.invalid.p0.row17.v24.rejected
FAIL: audit03.snapshotMetadata.invalid.p0.row17.v24.field
FAIL: audit03.snapshotMetadata.invalid.p0.row17.v24.address
FAIL: audit03.snapshotMetadata.invalid.p0.row17.v24.action
FAIL: audit03.snapshotMetadata.invalid.p0.row17.v24.empty
FAIL: audit03.snapshotMetadata.fieldUnit.p0.row2.rejected
FAIL: audit03.snapshotMetadata.fieldUnit.p0.row2.address
FAIL: audit03.snapshotMetadata.fieldUnit.p0.row9.rejected
FAIL: audit03.snapshotMetadata.fieldUnit.p0.row9.address
FAIL: audit03.snapshotMetadata.annotationUnit.p0
FAIL: audit03.snapshotMetadata.units.p1.cm.mode0.minX; actual=-10; expected=-100
FAIL: audit03.snapshotMetadata.units.p1.cm.mode0.loadX; actual=2.5; expected=25
FAIL: audit03.snapshotMetadata.units.p1.cm.mode0.curvature; actual=0.002; expected=0.000002
FAIL: audit03.snapshotMetadata.units.p1.cm.mode1.minX; actual=-10; expected=-100
FAIL: audit03.snapshotMetadata.units.p1.cm.mode1.loadX; actual=2.5; expected=25
FAIL: audit03.snapshotMetadata.units.p1.cm.mode2.minX; actual=-10; expected=-100
FAIL: audit03.snapshotMetadata.units.p1.cm.mode2.loadX; actual=2.5; expected=25
FAIL: audit03.snapshotMetadata.units.p1.m.mode0.minX; actual=-0.1; expected=-100
FAIL: audit03.snapshotMetadata.units.p1.m.mode0.loadX; actual=0.025; expected=25
FAIL: audit03.snapshotMetadata.units.p1.m.mode0.curvature; actual=0.002; expected=0.000002
FAIL: audit03.snapshotMetadata.units.p1.m.mode1.minX; actual=-0.1; expected=-100
FAIL: audit03.snapshotMetadata.units.p1.m.mode1.loadX; actual=0.025; expected=25
FAIL: audit03.snapshotMetadata.units.p1.m.mode2.minX; actual=-0.1; expected=-100
FAIL: audit03.snapshotMetadata.units.p1.m.mode2.loadX; actual=0.025; expected=25
FAIL: audit03.snapshotMetadata.invalid.p1.row11.v25.rejected
FAIL: audit03.snapshotMetadata.invalid.p1.row11.v25.field
FAIL: audit03.snapshotMetadata.invalid.p1.row11.v25.address
FAIL: audit03.snapshotMetadata.invalid.p1.row11.v25.action
FAIL: audit03.snapshotMetadata.invalid.p1.row11.v25.empty
FAIL: audit03.snapshotMetadata.invalid.p1.row11.v26.rejected
FAIL: audit03.snapshotMetadata.invalid.p1.row11.v26.field
FAIL: audit03.snapshotMetadata.invalid.p1.row11.v26.address
FAIL: audit03.snapshotMetadata.invalid.p1.row11.v26.action
FAIL: audit03.snapshotMetadata.invalid.p1.row11.v26.empty
FAIL: audit03.snapshotMetadata.invalid.p1.row11.v27.rejected
FAIL: audit03.snapshotMetadata.invalid.p1.row11.v27.field
FAIL: audit03.snapshotMetadata.invalid.p1.row11.v27.address
FAIL: audit03.snapshotMetadata.invalid.p1.row11.v27.action
FAIL: audit03.snapshotMetadata.invalid.p1.row11.v27.empty
FAIL: audit03.snapshotMetadata.invalid.p1.row11.v28.rejected
FAIL: audit03.snapshotMetadata.invalid.p1.row11.v28.field
FAIL: audit03.snapshotMetadata.invalid.p1.row11.v28.address
FAIL: audit03.snapshotMetadata.invalid.p1.row11.v28.action
FAIL: audit03.snapshotMetadata.invalid.p1.row11.v28.empty
FAIL: audit03.snapshotMetadata.invalid.p1.row12.v29.rejected
FAIL: audit03.snapshotMetadata.invalid.p1.row12.v29.field
FAIL: audit03.snapshotMetadata.invalid.p1.row12.v29.address
FAIL: audit03.snapshotMetadata.invalid.p1.row12.v29.action
FAIL: audit03.snapshotMetadata.invalid.p1.row12.v29.empty
FAIL: audit03.snapshotMetadata.invalid.p1.row12.v30.rejected
FAIL: audit03.snapshotMetadata.invalid.p1.row12.v30.field
FAIL: audit03.snapshotMetadata.invalid.p1.row12.v30.address
FAIL: audit03.snapshotMetadata.invalid.p1.row12.v30.action
FAIL: audit03.snapshotMetadata.invalid.p1.row12.v30.empty
FAIL: audit03.snapshotMetadata.invalid.p1.row12.v31.rejected
FAIL: audit03.snapshotMetadata.invalid.p1.row12.v31.field
FAIL: audit03.snapshotMetadata.invalid.p1.row12.v31.address
FAIL: audit03.snapshotMetadata.invalid.p1.row12.v31.action
FAIL: audit03.snapshotMetadata.invalid.p1.row12.v31.empty
FAIL: audit03.snapshotMetadata.invalid.p1.row12.v32.rejected
FAIL: audit03.snapshotMetadata.invalid.p1.row12.v32.field
FAIL: audit03.snapshotMetadata.invalid.p1.row12.v32.address
FAIL: audit03.snapshotMetadata.invalid.p1.row12.v32.action
FAIL: audit03.snapshotMetadata.invalid.p1.row12.v32.empty
FAIL: audit03.snapshotMetadata.invalid.p1.row14.v33.rejected
FAIL: audit03.snapshotMetadata.invalid.p1.row14.v33.field
FAIL: audit03.snapshotMetadata.invalid.p1.row14.v33.address
FAIL: audit03.snapshotMetadata.invalid.p1.row14.v33.action
FAIL: audit03.snapshotMetadata.invalid.p1.row14.v33.empty
FAIL: audit03.snapshotMetadata.invalid.p1.row14.v34.field
FAIL: audit03.snapshotMetadata.invalid.p1.row14.v34.address
FAIL: audit03.snapshotMetadata.invalid.p1.row14.v34.action
FAIL: audit03.snapshotMetadata.invalid.p1.row14.v35.field
FAIL: audit03.snapshotMetadata.invalid.p1.row14.v35.address
FAIL: audit03.snapshotMetadata.invalid.p1.row14.v35.action
FAIL: audit03.snapshotMetadata.invalid.p1.row14.v36.field
FAIL: audit03.snapshotMetadata.invalid.p1.row14.v36.address
FAIL: audit03.snapshotMetadata.invalid.p1.row14.v36.action
FAIL: audit03.snapshotMetadata.invalid.p1.row15.v37.rejected
FAIL: audit03.snapshotMetadata.invalid.p1.row15.v37.field
FAIL: audit03.snapshotMetadata.invalid.p1.row15.v37.address
FAIL: audit03.snapshotMetadata.invalid.p1.row15.v37.action
FAIL: audit03.snapshotMetadata.invalid.p1.row15.v37.empty
FAIL: audit03.snapshotMetadata.invalid.p1.row15.v38.rejected
FAIL: audit03.snapshotMetadata.invalid.p1.row15.v38.field
FAIL: audit03.snapshotMetadata.invalid.p1.row15.v38.address
FAIL: audit03.snapshotMetadata.invalid.p1.row15.v38.action
FAIL: audit03.snapshotMetadata.invalid.p1.row15.v38.empty
FAIL: audit03.snapshotMetadata.invalid.p1.row15.v39.rejected
FAIL: audit03.snapshotMetadata.invalid.p1.row15.v39.field
FAIL: audit03.snapshotMetadata.invalid.p1.row15.v39.address
FAIL: audit03.snapshotMetadata.invalid.p1.row15.v39.action
FAIL: audit03.snapshotMetadata.invalid.p1.row15.v39.empty
FAIL: audit03.snapshotMetadata.invalid.p1.row15.v40.rejected
FAIL: audit03.snapshotMetadata.invalid.p1.row15.v40.field
FAIL: audit03.snapshotMetadata.invalid.p1.row15.v40.address
FAIL: audit03.snapshotMetadata.invalid.p1.row15.v40.action
FAIL: audit03.snapshotMetadata.invalid.p1.row15.v40.empty
FAIL: audit03.snapshotMetadata.invalid.p1.row16.v41.rejected
FAIL: audit03.snapshotMetadata.invalid.p1.row16.v41.field
FAIL: audit03.snapshotMetadata.invalid.p1.row16.v41.address
FAIL: audit03.snapshotMetadata.invalid.p1.row16.v41.action
FAIL: audit03.snapshotMetadata.invalid.p1.row16.v41.empty
FAIL: audit03.snapshotMetadata.invalid.p1.row16.v42.rejected
FAIL: audit03.snapshotMetadata.invalid.p1.row16.v42.field
FAIL: audit03.snapshotMetadata.invalid.p1.row16.v42.address
FAIL: audit03.snapshotMetadata.invalid.p1.row16.v42.action
FAIL: audit03.snapshotMetadata.invalid.p1.row16.v42.empty
FAIL: audit03.snapshotMetadata.invalid.p1.row16.v43.rejected
FAIL: audit03.snapshotMetadata.invalid.p1.row16.v43.field
FAIL: audit03.snapshotMetadata.invalid.p1.row16.v43.address
FAIL: audit03.snapshotMetadata.invalid.p1.row16.v43.action
FAIL: audit03.snapshotMetadata.invalid.p1.row16.v43.empty
FAIL: audit03.snapshotMetadata.invalid.p1.row16.v44.rejected
FAIL: audit03.snapshotMetadata.invalid.p1.row16.v44.field
FAIL: audit03.snapshotMetadata.invalid.p1.row16.v44.address
FAIL: audit03.snapshotMetadata.invalid.p1.row16.v44.action
FAIL: audit03.snapshotMetadata.invalid.p1.row16.v44.empty
FAIL: audit03.snapshotMetadata.invalid.p1.row17.v45.rejected
FAIL: audit03.snapshotMetadata.invalid.p1.row17.v45.field
FAIL: audit03.snapshotMetadata.invalid.p1.row17.v45.address
FAIL: audit03.snapshotMetadata.invalid.p1.row17.v45.action
FAIL: audit03.snapshotMetadata.invalid.p1.row17.v45.empty
FAIL: audit03.snapshotMetadata.invalid.p1.row17.v46.rejected
FAIL: audit03.snapshotMetadata.invalid.p1.row17.v46.field
FAIL: audit03.snapshotMetadata.invalid.p1.row17.v46.address
FAIL: audit03.snapshotMetadata.invalid.p1.row17.v46.action
FAIL: audit03.snapshotMetadata.invalid.p1.row17.v46.empty
FAIL: audit03.snapshotMetadata.invalid.p1.row17.v47.rejected
FAIL: audit03.snapshotMetadata.invalid.p1.row17.v47.field
FAIL: audit03.snapshotMetadata.invalid.p1.row17.v47.address
FAIL: audit03.snapshotMetadata.invalid.p1.row17.v47.action
FAIL: audit03.snapshotMetadata.invalid.p1.row17.v47.empty
FAIL: audit03.snapshotMetadata.invalid.p1.row17.v48.rejected
FAIL: audit03.snapshotMetadata.invalid.p1.row17.v48.field
FAIL: audit03.snapshotMetadata.invalid.p1.row17.v48.address
FAIL: audit03.snapshotMetadata.invalid.p1.row17.v48.action
FAIL: audit03.snapshotMetadata.invalid.p1.row17.v48.empty
FAIL: audit03.snapshotMetadata.fieldUnit.p1.row2.rejected
FAIL: audit03.snapshotMetadata.fieldUnit.p1.row2.address
FAIL: audit03.snapshotMetadata.fieldUnit.p1.row9.rejected
FAIL: audit03.snapshotMetadata.fieldUnit.p1.row9.address
FAIL: audit03.snapshotMetadata.annotationUnit.p1
TOTAL_AUDIT03_SNAPSHOT_METADATA: passed=183; failed=266
MODE_AFTER_SUITE: No
SOURCE_UNCHANGED: True
