SOURCE: C:\Users\avidzba\Desktop\Ø‡Æ£‡†¨¨Î\Ç_êÄÅéíÖ!\RC_Section_NDM\docs\regression\Audit03\RC_Section_NDM_snapshot_metadata_positive_v214.xlsm
SOURCE_SHA256: AC3182444B1A38E7ED56FBCFFBFD4EA183281D741A9A4168DC108EE2D90B5988
FIXTURE: C:\Users\avidzba\AppData\Local\Temp\RC_NDM_ModeSuite_ff6ef0214bd14d8483d3eb9457fa72f3\RC_Section_NDM.xlsm
GLOBAL_MODE: General.DiagramExtension=No; explicit-On tests retain their setup
FAIL: audit03.readLifecycle.reader.p0.m2.field12.bad0.error
FAIL: audit03.readLifecycle.reader.p0.m2.field12.bad0.field
FAIL: audit03.readLifecycle.reader.p0.m2.field12.bad0.address
FAIL: audit03.readLifecycle.reader.p0.m2.field12.bad0.action
FAIL: audit03.readLifecycle.reader.p0.m2.field12.bad0.empty
FAIL: audit03.readLifecycle.reader.p0.m2.field12.bad0.clearedSelection
FAIL: audit03.readLifecycle.reader.p0.m2.field12.bad1.error
FAIL: audit03.readLifecycle.reader.p0.m2.field12.bad1.field
FAIL: audit03.readLifecycle.reader.p0.m2.field12.bad1.address
FAIL: audit03.readLifecycle.reader.p0.m2.field12.bad1.action
FAIL: audit03.readLifecycle.reader.p0.m2.field12.bad1.empty
FAIL: audit03.readLifecycle.reader.p0.m2.field12.bad1.clearedSelection
FAIL: audit03.readLifecycle.reader.p0.m2.field12.bad2.error
FAIL: audit03.readLifecycle.reader.p0.m2.field12.bad2.field
FAIL: audit03.readLifecycle.reader.p0.m2.field12.bad2.address
FAIL: audit03.readLifecycle.reader.p0.m2.field12.bad2.action
FAIL: audit03.readLifecycle.reader.p0.m2.field12.bad2.empty
FAIL: audit03.readLifecycle.reader.p0.m2.field12.bad2.clearedSelection
FAIL: audit03.readLifecycle.reader.p0.m2.field12.bad3.error
FAIL: audit03.readLifecycle.reader.p0.m2.field12.bad3.field
FAIL: audit03.readLifecycle.reader.p0.m2.field12.bad3.address
FAIL: audit03.readLifecycle.reader.p0.m2.field12.bad3.action
FAIL: audit03.readLifecycle.reader.p0.m2.field12.bad3.empty
FAIL: audit03.readLifecycle.reader.p0.m2.field12.bad3.clearedSelection
FAIL: audit03.readLifecycle.reader.p0.m2.field12.bad4.error
FAIL: audit03.readLifecycle.reader.p0.m2.field12.bad4.field
FAIL: audit03.readLifecycle.reader.p0.m2.field12.bad4.address
FAIL: audit03.readLifecycle.reader.p0.m2.field12.bad4.action
FAIL: audit03.readLifecycle.reader.p0.m2.field12.bad4.empty
FAIL: audit03.readLifecycle.reader.p0.m2.field12.bad4.clearedSelection
FAIL: audit03.readLifecycle.reader.p0.m2.field13.bad0.error
FAIL: audit03.readLifecycle.reader.p0.m2.field13.bad0.field
FAIL: audit03.readLifecycle.reader.p0.m2.field13.bad0.address
FAIL: audit03.readLifecycle.reader.p0.m2.field13.bad0.action
FAIL: audit03.readLifecycle.reader.p0.m2.field13.bad0.empty
FAIL: audit03.readLifecycle.reader.p0.m2.field13.bad0.clearedSelection
FAIL: audit03.readLifecycle.reader.p0.m2.field13.bad1.error
FAIL: audit03.readLifecycle.reader.p0.m2.field13.bad1.field
FAIL: audit03.readLifecycle.reader.p0.m2.field13.bad1.address
FAIL: audit03.readLifecycle.reader.p0.m2.field13.bad1.action
FAIL: audit03.readLifecycle.reader.p0.m2.field13.bad1.empty
FAIL: audit03.readLifecycle.reader.p0.m2.field13.bad1.clearedSelection
FAIL: audit03.readLifecycle.reader.p0.m2.field13.bad2.error
FAIL: audit03.readLifecycle.reader.p0.m2.field13.bad2.field
FAIL: audit03.readLifecycle.reader.p0.m2.field13.bad2.address
FAIL: audit03.readLifecycle.reader.p0.m2.field13.bad2.action
FAIL: audit03.readLifecycle.reader.p0.m2.field13.bad2.empty
FAIL: audit03.readLifecycle.reader.p0.m2.field13.bad2.clearedSelection
FAIL: audit03.readLifecycle.reader.p0.m2.field13.bad3.error
FAIL: audit03.readLifecycle.reader.p0.m2.field13.bad3.field
FAIL: audit03.readLifecycle.reader.p0.m2.field13.bad3.address
FAIL: audit03.readLifecycle.reader.p0.m2.field13.bad3.action
FAIL: audit03.readLifecycle.reader.p0.m2.field13.bad3.empty
FAIL: audit03.readLifecycle.reader.p0.m2.field13.bad3.clearedSelection
FAIL: audit03.readLifecycle.reader.p0.m2.field13.bad4.error
FAIL: audit03.readLifecycle.reader.p0.m2.field13.bad4.field
FAIL: audit03.readLifecycle.reader.p0.m2.field13.bad4.address
FAIL: audit03.readLifecycle.reader.p0.m2.field13.bad4.action
FAIL: audit03.readLifecycle.reader.p0.m2.field13.bad4.empty
FAIL: audit03.readLifecycle.reader.p0.m2.field13.bad4.clearedSelection
FAIL: audit03.readLifecycle.reader.p0.m2.field14.bad0.error
FAIL: audit03.readLifecycle.reader.p0.m2.field14.bad0.field
FAIL: audit03.readLifecycle.reader.p0.m2.field14.bad0.address
FAIL: audit03.readLifecycle.reader.p0.m2.field14.bad0.action
FAIL: audit03.readLifecycle.reader.p0.m2.field14.bad0.empty
FAIL: audit03.readLifecycle.reader.p0.m2.field14.bad0.clearedSelection
FAIL: audit03.readLifecycle.reader.p0.m2.field14.bad1.error
FAIL: audit03.readLifecycle.reader.p0.m2.field14.bad1.field
FAIL: audit03.readLifecycle.reader.p0.m2.field14.bad1.address
FAIL: audit03.readLifecycle.reader.p0.m2.field14.bad1.action
FAIL: audit03.readLifecycle.reader.p0.m2.field14.bad1.empty
FAIL: audit03.readLifecycle.reader.p0.m2.field14.bad1.clearedSelection
FAIL: audit03.readLifecycle.reader.p0.m2.field14.bad2.error
FAIL: audit03.readLifecycle.reader.p0.m2.field14.bad2.field
FAIL: audit03.readLifecycle.reader.p0.m2.field14.bad2.address
FAIL: audit03.readLifecycle.reader.p0.m2.field14.bad2.action
FAIL: audit03.readLifecycle.reader.p0.m2.field14.bad2.empty
FAIL: audit03.readLifecycle.reader.p0.m2.field14.bad2.clearedSelection
FAIL: audit03.readLifecycle.reader.p0.m2.field14.bad3.error
FAIL: audit03.readLifecycle.reader.p0.m2.field14.bad3.field
FAIL: audit03.readLifecycle.reader.p0.m2.field14.bad3.address
FAIL: audit03.readLifecycle.reader.p0.m2.field14.bad3.action
FAIL: audit03.readLifecycle.reader.p0.m2.field14.bad3.empty
FAIL: audit03.readLifecycle.reader.p0.m2.field14.bad3.clearedSelection
FAIL: audit03.readLifecycle.reader.p0.m2.field14.bad4.error
FAIL: audit03.readLifecycle.reader.p0.m2.field14.bad4.field
FAIL: audit03.readLifecycle.reader.p0.m2.field14.bad4.address
FAIL: audit03.readLifecycle.reader.p0.m2.field14.bad4.action
FAIL: audit03.readLifecycle.reader.p0.m2.field14.bad4.empty
FAIL: audit03.readLifecycle.reader.p0.m2.field14.bad4.clearedSelection
FAIL: audit03.readLifecycle.reader.p1.m2.field12.bad0.error
FAIL: audit03.readLifecycle.reader.p1.m2.field12.bad0.field
FAIL: audit03.readLifecycle.reader.p1.m2.field12.bad0.address
FAIL: audit03.readLifecycle.reader.p1.m2.field12.bad0.action
FAIL: audit03.readLifecycle.reader.p1.m2.field12.bad0.empty
FAIL: audit03.readLifecycle.reader.p1.m2.field12.bad0.clearedSelection
FAIL: audit03.readLifecycle.reader.p1.m2.field12.bad1.error
FAIL: audit03.readLifecycle.reader.p1.m2.field12.bad1.field
FAIL: audit03.readLifecycle.reader.p1.m2.field12.bad1.address
FAIL: audit03.readLifecycle.reader.p1.m2.field12.bad1.action
FAIL: audit03.readLifecycle.reader.p1.m2.field12.bad1.empty
FAIL: audit03.readLifecycle.reader.p1.m2.field12.bad1.clearedSelection
FAIL: audit03.readLifecycle.reader.p1.m2.field12.bad2.error
FAIL: audit03.readLifecycle.reader.p1.m2.field12.bad2.field
FAIL: audit03.readLifecycle.reader.p1.m2.field12.bad2.address
FAIL: audit03.readLifecycle.reader.p1.m2.field12.bad2.action
FAIL: audit03.readLifecycle.reader.p1.m2.field12.bad2.empty
FAIL: audit03.readLifecycle.reader.p1.m2.field12.bad2.clearedSelection
FAIL: audit03.readLifecycle.reader.p1.m2.field12.bad3.error
FAIL: audit03.readLifecycle.reader.p1.m2.field12.bad3.field
FAIL: audit03.readLifecycle.reader.p1.m2.field12.bad3.address
FAIL: audit03.readLifecycle.reader.p1.m2.field12.bad3.action
FAIL: audit03.readLifecycle.reader.p1.m2.field12.bad3.empty
FAIL: audit03.readLifecycle.reader.p1.m2.field12.bad3.clearedSelection
FAIL: audit03.readLifecycle.reader.p1.m2.field12.bad4.error
FAIL: audit03.readLifecycle.reader.p1.m2.field12.bad4.field
FAIL: audit03.readLifecycle.reader.p1.m2.field12.bad4.address
FAIL: audit03.readLifecycle.reader.p1.m2.field12.bad4.action
FAIL: audit03.readLifecycle.reader.p1.m2.field12.bad4.empty
FAIL: audit03.readLifecycle.reader.p1.m2.field12.bad4.clearedSelection
FAIL: audit03.readLifecycle.reader.p1.m2.field13.bad0.error
FAIL: audit03.readLifecycle.reader.p1.m2.field13.bad0.field
FAIL: audit03.readLifecycle.reader.p1.m2.field13.bad0.address
FAIL: audit03.readLifecycle.reader.p1.m2.field13.bad0.action
FAIL: audit03.readLifecycle.reader.p1.m2.field13.bad0.empty
FAIL: audit03.readLifecycle.reader.p1.m2.field13.bad0.clearedSelection
FAIL: audit03.readLifecycle.reader.p1.m2.field13.bad1.error
FAIL: audit03.readLifecycle.reader.p1.m2.field13.bad1.field
FAIL: audit03.readLifecycle.reader.p1.m2.field13.bad1.address
FAIL: audit03.readLifecycle.reader.p1.m2.field13.bad1.action
FAIL: audit03.readLifecycle.reader.p1.m2.field13.bad1.empty
FAIL: audit03.readLifecycle.reader.p1.m2.field13.bad1.clearedSelection
FAIL: audit03.readLifecycle.reader.p1.m2.field13.bad2.error
FAIL: audit03.readLifecycle.reader.p1.m2.field13.bad2.field
FAIL: audit03.readLifecycle.reader.p1.m2.field13.bad2.address
FAIL: audit03.readLifecycle.reader.p1.m2.field13.bad2.action
FAIL: audit03.readLifecycle.reader.p1.m2.field13.bad2.empty
FAIL: audit03.readLifecycle.reader.p1.m2.field13.bad2.clearedSelection
FAIL: audit03.readLifecycle.reader.p1.m2.field13.bad3.error
FAIL: audit03.readLifecycle.reader.p1.m2.field13.bad3.field
FAIL: audit03.readLifecycle.reader.p1.m2.field13.bad3.address
FAIL: audit03.readLifecycle.reader.p1.m2.field13.bad3.action
FAIL: audit03.readLifecycle.reader.p1.m2.field13.bad3.empty
FAIL: audit03.readLifecycle.reader.p1.m2.field13.bad3.clearedSelection
FAIL: audit03.readLifecycle.reader.p1.m2.field13.bad4.error
FAIL: audit03.readLifecycle.reader.p1.m2.field13.bad4.field
FAIL: audit03.readLifecycle.reader.p1.m2.field13.bad4.address
FAIL: audit03.readLifecycle.reader.p1.m2.field13.bad4.action
FAIL: audit03.readLifecycle.reader.p1.m2.field13.bad4.empty
FAIL: audit03.readLifecycle.reader.p1.m2.field13.bad4.clearedSelection
FAIL: audit03.readLifecycle.reader.p1.m2.field14.bad0.error
FAIL: audit03.readLifecycle.reader.p1.m2.field14.bad0.field
FAIL: audit03.readLifecycle.reader.p1.m2.field14.bad0.address
FAIL: audit03.readLifecycle.reader.p1.m2.field14.bad0.action
FAIL: audit03.readLifecycle.reader.p1.m2.field14.bad0.empty
FAIL: audit03.readLifecycle.reader.p1.m2.field14.bad0.clearedSelection
FAIL: audit03.readLifecycle.reader.p1.m2.field14.bad1.error
FAIL: audit03.readLifecycle.reader.p1.m2.field14.bad1.field
FAIL: audit03.readLifecycle.reader.p1.m2.field14.bad1.address
FAIL: audit03.readLifecycle.reader.p1.m2.field14.bad1.action
FAIL: audit03.readLifecycle.reader.p1.m2.field14.bad1.empty
FAIL: audit03.readLifecycle.reader.p1.m2.field14.bad1.clearedSelection
FAIL: audit03.readLifecycle.reader.p1.m2.field14.bad2.error
FAIL: audit03.readLifecycle.reader.p1.m2.field14.bad2.field
FAIL: audit03.readLifecycle.reader.p1.m2.field14.bad2.address
FAIL: audit03.readLifecycle.reader.p1.m2.field14.bad2.action
FAIL: audit03.readLifecycle.reader.p1.m2.field14.bad2.empty
FAIL: audit03.readLifecycle.reader.p1.m2.field14.bad2.clearedSelection
FAIL: audit03.readLifecycle.reader.p1.m2.field14.bad3.error
FAIL: audit03.readLifecycle.reader.p1.m2.field14.bad3.field
FAIL: audit03.readLifecycle.reader.p1.m2.field14.bad3.address
FAIL: audit03.readLifecycle.reader.p1.m2.field14.bad3.action
FAIL: audit03.readLifecycle.reader.p1.m2.field14.bad3.empty
FAIL: audit03.readLifecycle.reader.p1.m2.field14.bad3.clearedSelection
FAIL: audit03.readLifecycle.reader.p1.m2.field14.bad4.error
FAIL: audit03.readLifecycle.reader.p1.m2.field14.bad4.field
FAIL: audit03.readLifecycle.reader.p1.m2.field14.bad4.address
FAIL: audit03.readLifecycle.reader.p1.m2.field14.bad4.action
FAIL: audit03.readLifecycle.reader.p1.m2.field14.bad4.empty
FAIL: audit03.readLifecycle.reader.p1.m2.field14.bad4.clearedSelection
TOTAL_AUDIT03_READ_LIFECYCLE: passed=3749; failed=180
MODE_AFTER_SUITE: No
SOURCE_UNCHANGED: True
