SOURCE: C:\Users\avidzba\Desktop\программы\В_РАБОТЕ!\RC_Section_NDM\docs\regression\Audit03\RC_Section_NDM_snapshot_metadata_positive_v213.xlsm
SOURCE_SHA256: 61E1C84F6E8F88165939896CF939C8715DF1777CDBEA5F95EB5F5D663033C54F
FIXTURE: C:\Users\avidzba\AppData\Local\Temp\RC_NDM_ModeSuite_6b21674eb06e40fe8b1b602b77ddd9e3\RC_Section_NDM.xlsm
GLOBAL_MODE: General.DiagramExtension=No; explicit-On tests retain their setup
===== modTestPlotConfig.RunAudit03SnapshotMetadataTests =====
SUITE_STARTED: modTestPlotConfig.RunAudit03SnapshotMetadataTests; 2026-10-04T11:35:02
EXCEL_AFTER_SUITE: pid=22604; workingSet=148828160; privateBytes=110850048; cpu=5.140625
EXCEL_AFTER_SUITE: pid=23476; workingSet=209625088; privateBytes=160952320; cpu=9930.4375
OK: audit03.snapshotMetadata.units.p0.mm.mode0.loaded
OK: audit03.snapshotMetadata.units.p0.mm.mode0.minX; actual=-100; expected=-100
OK: audit03.snapshotMetadata.units.p0.mm.mode0.loadX; actual=25; expected=25
OK: audit03.snapshotMetadata.units.p0.mm.mode0.elementX; actual=-23.125; expected=-23.125
OK: audit03.snapshotMetadata.units.p0.mm.mode0.area; actual=10828.125; expected=10828.125
OK: audit03.snapshotMetadata.units.p0.mm.mode0.annotation; actual=-50; expected=-50
OK: audit03.snapshotMetadata.units.p0.mm.mode0.curvature; actual=0.000002; expected=0.000002
OK: audit03.snapshotMetadata.units.p0.mm.mode1.loaded
OK: audit03.snapshotMetadata.units.p0.mm.mode1.minX; actual=-100; expected=-100
OK: audit03.snapshotMetadata.units.p0.mm.mode1.loadX; actual=25; expected=25
OK: audit03.snapshotMetadata.units.p0.mm.mode1.elementX; actual=-23.125; expected=-23.125
OK: audit03.snapshotMetadata.units.p0.mm.mode1.area; actual=10828.125; expected=10828.125
OK: audit03.snapshotMetadata.units.p0.mm.mode1.annotation; actual=-50; expected=-50
OK: audit03.snapshotMetadata.units.p0.mm.mode2.loaded
OK: audit03.snapshotMetadata.units.p0.mm.mode2.minX; actual=-100; expected=-100
OK: audit03.snapshotMetadata.units.p0.mm.mode2.loadX; actual=25; expected=25
OK: audit03.snapshotMetadata.units.p0.mm.mode2.elementX; actual=-23.125; expected=-23.125
OK: audit03.snapshotMetadata.units.p0.mm.mode2.area; actual=10828.125; expected=10828.125
OK: audit03.snapshotMetadata.units.p0.mm.mode2.annotation; actual=-50; expected=-50
OK: audit03.snapshotMetadata.units.p0.cm.mode0.loaded
OK: audit03.snapshotMetadata.units.p0.cm.mode0.minX; actual=-100; expected=-100
OK: audit03.snapshotMetadata.units.p0.cm.mode0.loadX; actual=25; expected=25
OK: audit03.snapshotMetadata.units.p0.cm.mode0.elementX; actual=-23.125; expected=-23.125
OK: audit03.snapshotMetadata.units.p0.cm.mode0.area; actual=10828.125; expected=10828.125
OK: audit03.snapshotMetadata.units.p0.cm.mode0.annotation; actual=-50; expected=-50
OK: audit03.snapshotMetadata.units.p0.cm.mode0.curvature; actual=0.000002; expected=0.000002
OK: audit03.snapshotMetadata.units.p0.cm.mode1.loaded
OK: audit03.snapshotMetadata.units.p0.cm.mode1.minX; actual=-100; expected=-100
OK: audit03.snapshotMetadata.units.p0.cm.mode1.loadX; actual=25; expected=25
OK: audit03.snapshotMetadata.units.p0.cm.mode1.elementX; actual=-23.125; expected=-23.125
OK: audit03.snapshotMetadata.units.p0.cm.mode1.area; actual=10828.125; expected=10828.125
OK: audit03.snapshotMetadata.units.p0.cm.mode1.annotation; actual=-50; expected=-50
OK: audit03.snapshotMetadata.units.p0.cm.mode2.loaded
OK: audit03.snapshotMetadata.units.p0.cm.mode2.minX; actual=-100; expected=-100
OK: audit03.snapshotMetadata.units.p0.cm.mode2.loadX; actual=25; expected=25
OK: audit03.snapshotMetadata.units.p0.cm.mode2.elementX; actual=-23.125; expected=-23.125
OK: audit03.snapshotMetadata.units.p0.cm.mode2.area; actual=10828.125; expected=10828.125
OK: audit03.snapshotMetadata.units.p0.cm.mode2.annotation; actual=-50; expected=-50
OK: audit03.snapshotMetadata.units.p0.m.mode0.loaded
OK: audit03.snapshotMetadata.units.p0.m.mode0.minX; actual=-100; expected=-100
OK: audit03.snapshotMetadata.units.p0.m.mode0.loadX; actual=25; expected=25
OK: audit03.snapshotMetadata.units.p0.m.mode0.elementX; actual=-23.125; expected=-23.125
OK: audit03.snapshotMetadata.units.p0.m.mode0.area; actual=10828.125; expected=10828.125
OK: audit03.snapshotMetadata.units.p0.m.mode0.annotation; actual=-50; expected=-50
OK: audit03.snapshotMetadata.units.p0.m.mode0.curvature; actual=0.000002; expected=0.000002
OK: audit03.snapshotMetadata.units.p0.m.mode1.loaded
OK: audit03.snapshotMetadata.units.p0.m.mode1.minX; actual=-100; expected=-100
OK: audit03.snapshotMetadata.units.p0.m.mode1.loadX; actual=25; expected=25
OK: audit03.snapshotMetadata.units.p0.m.mode1.elementX; actual=-23.125; expected=-23.125
OK: audit03.snapshotMetadata.units.p0.m.mode1.area; actual=10828.125; expected=10828.125
OK: audit03.snapshotMetadata.units.p0.m.mode1.annotation; actual=-50; expected=-50
OK: audit03.snapshotMetadata.units.p0.m.mode2.loaded
OK: audit03.snapshotMetadata.units.p0.m.mode2.minX; actual=-100; expected=-100
OK: audit03.snapshotMetadata.units.p0.m.mode2.loadX; actual=25; expected=25
OK: audit03.snapshotMetadata.units.p0.m.mode2.elementX; actual=-23.125; expected=-23.125
OK: audit03.snapshotMetadata.units.p0.m.mode2.area; actual=10828.125; expected=10828.125
OK: audit03.snapshotMetadata.units.p0.m.mode2.annotation; actual=-50; expected=-50
OK: audit03.snapshotMetadata.invalid.p0.row11.v1.rejected
OK: audit03.snapshotMetadata.invalid.p0.row11.v1.field
OK: audit03.snapshotMetadata.invalid.p0.row11.v1.address
OK: audit03.snapshotMetadata.invalid.p0.row11.v1.action
OK: audit03.snapshotMetadata.invalid.p0.row11.v1.empty
SNAPSHOT_METADATA_ERROR: audit03.snapshotMetadata.invalid.p0.row11.v1|В сохраненном снимке Results поле State.StrengthState.ExtensionUsed (Results!T15) содержит недопустимое значение. Исправьте указанную ячейку или повторите расчет/импорт для восстановления снимка.
OK: audit03.snapshotMetadata.invalid.p0.row11.v1.recovery
OK: audit03.snapshotMetadata.invalid.p0.row11.v2.rejected
OK: audit03.snapshotMetadata.invalid.p0.row11.v2.field
OK: audit03.snapshotMetadata.invalid.p0.row11.v2.address
OK: audit03.snapshotMetadata.invalid.p0.row11.v2.action
OK: audit03.snapshotMetadata.invalid.p0.row11.v2.empty
SNAPSHOT_METADATA_ERROR: audit03.snapshotMetadata.invalid.p0.row11.v2|В сохраненном снимке Results поле State.StrengthState.ExtensionUsed (Results!T15) содержит недопустимое значение. Исправьте указанную ячейку или повторите расчет/импорт для восстановления снимка.
OK: audit03.snapshotMetadata.invalid.p0.row11.v2.recovery
OK: audit03.snapshotMetadata.invalid.p0.row11.v3.rejected
OK: audit03.snapshotMetadata.invalid.p0.row11.v3.field
OK: audit03.snapshotMetadata.invalid.p0.row11.v3.address
OK: audit03.snapshotMetadata.invalid.p0.row11.v3.action
OK: audit03.snapshotMetadata.invalid.p0.row11.v3.empty
SNAPSHOT_METADATA_ERROR: audit03.snapshotMetadata.invalid.p0.row11.v3|В сохраненном снимке Results поле State.StrengthState.ExtensionUsed (Results!T15) содержит недопустимое значение. Исправьте указанную ячейку или повторите расчет/импорт для восстановления снимка.
OK: audit03.snapshotMetadata.invalid.p0.row11.v3.recovery
OK: audit03.snapshotMetadata.invalid.p0.row11.v4.rejected
OK: audit03.snapshotMetadata.invalid.p0.row11.v4.field
OK: audit03.snapshotMetadata.invalid.p0.row11.v4.address
OK: audit03.snapshotMetadata.invalid.p0.row11.v4.action
OK: audit03.snapshotMetadata.invalid.p0.row11.v4.empty
SNAPSHOT_METADATA_ERROR: audit03.snapshotMetadata.invalid.p0.row11.v4|В сохраненном снимке Results поле State.StrengthState.ExtensionUsed (Results!T15) содержит недопустимое значение. Исправьте указанную ячейку или повторите расчет/импорт для восстановления снимка.
OK: audit03.snapshotMetadata.invalid.p0.row11.v4.recovery
OK: audit03.snapshotMetadata.invalid.p0.row12.v5.rejected
OK: audit03.snapshotMetadata.invalid.p0.row12.v5.field
OK: audit03.snapshotMetadata.invalid.p0.row12.v5.address
OK: audit03.snapshotMetadata.invalid.p0.row12.v5.action
OK: audit03.snapshotMetadata.invalid.p0.row12.v5.empty
SNAPSHOT_METADATA_ERROR: audit03.snapshotMetadata.invalid.p0.row12.v5|В сохраненном снимке Results поле State.StrengthState.Status (Results!T16) содержит недопустимое значение. Исправьте указанную ячейку или повторите расчет/импорт для восстановления снимка.
OK: audit03.snapshotMetadata.invalid.p0.row12.v5.recovery
OK: audit03.snapshotMetadata.invalid.p0.row12.v6.rejected
OK: audit03.snapshotMetadata.invalid.p0.row12.v6.field
OK: audit03.snapshotMetadata.invalid.p0.row12.v6.address
OK: audit03.snapshotMetadata.invalid.p0.row12.v6.action
OK: audit03.snapshotMetadata.invalid.p0.row12.v6.empty
SNAPSHOT_METADATA_ERROR: audit03.snapshotMetadata.invalid.p0.row12.v6|В сохраненном снимке Results поле State.StrengthState.Status (Results!T16) содержит недопустимое значение. Исправьте указанную ячейку или повторите расчет/импорт для восстановления снимка.
OK: audit03.snapshotMetadata.invalid.p0.row12.v6.recovery
OK: audit03.snapshotMetadata.invalid.p0.row12.v7.rejected
OK: audit03.snapshotMetadata.invalid.p0.row12.v7.field
OK: audit03.snapshotMetadata.invalid.p0.row12.v7.address
OK: audit03.snapshotMetadata.invalid.p0.row12.v7.action
OK: audit03.snapshotMetadata.invalid.p0.row12.v7.empty
SNAPSHOT_METADATA_ERROR: audit03.snapshotMetadata.invalid.p0.row12.v7|В сохраненном снимке Results поле State.StrengthState.Status (Results!T16) содержит недопустимое значение. Исправьте указанную ячейку или повторите расчет/импорт для восстановления снимка.
OK: audit03.snapshotMetadata.invalid.p0.row12.v7.recovery
OK: audit03.snapshotMetadata.invalid.p0.row12.v8.rejected
OK: audit03.snapshotMetadata.invalid.p0.row12.v8.field
OK: audit03.snapshotMetadata.invalid.p0.row12.v8.address
OK: audit03.snapshotMetadata.invalid.p0.row12.v8.action
OK: audit03.snapshotMetadata.invalid.p0.row12.v8.empty
SNAPSHOT_METADATA_ERROR: audit03.snapshotMetadata.invalid.p0.row12.v8|В сохраненном снимке Results поле State.StrengthState.Status (Results!T16) содержит недопустимое значение. Исправьте указанную ячейку или повторите расчет/импорт для восстановления снимка.
OK: audit03.snapshotMetadata.invalid.p0.row12.v8.recovery
OK: audit03.snapshotMetadata.invalid.p0.row14.v9.rejected
OK: audit03.snapshotMetadata.invalid.p0.row14.v9.field
OK: audit03.snapshotMetadata.invalid.p0.row14.v9.address
OK: audit03.snapshotMetadata.invalid.p0.row14.v9.action
OK: audit03.snapshotMetadata.invalid.p0.row14.v9.empty
SNAPSHOT_METADATA_ERROR: audit03.snapshotMetadata.invalid.p0.row14.v9|В сохраненном снимке Results поле Output.LengthUnit (Results!T18) содержит недопустимое значение. Исправьте указанную ячейку или повторите расчет/импорт для восстановления снимка.
OK: audit03.snapshotMetadata.invalid.p0.row14.v9.recovery
OK: audit03.snapshotMetadata.invalid.p0.row14.v10.rejected
OK: audit03.snapshotMetadata.invalid.p0.row14.v10.field
OK: audit03.snapshotMetadata.invalid.p0.row14.v10.address
OK: audit03.snapshotMetadata.invalid.p0.row14.v10.action
OK: audit03.snapshotMetadata.invalid.p0.row14.v10.empty
SNAPSHOT_METADATA_ERROR: audit03.snapshotMetadata.invalid.p0.row14.v10|В сохраненном снимке Results поле Output.LengthUnit (Results!T18) содержит недопустимое значение. Исправьте указанную ячейку или повторите расчет/импорт для восстановления снимка.
OK: audit03.snapshotMetadata.invalid.p0.row14.v10.recovery
OK: audit03.snapshotMetadata.invalid.p0.row14.v11.rejected
OK: audit03.snapshotMetadata.invalid.p0.row14.v11.field
OK: audit03.snapshotMetadata.invalid.p0.row14.v11.address
OK: audit03.snapshotMetadata.invalid.p0.row14.v11.action
OK: audit03.snapshotMetadata.invalid.p0.row14.v11.empty
SNAPSHOT_METADATA_ERROR: audit03.snapshotMetadata.invalid.p0.row14.v11|В сохраненном снимке Results поле Output.LengthUnit (Results!T18) содержит недопустимое значение. Исправьте указанную ячейку или повторите расчет/импорт для восстановления снимка.
OK: audit03.snapshotMetadata.invalid.p0.row14.v11.recovery
OK: audit03.snapshotMetadata.invalid.p0.row14.v12.rejected
OK: audit03.snapshotMetadata.invalid.p0.row14.v12.field
OK: audit03.snapshotMetadata.invalid.p0.row14.v12.address
OK: audit03.snapshotMetadata.invalid.p0.row14.v12.action
OK: audit03.snapshotMetadata.invalid.p0.row14.v12.empty
SNAPSHOT_METADATA_ERROR: audit03.snapshotMetadata.invalid.p0.row14.v12|В сохраненном снимке Results поле Output.LengthUnit (Results!T18) содержит недопустимое значение. Исправьте указанную ячейку или повторите расчет/импорт для восстановления снимка.
OK: audit03.snapshotMetadata.invalid.p0.row14.v12.recovery
OK: audit03.snapshotMetadata.invalid.p0.row15.v13.rejected
OK: audit03.snapshotMetadata.invalid.p0.row15.v13.field
OK: audit03.snapshotMetadata.invalid.p0.row15.v13.address
OK: audit03.snapshotMetadata.invalid.p0.row15.v13.action
OK: audit03.snapshotMetadata.invalid.p0.row15.v13.empty
SNAPSHOT_METADATA_ERROR: audit03.snapshotMetadata.invalid.p0.row15.v13|В сохраненном снимке Results поле Output.AreaUnit (Results!T19) содержит недопустимое значение. Исправьте указанную ячейку или повторите расчет/импорт для восстановления снимка.
OK: audit03.snapshotMetadata.invalid.p0.row15.v13.recovery
OK: audit03.snapshotMetadata.invalid.p0.row15.v14.rejected
OK: audit03.snapshotMetadata.invalid.p0.row15.v14.field
OK: audit03.snapshotMetadata.invalid.p0.row15.v14.address
OK: audit03.snapshotMetadata.invalid.p0.row15.v14.action
OK: audit03.snapshotMetadata.invalid.p0.row15.v14.empty
SNAPSHOT_METADATA_ERROR: audit03.snapshotMetadata.invalid.p0.row15.v14|В сохраненном снимке Results поле Output.AreaUnit (Results!T19) содержит недопустимое значение. Исправьте указанную ячейку или повторите расчет/импорт для восстановления снимка.
OK: audit03.snapshotMetadata.invalid.p0.row15.v14.recovery
OK: audit03.snapshotMetadata.invalid.p0.row15.v15.rejected
OK: audit03.snapshotMetadata.invalid.p0.row15.v15.field
OK: audit03.snapshotMetadata.invalid.p0.row15.v15.address
OK: audit03.snapshotMetadata.invalid.p0.row15.v15.action
OK: audit03.snapshotMetadata.invalid.p0.row15.v15.empty
SNAPSHOT_METADATA_ERROR: audit03.snapshotMetadata.invalid.p0.row15.v15|В сохраненном снимке Results поле Output.AreaUnit (Results!T19) содержит недопустимое значение. Исправьте указанную ячейку или повторите расчет/импорт для восстановления снимка.
OK: audit03.snapshotMetadata.invalid.p0.row15.v15.recovery
OK: audit03.snapshotMetadata.invalid.p0.row15.v16.rejected
OK: audit03.snapshotMetadata.invalid.p0.row15.v16.field
OK: audit03.snapshotMetadata.invalid.p0.row15.v16.address
OK: audit03.snapshotMetadata.invalid.p0.row15.v16.action
OK: audit03.snapshotMetadata.invalid.p0.row15.v16.empty
SNAPSHOT_METADATA_ERROR: audit03.snapshotMetadata.invalid.p0.row15.v16|В сохраненном снимке Results поле Output.AreaUnit (Results!T19) содержит недопустимое значение. Исправьте указанную ячейку или повторите расчет/импорт для восстановления снимка.
OK: audit03.snapshotMetadata.invalid.p0.row15.v16.recovery
OK: audit03.snapshotMetadata.invalid.p0.row16.v17.rejected
OK: audit03.snapshotMetadata.invalid.p0.row16.v17.field
OK: audit03.snapshotMetadata.invalid.p0.row16.v17.address
OK: audit03.snapshotMetadata.invalid.p0.row16.v17.action
OK: audit03.snapshotMetadata.invalid.p0.row16.v17.empty
SNAPSHOT_METADATA_ERROR: audit03.snapshotMetadata.invalid.p0.row16.v17|В сохраненном снимке Results поле Output.StressUnit (Results!T20) содержит недопустимое значение. Исправьте указанную ячейку или повторите расчет/импорт для восстановления снимка.
OK: audit03.snapshotMetadata.invalid.p0.row16.v17.recovery
OK: audit03.snapshotMetadata.invalid.p0.row16.v18.rejected
OK: audit03.snapshotMetadata.invalid.p0.row16.v18.field
OK: audit03.snapshotMetadata.invalid.p0.row16.v18.address
OK: audit03.snapshotMetadata.invalid.p0.row16.v18.action
OK: audit03.snapshotMetadata.invalid.p0.row16.v18.empty
SNAPSHOT_METADATA_ERROR: audit03.snapshotMetadata.invalid.p0.row16.v18|В сохраненном снимке Results поле Output.StressUnit (Results!T20) содержит недопустимое значение. Исправьте указанную ячейку или повторите расчет/импорт для восстановления снимка.
OK: audit03.snapshotMetadata.invalid.p0.row16.v18.recovery
OK: audit03.snapshotMetadata.invalid.p0.row16.v19.rejected
OK: audit03.snapshotMetadata.invalid.p0.row16.v19.field
OK: audit03.snapshotMetadata.invalid.p0.row16.v19.address
OK: audit03.snapshotMetadata.invalid.p0.row16.v19.action
OK: audit03.snapshotMetadata.invalid.p0.row16.v19.empty
SNAPSHOT_METADATA_ERROR: audit03.snapshotMetadata.invalid.p0.row16.v19|В сохраненном снимке Results поле Output.StressUnit (Results!T20) содержит недопустимое значение. Исправьте указанную ячейку или повторите расчет/импорт для восстановления снимка.
OK: audit03.snapshotMetadata.invalid.p0.row16.v19.recovery
OK: audit03.snapshotMetadata.invalid.p0.row16.v20.rejected
OK: audit03.snapshotMetadata.invalid.p0.row16.v20.field
OK: audit03.snapshotMetadata.invalid.p0.row16.v20.address
OK: audit03.snapshotMetadata.invalid.p0.row16.v20.action
OK: audit03.snapshotMetadata.invalid.p0.row16.v20.empty
SNAPSHOT_METADATA_ERROR: audit03.snapshotMetadata.invalid.p0.row16.v20|В сохраненном снимке Results поле Output.StressUnit (Results!T20) содержит недопустимое значение. Исправьте указанную ячейку или повторите расчет/импорт для восстановления снимка.
OK: audit03.snapshotMetadata.invalid.p0.row16.v20.recovery
OK: audit03.snapshotMetadata.invalid.p0.row17.v21.rejected
OK: audit03.snapshotMetadata.invalid.p0.row17.v21.field
OK: audit03.snapshotMetadata.invalid.p0.row17.v21.address
OK: audit03.snapshotMetadata.invalid.p0.row17.v21.action
OK: audit03.snapshotMetadata.invalid.p0.row17.v21.empty
SNAPSHOT_METADATA_ERROR: audit03.snapshotMetadata.invalid.p0.row17.v21|В сохраненном снимке Results поле Output.CurvatureUnit (Results!T21) содержит недопустимое значение. Исправьте указанную ячейку или повторите расчет/импорт для восстановления снимка.
OK: audit03.snapshotMetadata.invalid.p0.row17.v21.recovery
OK: audit03.snapshotMetadata.invalid.p0.row17.v22.rejected
OK: audit03.snapshotMetadata.invalid.p0.row17.v22.field
OK: audit03.snapshotMetadata.invalid.p0.row17.v22.address
OK: audit03.snapshotMetadata.invalid.p0.row17.v22.action
OK: audit03.snapshotMetadata.invalid.p0.row17.v22.empty
SNAPSHOT_METADATA_ERROR: audit03.snapshotMetadata.invalid.p0.row17.v22|В сохраненном снимке Results поле Output.CurvatureUnit (Results!T21) содержит недопустимое значение. Исправьте указанную ячейку или повторите расчет/импорт для восстановления снимка.
OK: audit03.snapshotMetadata.invalid.p0.row17.v22.recovery
OK: audit03.snapshotMetadata.invalid.p0.row17.v23.rejected
OK: audit03.snapshotMetadata.invalid.p0.row17.v23.field
OK: audit03.snapshotMetadata.invalid.p0.row17.v23.address
OK: audit03.snapshotMetadata.invalid.p0.row17.v23.action
OK: audit03.snapshotMetadata.invalid.p0.row17.v23.empty
SNAPSHOT_METADATA_ERROR: audit03.snapshotMetadata.invalid.p0.row17.v23|В сохраненном снимке Results поле Output.CurvatureUnit (Results!T21) содержит недопустимое значение. Исправьте указанную ячейку или повторите расчет/импорт для восстановления снимка.
OK: audit03.snapshotMetadata.invalid.p0.row17.v23.recovery
OK: audit03.snapshotMetadata.invalid.p0.row17.v24.rejected
OK: audit03.snapshotMetadata.invalid.p0.row17.v24.field
OK: audit03.snapshotMetadata.invalid.p0.row17.v24.address
OK: audit03.snapshotMetadata.invalid.p0.row17.v24.action
OK: audit03.snapshotMetadata.invalid.p0.row17.v24.empty
SNAPSHOT_METADATA_ERROR: audit03.snapshotMetadata.invalid.p0.row17.v24|В сохраненном снимке Results поле Output.CurvatureUnit (Results!T21) содержит недопустимое значение. Исправьте указанную ячейку или повторите расчет/импорт для восстановления снимка.
OK: audit03.snapshotMetadata.invalid.p0.row17.v24.recovery
OK: audit03.snapshotMetadata.fieldUnit.p0.row2.rejected
OK: audit03.snapshotMetadata.fieldUnit.p0.row2.address
OK: audit03.snapshotMetadata.fieldUnit.p0.row9.rejected
OK: audit03.snapshotMetadata.fieldUnit.p0.row9.address
OK: audit03.snapshotMetadata.annotationUnit.p0
OK: audit03.snapshotMetadata.flag.p0.True
OK: audit03.snapshotMetadata.flag.p0.False
OK: audit03.snapshotMetadata.flag.p0.True
OK: audit03.snapshotMetadata.flag.p0.False
OK: audit03.snapshotMetadata.flag.p0.Yes
OK: audit03.snapshotMetadata.flag.p0.No
OK: audit03.snapshotMetadata.flag.p0.да
OK: audit03.snapshotMetadata.flag.p0.нет
OK: audit03.snapshotMetadata.flag.p0.1
OK: audit03.snapshotMetadata.flag.p0.0
OK: audit03.snapshotMetadata.status.p0.OK
OK: audit03.snapshotMetadata.status.p0.FAIL
OK: audit03.snapshotMetadata.status.p0.BaseFail
OK: audit03.snapshotMetadata.status.p0.NumFail
OK: audit03.snapshotMetadata.status.p0.InputErr
OK: audit03.snapshotMetadata.status.p0.CalcErr
OK: audit03.snapshotMetadata.status.p0.N/A
OK: audit03.snapshotMetadata.unchanged.p0.exactValue2
OK: audit03.snapshotMetadata.units.p1.mm.mode0.loaded
OK: audit03.snapshotMetadata.units.p1.mm.mode0.minX; actual=-100; expected=-100
OK: audit03.snapshotMetadata.units.p1.mm.mode0.loadX; actual=25; expected=25
OK: audit03.snapshotMetadata.units.p1.mm.mode0.elementX; actual=-23.125; expected=-23.125
OK: audit03.snapshotMetadata.units.p1.mm.mode0.area; actual=10828.125; expected=10828.125
OK: audit03.snapshotMetadata.units.p1.mm.mode0.annotation; actual=-50; expected=-50
OK: audit03.snapshotMetadata.units.p1.mm.mode0.curvature; actual=0.000002; expected=0.000002
OK: audit03.snapshotMetadata.units.p1.mm.mode1.loaded
OK: audit03.snapshotMetadata.units.p1.mm.mode1.minX; actual=-100; expected=-100
OK: audit03.snapshotMetadata.units.p1.mm.mode1.loadX; actual=25; expected=25
OK: audit03.snapshotMetadata.units.p1.mm.mode1.elementX; actual=-23.125; expected=-23.125
OK: audit03.snapshotMetadata.units.p1.mm.mode1.area; actual=10828.125; expected=10828.125
OK: audit03.snapshotMetadata.units.p1.mm.mode1.annotation; actual=-50; expected=-50
OK: audit03.snapshotMetadata.units.p1.mm.mode2.loaded
OK: audit03.snapshotMetadata.units.p1.mm.mode2.minX; actual=-100; expected=-100
OK: audit03.snapshotMetadata.units.p1.mm.mode2.loadX; actual=25; expected=25
OK: audit03.snapshotMetadata.units.p1.mm.mode2.elementX; actual=-23.125; expected=-23.125
OK: audit03.snapshotMetadata.units.p1.mm.mode2.area; actual=10828.125; expected=10828.125
OK: audit03.snapshotMetadata.units.p1.mm.mode2.annotation; actual=-50; expected=-50
OK: audit03.snapshotMetadata.units.p1.cm.mode0.loaded
OK: audit03.snapshotMetadata.units.p1.cm.mode0.minX; actual=-100; expected=-100
OK: audit03.snapshotMetadata.units.p1.cm.mode0.loadX; actual=25; expected=25
OK: audit03.snapshotMetadata.units.p1.cm.mode0.elementX; actual=-23.125; expected=-23.125
OK: audit03.snapshotMetadata.units.p1.cm.mode0.area; actual=10828.125; expected=10828.125
OK: audit03.snapshotMetadata.units.p1.cm.mode0.annotation; actual=-50; expected=-50
OK: audit03.snapshotMetadata.units.p1.cm.mode0.curvature; actual=0.000002; expected=0.000002
OK: audit03.snapshotMetadata.units.p1.cm.mode1.loaded
OK: audit03.snapshotMetadata.units.p1.cm.mode1.minX; actual=-100; expected=-100
OK: audit03.snapshotMetadata.units.p1.cm.mode1.loadX; actual=25; expected=25
OK: audit03.snapshotMetadata.units.p1.cm.mode1.elementX; actual=-23.125; expected=-23.125
OK: audit03.snapshotMetadata.units.p1.cm.mode1.area; actual=10828.125; expected=10828.125
OK: audit03.snapshotMetadata.units.p1.cm.mode1.annotation; actual=-50; expected=-50
OK: audit03.snapshotMetadata.units.p1.cm.mode2.loaded
OK: audit03.snapshotMetadata.units.p1.cm.mode2.minX; actual=-100; expected=-100
OK: audit03.snapshotMetadata.units.p1.cm.mode2.loadX; actual=25; expected=25
OK: audit03.snapshotMetadata.units.p1.cm.mode2.elementX; actual=-23.125; expected=-23.125
OK: audit03.snapshotMetadata.units.p1.cm.mode2.area; actual=10828.125; expected=10828.125
OK: audit03.snapshotMetadata.units.p1.cm.mode2.annotation; actual=-50; expected=-50
OK: audit03.snapshotMetadata.units.p1.m.mode0.loaded
OK: audit03.snapshotMetadata.units.p1.m.mode0.minX; actual=-100; expected=-100
OK: audit03.snapshotMetadata.units.p1.m.mode0.loadX; actual=25; expected=25
OK: audit03.snapshotMetadata.units.p1.m.mode0.elementX; actual=-23.125; expected=-23.125
OK: audit03.snapshotMetadata.units.p1.m.mode0.area; actual=10828.125; expected=10828.125
OK: audit03.snapshotMetadata.units.p1.m.mode0.annotation; actual=-50; expected=-50
OK: audit03.snapshotMetadata.units.p1.m.mode0.curvature; actual=0.000002; expected=0.000002
OK: audit03.snapshotMetadata.units.p1.m.mode1.loaded
OK: audit03.snapshotMetadata.units.p1.m.mode1.minX; actual=-100; expected=-100
OK: audit03.snapshotMetadata.units.p1.m.mode1.loadX; actual=25; expected=25
OK: audit03.snapshotMetadata.units.p1.m.mode1.elementX; actual=-23.125; expected=-23.125
OK: audit03.snapshotMetadata.units.p1.m.mode1.area; actual=10828.125; expected=10828.125
OK: audit03.snapshotMetadata.units.p1.m.mode1.annotation; actual=-50; expected=-50
OK: audit03.snapshotMetadata.units.p1.m.mode2.loaded
OK: audit03.snapshotMetadata.units.p1.m.mode2.minX; actual=-100; expected=-100
OK: audit03.snapshotMetadata.units.p1.m.mode2.loadX; actual=25; expected=25
OK: audit03.snapshotMetadata.units.p1.m.mode2.elementX; actual=-23.125; expected=-23.125
OK: audit03.snapshotMetadata.units.p1.m.mode2.area; actual=10828.125; expected=10828.125
OK: audit03.snapshotMetadata.units.p1.m.mode2.annotation; actual=-50; expected=-50
OK: audit03.snapshotMetadata.invalid.p1.row11.v25.rejected
OK: audit03.snapshotMetadata.invalid.p1.row11.v25.field
OK: audit03.snapshotMetadata.invalid.p1.row11.v25.address
OK: audit03.snapshotMetadata.invalid.p1.row11.v25.action
OK: audit03.snapshotMetadata.invalid.p1.row11.v25.empty
SNAPSHOT_METADATA_ERROR: audit03.snapshotMetadata.invalid.p1.row11.v25|В сохраненном снимке Results поле State.StrengthState.ExtensionUsed (Results!CJ810) содержит недопустимое значение. Исправьте указанную ячейку или повторите расчет/импорт для восстановления снимка.
OK: audit03.snapshotMetadata.invalid.p1.row11.v25.recovery
OK: audit03.snapshotMetadata.invalid.p1.row11.v26.rejected
OK: audit03.snapshotMetadata.invalid.p1.row11.v26.field
OK: audit03.snapshotMetadata.invalid.p1.row11.v26.address
OK: audit03.snapshotMetadata.invalid.p1.row11.v26.action
OK: audit03.snapshotMetadata.invalid.p1.row11.v26.empty
SNAPSHOT_METADATA_ERROR: audit03.snapshotMetadata.invalid.p1.row11.v26|В сохраненном снимке Results поле State.StrengthState.ExtensionUsed (Results!CJ810) содержит недопустимое значение. Исправьте указанную ячейку или повторите расчет/импорт для восстановления снимка.
OK: audit03.snapshotMetadata.invalid.p1.row11.v26.recovery
OK: audit03.snapshotMetadata.invalid.p1.row11.v27.rejected
OK: audit03.snapshotMetadata.invalid.p1.row11.v27.field
OK: audit03.snapshotMetadata.invalid.p1.row11.v27.address
OK: audit03.snapshotMetadata.invalid.p1.row11.v27.action
OK: audit03.snapshotMetadata.invalid.p1.row11.v27.empty
SNAPSHOT_METADATA_ERROR: audit03.snapshotMetadata.invalid.p1.row11.v27|В сохраненном снимке Results поле State.StrengthState.ExtensionUsed (Results!CJ810) содержит недопустимое значение. Исправьте указанную ячейку или повторите расчет/импорт для восстановления снимка.
OK: audit03.snapshotMetadata.invalid.p1.row11.v27.recovery
OK: audit03.snapshotMetadata.invalid.p1.row11.v28.rejected
OK: audit03.snapshotMetadata.invalid.p1.row11.v28.field
OK: audit03.snapshotMetadata.invalid.p1.row11.v28.address
OK: audit03.snapshotMetadata.invalid.p1.row11.v28.action
OK: audit03.snapshotMetadata.invalid.p1.row11.v28.empty
SNAPSHOT_METADATA_ERROR: audit03.snapshotMetadata.invalid.p1.row11.v28|В сохраненном снимке Results поле State.StrengthState.ExtensionUsed (Results!CJ810) содержит недопустимое значение. Исправьте указанную ячейку или повторите расчет/импорт для восстановления снимка.
OK: audit03.snapshotMetadata.invalid.p1.row11.v28.recovery
OK: audit03.snapshotMetadata.invalid.p1.row12.v29.rejected
OK: audit03.snapshotMetadata.invalid.p1.row12.v29.field
OK: audit03.snapshotMetadata.invalid.p1.row12.v29.address
OK: audit03.snapshotMetadata.invalid.p1.row12.v29.action
OK: audit03.snapshotMetadata.invalid.p1.row12.v29.empty
SNAPSHOT_METADATA_ERROR: audit03.snapshotMetadata.invalid.p1.row12.v29|В сохраненном снимке Results поле State.StrengthState.Status (Results!CJ811) содержит недопустимое значение. Исправьте указанную ячейку или повторите расчет/импорт для восстановления снимка.
OK: audit03.snapshotMetadata.invalid.p1.row12.v29.recovery
OK: audit03.snapshotMetadata.invalid.p1.row12.v30.rejected
OK: audit03.snapshotMetadata.invalid.p1.row12.v30.field
OK: audit03.snapshotMetadata.invalid.p1.row12.v30.address
OK: audit03.snapshotMetadata.invalid.p1.row12.v30.action
OK: audit03.snapshotMetadata.invalid.p1.row12.v30.empty
SNAPSHOT_METADATA_ERROR: audit03.snapshotMetadata.invalid.p1.row12.v30|В сохраненном снимке Results поле State.StrengthState.Status (Results!CJ811) содержит недопустимое значение. Исправьте указанную ячейку или повторите расчет/импорт для восстановления снимка.
OK: audit03.snapshotMetadata.invalid.p1.row12.v30.recovery
OK: audit03.snapshotMetadata.invalid.p1.row12.v31.rejected
OK: audit03.snapshotMetadata.invalid.p1.row12.v31.field
OK: audit03.snapshotMetadata.invalid.p1.row12.v31.address
OK: audit03.snapshotMetadata.invalid.p1.row12.v31.action
OK: audit03.snapshotMetadata.invalid.p1.row12.v31.empty
SNAPSHOT_METADATA_ERROR: audit03.snapshotMetadata.invalid.p1.row12.v31|В сохраненном снимке Results поле State.StrengthState.Status (Results!CJ811) содержит недопустимое значение. Исправьте указанную ячейку или повторите расчет/импорт для восстановления снимка.
OK: audit03.snapshotMetadata.invalid.p1.row12.v31.recovery
OK: audit03.snapshotMetadata.invalid.p1.row12.v32.rejected
OK: audit03.snapshotMetadata.invalid.p1.row12.v32.field
OK: audit03.snapshotMetadata.invalid.p1.row12.v32.address
OK: audit03.snapshotMetadata.invalid.p1.row12.v32.action
OK: audit03.snapshotMetadata.invalid.p1.row12.v32.empty
SNAPSHOT_METADATA_ERROR: audit03.snapshotMetadata.invalid.p1.row12.v32|В сохраненном снимке Results поле State.StrengthState.Status (Results!CJ811) содержит недопустимое значение. Исправьте указанную ячейку или повторите расчет/импорт для восстановления снимка.
OK: audit03.snapshotMetadata.invalid.p1.row12.v32.recovery
OK: audit03.snapshotMetadata.invalid.p1.row14.v33.rejected
OK: audit03.snapshotMetadata.invalid.p1.row14.v33.field
OK: audit03.snapshotMetadata.invalid.p1.row14.v33.address
OK: audit03.snapshotMetadata.invalid.p1.row14.v33.action
OK: audit03.snapshotMetadata.invalid.p1.row14.v33.empty
SNAPSHOT_METADATA_ERROR: audit03.snapshotMetadata.invalid.p1.row14.v33|В сохраненном снимке Results поле Output.LengthUnit (Results!CJ813) содержит недопустимое значение. Исправьте указанную ячейку или повторите расчет/импорт для восстановления снимка.
OK: audit03.snapshotMetadata.invalid.p1.row14.v33.recovery
OK: audit03.snapshotMetadata.invalid.p1.row14.v34.rejected
OK: audit03.snapshotMetadata.invalid.p1.row14.v34.field
OK: audit03.snapshotMetadata.invalid.p1.row14.v34.address
OK: audit03.snapshotMetadata.invalid.p1.row14.v34.action
OK: audit03.snapshotMetadata.invalid.p1.row14.v34.empty
SNAPSHOT_METADATA_ERROR: audit03.snapshotMetadata.invalid.p1.row14.v34|В сохраненном снимке Results поле Output.LengthUnit (Results!CJ813) содержит недопустимое значение. Исправьте указанную ячейку или повторите расчет/импорт для восстановления снимка.
OK: audit03.snapshotMetadata.invalid.p1.row14.v34.recovery
OK: audit03.snapshotMetadata.invalid.p1.row14.v35.rejected
OK: audit03.snapshotMetadata.invalid.p1.row14.v35.field
OK: audit03.snapshotMetadata.invalid.p1.row14.v35.address
OK: audit03.snapshotMetadata.invalid.p1.row14.v35.action
OK: audit03.snapshotMetadata.invalid.p1.row14.v35.empty
SNAPSHOT_METADATA_ERROR: audit03.snapshotMetadata.invalid.p1.row14.v35|В сохраненном снимке Results поле Output.LengthUnit (Results!CJ813) содержит недопустимое значение. Исправьте указанную ячейку или повторите расчет/импорт для восстановления снимка.
OK: audit03.snapshotMetadata.invalid.p1.row14.v35.recovery
OK: audit03.snapshotMetadata.invalid.p1.row14.v36.rejected
OK: audit03.snapshotMetadata.invalid.p1.row14.v36.field
OK: audit03.snapshotMetadata.invalid.p1.row14.v36.address
OK: audit03.snapshotMetadata.invalid.p1.row14.v36.action
OK: audit03.snapshotMetadata.invalid.p1.row14.v36.empty
SNAPSHOT_METADATA_ERROR: audit03.snapshotMetadata.invalid.p1.row14.v36|В сохраненном снимке Results поле Output.LengthUnit (Results!CJ813) содержит недопустимое значение. Исправьте указанную ячейку или повторите расчет/импорт для восстановления снимка.
OK: audit03.snapshotMetadata.invalid.p1.row14.v36.recovery
OK: audit03.snapshotMetadata.invalid.p1.row15.v37.rejected
OK: audit03.snapshotMetadata.invalid.p1.row15.v37.field
OK: audit03.snapshotMetadata.invalid.p1.row15.v37.address
OK: audit03.snapshotMetadata.invalid.p1.row15.v37.action
OK: audit03.snapshotMetadata.invalid.p1.row15.v37.empty
SNAPSHOT_METADATA_ERROR: audit03.snapshotMetadata.invalid.p1.row15.v37|В сохраненном снимке Results поле Output.AreaUnit (Results!CJ814) содержит недопустимое значение. Исправьте указанную ячейку или повторите расчет/импорт для восстановления снимка.
OK: audit03.snapshotMetadata.invalid.p1.row15.v37.recovery
OK: audit03.snapshotMetadata.invalid.p1.row15.v38.rejected
OK: audit03.snapshotMetadata.invalid.p1.row15.v38.field
OK: audit03.snapshotMetadata.invalid.p1.row15.v38.address
OK: audit03.snapshotMetadata.invalid.p1.row15.v38.action
OK: audit03.snapshotMetadata.invalid.p1.row15.v38.empty
SNAPSHOT_METADATA_ERROR: audit03.snapshotMetadata.invalid.p1.row15.v38|В сохраненном снимке Results поле Output.AreaUnit (Results!CJ814) содержит недопустимое значение. Исправьте указанную ячейку или повторите расчет/импорт для восстановления снимка.
OK: audit03.snapshotMetadata.invalid.p1.row15.v38.recovery
OK: audit03.snapshotMetadata.invalid.p1.row15.v39.rejected
OK: audit03.snapshotMetadata.invalid.p1.row15.v39.field
OK: audit03.snapshotMetadata.invalid.p1.row15.v39.address
OK: audit03.snapshotMetadata.invalid.p1.row15.v39.action
OK: audit03.snapshotMetadata.invalid.p1.row15.v39.empty
SNAPSHOT_METADATA_ERROR: audit03.snapshotMetadata.invalid.p1.row15.v39|В сохраненном снимке Results поле Output.AreaUnit (Results!CJ814) содержит недопустимое значение. Исправьте указанную ячейку или повторите расчет/импорт для восстановления снимка.
OK: audit03.snapshotMetadata.invalid.p1.row15.v39.recovery
OK: audit03.snapshotMetadata.invalid.p1.row15.v40.rejected
OK: audit03.snapshotMetadata.invalid.p1.row15.v40.field
OK: audit03.snapshotMetadata.invalid.p1.row15.v40.address
OK: audit03.snapshotMetadata.invalid.p1.row15.v40.action
OK: audit03.snapshotMetadata.invalid.p1.row15.v40.empty
SNAPSHOT_METADATA_ERROR: audit03.snapshotMetadata.invalid.p1.row15.v40|В сохраненном снимке Results поле Output.AreaUnit (Results!CJ814) содержит недопустимое значение. Исправьте указанную ячейку или повторите расчет/импорт для восстановления снимка.
OK: audit03.snapshotMetadata.invalid.p1.row15.v40.recovery
OK: audit03.snapshotMetadata.invalid.p1.row16.v41.rejected
OK: audit03.snapshotMetadata.invalid.p1.row16.v41.field
OK: audit03.snapshotMetadata.invalid.p1.row16.v41.address
OK: audit03.snapshotMetadata.invalid.p1.row16.v41.action
OK: audit03.snapshotMetadata.invalid.p1.row16.v41.empty
SNAPSHOT_METADATA_ERROR: audit03.snapshotMetadata.invalid.p1.row16.v41|В сохраненном снимке Results поле Output.StressUnit (Results!CJ815) содержит недопустимое значение. Исправьте указанную ячейку или повторите расчет/импорт для восстановления снимка.
OK: audit03.snapshotMetadata.invalid.p1.row16.v41.recovery
OK: audit03.snapshotMetadata.invalid.p1.row16.v42.rejected
OK: audit03.snapshotMetadata.invalid.p1.row16.v42.field
OK: audit03.snapshotMetadata.invalid.p1.row16.v42.address
OK: audit03.snapshotMetadata.invalid.p1.row16.v42.action
OK: audit03.snapshotMetadata.invalid.p1.row16.v42.empty
SNAPSHOT_METADATA_ERROR: audit03.snapshotMetadata.invalid.p1.row16.v42|В сохраненном снимке Results поле Output.StressUnit (Results!CJ815) содержит недопустимое значение. Исправьте указанную ячейку или повторите расчет/импорт для восстановления снимка.
OK: audit03.snapshotMetadata.invalid.p1.row16.v42.recovery
OK: audit03.snapshotMetadata.invalid.p1.row16.v43.rejected
OK: audit03.snapshotMetadata.invalid.p1.row16.v43.field
OK: audit03.snapshotMetadata.invalid.p1.row16.v43.address
OK: audit03.snapshotMetadata.invalid.p1.row16.v43.action
OK: audit03.snapshotMetadata.invalid.p1.row16.v43.empty
SNAPSHOT_METADATA_ERROR: audit03.snapshotMetadata.invalid.p1.row16.v43|В сохраненном снимке Results поле Output.StressUnit (Results!CJ815) содержит недопустимое значение. Исправьте указанную ячейку или повторите расчет/импорт для восстановления снимка.
OK: audit03.snapshotMetadata.invalid.p1.row16.v43.recovery
OK: audit03.snapshotMetadata.invalid.p1.row16.v44.rejected
OK: audit03.snapshotMetadata.invalid.p1.row16.v44.field
OK: audit03.snapshotMetadata.invalid.p1.row16.v44.address
OK: audit03.snapshotMetadata.invalid.p1.row16.v44.action
OK: audit03.snapshotMetadata.invalid.p1.row16.v44.empty
SNAPSHOT_METADATA_ERROR: audit03.snapshotMetadata.invalid.p1.row16.v44|В сохраненном снимке Results поле Output.StressUnit (Results!CJ815) содержит недопустимое значение. Исправьте указанную ячейку или повторите расчет/импорт для восстановления снимка.
OK: audit03.snapshotMetadata.invalid.p1.row16.v44.recovery
OK: audit03.snapshotMetadata.invalid.p1.row17.v45.rejected
OK: audit03.snapshotMetadata.invalid.p1.row17.v45.field
OK: audit03.snapshotMetadata.invalid.p1.row17.v45.address
OK: audit03.snapshotMetadata.invalid.p1.row17.v45.action
OK: audit03.snapshotMetadata.invalid.p1.row17.v45.empty
SNAPSHOT_METADATA_ERROR: audit03.snapshotMetadata.invalid.p1.row17.v45|В сохраненном снимке Results поле Output.CurvatureUnit (Results!CJ816) содержит недопустимое значение. Исправьте указанную ячейку или повторите расчет/импорт для восстановления снимка.
OK: audit03.snapshotMetadata.invalid.p1.row17.v45.recovery
OK: audit03.snapshotMetadata.invalid.p1.row17.v46.rejected
OK: audit03.snapshotMetadata.invalid.p1.row17.v46.field
OK: audit03.snapshotMetadata.invalid.p1.row17.v46.address
OK: audit03.snapshotMetadata.invalid.p1.row17.v46.action
OK: audit03.snapshotMetadata.invalid.p1.row17.v46.empty
SNAPSHOT_METADATA_ERROR: audit03.snapshotMetadata.invalid.p1.row17.v46|В сохраненном снимке Results поле Output.CurvatureUnit (Results!CJ816) содержит недопустимое значение. Исправьте указанную ячейку или повторите расчет/импорт для восстановления снимка.
OK: audit03.snapshotMetadata.invalid.p1.row17.v46.recovery
OK: audit03.snapshotMetadata.invalid.p1.row17.v47.rejected
OK: audit03.snapshotMetadata.invalid.p1.row17.v47.field
OK: audit03.snapshotMetadata.invalid.p1.row17.v47.address
OK: audit03.snapshotMetadata.invalid.p1.row17.v47.action
OK: audit03.snapshotMetadata.invalid.p1.row17.v47.empty
SNAPSHOT_METADATA_ERROR: audit03.snapshotMetadata.invalid.p1.row17.v47|В сохраненном снимке Results поле Output.CurvatureUnit (Results!CJ816) содержит недопустимое значение. Исправьте указанную ячейку или повторите расчет/импорт для восстановления снимка.
OK: audit03.snapshotMetadata.invalid.p1.row17.v47.recovery
OK: audit03.snapshotMetadata.invalid.p1.row17.v48.rejected
OK: audit03.snapshotMetadata.invalid.p1.row17.v48.field
OK: audit03.snapshotMetadata.invalid.p1.row17.v48.address
OK: audit03.snapshotMetadata.invalid.p1.row17.v48.action
OK: audit03.snapshotMetadata.invalid.p1.row17.v48.empty
SNAPSHOT_METADATA_ERROR: audit03.snapshotMetadata.invalid.p1.row17.v48|В сохраненном снимке Results поле Output.CurvatureUnit (Results!CJ816) содержит недопустимое значение. Исправьте указанную ячейку или повторите расчет/импорт для восстановления снимка.
OK: audit03.snapshotMetadata.invalid.p1.row17.v48.recovery
OK: audit03.snapshotMetadata.fieldUnit.p1.row2.rejected
OK: audit03.snapshotMetadata.fieldUnit.p1.row2.address
OK: audit03.snapshotMetadata.fieldUnit.p1.row9.rejected
OK: audit03.snapshotMetadata.fieldUnit.p1.row9.address
OK: audit03.snapshotMetadata.annotationUnit.p1
OK: audit03.snapshotMetadata.flag.p1.True
OK: audit03.snapshotMetadata.flag.p1.False
OK: audit03.snapshotMetadata.flag.p1.True
OK: audit03.snapshotMetadata.flag.p1.False
OK: audit03.snapshotMetadata.flag.p1.Yes
OK: audit03.snapshotMetadata.flag.p1.No
OK: audit03.snapshotMetadata.flag.p1.да
OK: audit03.snapshotMetadata.flag.p1.нет
OK: audit03.snapshotMetadata.flag.p1.1
OK: audit03.snapshotMetadata.flag.p1.0
OK: audit03.snapshotMetadata.status.p1.OK
OK: audit03.snapshotMetadata.status.p1.FAIL
OK: audit03.snapshotMetadata.status.p1.BaseFail
OK: audit03.snapshotMetadata.status.p1.NumFail
OK: audit03.snapshotMetadata.status.p1.InputErr
OK: audit03.snapshotMetadata.status.p1.CalcErr
OK: audit03.snapshotMetadata.status.p1.N/A
OK: audit03.snapshotMetadata.unchanged.p1.exactValue2
OK: audit03.snapshotMetadata.noSolve
SNAPSHOT_METADATA_CASES: variants=66; geometryFixtures=1; equilibriumCases=0
TOTAL_AUDIT03_SNAPSHOT_METADATA: passed=449; failed=0

COM_WORKBOOK_AFTER_SUITE: path=C:\Users\avidzba\AppData\Local\Temp\RC_NDM_ModeSuite_6b21674eb06e40fe8b1b602b77ddd9e3\RC_Section_NDM.xlsm; readOnly=True; sameProxy=True
MODE_AFTER_SUITE: No
SUITE_FINISHED: modTestPlotConfig.RunAudit03SnapshotMetadataTests; 2026-10-04T11:35:05
SOURCE_UNCHANGED: True
WATCHDOG_COMPLETED: exit=0; source unchanged=True
