SOURCE: C:\Users\avidzba\Desktop\Ø‡Æ£‡†¨¨Î\Ç_êÄÅéíÖ!\RC_Section_NDM\docs\regression\Audit03\RC_Section_NDM_stability_config_negative_v253.xlsm
SOURCE_SHA256: A27678B6288258A86A99B5E27070B1BE46376620430C415C16AF23A9EC961AFC
FIXTURE: C:\Users\avidzba\AppData\Local\Temp\RC_NDM_ModeSuite_1a8992747ee84a0cb892c6777d550470\RC_Section_NDM.xlsm
GLOBAL_MODE: General.DiagramExtension=No; explicit-On tests retain their setup
FAIL: audit03.stabilityConfig.invalid.p1.Stability.Code.v2.cell
FAIL: audit03.stabilityConfig.invalid.p1.Stability.ElementLength.v4.cell
FAIL: audit03.stabilityConfig.invalid.p1.Stability.ElementLength.v5.cell
FAIL: audit03.stabilityConfig.invalid.p1.Stability.Mu1.v4.cell
FAIL: audit03.stabilityConfig.invalid.p1.Stability.Mu1.v5.cell
FAIL: audit03.stabilityConfig.invalid.p1.Stability.Mu2.v4.cell
FAIL: audit03.stabilityConfig.invalid.p1.Stability.Mu2.v5.cell
FAIL: audit03.stabilityConfig.invalid.p1.Stability.SystemType.v2.inputErr
FAIL: audit03.stabilityConfig.invalid.p1.Stability.SystemType.v2.key
FAIL: audit03.stabilityConfig.invalid.p1.Stability.SystemType.v2.cell
FAIL: audit03.stabilityConfig.invalid.p1.Stability.SystemType.v2.action
FAIL: audit03.stabilityConfig.invalid.p1.Stability.ZeroMomentEccentricitySign1.v4.inputErr
FAIL: audit03.stabilityConfig.invalid.p1.Stability.ZeroMomentEccentricitySign1.v4.key
FAIL: audit03.stabilityConfig.invalid.p1.Stability.ZeroMomentEccentricitySign1.v4.cell
FAIL: audit03.stabilityConfig.invalid.p1.Stability.ZeroMomentEccentricitySign1.v4.action
FAIL: audit03.stabilityConfig.invalid.p1.Stability.ZeroMomentEccentricitySign1.v5.inputErr
FAIL: audit03.stabilityConfig.invalid.p1.Stability.ZeroMomentEccentricitySign1.v5.key
FAIL: audit03.stabilityConfig.invalid.p1.Stability.ZeroMomentEccentricitySign1.v5.cell
FAIL: audit03.stabilityConfig.invalid.p1.Stability.ZeroMomentEccentricitySign1.v5.action
FAIL: audit03.stabilityConfig.invalid.p1.Stability.ZeroMomentEccentricitySign1.v6.inputErr
FAIL: audit03.stabilityConfig.invalid.p1.Stability.ZeroMomentEccentricitySign1.v6.key
FAIL: audit03.stabilityConfig.invalid.p1.Stability.ZeroMomentEccentricitySign1.v6.cell
FAIL: audit03.stabilityConfig.invalid.p1.Stability.ZeroMomentEccentricitySign1.v6.action
FAIL: audit03.stabilityConfig.invalid.p1.Stability.ZeroMomentEccentricitySign1.v7.inputErr
FAIL: audit03.stabilityConfig.invalid.p1.Stability.ZeroMomentEccentricitySign1.v7.key
FAIL: audit03.stabilityConfig.invalid.p1.Stability.ZeroMomentEccentricitySign1.v7.cell
FAIL: audit03.stabilityConfig.invalid.p1.Stability.ZeroMomentEccentricitySign1.v7.action
FAIL: audit03.stabilityConfig.invalid.p1.Stability.ZeroMomentEccentricitySign2.v4.inputErr
FAIL: audit03.stabilityConfig.invalid.p1.Stability.ZeroMomentEccentricitySign2.v4.key
FAIL: audit03.stabilityConfig.invalid.p1.Stability.ZeroMomentEccentricitySign2.v4.cell
FAIL: audit03.stabilityConfig.invalid.p1.Stability.ZeroMomentEccentricitySign2.v4.action
FAIL: audit03.stabilityConfig.invalid.p1.Stability.ZeroMomentEccentricitySign2.v5.inputErr
FAIL: audit03.stabilityConfig.invalid.p1.Stability.ZeroMomentEccentricitySign2.v5.key
FAIL: audit03.stabilityConfig.invalid.p1.Stability.ZeroMomentEccentricitySign2.v5.cell
FAIL: audit03.stabilityConfig.invalid.p1.Stability.ZeroMomentEccentricitySign2.v5.action
FAIL: audit03.stabilityConfig.invalid.p1.Stability.ZeroMomentEccentricitySign2.v6.inputErr
FAIL: audit03.stabilityConfig.invalid.p1.Stability.ZeroMomentEccentricitySign2.v6.key
FAIL: audit03.stabilityConfig.invalid.p1.Stability.ZeroMomentEccentricitySign2.v6.cell
FAIL: audit03.stabilityConfig.invalid.p1.Stability.ZeroMomentEccentricitySign2.v6.action
FAIL: audit03.stabilityConfig.invalid.p1.Stability.ZeroMomentEccentricitySign2.v7.inputErr
FAIL: audit03.stabilityConfig.invalid.p1.Stability.ZeroMomentEccentricitySign2.v7.key
FAIL: audit03.stabilityConfig.invalid.p1.Stability.ZeroMomentEccentricitySign2.v7.cell
FAIL: audit03.stabilityConfig.invalid.p1.Stability.ZeroMomentEccentricitySign2.v7.action
FAIL: audit03.stabilityConfig.invalid.p1.Stability.AccidentalEccentricityMode.v2.cell
FAIL: audit03.stabilityConfig.invalid.p1.Stability.AccidentalEccentricityUser1.v4.inputErr
FAIL: audit03.stabilityConfig.invalid.p1.Stability.AccidentalEccentricityUser1.v4.key
FAIL: audit03.stabilityConfig.invalid.p1.Stability.AccidentalEccentricityUser1.v4.cell
FAIL: audit03.stabilityConfig.invalid.p1.Stability.AccidentalEccentricityUser1.v4.action
FAIL: audit03.stabilityConfig.invalid.p1.Stability.AccidentalEccentricityUser1.v5.cell
FAIL: audit03.stabilityConfig.invalid.p1.Stability.AccidentalEccentricityUser2.v4.inputErr
FAIL: audit03.stabilityConfig.invalid.p1.Stability.AccidentalEccentricityUser2.v4.key
FAIL: audit03.stabilityConfig.invalid.p1.Stability.AccidentalEccentricityUser2.v4.cell
FAIL: audit03.stabilityConfig.invalid.p1.Stability.AccidentalEccentricityUser2.v4.action
FAIL: audit03.stabilityConfig.invalid.p1.Stability.AccidentalEccentricityUser2.v5.cell
FAIL: audit03.stabilityConfig.invalid.p1.Stability.AccidentalEccentricityPlanes.v2.cell
FAIL: audit03.stabilityConfig.invalid.p1.Stability.PhiLMode.v2.cell
FAIL: audit03.stabilityConfig.invalid.p1.Stability.SP63.Ks.v4.cell
FAIL: audit03.stabilityConfig.invalid.p1.Stability.SP63.Ks.v5.cell
FAIL: audit03.stabilityConfig.invalid.p1.Stability.SP63.DeltaEMin.v4.cell
FAIL: audit03.stabilityConfig.invalid.p1.Stability.SP63.DeltaEMax.v4.cell
FAIL: audit03.stabilityConfig.invalid.p1.Stability.SP35.PhiP.v4.cell
FAIL: audit03.stabilityConfig.invalid.p1.Stability.SP35.PhiP.v5.cell
FAIL: audit03.stabilityConfig.invalid.p1.Stability.SP35.NOverNcrLimit.v4.cell
FAIL: audit03.stabilityConfig.invalid.p1.Stability.SP35.NOverNcrLimit.v5.cell
FAIL: audit03.stabilityConfig.deltaOrder.p1.cell
FAIL: audit03.stabilityConfig.invalid.p2.Stability.Code.v2.cell
FAIL: audit03.stabilityConfig.invalid.p2.Stability.ElementLength.v4.cell
FAIL: audit03.stabilityConfig.invalid.p2.Stability.ElementLength.v5.cell
FAIL: audit03.stabilityConfig.invalid.p2.Stability.Mu1.v4.cell
FAIL: audit03.stabilityConfig.invalid.p2.Stability.Mu1.v5.cell
FAIL: audit03.stabilityConfig.invalid.p2.Stability.Mu2.v4.cell
FAIL: audit03.stabilityConfig.invalid.p2.Stability.Mu2.v5.cell
FAIL: audit03.stabilityConfig.invalid.p2.Stability.SystemType.v2.inputErr
FAIL: audit03.stabilityConfig.invalid.p2.Stability.SystemType.v2.key
FAIL: audit03.stabilityConfig.invalid.p2.Stability.SystemType.v2.cell
FAIL: audit03.stabilityConfig.invalid.p2.Stability.SystemType.v2.action
FAIL: audit03.stabilityConfig.invalid.p2.Stability.ZeroMomentEccentricitySign1.v4.inputErr
FAIL: audit03.stabilityConfig.invalid.p2.Stability.ZeroMomentEccentricitySign1.v4.key
FAIL: audit03.stabilityConfig.invalid.p2.Stability.ZeroMomentEccentricitySign1.v4.cell
FAIL: audit03.stabilityConfig.invalid.p2.Stability.ZeroMomentEccentricitySign1.v4.action
FAIL: audit03.stabilityConfig.invalid.p2.Stability.ZeroMomentEccentricitySign1.v5.inputErr
FAIL: audit03.stabilityConfig.invalid.p2.Stability.ZeroMomentEccentricitySign1.v5.key
FAIL: audit03.stabilityConfig.invalid.p2.Stability.ZeroMomentEccentricitySign1.v5.cell
FAIL: audit03.stabilityConfig.invalid.p2.Stability.ZeroMomentEccentricitySign1.v5.action
FAIL: audit03.stabilityConfig.invalid.p2.Stability.ZeroMomentEccentricitySign1.v6.inputErr
FAIL: audit03.stabilityConfig.invalid.p2.Stability.ZeroMomentEccentricitySign1.v6.key
FAIL: audit03.stabilityConfig.invalid.p2.Stability.ZeroMomentEccentricitySign1.v6.cell
FAIL: audit03.stabilityConfig.invalid.p2.Stability.ZeroMomentEccentricitySign1.v6.action
FAIL: audit03.stabilityConfig.invalid.p2.Stability.ZeroMomentEccentricitySign1.v7.inputErr
FAIL: audit03.stabilityConfig.invalid.p2.Stability.ZeroMomentEccentricitySign1.v7.key
FAIL: audit03.stabilityConfig.invalid.p2.Stability.ZeroMomentEccentricitySign1.v7.cell
FAIL: audit03.stabilityConfig.invalid.p2.Stability.ZeroMomentEccentricitySign1.v7.action
FAIL: audit03.stabilityConfig.invalid.p2.Stability.ZeroMomentEccentricitySign2.v4.inputErr
FAIL: audit03.stabilityConfig.invalid.p2.Stability.ZeroMomentEccentricitySign2.v4.key
FAIL: audit03.stabilityConfig.invalid.p2.Stability.ZeroMomentEccentricitySign2.v4.cell
FAIL: audit03.stabilityConfig.invalid.p2.Stability.ZeroMomentEccentricitySign2.v4.action
FAIL: audit03.stabilityConfig.invalid.p2.Stability.ZeroMomentEccentricitySign2.v5.inputErr
FAIL: audit03.stabilityConfig.invalid.p2.Stability.ZeroMomentEccentricitySign2.v5.key
FAIL: audit03.stabilityConfig.invalid.p2.Stability.ZeroMomentEccentricitySign2.v5.cell
FAIL: audit03.stabilityConfig.invalid.p2.Stability.ZeroMomentEccentricitySign2.v5.action
FAIL: audit03.stabilityConfig.invalid.p2.Stability.ZeroMomentEccentricitySign2.v6.inputErr
FAIL: audit03.stabilityConfig.invalid.p2.Stability.ZeroMomentEccentricitySign2.v6.key
FAIL: audit03.stabilityConfig.invalid.p2.Stability.ZeroMomentEccentricitySign2.v6.cell
FAIL: audit03.stabilityConfig.invalid.p2.Stability.ZeroMomentEccentricitySign2.v6.action
FAIL: audit03.stabilityConfig.invalid.p2.Stability.ZeroMomentEccentricitySign2.v7.inputErr
FAIL: audit03.stabilityConfig.invalid.p2.Stability.ZeroMomentEccentricitySign2.v7.key
FAIL: audit03.stabilityConfig.invalid.p2.Stability.ZeroMomentEccentricitySign2.v7.cell
FAIL: audit03.stabilityConfig.invalid.p2.Stability.ZeroMomentEccentricitySign2.v7.action
FAIL: audit03.stabilityConfig.invalid.p2.Stability.AccidentalEccentricityMode.v2.cell
FAIL: audit03.stabilityConfig.invalid.p2.Stability.AccidentalEccentricityUser1.v4.inputErr
FAIL: audit03.stabilityConfig.invalid.p2.Stability.AccidentalEccentricityUser1.v4.key
FAIL: audit03.stabilityConfig.invalid.p2.Stability.AccidentalEccentricityUser1.v4.cell
FAIL: audit03.stabilityConfig.invalid.p2.Stability.AccidentalEccentricityUser1.v4.action
FAIL: audit03.stabilityConfig.invalid.p2.Stability.AccidentalEccentricityUser1.v5.cell
FAIL: audit03.stabilityConfig.invalid.p2.Stability.AccidentalEccentricityUser2.v4.inputErr
FAIL: audit03.stabilityConfig.invalid.p2.Stability.AccidentalEccentricityUser2.v4.key
FAIL: audit03.stabilityConfig.invalid.p2.Stability.AccidentalEccentricityUser2.v4.cell
FAIL: audit03.stabilityConfig.invalid.p2.Stability.AccidentalEccentricityUser2.v4.action
FAIL: audit03.stabilityConfig.invalid.p2.Stability.AccidentalEccentricityUser2.v5.cell
FAIL: audit03.stabilityConfig.invalid.p2.Stability.AccidentalEccentricityPlanes.v2.cell
FAIL: audit03.stabilityConfig.invalid.p2.Stability.PhiLMode.v2.cell
FAIL: audit03.stabilityConfig.invalid.p2.Stability.SP63.Ks.v4.cell
FAIL: audit03.stabilityConfig.invalid.p2.Stability.SP63.Ks.v5.cell
FAIL: audit03.stabilityConfig.invalid.p2.Stability.SP63.DeltaEMin.v4.cell
FAIL: audit03.stabilityConfig.invalid.p2.Stability.SP63.DeltaEMax.v4.cell
FAIL: audit03.stabilityConfig.invalid.p2.Stability.SP35.PhiP.v4.cell
FAIL: audit03.stabilityConfig.invalid.p2.Stability.SP35.PhiP.v5.cell
FAIL: audit03.stabilityConfig.invalid.p2.Stability.SP35.NOverNcrLimit.v4.cell
FAIL: audit03.stabilityConfig.invalid.p2.Stability.SP35.NOverNcrLimit.v5.cell
FAIL: audit03.stabilityConfig.deltaOrder.p2.cell
TOTAL_AUDIT03_STABILITY_CONFIG: passed=7354; failed=130
MODE_AFTER_SUITE: No
SOURCE_UNCHANGED: True
