SOURCE: C:\Users\avidzba\Desktop\Ø‡Æ£‡†¨¨Î\Ç_êÄÅéíÖ!\RC_Section_NDM\docs\regression\Audit03\RC_Section_NDM_stability_range_negative_v327.xlsm
SOURCE_SHA256: 976EFB1621000BF3C363E122D7BE8996CFC9D7EB0117C891002DBE417612B81D
FIXTURE: C:\Users\avidzba\AppData\Local\Temp\RC_NDM_ModeSuite_4913555b93cb46ad91281e3872b431bb\RC_Section_NDM.xlsm
GLOBAL_MODE: General.DiagramExtension=No; explicit-On tests retain their setup
FAIL: audit03.stabilityLengthRange.p1.SP63.N-10000.s4.inputErr
FAIL: audit03.stabilityLengthRange.p1.SP63.N-10000.s4.notCalculated
FAIL: audit03.stabilityLengthRange.p1.SP63.N-10000.s4.lengthKey
FAIL: audit03.stabilityLengthRange.p1.SP63.N-10000.s4.muKey
FAIL: audit03.stabilityLengthRange.p1.SP63.N-10000.s4.lengthCell
FAIL: audit03.stabilityLengthRange.p1.SP63.N-10000.s4.muCell
FAIL: audit03.stabilityLengthRange.p1.SP63.N-10000.s4.action
FAIL: audit03.stabilityLengthRange.p1.SP63.N-10000.s5.inputErr
FAIL: audit03.stabilityLengthRange.p1.SP63.N-10000.s5.notCalculated
FAIL: audit03.stabilityLengthRange.p1.SP63.N-10000.s5.lengthKey
FAIL: audit03.stabilityLengthRange.p1.SP63.N-10000.s5.muKey
FAIL: audit03.stabilityLengthRange.p1.SP63.N-10000.s5.lengthCell
FAIL: audit03.stabilityLengthRange.p1.SP63.N-10000.s5.muCell
FAIL: audit03.stabilityLengthRange.p1.SP63.N-10000.s5.action
FAIL: audit03.stabilityLengthRange.p1.SP63.N-10000.s6.inputErr
FAIL: audit03.stabilityLengthRange.p1.SP63.N-10000.s6.notCalculated
FAIL: audit03.stabilityLengthRange.p1.SP63.N-10000.s6.lengthKey
FAIL: audit03.stabilityLengthRange.p1.SP63.N-10000.s6.muKey
FAIL: audit03.stabilityLengthRange.p1.SP63.N-10000.s6.lengthCell
FAIL: audit03.stabilityLengthRange.p1.SP63.N-10000.s6.muCell
FAIL: audit03.stabilityLengthRange.p1.SP63.N-10000.s6.action
FAIL: audit03.comments.audit03.stabilityLengthRange.p1.SP63.N-10000.s7.stability.russianReason
FAIL: audit03.stabilityLengthRange.p1.SP63.N-10000.s7.inputErr
FAIL: audit03.stabilityLengthRange.p1.SP63.N-10000.s7.notCalculated
FAIL: audit03.stabilityLengthRange.p1.SP63.N-10000.s7.lengthKey
FAIL: audit03.stabilityLengthRange.p1.SP63.N-10000.s7.muKey
FAIL: audit03.stabilityLengthRange.p1.SP63.N-10000.s7.lengthCell
FAIL: audit03.stabilityLengthRange.p1.SP63.N-10000.s7.muCell
FAIL: audit03.stabilityLengthRange.p1.SP63.N-10000.s7.action
FAIL: audit03.stabilityLengthRange.p1.SP63.N-10000.s7.localized
FAIL: audit03.comments.audit03.stabilityLengthRange.p1.SP63.N-10000.s8.stability.russianReason
FAIL: audit03.stabilityLengthRange.p1.SP63.N-10000.s8.inputErr
FAIL: audit03.stabilityLengthRange.p1.SP63.N-10000.s8.notCalculated
FAIL: audit03.stabilityLengthRange.p1.SP63.N-10000.s8.lengthKey
FAIL: audit03.stabilityLengthRange.p1.SP63.N-10000.s8.muKey
FAIL: audit03.stabilityLengthRange.p1.SP63.N-10000.s8.lengthCell
FAIL: audit03.stabilityLengthRange.p1.SP63.N-10000.s8.muCell
FAIL: audit03.stabilityLengthRange.p1.SP63.N-10000.s8.action
FAIL: audit03.stabilityLengthRange.p1.SP63.N-10000.s8.localized
FAIL: audit03.comments.audit03.stabilityLengthRange.p1.SP63.N-10000.s9.stability.russianReason
FAIL: audit03.stabilityLengthRange.p1.SP63.N-10000.s9.inputErr
FAIL: audit03.stabilityLengthRange.p1.SP63.N-10000.s9.notCalculated
FAIL: audit03.stabilityLengthRange.p1.SP63.N-10000.s9.lengthKey
FAIL: audit03.stabilityLengthRange.p1.SP63.N-10000.s9.muKey
FAIL: audit03.stabilityLengthRange.p1.SP63.N-10000.s9.lengthCell
FAIL: audit03.stabilityLengthRange.p1.SP63.N-10000.s9.muCell
FAIL: audit03.stabilityLengthRange.p1.SP63.N-10000.s9.action
FAIL: audit03.stabilityLengthRange.p1.SP63.N-10000.s9.localized
FAIL: audit03.stabilityLengthRange.p1.SP63.N10000.s4.inputErr
FAIL: audit03.stabilityLengthRange.p1.SP63.N10000.s4.lengthKey
FAIL: audit03.stabilityLengthRange.p1.SP63.N10000.s4.muKey
FAIL: audit03.stabilityLengthRange.p1.SP63.N10000.s4.lengthCell
FAIL: audit03.stabilityLengthRange.p1.SP63.N10000.s4.muCell
FAIL: audit03.stabilityLengthRange.p1.SP63.N10000.s4.action
FAIL: audit03.stabilityLengthRange.p1.SP63.N10000.s5.inputErr
FAIL: audit03.stabilityLengthRange.p1.SP63.N10000.s5.lengthKey
FAIL: audit03.stabilityLengthRange.p1.SP63.N10000.s5.muKey
FAIL: audit03.stabilityLengthRange.p1.SP63.N10000.s5.lengthCell
FAIL: audit03.stabilityLengthRange.p1.SP63.N10000.s5.muCell
FAIL: audit03.stabilityLengthRange.p1.SP63.N10000.s5.action
FAIL: audit03.stabilityLengthRange.p1.SP63.N10000.s6.inputErr
FAIL: audit03.stabilityLengthRange.p1.SP63.N10000.s6.lengthKey
FAIL: audit03.stabilityLengthRange.p1.SP63.N10000.s6.muKey
FAIL: audit03.stabilityLengthRange.p1.SP63.N10000.s6.lengthCell
FAIL: audit03.stabilityLengthRange.p1.SP63.N10000.s6.muCell
FAIL: audit03.stabilityLengthRange.p1.SP63.N10000.s6.action
FAIL: audit03.stabilityLengthRange.p1.SP63.N10000.s7.inputErr
FAIL: audit03.stabilityLengthRange.p1.SP63.N10000.s7.lengthKey
FAIL: audit03.stabilityLengthRange.p1.SP63.N10000.s7.muKey
FAIL: audit03.stabilityLengthRange.p1.SP63.N10000.s7.lengthCell
FAIL: audit03.stabilityLengthRange.p1.SP63.N10000.s7.muCell
FAIL: audit03.stabilityLengthRange.p1.SP63.N10000.s7.action
FAIL: audit03.stabilityLengthRange.p1.SP63.N10000.s8.inputErr
FAIL: audit03.stabilityLengthRange.p1.SP63.N10000.s8.lengthKey
FAIL: audit03.stabilityLengthRange.p1.SP63.N10000.s8.muKey
FAIL: audit03.stabilityLengthRange.p1.SP63.N10000.s8.lengthCell
FAIL: audit03.stabilityLengthRange.p1.SP63.N10000.s8.muCell
FAIL: audit03.stabilityLengthRange.p1.SP63.N10000.s8.action
FAIL: audit03.stabilityLengthRange.p1.SP63.N10000.s9.inputErr
FAIL: audit03.stabilityLengthRange.p1.SP63.N10000.s9.lengthKey
FAIL: audit03.stabilityLengthRange.p1.SP63.N10000.s9.muKey
FAIL: audit03.stabilityLengthRange.p1.SP63.N10000.s9.lengthCell
FAIL: audit03.stabilityLengthRange.p1.SP63.N10000.s9.muCell
FAIL: audit03.stabilityLengthRange.p1.SP63.N10000.s9.action
FAIL: audit03.stabilityLengthRange.p1.SP35.N-10000.s4.inputErr
FAIL: audit03.stabilityLengthRange.p1.SP35.N-10000.s4.notCalculated
FAIL: audit03.stabilityLengthRange.p1.SP35.N-10000.s4.lengthKey
FAIL: audit03.stabilityLengthRange.p1.SP35.N-10000.s4.muKey
FAIL: audit03.stabilityLengthRange.p1.SP35.N-10000.s4.lengthCell
FAIL: audit03.stabilityLengthRange.p1.SP35.N-10000.s4.muCell
FAIL: audit03.stabilityLengthRange.p1.SP35.N-10000.s4.action
FAIL: audit03.stabilityLengthRange.p1.SP35.N-10000.s5.inputErr
FAIL: audit03.stabilityLengthRange.p1.SP35.N-10000.s5.notCalculated
FAIL: audit03.stabilityLengthRange.p1.SP35.N-10000.s5.lengthKey
FAIL: audit03.stabilityLengthRange.p1.SP35.N-10000.s5.muKey
FAIL: audit03.stabilityLengthRange.p1.SP35.N-10000.s5.lengthCell
FAIL: audit03.stabilityLengthRange.p1.SP35.N-10000.s5.muCell
FAIL: audit03.stabilityLengthRange.p1.SP35.N-10000.s5.action
FAIL: audit03.stabilityLengthRange.p1.SP35.N-10000.s6.inputErr
FAIL: audit03.stabilityLengthRange.p1.SP35.N-10000.s6.notCalculated
FAIL: audit03.stabilityLengthRange.p1.SP35.N-10000.s6.lengthKey
FAIL: audit03.stabilityLengthRange.p1.SP35.N-10000.s6.muKey
FAIL: audit03.stabilityLengthRange.p1.SP35.N-10000.s6.lengthCell
FAIL: audit03.stabilityLengthRange.p1.SP35.N-10000.s6.muCell
FAIL: audit03.stabilityLengthRange.p1.SP35.N-10000.s6.action
FAIL: audit03.comments.audit03.stabilityLengthRange.p1.SP35.N-10000.s7.stability.russianReason
FAIL: audit03.stabilityLengthRange.p1.SP35.N-10000.s7.inputErr
FAIL: audit03.stabilityLengthRange.p1.SP35.N-10000.s7.notCalculated
FAIL: audit03.stabilityLengthRange.p1.SP35.N-10000.s7.lengthKey
FAIL: audit03.stabilityLengthRange.p1.SP35.N-10000.s7.muKey
FAIL: audit03.stabilityLengthRange.p1.SP35.N-10000.s7.lengthCell
FAIL: audit03.stabilityLengthRange.p1.SP35.N-10000.s7.muCell
FAIL: audit03.stabilityLengthRange.p1.SP35.N-10000.s7.action
FAIL: audit03.stabilityLengthRange.p1.SP35.N-10000.s7.localized
FAIL: audit03.comments.audit03.stabilityLengthRange.p1.SP35.N-10000.s8.stability.russianReason
FAIL: audit03.stabilityLengthRange.p1.SP35.N-10000.s8.inputErr
FAIL: audit03.stabilityLengthRange.p1.SP35.N-10000.s8.notCalculated
FAIL: audit03.stabilityLengthRange.p1.SP35.N-10000.s8.lengthKey
FAIL: audit03.stabilityLengthRange.p1.SP35.N-10000.s8.muKey
FAIL: audit03.stabilityLengthRange.p1.SP35.N-10000.s8.lengthCell
FAIL: audit03.stabilityLengthRange.p1.SP35.N-10000.s8.muCell
FAIL: audit03.stabilityLengthRange.p1.SP35.N-10000.s8.action
FAIL: audit03.stabilityLengthRange.p1.SP35.N-10000.s8.localized
FAIL: audit03.comments.audit03.stabilityLengthRange.p1.SP35.N-10000.s9.stability.russianReason
FAIL: audit03.stabilityLengthRange.p1.SP35.N-10000.s9.inputErr
FAIL: audit03.stabilityLengthRange.p1.SP35.N-10000.s9.notCalculated
FAIL: audit03.stabilityLengthRange.p1.SP35.N-10000.s9.lengthKey
FAIL: audit03.stabilityLengthRange.p1.SP35.N-10000.s9.muKey
FAIL: audit03.stabilityLengthRange.p1.SP35.N-10000.s9.lengthCell
FAIL: audit03.stabilityLengthRange.p1.SP35.N-10000.s9.muCell
FAIL: audit03.stabilityLengthRange.p1.SP35.N-10000.s9.action
FAIL: audit03.stabilityLengthRange.p1.SP35.N-10000.s9.localized
FAIL: audit03.stabilityLengthRange.p1.SP35.N10000.s4.inputErr
FAIL: audit03.stabilityLengthRange.p1.SP35.N10000.s4.lengthKey
FAIL: audit03.stabilityLengthRange.p1.SP35.N10000.s4.muKey
FAIL: audit03.stabilityLengthRange.p1.SP35.N10000.s4.lengthCell
FAIL: audit03.stabilityLengthRange.p1.SP35.N10000.s4.muCell
FAIL: audit03.stabilityLengthRange.p1.SP35.N10000.s4.action
FAIL: audit03.stabilityLengthRange.p1.SP35.N10000.s5.inputErr
FAIL: audit03.stabilityLengthRange.p1.SP35.N10000.s5.lengthKey
FAIL: audit03.stabilityLengthRange.p1.SP35.N10000.s5.muKey
FAIL: audit03.stabilityLengthRange.p1.SP35.N10000.s5.lengthCell
FAIL: audit03.stabilityLengthRange.p1.SP35.N10000.s5.muCell
FAIL: audit03.stabilityLengthRange.p1.SP35.N10000.s5.action
FAIL: audit03.stabilityLengthRange.p1.SP35.N10000.s6.inputErr
FAIL: audit03.stabilityLengthRange.p1.SP35.N10000.s6.lengthKey
FAIL: audit03.stabilityLengthRange.p1.SP35.N10000.s6.muKey
FAIL: audit03.stabilityLengthRange.p1.SP35.N10000.s6.lengthCell
FAIL: audit03.stabilityLengthRange.p1.SP35.N10000.s6.muCell
FAIL: audit03.stabilityLengthRange.p1.SP35.N10000.s6.action
FAIL: audit03.stabilityLengthRange.p1.SP35.N10000.s7.inputErr
FAIL: audit03.stabilityLengthRange.p1.SP35.N10000.s7.lengthKey
FAIL: audit03.stabilityLengthRange.p1.SP35.N10000.s7.muKey
FAIL: audit03.stabilityLengthRange.p1.SP35.N10000.s7.lengthCell
FAIL: audit03.stabilityLengthRange.p1.SP35.N10000.s7.muCell
FAIL: audit03.stabilityLengthRange.p1.SP35.N10000.s7.action
FAIL: audit03.stabilityLengthRange.p1.SP35.N10000.s8.inputErr
FAIL: audit03.stabilityLengthRange.p1.SP35.N10000.s8.lengthKey
FAIL: audit03.stabilityLengthRange.p1.SP35.N10000.s8.muKey
FAIL: audit03.stabilityLengthRange.p1.SP35.N10000.s8.lengthCell
FAIL: audit03.stabilityLengthRange.p1.SP35.N10000.s8.muCell
FAIL: audit03.stabilityLengthRange.p1.SP35.N10000.s8.action
FAIL: audit03.stabilityLengthRange.p1.SP35.N10000.s9.inputErr
FAIL: audit03.stabilityLengthRange.p1.SP35.N10000.s9.lengthKey
FAIL: audit03.stabilityLengthRange.p1.SP35.N10000.s9.muKey
FAIL: audit03.stabilityLengthRange.p1.SP35.N10000.s9.lengthCell
FAIL: audit03.stabilityLengthRange.p1.SP35.N10000.s9.muCell
FAIL: audit03.stabilityLengthRange.p1.SP35.N10000.s9.action
FAIL: audit03.stabilityLengthRange.p2.SP63.N-10000.s4.inputErr
FAIL: audit03.stabilityLengthRange.p2.SP63.N-10000.s4.notCalculated
FAIL: audit03.stabilityLengthRange.p2.SP63.N-10000.s4.lengthKey
FAIL: audit03.stabilityLengthRange.p2.SP63.N-10000.s4.muKey
FAIL: audit03.stabilityLengthRange.p2.SP63.N-10000.s4.lengthCell
FAIL: audit03.stabilityLengthRange.p2.SP63.N-10000.s4.muCell
FAIL: audit03.stabilityLengthRange.p2.SP63.N-10000.s4.action
FAIL: audit03.stabilityLengthRange.p2.SP63.N-10000.s5.inputErr
FAIL: audit03.stabilityLengthRange.p2.SP63.N-10000.s5.notCalculated
FAIL: audit03.stabilityLengthRange.p2.SP63.N-10000.s5.lengthKey
FAIL: audit03.stabilityLengthRange.p2.SP63.N-10000.s5.muKey
FAIL: audit03.stabilityLengthRange.p2.SP63.N-10000.s5.lengthCell
FAIL: audit03.stabilityLengthRange.p2.SP63.N-10000.s5.muCell
FAIL: audit03.stabilityLengthRange.p2.SP63.N-10000.s5.action
FAIL: audit03.stabilityLengthRange.p2.SP63.N-10000.s6.inputErr
FAIL: audit03.stabilityLengthRange.p2.SP63.N-10000.s6.notCalculated
FAIL: audit03.stabilityLengthRange.p2.SP63.N-10000.s6.lengthKey
FAIL: audit03.stabilityLengthRange.p2.SP63.N-10000.s6.muKey
FAIL: audit03.stabilityLengthRange.p2.SP63.N-10000.s6.lengthCell
FAIL: audit03.stabilityLengthRange.p2.SP63.N-10000.s6.muCell
FAIL: audit03.stabilityLengthRange.p2.SP63.N-10000.s6.action
FAIL: audit03.comments.audit03.stabilityLengthRange.p2.SP63.N-10000.s7.stability.russianReason
FAIL: audit03.stabilityLengthRange.p2.SP63.N-10000.s7.inputErr
FAIL: audit03.stabilityLengthRange.p2.SP63.N-10000.s7.notCalculated
FAIL: audit03.stabilityLengthRange.p2.SP63.N-10000.s7.lengthKey
FAIL: audit03.stabilityLengthRange.p2.SP63.N-10000.s7.muKey
FAIL: audit03.stabilityLengthRange.p2.SP63.N-10000.s7.lengthCell
FAIL: audit03.stabilityLengthRange.p2.SP63.N-10000.s7.muCell
FAIL: audit03.stabilityLengthRange.p2.SP63.N-10000.s7.action
FAIL: audit03.stabilityLengthRange.p2.SP63.N-10000.s7.localized
FAIL: audit03.comments.audit03.stabilityLengthRange.p2.SP63.N-10000.s8.stability.russianReason
FAIL: audit03.stabilityLengthRange.p2.SP63.N-10000.s8.inputErr
FAIL: audit03.stabilityLengthRange.p2.SP63.N-10000.s8.notCalculated
FAIL: audit03.stabilityLengthRange.p2.SP63.N-10000.s8.lengthKey
FAIL: audit03.stabilityLengthRange.p2.SP63.N-10000.s8.muKey
FAIL: audit03.stabilityLengthRange.p2.SP63.N-10000.s8.lengthCell
FAIL: audit03.stabilityLengthRange.p2.SP63.N-10000.s8.muCell
FAIL: audit03.stabilityLengthRange.p2.SP63.N-10000.s8.action
FAIL: audit03.stabilityLengthRange.p2.SP63.N-10000.s8.localized
FAIL: audit03.comments.audit03.stabilityLengthRange.p2.SP63.N-10000.s9.stability.russianReason
FAIL: audit03.stabilityLengthRange.p2.SP63.N-10000.s9.inputErr
FAIL: audit03.stabilityLengthRange.p2.SP63.N-10000.s9.notCalculated
FAIL: audit03.stabilityLengthRange.p2.SP63.N-10000.s9.lengthKey
FAIL: audit03.stabilityLengthRange.p2.SP63.N-10000.s9.muKey
FAIL: audit03.stabilityLengthRange.p2.SP63.N-10000.s9.lengthCell
FAIL: audit03.stabilityLengthRange.p2.SP63.N-10000.s9.muCell
FAIL: audit03.stabilityLengthRange.p2.SP63.N-10000.s9.action
FAIL: audit03.stabilityLengthRange.p2.SP63.N-10000.s9.localized
FAIL: audit03.stabilityLengthRange.p2.SP63.N10000.s4.inputErr
FAIL: audit03.stabilityLengthRange.p2.SP63.N10000.s4.lengthKey
FAIL: audit03.stabilityLengthRange.p2.SP63.N10000.s4.muKey
FAIL: audit03.stabilityLengthRange.p2.SP63.N10000.s4.lengthCell
FAIL: audit03.stabilityLengthRange.p2.SP63.N10000.s4.muCell
FAIL: audit03.stabilityLengthRange.p2.SP63.N10000.s4.action
FAIL: audit03.stabilityLengthRange.p2.SP63.N10000.s5.inputErr
FAIL: audit03.stabilityLengthRange.p2.SP63.N10000.s5.lengthKey
FAIL: audit03.stabilityLengthRange.p2.SP63.N10000.s5.muKey
FAIL: audit03.stabilityLengthRange.p2.SP63.N10000.s5.lengthCell
FAIL: audit03.stabilityLengthRange.p2.SP63.N10000.s5.muCell
FAIL: audit03.stabilityLengthRange.p2.SP63.N10000.s5.action
FAIL: audit03.stabilityLengthRange.p2.SP63.N10000.s6.inputErr
FAIL: audit03.stabilityLengthRange.p2.SP63.N10000.s6.lengthKey
FAIL: audit03.stabilityLengthRange.p2.SP63.N10000.s6.muKey
FAIL: audit03.stabilityLengthRange.p2.SP63.N10000.s6.lengthCell
FAIL: audit03.stabilityLengthRange.p2.SP63.N10000.s6.muCell
FAIL: audit03.stabilityLengthRange.p2.SP63.N10000.s6.action
FAIL: audit03.stabilityLengthRange.p2.SP63.N10000.s7.inputErr
FAIL: audit03.stabilityLengthRange.p2.SP63.N10000.s7.lengthKey
FAIL: audit03.stabilityLengthRange.p2.SP63.N10000.s7.muKey
FAIL: audit03.stabilityLengthRange.p2.SP63.N10000.s7.lengthCell
FAIL: audit03.stabilityLengthRange.p2.SP63.N10000.s7.muCell
FAIL: audit03.stabilityLengthRange.p2.SP63.N10000.s7.action
FAIL: audit03.stabilityLengthRange.p2.SP63.N10000.s8.inputErr
FAIL: audit03.stabilityLengthRange.p2.SP63.N10000.s8.lengthKey
FAIL: audit03.stabilityLengthRange.p2.SP63.N10000.s8.muKey
FAIL: audit03.stabilityLengthRange.p2.SP63.N10000.s8.lengthCell
FAIL: audit03.stabilityLengthRange.p2.SP63.N10000.s8.muCell
FAIL: audit03.stabilityLengthRange.p2.SP63.N10000.s8.action
FAIL: audit03.stabilityLengthRange.p2.SP63.N10000.s9.inputErr
FAIL: audit03.stabilityLengthRange.p2.SP63.N10000.s9.lengthKey
FAIL: audit03.stabilityLengthRange.p2.SP63.N10000.s9.muKey
FAIL: audit03.stabilityLengthRange.p2.SP63.N10000.s9.lengthCell
FAIL: audit03.stabilityLengthRange.p2.SP63.N10000.s9.muCell
FAIL: audit03.stabilityLengthRange.p2.SP63.N10000.s9.action
FAIL: audit03.stabilityLengthRange.p2.SP35.N-10000.s4.inputErr
FAIL: audit03.stabilityLengthRange.p2.SP35.N-10000.s4.notCalculated
FAIL: audit03.stabilityLengthRange.p2.SP35.N-10000.s4.lengthKey
FAIL: audit03.stabilityLengthRange.p2.SP35.N-10000.s4.muKey
FAIL: audit03.stabilityLengthRange.p2.SP35.N-10000.s4.lengthCell
FAIL: audit03.stabilityLengthRange.p2.SP35.N-10000.s4.muCell
FAIL: audit03.stabilityLengthRange.p2.SP35.N-10000.s4.action
FAIL: audit03.stabilityLengthRange.p2.SP35.N-10000.s5.inputErr
FAIL: audit03.stabilityLengthRange.p2.SP35.N-10000.s5.notCalculated
FAIL: audit03.stabilityLengthRange.p2.SP35.N-10000.s5.lengthKey
FAIL: audit03.stabilityLengthRange.p2.SP35.N-10000.s5.muKey
FAIL: audit03.stabilityLengthRange.p2.SP35.N-10000.s5.lengthCell
FAIL: audit03.stabilityLengthRange.p2.SP35.N-10000.s5.muCell
FAIL: audit03.stabilityLengthRange.p2.SP35.N-10000.s5.action
FAIL: audit03.stabilityLengthRange.p2.SP35.N-10000.s6.inputErr
FAIL: audit03.stabilityLengthRange.p2.SP35.N-10000.s6.notCalculated
FAIL: audit03.stabilityLengthRange.p2.SP35.N-10000.s6.lengthKey
FAIL: audit03.stabilityLengthRange.p2.SP35.N-10000.s6.muKey
FAIL: audit03.stabilityLengthRange.p2.SP35.N-10000.s6.lengthCell
FAIL: audit03.stabilityLengthRange.p2.SP35.N-10000.s6.muCell
FAIL: audit03.stabilityLengthRange.p2.SP35.N-10000.s6.action
FAIL: audit03.comments.audit03.stabilityLengthRange.p2.SP35.N-10000.s7.stability.russianReason
FAIL: audit03.stabilityLengthRange.p2.SP35.N-10000.s7.inputErr
FAIL: audit03.stabilityLengthRange.p2.SP35.N-10000.s7.notCalculated
FAIL: audit03.stabilityLengthRange.p2.SP35.N-10000.s7.lengthKey
FAIL: audit03.stabilityLengthRange.p2.SP35.N-10000.s7.muKey
FAIL: audit03.stabilityLengthRange.p2.SP35.N-10000.s7.lengthCell
FAIL: audit03.stabilityLengthRange.p2.SP35.N-10000.s7.muCell
FAIL: audit03.stabilityLengthRange.p2.SP35.N-10000.s7.action
FAIL: audit03.stabilityLengthRange.p2.SP35.N-10000.s7.localized
FAIL: audit03.comments.audit03.stabilityLengthRange.p2.SP35.N-10000.s8.stability.russianReason
FAIL: audit03.stabilityLengthRange.p2.SP35.N-10000.s8.inputErr
FAIL: audit03.stabilityLengthRange.p2.SP35.N-10000.s8.notCalculated
FAIL: audit03.stabilityLengthRange.p2.SP35.N-10000.s8.lengthKey
FAIL: audit03.stabilityLengthRange.p2.SP35.N-10000.s8.muKey
FAIL: audit03.stabilityLengthRange.p2.SP35.N-10000.s8.lengthCell
FAIL: audit03.stabilityLengthRange.p2.SP35.N-10000.s8.muCell
FAIL: audit03.stabilityLengthRange.p2.SP35.N-10000.s8.action
FAIL: audit03.stabilityLengthRange.p2.SP35.N-10000.s8.localized
FAIL: audit03.comments.audit03.stabilityLengthRange.p2.SP35.N-10000.s9.stability.russianReason
FAIL: audit03.stabilityLengthRange.p2.SP35.N-10000.s9.inputErr
FAIL: audit03.stabilityLengthRange.p2.SP35.N-10000.s9.notCalculated
FAIL: audit03.stabilityLengthRange.p2.SP35.N-10000.s9.lengthKey
FAIL: audit03.stabilityLengthRange.p2.SP35.N-10000.s9.muKey
FAIL: audit03.stabilityLengthRange.p2.SP35.N-10000.s9.lengthCell
FAIL: audit03.stabilityLengthRange.p2.SP35.N-10000.s9.muCell
FAIL: audit03.stabilityLengthRange.p2.SP35.N-10000.s9.action
FAIL: audit03.stabilityLengthRange.p2.SP35.N-10000.s9.localized
FAIL: audit03.stabilityLengthRange.p2.SP35.N10000.s4.inputErr
FAIL: audit03.stabilityLengthRange.p2.SP35.N10000.s4.lengthKey
FAIL: audit03.stabilityLengthRange.p2.SP35.N10000.s4.muKey
FAIL: audit03.stabilityLengthRange.p2.SP35.N10000.s4.lengthCell
FAIL: audit03.stabilityLengthRange.p2.SP35.N10000.s4.muCell
FAIL: audit03.stabilityLengthRange.p2.SP35.N10000.s4.action
FAIL: audit03.stabilityLengthRange.p2.SP35.N10000.s5.inputErr
FAIL: audit03.stabilityLengthRange.p2.SP35.N10000.s5.lengthKey
FAIL: audit03.stabilityLengthRange.p2.SP35.N10000.s5.muKey
FAIL: audit03.stabilityLengthRange.p2.SP35.N10000.s5.lengthCell
FAIL: audit03.stabilityLengthRange.p2.SP35.N10000.s5.muCell
FAIL: audit03.stabilityLengthRange.p2.SP35.N10000.s5.action
FAIL: audit03.stabilityLengthRange.p2.SP35.N10000.s6.inputErr
FAIL: audit03.stabilityLengthRange.p2.SP35.N10000.s6.lengthKey
FAIL: audit03.stabilityLengthRange.p2.SP35.N10000.s6.muKey
FAIL: audit03.stabilityLengthRange.p2.SP35.N10000.s6.lengthCell
FAIL: audit03.stabilityLengthRange.p2.SP35.N10000.s6.muCell
FAIL: audit03.stabilityLengthRange.p2.SP35.N10000.s6.action
FAIL: audit03.stabilityLengthRange.p2.SP35.N10000.s7.inputErr
FAIL: audit03.stabilityLengthRange.p2.SP35.N10000.s7.lengthKey
FAIL: audit03.stabilityLengthRange.p2.SP35.N10000.s7.muKey
FAIL: audit03.stabilityLengthRange.p2.SP35.N10000.s7.lengthCell
FAIL: audit03.stabilityLengthRange.p2.SP35.N10000.s7.muCell
FAIL: audit03.stabilityLengthRange.p2.SP35.N10000.s7.action
FAIL: audit03.stabilityLengthRange.p2.SP35.N10000.s8.inputErr
FAIL: audit03.stabilityLengthRange.p2.SP35.N10000.s8.lengthKey
FAIL: audit03.stabilityLengthRange.p2.SP35.N10000.s8.muKey
FAIL: audit03.stabilityLengthRange.p2.SP35.N10000.s8.lengthCell
FAIL: audit03.stabilityLengthRange.p2.SP35.N10000.s8.muCell
FAIL: audit03.stabilityLengthRange.p2.SP35.N10000.s8.action
FAIL: audit03.stabilityLengthRange.p2.SP35.N10000.s9.inputErr
FAIL: audit03.stabilityLengthRange.p2.SP35.N10000.s9.lengthKey
FAIL: audit03.stabilityLengthRange.p2.SP35.N10000.s9.muKey
FAIL: audit03.stabilityLengthRange.p2.SP35.N10000.s9.lengthCell
FAIL: audit03.stabilityLengthRange.p2.SP35.N10000.s9.muCell
FAIL: audit03.stabilityLengthRange.p2.SP35.N10000.s9.action
TOTAL_AUDIT03_STABILITY_CONFIG: passed=1640; failed=336
MODE_AFTER_SUITE: No
SOURCE_UNCHANGED: True
