SOURCE: C:\Users\avidzba\Desktop\Ø‡Æ£‡†¨¨Î\Ç_êÄÅéíÖ!\RC_Section_NDM\docs\regression\Audit03\RC_Section_NDM_stability_length_negative_v316.xlsm
SOURCE_SHA256: 412345F72D68006C28872600C9DF234442407D11CCC3D004B143B8539697909A
FIXTURE: C:\Users\avidzba\AppData\Local\Temp\RC_NDM_ModeSuite_77b2fcfebdba43b9b72cddbe44a718e6\RC_Section_NDM.xlsm
GLOBAL_MODE: General.DiagramExtension=No; explicit-On tests retain their setup
FAIL: audit03.comments.audit03.stabilityLengthRange.p1.SP63.N-10000.s1.stability.russianReason
FAIL: audit03.stabilityLengthRange.p1.SP63.N-10000.s1.inputErr
FAIL: audit03.stabilityLengthRange.p1.SP63.N-10000.s1.notCalculated
FAIL: audit03.stabilityLengthRange.p1.SP63.N-10000.s1.lengthKey
FAIL: audit03.stabilityLengthRange.p1.SP63.N-10000.s1.muKey
FAIL: audit03.stabilityLengthRange.p1.SP63.N-10000.s1.lengthCell
FAIL: audit03.stabilityLengthRange.p1.SP63.N-10000.s1.muCell
FAIL: audit03.stabilityLengthRange.p1.SP63.N-10000.s1.action
FAIL: audit03.stabilityLengthRange.p1.SP63.N-10000.s1.localized
FAIL: audit03.comments.audit03.stabilityLengthRange.p1.SP63.N-10000.s2.stability.russianReason
FAIL: audit03.stabilityLengthRange.p1.SP63.N-10000.s2.inputErr
FAIL: audit03.stabilityLengthRange.p1.SP63.N-10000.s2.notCalculated
FAIL: audit03.stabilityLengthRange.p1.SP63.N-10000.s2.lengthKey
FAIL: audit03.stabilityLengthRange.p1.SP63.N-10000.s2.muKey
FAIL: audit03.stabilityLengthRange.p1.SP63.N-10000.s2.lengthCell
FAIL: audit03.stabilityLengthRange.p1.SP63.N-10000.s2.muCell
FAIL: audit03.stabilityLengthRange.p1.SP63.N-10000.s2.action
FAIL: audit03.stabilityLengthRange.p1.SP63.N-10000.s2.localized
FAIL: audit03.comments.audit03.stabilityLengthRange.p1.SP63.N-10000.s3.stability.russianReason
FAIL: audit03.stabilityLengthRange.p1.SP63.N-10000.s3.inputErr
FAIL: audit03.stabilityLengthRange.p1.SP63.N-10000.s3.notCalculated
FAIL: audit03.stabilityLengthRange.p1.SP63.N-10000.s3.lengthKey
FAIL: audit03.stabilityLengthRange.p1.SP63.N-10000.s3.muKey
FAIL: audit03.stabilityLengthRange.p1.SP63.N-10000.s3.lengthCell
FAIL: audit03.stabilityLengthRange.p1.SP63.N-10000.s3.muCell
FAIL: audit03.stabilityLengthRange.p1.SP63.N-10000.s3.action
FAIL: audit03.stabilityLengthRange.p1.SP63.N-10000.s3.localized
FAIL: audit03.stabilityLengthRange.p1.SP63.N10000.s1.inputErr
FAIL: audit03.stabilityLengthRange.p1.SP63.N10000.s1.lengthKey
FAIL: audit03.stabilityLengthRange.p1.SP63.N10000.s1.muKey
FAIL: audit03.stabilityLengthRange.p1.SP63.N10000.s1.lengthCell
FAIL: audit03.stabilityLengthRange.p1.SP63.N10000.s1.muCell
FAIL: audit03.stabilityLengthRange.p1.SP63.N10000.s1.action
FAIL: audit03.stabilityLengthRange.p1.SP63.N10000.s2.inputErr
FAIL: audit03.stabilityLengthRange.p1.SP63.N10000.s2.lengthKey
FAIL: audit03.stabilityLengthRange.p1.SP63.N10000.s2.muKey
FAIL: audit03.stabilityLengthRange.p1.SP63.N10000.s2.lengthCell
FAIL: audit03.stabilityLengthRange.p1.SP63.N10000.s2.muCell
FAIL: audit03.stabilityLengthRange.p1.SP63.N10000.s2.action
FAIL: audit03.stabilityLengthRange.p1.SP63.N10000.s3.inputErr
FAIL: audit03.stabilityLengthRange.p1.SP63.N10000.s3.lengthKey
FAIL: audit03.stabilityLengthRange.p1.SP63.N10000.s3.muKey
FAIL: audit03.stabilityLengthRange.p1.SP63.N10000.s3.lengthCell
FAIL: audit03.stabilityLengthRange.p1.SP63.N10000.s3.muCell
FAIL: audit03.stabilityLengthRange.p1.SP63.N10000.s3.action
FAIL: audit03.comments.audit03.stabilityLengthRange.p1.SP35.N-10000.s1.stability.russianReason
FAIL: audit03.stabilityLengthRange.p1.SP35.N-10000.s1.inputErr
FAIL: audit03.stabilityLengthRange.p1.SP35.N-10000.s1.notCalculated
FAIL: audit03.stabilityLengthRange.p1.SP35.N-10000.s1.lengthKey
FAIL: audit03.stabilityLengthRange.p1.SP35.N-10000.s1.muKey
FAIL: audit03.stabilityLengthRange.p1.SP35.N-10000.s1.lengthCell
FAIL: audit03.stabilityLengthRange.p1.SP35.N-10000.s1.muCell
FAIL: audit03.stabilityLengthRange.p1.SP35.N-10000.s1.action
FAIL: audit03.stabilityLengthRange.p1.SP35.N-10000.s1.localized
FAIL: audit03.comments.audit03.stabilityLengthRange.p1.SP35.N-10000.s2.stability.russianReason
FAIL: audit03.stabilityLengthRange.p1.SP35.N-10000.s2.inputErr
FAIL: audit03.stabilityLengthRange.p1.SP35.N-10000.s2.notCalculated
FAIL: audit03.stabilityLengthRange.p1.SP35.N-10000.s2.lengthKey
FAIL: audit03.stabilityLengthRange.p1.SP35.N-10000.s2.muKey
FAIL: audit03.stabilityLengthRange.p1.SP35.N-10000.s2.lengthCell
FAIL: audit03.stabilityLengthRange.p1.SP35.N-10000.s2.muCell
FAIL: audit03.stabilityLengthRange.p1.SP35.N-10000.s2.action
FAIL: audit03.stabilityLengthRange.p1.SP35.N-10000.s2.localized
FAIL: audit03.comments.audit03.stabilityLengthRange.p1.SP35.N-10000.s3.stability.russianReason
FAIL: audit03.stabilityLengthRange.p1.SP35.N-10000.s3.inputErr
FAIL: audit03.stabilityLengthRange.p1.SP35.N-10000.s3.notCalculated
FAIL: audit03.stabilityLengthRange.p1.SP35.N-10000.s3.lengthKey
FAIL: audit03.stabilityLengthRange.p1.SP35.N-10000.s3.muKey
FAIL: audit03.stabilityLengthRange.p1.SP35.N-10000.s3.lengthCell
FAIL: audit03.stabilityLengthRange.p1.SP35.N-10000.s3.muCell
FAIL: audit03.stabilityLengthRange.p1.SP35.N-10000.s3.action
FAIL: audit03.stabilityLengthRange.p1.SP35.N-10000.s3.localized
FAIL: audit03.stabilityLengthRange.p1.SP35.N10000.s1.inputErr
FAIL: audit03.stabilityLengthRange.p1.SP35.N10000.s1.lengthKey
FAIL: audit03.stabilityLengthRange.p1.SP35.N10000.s1.muKey
FAIL: audit03.stabilityLengthRange.p1.SP35.N10000.s1.lengthCell
FAIL: audit03.stabilityLengthRange.p1.SP35.N10000.s1.muCell
FAIL: audit03.stabilityLengthRange.p1.SP35.N10000.s1.action
FAIL: audit03.stabilityLengthRange.p1.SP35.N10000.s2.inputErr
FAIL: audit03.stabilityLengthRange.p1.SP35.N10000.s2.lengthKey
FAIL: audit03.stabilityLengthRange.p1.SP35.N10000.s2.muKey
FAIL: audit03.stabilityLengthRange.p1.SP35.N10000.s2.lengthCell
FAIL: audit03.stabilityLengthRange.p1.SP35.N10000.s2.muCell
FAIL: audit03.stabilityLengthRange.p1.SP35.N10000.s2.action
FAIL: audit03.stabilityLengthRange.p1.SP35.N10000.s3.inputErr
FAIL: audit03.stabilityLengthRange.p1.SP35.N10000.s3.lengthKey
FAIL: audit03.stabilityLengthRange.p1.SP35.N10000.s3.muKey
FAIL: audit03.stabilityLengthRange.p1.SP35.N10000.s3.lengthCell
FAIL: audit03.stabilityLengthRange.p1.SP35.N10000.s3.muCell
FAIL: audit03.stabilityLengthRange.p1.SP35.N10000.s3.action
FAIL: audit03.comments.audit03.stabilityLengthRange.p2.SP63.N-10000.s1.stability.russianReason
FAIL: audit03.stabilityLengthRange.p2.SP63.N-10000.s1.inputErr
FAIL: audit03.stabilityLengthRange.p2.SP63.N-10000.s1.notCalculated
FAIL: audit03.stabilityLengthRange.p2.SP63.N-10000.s1.lengthKey
FAIL: audit03.stabilityLengthRange.p2.SP63.N-10000.s1.muKey
FAIL: audit03.stabilityLengthRange.p2.SP63.N-10000.s1.lengthCell
FAIL: audit03.stabilityLengthRange.p2.SP63.N-10000.s1.muCell
FAIL: audit03.stabilityLengthRange.p2.SP63.N-10000.s1.action
FAIL: audit03.stabilityLengthRange.p2.SP63.N-10000.s1.localized
FAIL: audit03.comments.audit03.stabilityLengthRange.p2.SP63.N-10000.s2.stability.russianReason
FAIL: audit03.stabilityLengthRange.p2.SP63.N-10000.s2.inputErr
FAIL: audit03.stabilityLengthRange.p2.SP63.N-10000.s2.notCalculated
FAIL: audit03.stabilityLengthRange.p2.SP63.N-10000.s2.lengthKey
FAIL: audit03.stabilityLengthRange.p2.SP63.N-10000.s2.muKey
FAIL: audit03.stabilityLengthRange.p2.SP63.N-10000.s2.lengthCell
FAIL: audit03.stabilityLengthRange.p2.SP63.N-10000.s2.muCell
FAIL: audit03.stabilityLengthRange.p2.SP63.N-10000.s2.action
FAIL: audit03.stabilityLengthRange.p2.SP63.N-10000.s2.localized
FAIL: audit03.comments.audit03.stabilityLengthRange.p2.SP63.N-10000.s3.stability.russianReason
FAIL: audit03.stabilityLengthRange.p2.SP63.N-10000.s3.inputErr
FAIL: audit03.stabilityLengthRange.p2.SP63.N-10000.s3.notCalculated
FAIL: audit03.stabilityLengthRange.p2.SP63.N-10000.s3.lengthKey
FAIL: audit03.stabilityLengthRange.p2.SP63.N-10000.s3.muKey
FAIL: audit03.stabilityLengthRange.p2.SP63.N-10000.s3.lengthCell
FAIL: audit03.stabilityLengthRange.p2.SP63.N-10000.s3.muCell
FAIL: audit03.stabilityLengthRange.p2.SP63.N-10000.s3.action
FAIL: audit03.stabilityLengthRange.p2.SP63.N-10000.s3.localized
FAIL: audit03.stabilityLengthRange.p2.SP63.N10000.s1.inputErr
FAIL: audit03.stabilityLengthRange.p2.SP63.N10000.s1.lengthKey
FAIL: audit03.stabilityLengthRange.p2.SP63.N10000.s1.muKey
FAIL: audit03.stabilityLengthRange.p2.SP63.N10000.s1.lengthCell
FAIL: audit03.stabilityLengthRange.p2.SP63.N10000.s1.muCell
FAIL: audit03.stabilityLengthRange.p2.SP63.N10000.s1.action
FAIL: audit03.stabilityLengthRange.p2.SP63.N10000.s2.inputErr
FAIL: audit03.stabilityLengthRange.p2.SP63.N10000.s2.lengthKey
FAIL: audit03.stabilityLengthRange.p2.SP63.N10000.s2.muKey
FAIL: audit03.stabilityLengthRange.p2.SP63.N10000.s2.lengthCell
FAIL: audit03.stabilityLengthRange.p2.SP63.N10000.s2.muCell
FAIL: audit03.stabilityLengthRange.p2.SP63.N10000.s2.action
FAIL: audit03.stabilityLengthRange.p2.SP63.N10000.s3.inputErr
FAIL: audit03.stabilityLengthRange.p2.SP63.N10000.s3.lengthKey
FAIL: audit03.stabilityLengthRange.p2.SP63.N10000.s3.muKey
FAIL: audit03.stabilityLengthRange.p2.SP63.N10000.s3.lengthCell
FAIL: audit03.stabilityLengthRange.p2.SP63.N10000.s3.muCell
FAIL: audit03.stabilityLengthRange.p2.SP63.N10000.s3.action
FAIL: audit03.comments.audit03.stabilityLengthRange.p2.SP35.N-10000.s1.stability.russianReason
FAIL: audit03.stabilityLengthRange.p2.SP35.N-10000.s1.inputErr
FAIL: audit03.stabilityLengthRange.p2.SP35.N-10000.s1.notCalculated
FAIL: audit03.stabilityLengthRange.p2.SP35.N-10000.s1.lengthKey
FAIL: audit03.stabilityLengthRange.p2.SP35.N-10000.s1.muKey
FAIL: audit03.stabilityLengthRange.p2.SP35.N-10000.s1.lengthCell
FAIL: audit03.stabilityLengthRange.p2.SP35.N-10000.s1.muCell
FAIL: audit03.stabilityLengthRange.p2.SP35.N-10000.s1.action
FAIL: audit03.stabilityLengthRange.p2.SP35.N-10000.s1.localized
FAIL: audit03.comments.audit03.stabilityLengthRange.p2.SP35.N-10000.s2.stability.russianReason
FAIL: audit03.stabilityLengthRange.p2.SP35.N-10000.s2.inputErr
FAIL: audit03.stabilityLengthRange.p2.SP35.N-10000.s2.notCalculated
FAIL: audit03.stabilityLengthRange.p2.SP35.N-10000.s2.lengthKey
FAIL: audit03.stabilityLengthRange.p2.SP35.N-10000.s2.muKey
FAIL: audit03.stabilityLengthRange.p2.SP35.N-10000.s2.lengthCell
FAIL: audit03.stabilityLengthRange.p2.SP35.N-10000.s2.muCell
FAIL: audit03.stabilityLengthRange.p2.SP35.N-10000.s2.action
FAIL: audit03.stabilityLengthRange.p2.SP35.N-10000.s2.localized
FAIL: audit03.comments.audit03.stabilityLengthRange.p2.SP35.N-10000.s3.stability.russianReason
FAIL: audit03.stabilityLengthRange.p2.SP35.N-10000.s3.inputErr
FAIL: audit03.stabilityLengthRange.p2.SP35.N-10000.s3.notCalculated
FAIL: audit03.stabilityLengthRange.p2.SP35.N-10000.s3.lengthKey
FAIL: audit03.stabilityLengthRange.p2.SP35.N-10000.s3.muKey
FAIL: audit03.stabilityLengthRange.p2.SP35.N-10000.s3.lengthCell
FAIL: audit03.stabilityLengthRange.p2.SP35.N-10000.s3.muCell
FAIL: audit03.stabilityLengthRange.p2.SP35.N-10000.s3.action
FAIL: audit03.stabilityLengthRange.p2.SP35.N-10000.s3.localized
FAIL: audit03.stabilityLengthRange.p2.SP35.N10000.s1.inputErr
FAIL: audit03.stabilityLengthRange.p2.SP35.N10000.s1.lengthKey
FAIL: audit03.stabilityLengthRange.p2.SP35.N10000.s1.muKey
FAIL: audit03.stabilityLengthRange.p2.SP35.N10000.s1.lengthCell
FAIL: audit03.stabilityLengthRange.p2.SP35.N10000.s1.muCell
FAIL: audit03.stabilityLengthRange.p2.SP35.N10000.s1.action
FAIL: audit03.stabilityLengthRange.p2.SP35.N10000.s2.inputErr
FAIL: audit03.stabilityLengthRange.p2.SP35.N10000.s2.lengthKey
FAIL: audit03.stabilityLengthRange.p2.SP35.N10000.s2.muKey
FAIL: audit03.stabilityLengthRange.p2.SP35.N10000.s2.lengthCell
FAIL: audit03.stabilityLengthRange.p2.SP35.N10000.s2.muCell
FAIL: audit03.stabilityLengthRange.p2.SP35.N10000.s2.action
FAIL: audit03.stabilityLengthRange.p2.SP35.N10000.s3.inputErr
FAIL: audit03.stabilityLengthRange.p2.SP35.N10000.s3.lengthKey
FAIL: audit03.stabilityLengthRange.p2.SP35.N10000.s3.muKey
FAIL: audit03.stabilityLengthRange.p2.SP35.N10000.s3.lengthCell
FAIL: audit03.stabilityLengthRange.p2.SP35.N10000.s3.muCell
FAIL: audit03.stabilityLengthRange.p2.SP35.N10000.s3.action
TOTAL_AUDIT03_STABILITY_CONFIG: passed=8492; failed=180
MODE_AFTER_SUITE: No
SOURCE_UNCHANGED: True
