SOURCE: C:\Users\avidzba\Desktop\Ø‡Æ£‡†¨¨Î\Ç_êÄÅéíÖ!\RC_Section_NDM\docs\regression\Audit03\RC_Section_NDM_f06_fixed.xlsm
SOURCE_SHA256: 5453EACB936D705B10234C8451A3B92CE3B677C100284B7DDC98BCAAC0654B4E
FIXTURE: C:\Users\avidzba\AppData\Local\Temp\RC_NDM_ModeSuite_d8fede86ef0746958a3791e74342204e\RC_Section_NDM.xlsm
GLOBAL_MODE: General.DiagramExtension=No; explicit-On tests retain their setup
TOTAL: passed=524; failed=0
MODE_AFTER_SUITE: No
TOTAL_MATERIAL: passed=1359; failed=0; elapsedSec=0.07421875
MODE_AFTER_SUITE: No
TOTAL_SECTION_SOLVER: passed=605; failed=0; elapsedSec=0.6171875
MODE_AFTER_SUITE: No
TOTAL_CAPACITY: passed=1676; failed=0; elapsedSec=42.865234375
MODE_AFTER_SUITE: No
TOTAL_CRACK: passed=479; failed=0; elapsedSec=4.8359375
MODE_AFTER_SUITE: No
TOTAL_BATCH: passed=3067; failed=0; elapsedSec=61.736328125
MODE_AFTER_SUITE: No
TOTAL_WORKBOOK_UI: passed=695; failed=0; elapsedSec=38.806640625
MODE_AFTER_SUITE: Yes
TOTAL_REGRESSION_BASELINE: passed=39; failed=0; elapsedSec=0.478515625
MODE_AFTER_SUITE: No
SOURCE_UNCHANGED: True
