SOURCE: C:\Users\avidzba\Desktop\Ø‡Æ£‡†¨¨Î\Ç_êÄÅéíÖ!\RC_Section_NDM\docs\regression\Audit03\RC_Section_NDM_ultimate_reason_negative_v314.xlsm
SOURCE_SHA256: D483C3B7D11A30C2448AD598CE31D3CCFF5A1D3E008960AAE397E7A11A2196FA
FIXTURE: C:\Users\avidzba\AppData\Local\Temp\RC_NDM_ModeSuite_08630729c8d04db49dded2da75a41143\RC_Section_NDM.xlsm
GLOBAL_MODE: General.DiagramExtension=No; explicit-On tests retain their setup
FAIL: audit03.ultimate.2.10.rawRuntimeCode
FAIL: audit03.ultimate.2.10.rawRuntimeStage
FAIL: audit03.ultimate.2.10.rawCallbackReason
FAIL: audit03.ultimate.2.11.rawRuntimeCode
FAIL: audit03.ultimate.2.11.rawRuntimeStage
FAIL: audit03.ultimate.2.11.rawCallbackReason
FAIL: audit03.ultimate.2.14.rawRuntimeCode
FAIL: audit03.ultimate.2.14.rawRuntimeStage
FAIL: audit03.ultimate.2.14.rawStandardReason
FAIL: audit03.ultimate.2.14.localizedReason
FAIL: audit03.ultimate.2.15.rawRuntimeCode
FAIL: audit03.ultimate.2.15.rawRuntimeStage
FAIL: audit03.ultimate.2.15.rawStandardReason
FAIL: audit03.ultimate.2.15.localizedReason
FAIL: audit03.ultimate.2.16.typedCause
FAIL: audit03.ultimate.2.16.status
FAIL: audit03.ultimate.2.16.code
FAIL: audit03.ultimate.2.16.rawRuntimeCode
FAIL: audit03.ultimate.2.16.rawRuntimeStage
FAIL: audit03.ultimate.2.16.rawStandardReason
FAIL: audit03.ultimate.2.16.localizedReason
FAIL: audit03.ultimate.2.17.typedCause
FAIL: audit03.ultimate.2.17.status
FAIL: audit03.ultimate.2.17.code
FAIL: audit03.ultimate.2.17.rawRuntimeCode
FAIL: audit03.ultimate.2.17.rawRuntimeStage
FAIL: audit03.ultimate.2.17.rawCallbackReason
FAIL: audit03.ultimate.2.18.rawRuntimeCode
FAIL: audit03.ultimate.2.18.rawRuntimeStage
FAIL: audit03.ultimate.2.18.rawStandardReason
FAIL: audit03.ultimate.2.18.localizedReason
FAIL: audit03.ultimate.2.19.rawRuntimeCode
FAIL: audit03.ultimate.2.19.rawRuntimeStage
FAIL: audit03.ultimate.2.19.rawStandardReason
FAIL: audit03.ultimate.2.19.localizedReason
FAIL: audit03.ultimate.2.20.rawRuntimeCode
FAIL: audit03.ultimate.2.20.rawRuntimeStage
FAIL: audit03.ultimate.2.20.rawCallbackReason
FAIL: audit03.ultimate.2.21.rawRuntimeCode
FAIL: audit03.ultimate.2.21.rawRuntimeStage
FAIL: audit03.ultimate.2.21.rawCallbackReason
FAIL: audit03.ultimate.3.10.rawRuntimeCode
FAIL: audit03.ultimate.3.10.rawRuntimeStage
FAIL: audit03.ultimate.3.10.rawCallbackReason
FAIL: audit03.ultimate.3.11.rawRuntimeCode
FAIL: audit03.ultimate.3.11.rawRuntimeStage
FAIL: audit03.ultimate.3.11.rawCallbackReason
FAIL: audit03.ultimate.3.14.rawRuntimeCode
FAIL: audit03.ultimate.3.14.rawRuntimeStage
FAIL: audit03.ultimate.3.14.rawStandardReason
FAIL: audit03.ultimate.3.14.localizedReason
FAIL: audit03.ultimate.3.15.rawRuntimeCode
FAIL: audit03.ultimate.3.15.rawRuntimeStage
FAIL: audit03.ultimate.3.15.rawStandardReason
FAIL: audit03.ultimate.3.15.localizedReason
FAIL: audit03.ultimate.3.16.typedCause
FAIL: audit03.ultimate.3.16.status
FAIL: audit03.ultimate.3.16.code
FAIL: audit03.ultimate.3.16.rawRuntimeCode
FAIL: audit03.ultimate.3.16.rawRuntimeStage
FAIL: audit03.ultimate.3.16.rawStandardReason
FAIL: audit03.ultimate.3.16.localizedReason
FAIL: audit03.ultimate.3.17.typedCause
FAIL: audit03.ultimate.3.17.status
FAIL: audit03.ultimate.3.17.code
FAIL: audit03.ultimate.3.17.rawRuntimeCode
FAIL: audit03.ultimate.3.17.rawRuntimeStage
FAIL: audit03.ultimate.3.17.rawCallbackReason
FAIL: audit03.ultimate.3.18.rawRuntimeCode
FAIL: audit03.ultimate.3.18.rawRuntimeStage
FAIL: audit03.ultimate.3.18.rawStandardReason
FAIL: audit03.ultimate.3.18.localizedReason
FAIL: audit03.ultimate.3.19.rawRuntimeCode
FAIL: audit03.ultimate.3.19.rawRuntimeStage
FAIL: audit03.ultimate.3.19.rawStandardReason
FAIL: audit03.ultimate.3.19.localizedReason
FAIL: audit03.ultimate.3.20.rawRuntimeCode
FAIL: audit03.ultimate.3.20.rawRuntimeStage
FAIL: audit03.ultimate.3.20.rawCallbackReason
FAIL: audit03.ultimate.3.21.rawRuntimeCode
FAIL: audit03.ultimate.3.21.rawRuntimeStage
FAIL: audit03.ultimate.3.21.rawCallbackReason
TOTAL_AUDIT03_ULTIMATE_CONTRACTS: passed=674; failed=82
MODE_AFTER_SUITE: No
SOURCE_UNCHANGED: True
